#0 building with "desktop-linux" instance using docker driver

#1 [internal] load build definition from Dockerfile
#1 transferring dockerfile: 329B done
#1 DONE 0.0s

#2 [internal] load metadata for docker.io/library/python:3.13.7-slim-bookworm@sha256:adafcc17694d715c905b4c7bebd96907a1fd5cf183395f0ebc4d3428bd22d92d
#2 DONE 1.6s

#3 [internal] load .dockerignore
#3 transferring context: 2B done
#3 DONE 0.0s

#4 [1/5] FROM docker.io/library/python:3.13.7-slim-bookworm@sha256:adafcc17694d715c905b4c7bebd96907a1fd5cf183395f0ebc4d3428bd22d92d
#4 resolve docker.io/library/python:3.13.7-slim-bookworm@sha256:adafcc17694d715c905b4c7bebd96907a1fd5cf183395f0ebc4d3428bd22d92d done
#4 DONE 0.0s

#5 [internal] load build context
#5 transferring context: 191.95MB 1.4s done
#5 DONE 1.4s

#6 [2/5] WORKDIR /artifact
#6 CACHED

#7 [3/5] COPY executable driver.py artifact.json suite.json ./
#7 DONE 0.2s

#8 [4/5] COPY fixtures /fixtures
#8 DONE 0.0s

#9 [5/5] RUN mkdir /evidence && chmod 0700 /evidence
#9 DONE 0.1s

#10 exporting to image
#10 exporting layers
#10 exporting layers 3.3s done
#10 exporting manifest sha256:ee6fb42f5d52e17c5e31fe66bc9c034092b8724097c8edc5ccab3068c79f4297 done
#10 exporting config sha256:aa8b4484900f0ac0431b4f1a6e6c40ebce0afd384a1e35c8942e5be958a4643d done
#10 exporting attestation manifest sha256:489353acf89c0e85bc2c8342b8d4e36bfc219c0339f2771d92e4f5e73665d41b done
#10 exporting manifest list sha256:8e2275a55a20a8bd44b064da3ee67aaff7cec39a19af5ca2c925d8a1249d2abe done
#10 naming to docker.io/library/rubix-parity-98b896835abb4c5fb078d57ff5fbcfe7:test done
#10 unpacking to docker.io/library/rubix-parity-98b896835abb4c5fb078d57ff5fbcfe7:test
#10 unpacking to docker.io/library/rubix-parity-98b896835abb4c5fb078d57ff5fbcfe7:test 0.5s done
#10 DONE 3.8s

View build details: docker-desktop://dashboard/build/desktop-linux/desktop-linux/ybvx5cnir7jznisf91j5e1rg7
