#0 building with "desktop-linux" instance using docker driver

#1 [build 1/6] FROM docker.io/library/golang:1.26.5-bookworm@sha256:53eeac89074db483fdf0ab3be1df32bf6e47562263d2d0d6baa7f26acb4957dd
#1 resolve docker.io/library/golang:1.26.5-bookworm@sha256:53eeac89074db483fdf0ab3be1df32bf6e47562263d2d0d6baa7f26acb4957dd 0.0s done
#1 DONE 0.0s

#2 [internal] load build definition from Dockerfile
#2 transferring dockerfile: 1.16kB done
#2 DONE 0.0s

#3 [internal] load metadata for docker.io/library/golang:1.26.5-bookworm@sha256:53eeac89074db483fdf0ab3be1df32bf6e47562263d2d0d6baa7f26acb4957dd
#3 DONE 0.0s

#4 [internal] load .dockerignore
#4 transferring context: 2B done
#4 DONE 0.0s

#5 [internal] load build context
#5 transferring context: 11.78kB done
#5 DONE 0.0s

#6 [ 6/11] WORKDIR /oracle
#6 CACHED

#7 [ 2/11] WORKDIR /source
#7 CACHED

#8 [ 3/11] RUN curl --fail --location --retry 3 --output /tmp/source.tar.gz https://codeload.github.com/portainer/kubesolo/tar.gz/2ef1c4787989f11f868f81bb84ae2afd4a49a81d  && echo '9d5f3ce1f3fbda971fb1e2fb6da18ae3880caeec677f0e5d928a3bbe7bb76aec  /tmp/source.tar.gz' | sha256sum --check  && tar -xzf /tmp/source.tar.gz --strip-components=1
#8 CACHED

#9 [ 4/11] COPY extract.go /extract.go
#9 CACHED

#10 [ 7/11] COPY go.mod ./
#10 CACHED

#11 [ 8/11] COPY capture_test.go cli/capture_test.go
#11 CACHED

#12 [ 9/11] COPY cases.json /cases.json
#12 CACHED

#13 [10/11] RUN go test -mod=readonly -c -trimpath -o /capture.test ./cli && sha256sum /capture.test >> /source.sha256
#13 CACHED

#14 [ 5/11] RUN go run /extract.go /source /oracle  && mkdir -p /oracle/internal/cli/ui && cp internal/cli/ui/ui.go /oracle/internal/cli/ui/  && cp go.sum /oracle/  && sha256sum internal/cli/cmd_check.go internal/cli/root.go internal/cli/helpers.go internal/cli/config/config.go internal/cli/cmd_version.go internal/cli/ui/ui.go > /source.sha256
#14 CACHED

#15 [11/11] WORKDIR /tmp
#15 CACHED

#16 exporting to image
#16 exporting layers done
#16 exporting manifest sha256:67d0d06cf0ed8a206a5356438051cef588ab96263e726a82a2526696f3014428 done
#16 exporting config sha256:a59dc67f9d2bd1a20c500142a83a863f9d244af1d59f292b30fc83d469c86f43 done
#16 exporting attestation manifest sha256:0ed5a2ae13f52560dd3dc1a9107aaffc485e6809d401227d3b64cd108d0a2928 done
#16 exporting manifest list sha256:19cbe610714444205f436e86427d7289199a319ebc29068fc06efb55be0e1075 0.0s done
#16 naming to docker.io/library/rubix-management-go-facnk8:latest done
#16 unpacking to docker.io/library/rubix-management-go-facnk8:latest
#16 unpacking to docker.io/library/rubix-management-go-facnk8:latest 1.9s done
#16 DONE 2.0s

View build details: docker-desktop://dashboard/build/desktop-linux/desktop-linux/j9sk2vp581ib5o0mmlwr26ci0
