{
  "boot_status_code": "enabled-by-sysvinit",
  "datasource": "nocloud",
  "detail": "DataSourceNoCloud [seed=/dev/vdb]",
  "errors": [],
  "extended_status": "done",
  "init": {
    "errors": [],
    "finished": 7.43,
    "recoverable_errors": {},
    "start": 7.36
  },
  "init-local": {
    "errors": [],
    "finished": 1.85,
    "recoverable_errors": {},
    "start": 1.79
  },
  "last_update": "Thu, 01 Jan 1970 00:00:07 +0000",
  "modules-config": {
    "errors": [],
    "finished": 7.65,
    "recoverable_errors": {},
    "start": 7.63
  },
  "modules-final": {
    "errors": [],
    "finished": 7.89,
    "recoverable_errors": {},
    "start": 7.86
  },
  "recoverable_errors": {},
  "stage": null,
  "status": "done"
}
