#0 building with "desktop-linux" instance using docker driver

#1 [internal] load build definition from Capture.Dockerfile
#1 transferring dockerfile: 951B done
#1 DONE 0.0s

#2 [internal] load metadata for docker.io/library/rust@sha256:0e2bcaef56d041a486784e54104a81aebe0da44bd03019bd70bc0401e42e4a97
#2 DONE 0.0s

#3 [internal] load .dockerignore
#3 transferring context: 2B done
#3 DONE 0.0s

#4 [build 1/5] FROM docker.io/library/rust@sha256:0e2bcaef56d041a486784e54104a81aebe0da44bd03019bd70bc0401e42e4a97
#4 resolve docker.io/library/rust@sha256:0e2bcaef56d041a486784e54104a81aebe0da44bd03019bd70bc0401e42e4a97 0.0s done
#4 DONE 0.0s

#5 [internal] load build context
#5 transferring context: 3.49MB 0.1s done
#5 DONE 0.1s

#6 [build 2/5] WORKDIR /source
#6 CACHED

#7 [build 3/5] COPY . .
#7 CACHED

#8 [build 4/5] RUN cargo build -p rubix-dev --bin rubix-supervisor-fixture --release --locked && cargo test -p rubix-supervisor --test output --locked --no-run && mkdir /out && cp target/release/rubix-supervisor-fixture /out/fixture && count=0; for executable in target/debug/deps/output-*; do if [ -f "$executable" ] && [ -x "$executable" ]; then cp "$executable" /out/output-tests; count=$((count + 1)); fi; done; test "$count" -eq 1 && test -x /out/output-tests
#8 0.160 info: syncing channel updates for 1.97.1-aarch64-unknown-linux-gnu
#8 1.349 info: latest update on 2026-07-16 for version 1.97.1 (8bab26f4f 2026-07-14)
#8 1.358 info: downloading 3 components
#8 4.928     Updating crates.io index
#8 7.925  Downloading crates ...
#8 8.359   Downloaded adler2 v2.0.1
#8 8.476   Downloaded cpufeatures v0.3.1
#8 8.552   Downloaded cfg-if v1.0.5
#8 8.599   Downloaded errno v0.3.14
#8 8.670   Downloaded itoa v1.0.18
#8 8.786   Downloaded serde_spanned v1.1.1
#8 8.787   Downloaded block-buffer v0.12.1
#8 8.788   Downloaded crypto-common v0.2.2
#8 8.850   Downloaded equivalent v1.0.2
#8 8.862   Downloaded find-msvc-tools v0.1.14
#8 8.909   Downloaded filetime v0.2.29
#8 8.912   Downloaded toml_datetime v0.7.5+spec-1.1.0
#8 8.915   Downloaded zstd-safe v7.3.0
#8 8.919   Downloaded jobserver v0.1.35
#8 8.923   Downloaded shlex v2.0.1
#8 8.929   Downloaded pkg-config v0.3.34
#8 8.943   Downloaded zmij v1.0.23
#8 8.946   Downloaded toml_writer v1.1.2+spec-1.1.0
#8 8.948   Downloaded zstd v0.13.3
#8 8.969   Downloaded fastrand v2.5.0
#8 8.978   Downloaded quote v1.0.47
#8 9.018   Downloaded signal-hook-registry v1.4.8
#8 9.022   Downloaded simd-adler32 v0.3.10
#8 9.113   Downloaded hybrid-array v0.4.15
#8 9.118   Downloaded digest v0.11.3
#8 9.124   Downloaded pin-project-lite v0.2.17
#8 9.129   Downloaded crc32fast v1.5.2
#8 9.153   Downloaded toml_parser v1.0.5+spec-1.0.0
#8 9.172   Downloaded once_cell v1.21.4
#8 9.182   Downloaded sha2 v0.11.0
#8 9.341   Downloaded bitflags v2.13.2
#8 9.388   Downloaded serde_core v1.0.228
#8 9.420   Downloaded tempfile v3.27.0
#8 9.424   Downloaded unicode-ident v1.0.26
#8 9.448   Downloaded getrandom v0.4.3
#8 9.452   Downloaded toml v0.9.6
#8 9.496   Downloaded base64 v0.22.1
#8 9.510   Downloaded flate2 v1.1.10
#8 9.527   Downloaded serde_derive v1.0.228
#8 9.549   Downloaded miniz_oxide v0.9.1
#8 9.552   Downloaded tar v0.4.46
#8 9.569   Downloaded proc-macro2 v1.0.107
#8 9.654   Downloaded serde v1.0.228
#8 9.747   Downloaded cc v1.5.1
#8 9.751   Downloaded indexmap v2.11.3
#8 9.755   Downloaded typed-path v0.12.3
#8 9.766   Downloaded typenum v1.20.1
#8 9.775   Downloaded memchr v2.8.3
#8 9.896   Downloaded mio v1.2.3
#8 9.962   Downloaded hashbrown v0.15.5
#8 10.02   Downloaded zip v8.6.0
#8 10.06   Downloaded serde_json v1.0.151
#8 10.08   Downloaded regex v1.13.1
#8 10.17   Downloaded aho-corasick v1.1.5
#8 10.20   Downloaded winnow v0.7.15
#8 10.52   Downloaded syn v2.0.119
#8 10.67   Downloaded regex-syntax v0.8.11
#8 10.78   Downloaded rustix v1.1.5
#8 11.09   Downloaded regex-automata v0.4.18
#8 11.37   Downloaded zstd-sys v2.1.0+zstd.1.5.7
#8 11.39   Downloaded libc v0.2.189
#8 11.48   Downloaded tokio v1.53.1
#8 12.57   Downloaded linux-raw-sys v0.12.1
#8 12.69    Compiling libc v0.2.189
#8 12.69    Compiling proc-macro2 v1.0.107
#8 12.69    Compiling quote v1.0.47
#8 12.69    Compiling cfg-if v1.0.5
#8 12.69    Compiling find-msvc-tools v0.1.14
#8 12.70    Compiling serde_core v1.0.228
#8 12.70    Compiling shlex v2.0.1
#8 12.70    Compiling pkg-config v0.3.34
#8 12.70    Compiling unicode-ident v1.0.26
#8 12.70    Compiling typenum v1.20.1
#8 12.72    Compiling memchr v2.8.3
#8 12.72    Compiling crc32fast v1.5.2
#8 12.72    Compiling zstd-safe v7.3.0
#8 12.73    Compiling simd-adler32 v0.3.10
#8 12.73    Compiling rustix v1.1.5
#8 12.74    Compiling zmij v1.0.23
#8 12.84    Compiling getrandom v0.4.3
#8 12.87    Compiling adler2 v2.0.1
#8 12.88    Compiling equivalent v1.0.2
#8 12.90    Compiling regex-syntax v0.8.11
#8 12.97    Compiling miniz_oxide v0.9.1
#8 13.01    Compiling bitflags v2.13.2
#8 13.02    Compiling winnow v0.7.15
#8 13.02    Compiling hashbrown v0.15.5
#8 13.08    Compiling serde_json v1.0.151
#8 13.16    Compiling aho-corasick v1.1.5
#8 13.16    Compiling linux-raw-sys v0.12.1
#8 13.18    Compiling serde v1.0.228
#8 13.33    Compiling hybrid-array v0.4.15
#8 13.36    Compiling once_cell v1.21.4
#8 13.42    Compiling flate2 v1.1.10
#8 13.55    Compiling pin-project-lite v0.2.17
#8 13.56    Compiling typed-path v0.12.3
#8 13.65    Compiling syn v2.0.119
#8 13.76    Compiling itoa v1.0.18
#8 13.81    Compiling jobserver v0.1.35
#8 13.88    Compiling block-buffer v0.12.1
#8 13.89    Compiling crypto-common v0.2.2
#8 13.90    Compiling indexmap v2.11.3
#8 14.03    Compiling cc v1.5.1
#8 14.07    Compiling fastrand v2.5.0
#8 14.20    Compiling errno v0.3.14
#8 14.27    Compiling filetime v0.2.29
#8 14.32    Compiling mio v1.2.3
#8 14.35    Compiling signal-hook-registry v1.4.8
#8 14.38    Compiling cpufeatures v0.3.1
#8 14.40    Compiling tar v0.4.46
#8 14.44    Compiling digest v0.11.3
#8 14.44    Compiling base64 v0.22.1
#8 14.54    Compiling sha2 v0.11.0
#8 14.72    Compiling zip v8.6.0
#8 14.78    Compiling toml_parser v1.0.5+spec-1.0.0
#8 14.85    Compiling regex-automata v0.4.18
#8 14.94    Compiling tokio v1.53.1
#8 14.97    Compiling toml_datetime v0.7.5+spec-1.1.0
#8 15.00    Compiling serde_spanned v1.1.1
#8 15.25    Compiling toml v0.9.6
#8 15.29    Compiling serde_derive v1.0.228
#8 15.39    Compiling zstd-sys v2.1.0+zstd.1.5.7
#8 15.73    Compiling tempfile v3.27.0
#8 16.96    Compiling regex v1.13.1
#8 24.09    Compiling zstd v0.13.3
#8 24.18    Compiling rubix-dev v0.1.0 (/source/tools/dev)
#8 40.96     Finished `release` profile [optimized + debuginfo] target(s) in 36.06s
#8 41.14  Downloading crates ...
#8 41.67   Downloaded tokio-macros v2.7.1
#8 41.70    Compiling proc-macro2 v1.0.107
#8 41.70    Compiling libc v0.2.189
#8 41.70    Compiling unicode-ident v1.0.26
#8 41.70    Compiling quote v1.0.47
#8 41.70    Compiling rustix v1.1.5
#8 41.71    Compiling pin-project-lite v0.2.17
#8 41.71    Compiling linux-raw-sys v0.12.1
#8 41.71    Compiling bitflags v2.13.2
#8 42.29    Compiling syn v2.0.119
#8 42.48    Compiling errno v0.3.14
#8 42.48    Compiling mio v1.2.3
#8 42.56    Compiling signal-hook-registry v1.4.8
#8 45.37    Compiling tokio-macros v2.7.1
#8 46.39    Compiling tokio v1.53.1
#8 47.55    Compiling rubix-supervisor v0.1.0 (/source/crates/rubix-supervisor)
#8 48.79     Finished `test` profile [unoptimized + debuginfo] target(s) in 7.71s
#8 48.79   Executable tests/output.rs (target/debug/deps/output-85a6af052d781fd3)
#8 DONE 49.5s

#9 [build 5/5] RUN test -n "rubix-supervisor-output-881b6efc4e8db36037608c68df606f6d" && echo "RUBIX_BUILD_BEGIN rubix-supervisor-output-881b6efc4e8db36037608c68df606f6d" && sha256sum /out/output-tests /out/fixture && echo "RUBIX_BUILD_END rubix-supervisor-output-881b6efc4e8db36037608c68df606f6d"
#9 0.221 RUBIX_BUILD_BEGIN rubix-supervisor-output-881b6efc4e8db36037608c68df606f6d
#9 0.245 83b54a7e78cbac1b1116e45e0be9eeba62854f78e9369b15c4a5dd3c047cb41d  /out/output-tests
#9 0.272 e0c4c04c79658c6fd36fd8099df8c5f226dbde3d0dab6a6d5b2b03929ceeb697  /out/fixture
#9 0.272 RUBIX_BUILD_END rubix-supervisor-output-881b6efc4e8db36037608c68df606f6d
#9 DONE 0.3s

#4 [build 1/5] FROM docker.io/library/rust@sha256:0e2bcaef56d041a486784e54104a81aebe0da44bd03019bd70bc0401e42e4a97
#4 CACHED

#10 [stage-1 2/2] COPY --from=build /out/ /
#10 DONE 0.1s

#11 exporting to image
#11 exporting layers
#11 exporting layers 0.4s done
#11 exporting manifest sha256:1446dc815da1f7d89681d2645fd61428e583ec1955c31cd68b910c9e3c275842 done
#11 exporting config sha256:c551697ddd119c63f3889efbf5be709834ba8bc3e1c0e01fffbc0c36fdb128a6 done
#11 exporting attestation manifest sha256:06cddba4ab11a3253487d4cc8ef880c37d83ebb5d3d0f7a756a0015b1bd5f34c done
#11 exporting manifest list sha256:bd67b20d3357a1f9c0e0241bed21a315a1b9b63873d1e2f09ed751377ffb69c0 done
#11 naming to docker.io/library/rubix-supervisor-output-881b6efc4e8db36037608c68df606f6d:latest done
#11 unpacking to docker.io/library/rubix-supervisor-output-881b6efc4e8db36037608c68df606f6d:latest 0.1s done
#11 DONE 0.6s

View build details: docker-desktop://dashboard/build/desktop-linux/desktop-linux/q0tuv8ee0jrq62es9ibgbsfjb
