#0 building with "desktop-linux" instance using docker driver

#1 [internal] load build definition from Capture.Dockerfile
#1 transferring dockerfile: 1.15kB done
#1 DONE 0.0s

#2 [internal] load metadata for docker.io/library/rust@sha256:0e2bcaef56d041a486784e54104a81aebe0da44bd03019bd70bc0401e42e4a97
#2 DONE 0.1s

#3 [internal] load .dockerignore
#3 transferring context: 2B done
#3 DONE 0.0s

#4 [2/5] WORKDIR /source
#4 CACHED

#5 [1/5] FROM docker.io/library/rust@sha256:0e2bcaef56d041a486784e54104a81aebe0da44bd03019bd70bc0401e42e4a97
#5 resolve docker.io/library/rust@sha256:0e2bcaef56d041a486784e54104a81aebe0da44bd03019bd70bc0401e42e4a97 done
#5 CACHED

#6 [internal] load build context
#6 transferring context: 3.70MB 0.1s done
#6 DONE 0.1s

#7 [build 3/5] COPY . .
#7 CACHED

#8 [build 4/5] RUN cargo build -p rubix-dev --bin rubix-supervisor-fixture --release --locked && cargo test -p rubix-supervisor --locked --release --test signals --test owned_signals --no-run -j 2 && mkdir /out && cp target/release/rubix-supervisor-fixture /out/fixture && for suite in signals owned_signals; do count=0; for executable in target/release/deps/$suite-*; do if [ -f "$executable" ] && [ -x "$executable" ]; then cp "$executable" /out/$suite.test; count=$((count + 1)); fi; done; test "$count" -eq 1 && test -x /out/$suite.test || exit 1; done
#8 0.125 info: syncing channel updates for 1.97.1-aarch64-unknown-linux-gnu
#8 1.322 info: latest update on 2026-07-16 for version 1.97.1 (8bab26f4f 2026-07-14)
#8 1.332 info: downloading 3 components
#8 4.517     Updating crates.io index
#8 6.621  Downloading crates ...
#8 7.185   Downloaded adler2 v2.0.1
#8 7.281   Downloaded block-buffer v0.12.1
#8 7.287   Downloaded crypto-common v0.2.2
#8 7.293   Downloaded equivalent v1.0.2
#8 7.317   Downloaded itoa v1.0.18
#8 7.326   Downloaded errno v0.3.14
#8 7.350   Downloaded cpufeatures v0.3.1
#8 7.380   Downloaded cfg-if v1.0.5
#8 7.408   Downloaded serde_spanned v1.1.1
#8 7.513   Downloaded toml_writer v1.1.2+spec-1.1.0
#8 7.517   Downloaded filetime v0.2.29
#8 7.526   Downloaded digest v0.11.3
#8 7.529   Downloaded pkg-config v0.3.34
#8 7.533   Downloaded find-msvc-tools v0.1.14
#8 7.535   Downloaded simd-adler32 v0.3.10
#8 7.543   Downloaded shlex v2.0.1
#8 7.545   Downloaded zmij v1.0.23
#8 7.549   Downloaded zstd-safe v7.3.0
#8 7.558   Downloaded pin-project-lite v0.2.17
#8 7.772   Downloaded toml_datetime v0.7.5+spec-1.1.0
#8 7.774   Downloaded bitflags v2.13.2
#8 7.789   Downloaded crc32fast v1.5.2
#8 7.793   Downloaded hybrid-array v0.4.15
#8 7.795   Downloaded quote v1.0.47
#8 7.797   Downloaded signal-hook-registry v1.4.8
#8 7.798   Downloaded tempfile v3.27.0
#8 7.801   Downloaded toml_parser v1.0.5+spec-1.0.0
#8 7.803   Downloaded unicode-ident v1.0.26
#8 7.806   Downloaded zstd v0.13.3
#8 7.810   Downloaded once_cell v1.21.4
#8 7.813   Downloaded sha2 v0.11.0
#8 7.818   Downloaded fastrand v2.5.0
#8 7.820   Downloaded getrandom v0.4.3
#8 7.823   Downloaded proc-macro2 v1.0.107
#8 7.827   Downloaded serde_core v1.0.228
#8 7.830   Downloaded serde_derive v1.0.228
#8 7.832   Downloaded jobserver v0.1.35
#8 7.835   Downloaded toml v0.9.6
#8 7.903   Downloaded base64 v0.22.1
#8 7.907   Downloaded flate2 v1.1.10
#8 7.912   Downloaded miniz_oxide v0.9.1
#8 7.915   Downloaded serde v1.0.228
#8 7.918   Downloaded tar v0.4.46
#8 7.941   Downloaded memchr v2.8.3
#8 7.948   Downloaded mio v1.2.3
#8 7.954   Downloaded indexmap v2.11.3
#8 7.958   Downloaded cc v1.5.1
#8 7.964   Downloaded typed-path v0.12.3
#8 7.972   Downloaded typenum v1.20.1
#8 8.002   Downloaded hashbrown v0.15.5
#8 8.047   Downloaded regex v1.13.1
#8 8.052   Downloaded serde_json v1.0.151
#8 8.058   Downloaded zip v8.6.0
#8 8.069   Downloaded aho-corasick v1.1.5
#8 8.074   Downloaded winnow v0.7.15
#8 8.169   Downloaded syn v2.0.119
#8 8.306   Downloaded regex-syntax v0.8.11
#8 8.312   Downloaded rustix v1.1.5
#8 8.453   Downloaded regex-automata v0.4.18
#8 8.557   Downloaded zstd-sys v2.1.0+zstd.1.5.7
#8 8.653   Downloaded libc v0.2.189
#8 8.714   Downloaded tokio v1.53.1
#8 8.971   Downloaded linux-raw-sys v0.12.1
#8 9.058    Compiling libc v0.2.189
#8 9.058    Compiling proc-macro2 v1.0.107
#8 9.058    Compiling quote v1.0.47
#8 9.058    Compiling cfg-if v1.0.5
#8 9.058    Compiling shlex v2.0.1
#8 9.059    Compiling find-msvc-tools v0.1.14
#8 9.060    Compiling serde_core v1.0.228
#8 9.061    Compiling pkg-config v0.3.34
#8 9.063    Compiling memchr v2.8.3
#8 9.065    Compiling unicode-ident v1.0.26
#8 9.065    Compiling typenum v1.20.1
#8 9.065    Compiling crc32fast v1.5.2
#8 9.070    Compiling zstd-safe v7.3.0
#8 9.072    Compiling simd-adler32 v0.3.10
#8 9.073    Compiling rustix v1.1.5
#8 9.096    Compiling zmij v1.0.23
#8 9.125    Compiling getrandom v0.4.3
#8 9.141    Compiling adler2 v2.0.1
#8 9.157    Compiling serde_json v1.0.151
#8 9.182    Compiling serde v1.0.228
#8 9.234    Compiling miniz_oxide v0.9.1
#8 9.277    Compiling winnow v0.7.15
#8 9.280    Compiling linux-raw-sys v0.12.1
#8 9.295    Compiling bitflags v2.13.2
#8 9.353    Compiling regex-syntax v0.8.11
#8 9.380    Compiling aho-corasick v1.1.5
#8 9.404    Compiling hashbrown v0.15.5
#8 9.410    Compiling equivalent v1.0.2
#8 9.498    Compiling flate2 v1.1.10
#8 9.507    Compiling pin-project-lite v0.2.17
#8 9.511    Compiling once_cell v1.21.4
#8 9.573    Compiling itoa v1.0.18
#8 9.654    Compiling hybrid-array v0.4.15
#8 9.753    Compiling fastrand v2.5.0
#8 9.815    Compiling syn v2.0.119
#8 9.835    Compiling jobserver v0.1.35
#8 9.849    Compiling indexmap v2.11.3
#8 9.870    Compiling errno v0.3.14
#8 9.922    Compiling signal-hook-registry v1.4.8
#8 9.922    Compiling cpufeatures v0.3.1
#8 9.942    Compiling filetime v0.2.29
#8 9.948    Compiling mio v1.2.3
#8 9.980    Compiling cc v1.5.1
#8 10.00    Compiling crypto-common v0.2.2
#8 10.01    Compiling block-buffer v0.12.1
#8 10.06    Compiling typed-path v0.12.3
#8 10.08    Compiling tar v0.4.46
#8 10.14    Compiling tokio v1.53.1
#8 10.19    Compiling base64 v0.22.1
#8 10.39    Compiling toml_parser v1.0.5+spec-1.0.0
#8 10.51    Compiling digest v0.11.3
#8 10.55    Compiling toml_datetime v0.7.5+spec-1.1.0
#8 10.56    Compiling serde_spanned v1.1.1
#8 10.63    Compiling regex-automata v0.4.18
#8 10.69    Compiling sha2 v0.11.0
#8 10.69    Compiling zip v8.6.0
#8 10.76    Compiling toml v0.9.6
#8 11.03    Compiling zstd-sys v2.1.0+zstd.1.5.7
#8 11.18    Compiling serde_derive v1.0.228
#8 11.18    Compiling tempfile v3.27.0
#8 12.18    Compiling regex v1.13.1
#8 19.08    Compiling zstd v0.13.3
#8 19.15    Compiling rubix-dev v0.1.0 (/source/tools/dev)
#8 35.74     Finished `release` profile [optimized + debuginfo] target(s) in 31.23s
#8 35.85  Downloading crates ...
#8 36.17   Downloaded tokio-macros v2.7.1
#8 36.18    Compiling proc-macro2 v1.0.107
#8 36.18    Compiling quote v1.0.47
#8 36.34    Compiling libc v0.2.189
#8 36.69    Compiling errno v0.3.14
#8 36.73    Compiling syn v2.0.119
#8 36.74    Compiling rustix v1.1.5
#8 36.90    Compiling signal-hook-registry v1.4.8
#8 37.02    Compiling mio v1.2.3
#8 37.20    Compiling bitflags v2.13.2
#8 37.31    Compiling pin-project-lite v0.2.17
#8 37.33    Compiling linux-raw-sys v0.12.1
#8 38.06    Compiling tokio-macros v2.7.1
#8 38.40    Compiling tokio v1.53.1
#8 39.37    Compiling rubix-supervisor v0.1.0 (/source/crates/rubix-supervisor)
#8 47.47     Finished `release` profile [optimized + debuginfo] target(s) in 11.65s
#8 47.47   Executable tests/owned_signals.rs (target/release/deps/owned_signals-b6fae0019b96cdf7)
#8 47.47   Executable tests/signals.rs (target/release/deps/signals-ca2f04f4cee22955)
#8 DONE 48.0s

#9 [build 5/5] RUN test -n "rubix-supervisor-signals-34d42dce63787abfb7f844c72bf5ffca" && echo "RUBIX_BUILD_BEGIN rubix-supervisor-signals-34d42dce63787abfb7f844c72bf5ffca" && sha256sum /out/signals.test /out/owned_signals.test /out/fixture && echo "RUBIX_BUILD_END rubix-supervisor-signals-34d42dce63787abfb7f844c72bf5ffca"
#9 0.159 RUBIX_BUILD_BEGIN rubix-supervisor-signals-34d42dce63787abfb7f844c72bf5ffca
#9 0.177 55b95ba802562db389bb30abf807bdcc0d92d01d2a4d4738ac0071fbb7299c8c  /out/signals.test
#9 0.195 a4ca492cc8a5e86c32839ff23f0e0035a9bbd54f5693cdb0465dd6c1f4e722d2  /out/owned_signals.test
#9 0.222 e0c4c04c79658c6fd36fd8099df8c5f226dbde3d0dab6a6d5b2b03929ceeb697  /out/fixture
#9 0.222 RUBIX_BUILD_END rubix-supervisor-signals-34d42dce63787abfb7f844c72bf5ffca
#9 DONE 0.3s

#10 [stage-1 2/4] COPY --from=build /out/ /
#10 DONE 0.0s

#11 [stage-1 3/4] COPY --chmod=755 tools/supervisor-signals/kill.sh /usr/local/bin/kill
#11 DONE 0.0s

#12 [stage-1 4/4] WORKDIR /tmp
#12 DONE 0.0s

#13 exporting to image
#13 exporting layers
#13 exporting layers 0.5s done
#13 exporting manifest sha256:40f8d8906fad659668755931aff98804561e5e8fd5b570fac37f0eb3023a70eb done
#13 exporting config sha256:9902d2d63a6cc1c92a4324b0aecf0b31d564e3b11b981593abaffaa778af910d done
#13 exporting attestation manifest sha256:a8776aab12318207baaf16dfa0cd55106a92e74eafb6c5d116bc2de0c2ec4a3c done
#13 exporting manifest list sha256:5178b8ba34d3f6b1ccaefb02b06ae7a7fd96e7636dbcfa1f89e6704ded5eb557 done
#13 naming to docker.io/library/rubix-supervisor-signals-34d42dce63787abfb7f844c72bf5ffca:latest done
#13 unpacking to docker.io/library/rubix-supervisor-signals-34d42dce63787abfb7f844c72bf5ffca:latest 0.1s done
#13 DONE 0.7s

View build details: docker-desktop://dashboard/build/desktop-linux/desktop-linux/lkpxz9rbhgai6l63c19h3o61p
