SETUP_BEGIN
Linux rubix-parity 6.18.52-0-virt #1-Alpine SMP PREEMPT_DYNAMIC 2026-09-15 05:37:48 aarch64 Linux
3.24.2
( 1/10) Installing libnftnl (1.3.1-r0)
( 2/10) Installing libxtables (1.8.13-r0)
( 3/10) Installing iptables (1.8.13-r0)
( 4/10) Installing iptables-openrc (1.8.13-r0)
( 5/10) Installing gmp (6.3.0-r4)
( 6/10) Installing jansson (2.15.0-r0)
( 7/10) Installing nftables (1.1.6-r1)
( 8/10) Installing nftables-openrc (1.1.6-r1)
( 9/10) Installing setarch (2.42.3-r1)
(10/10) Installing util-linux-misc (2.42.3-r1)
Executing busybox-1.37.0-r31.trigger
OK: 176.0 MiB in 213 packages
 * Caching service dependencies ... [ ok ]
unshare from util-linux 2.42.3
UNSHARE_SHA256 fbd39d723da30c513e7dad6138023061620e6adfaccbb0012f8cb487246fb2f1  /usr/bin/unshare
SETUP_END
CLI_help_BEGIN
EXIT 0
STDOUT_BEGIN
STDOUT_END
STDERR_BEGIN
usage: kubesolo [<flags>]

Ultra-lightweight, OCI-compliant, single-node Kubernetes built for constrained
environments such as IoT or IIoT devices running in embedded environments.


Flags:
      --[no-]help            Show context-sensitive help (also try --help-long
                             and --help-man).
  -v, --[no-]version         Show the version and exit.
      --[no-]full            Deprecated: has no effect. KubeSolo always
                             uses upstream Kubernetes defaults. Retained for
                             backwards compatibility and will be removed in a
                             future release. ($KUBESOLO_FULL)
      --config="/etc/kubesolo/config.yaml"  
                             Path to the KubeSolo configuration file.
                             ($KUBESOLO_CONFIG)
      --[no-]print-config    Print the effective configuration to stdout
                             and exit, without starting anything. Useful for
                             migrating an existing flag-based install: run it
                             with the flags currently in the service unit and
                             save the result as the config file.
      --path=PATH            Path to the directory containing the kubesolo
                             configuration files. Defaults to /var/lib/kubesolo.
                             Deprecated: set this in the KubeSolo config file
                             instead. ($KUBESOLO_PATH)
      --apiserver-extra-sans=APISERVER-EXTRA-SANS  
                             A comma-separated list of additional Subject
                             Alternative Names (SANs) to include in the
                             API server's TLS certificate. These SANs
                             can be IP addresses or DNS names (e.g.,
                             10.0.0.4,kubesolo.local). Deprecated:
                             set this in the KubeSolo config file instead.
                             ($KUBESOLO_APISERVER_EXTRA_SANS)
      --node-ip=NODE-IP      Override the auto-detected node IP. This IP
                             is used for the API server advertise address,
                             the generated kubeconfig, the kubelet node IP and
                             the LoadBalancer EXTERNAL-IP. Useful on hosts with
                             multiple NICs where auto-detection is ambiguous.
                             When unset, kubesolo auto-detects and prefers
                             a private (RFC 1918) address. Deprecated:
                             set this in the KubeSolo config file instead.
                             ($KUBESOLO_NODE_IP)
      --mtu=MTU              Override the auto-detected network MTU used by the
                             embedded CNI bridge (cni0) and pod veth interfaces.
                             Useful on hosts whose primary interface has a
                             reduced MTU (e.g. VPN/tunnel/PPPoE links). Defaults
                             to 0, meaning auto-detect. Deprecated: set this in
                             the KubeSolo config file instead. ($KUBESOLO_MTU)
      --portainer-edge-id=PORTAINER-EDGE-ID  
                             Portainer Edge ID. Defaults to empty string.
                             Deprecated: set this in the KubeSolo config file
                             instead. ($KUBESOLO_PORTAINER_EDGE_ID)
      --portainer-edge-key=PORTAINER-EDGE-KEY  
                             Portainer Edge Key. Defaults to empty string.
                             Deprecated: set this in the KubeSolo config file
                             instead. ($KUBESOLO_PORTAINER_EDGE_KEY)
      --[no-]portainer-edge-async  
                             Enable Portainer Edge Async Mode. Defaults to
                             false. Deprecated: set this in the KubeSolo config
                             file instead. ($KUBESOLO_PORTAINER_EDGE_ASYNC)
      --portainer-edge-image=PORTAINER-EDGE-IMAGE  
                             Full image reference deployed for the Portainer
                             Edge Agent, including the tag. Any image other than
                             the default is pulled from the registry rather
                             than loaded from the embedded image. Defaults
                             to docker.io/portainer/agent:lts. Deprecated:
                             set this in the KubeSolo config file instead.
                             ($KUBESOLO_PORTAINER_EDGE_IMAGE)
      --[no-]load-balancer   Enable load balancer. With this enabled,
                             kubesolo sets the EXTERNAL-IP on services of
                             type LoadBalancer, both when they are created
                             and when an existing service is changed to
                             that type. Defaults to true. Deprecated:
                             set this in the KubeSolo config file instead.
                             ($KUBESOLO_LOAD_BALANCER)
      --load-balancer-ip=LOAD-BALANCER-IP  
                             Override the IP published as the LoadBalancer
                             EXTERNAL-IP. Useful on hosts with multiple NICs
                             where services should be advertised on a different
                             address than the node IP. When unset, the node
                             IP is used. Deprecated: set this in the KubeSolo
                             config file instead. ($KUBESOLO_LOAD_BALANCER_IP)
      --[no-]local-storage   Enable local storage. Defaults to false.
                             Deprecated: set this in the KubeSolo config file
                             instead. ($KUBESOLO_LOCAL_STORAGE)
      --local-storage-shared-path=LOCAL-STORAGE-SHARED-PATH  
                             Path to the shared file system for the local
                             storage. Defaults to empty string. Deprecated:
                             set this in the KubeSolo config file instead.
                             ($KUBESOLO_LOCAL_STORAGE_SHARED_PATH)
      --[no-]debug           Enable debug logging. Defaults to false.
                             Deprecated: set this in the KubeSolo config file
                             instead. ($KUBESOLO_DEBUG)
      --[no-]pprof-server    Enable pprof server. Defaults to false. Deprecated:
                             set this in the KubeSolo config file instead.
                             ($KUBESOLO_PPROF_SERVER)
      --[no-]container-mode  Run in container mode with cgroupfs driver and
                             relaxed eviction thresholds. Auto-detected
                             when running inside a container. Deprecated:
                             set this in the KubeSolo config file instead.
                             ($KUBESOLO_CONTAINER_MODE)
      --[no-]db-wal-repair   On startup, run an integrity check against
                             the SQLite database and remove WAL artefacts
                             (state.db-wal, state.db-shm) if corruption is
                             detected. Recovers from unclean shutdowns caused
                             by power loss. Defaults to false. Deprecated:
                             set this in the KubeSolo config file instead.
                             ($KUBESOLO_DB_WAL_REPAIR)
      --[no-]disable-ipv6    Disable IPv6 support. When set, CoreDNS
                             will not serve ip6.arpa reverse zones and
                             kubelet will register with an explicit IPv4
                             node address. Defaults to false. Deprecated:
                             set this in the KubeSolo config file instead.
                             ($KUBESOLO_DISABLE_IPV6)
      --startup-timeout=STARTUP-TIMEOUT  
                             Maximum time in seconds to wait for each component
                             to pass its health check during startup. Increase
                             on slow storage such as SD cards. Defaults to 600.
                             Deprecated: set this in the KubeSolo config file
                             instead. ($KUBESOLO_STARTUP_TIMEOUT)
      --[no-]d2k             Enable d2k integration. When set, kubesolo
                             deploys the Portainer d2k Docker-to-Kubernetes
                             translator into the target namespace and exposes
                             a Docker-compatible API endpoint over mTLS on port
                             2376. Defaults to false. Deprecated: set this in
                             the KubeSolo config file instead. ($KUBESOLO_D2K)
      --d2k-namespace=D2K-NAMESPACE  
                             Single namespace into which d2k is deployed and
                             against which it translates Docker API calls.
                             Only honoured when --d2k is set. Defaults to d2k.
                             Deprecated: set this in the KubeSolo config file
                             instead. ($KUBESOLO_D2K_NAMESPACE)
      --container-runtime-endpoint=CONTAINER-RUNTIME-ENDPOINT  
                             CRI endpoint of a host-managed container runtime,
                             for example unix:///run/containerd/containerd.sock
                             or unix:///run/crio/crio.sock. When set,
                             KubeSolo does not start its own embedded containerd
                             and instead attaches to the given runtime;
                             the host is then responsible for the runtime
                             itself, the OCI runtime, the CNI plugin binaries
                             and the sandbox image. When unset, KubeSolo
                             runs its own embedded containerd. Deprecated:
                             set this in the KubeSolo config file instead.
                             ($KUBESOLO_CONTAINER_RUNTIME_ENDPOINT)
      --[no-]metrics-server  Enable the kubesolo Prometheus metrics endpoint.
                             Exposes a /metrics HTTP endpoint with control plane
                             health gauges. Defaults to false. Deprecated:
                             set this in the KubeSolo config file instead.
                             ($KUBESOLO_METRICS_SERVER)
      --metrics-bind-address=METRICS-BIND-ADDRESS  
                             Host:port the kubesolo metrics endpoint binds to.
                             Defaults to 127.0.0.1:9105. Deprecated:
                             set this in the KubeSolo config file instead.
                             ($KUBESOLO_METRICS_BIND_ADDRESS)
      --cpu-manager-policy=CPU-MANAGER-POLICY  
                             CPU manager policy used by the kubelet. Set to
                             static to give Guaranteed-QoS pods that request
                             whole CPUs exclusive access to those cores, which
                             suits latency-sensitive workloads that must not be
                             preempted by neighbours. Not supported in container
                             mode. Defaults to none, meaning all pods share the
                             CPU pool. Deprecated: set this in the KubeSolo
                             config file instead. ($KUBESOLO_CPU_MANAGER_POLICY)
      --cpu-manager-policy-options=CPU-MANAGER-POLICY-OPTIONS  
                             Comma-separated key=value options that fine-tune
                             the static CPU manager policy, for example
                             full-pcpus-only=true,strict-cpu-reservation=true.
                             Only honoured when --cpu-manager-policy=static.
                             Defaults to empty. Deprecated: set this
                             in the KubeSolo config file instead.
                             ($KUBESOLO_CPU_MANAGER_POLICY_OPTIONS)
      --system-reserved=SYSTEM-RESERVED  
                             Comma-separated ResourceName=Quantity pairs
                             withheld from node allocatable for the host,
                             for example cpu=1,memory=500Mi. Supports cpu,
                             memory, ephemeral-storage and pid. With the static
                             CPU manager policy, cpu= satisfies its reservation
                             requirement but lets the kubelet choose which
                             cores are held back; use --reserved-cpus to name
                             them instead. Defaults to empty. Deprecated:
                             set this in the KubeSolo config file instead.
                             ($KUBESOLO_SYSTEM_RESERVED)
      --reserved-cpus=RESERVED-CPUS  
                             Cpuset reserved for the host and kubesolo itself,
                             for example 0 or 0-1. These CPUs are never
                             given out as exclusive cores. Only honoured when
                             --cpu-manager-policy=static, where it defaults to
                             0 because the static policy requires a non-empty
                             reservation. Deprecated: set this in the KubeSolo
                             config file instead. ($KUBESOLO_RESERVED_CPUS)

STDERR_END
CLI_help_END
CLI_version_BEGIN
EXIT 0
STDOUT_BEGIN
STDOUT_END
STDERR_BEGIN
{"level":"info","message":"kubesolo version","version":"0.1.0"}
STDERR_END
CLI_version_END
CLI_print_BEGIN
EXIT 0
STDOUT_BEGIN
api:
  enabled: false
  socketPath: /var/lib/kubesolo/config.sock
apiVersion: kubesolo.io/v1alpha1
d2k:
  enabled: false
  namespace: d2k
kind: Config
kubernetes:
  apiServer:
    startupTimeoutSeconds: 600
  kubelet:
    cpuManager:
      policy: none
      reservedCPUs: ""
logging:
  debug: false
  pprof: false
metrics:
  bindAddress: 127.0.0.1:9105
  enabled: false
network:
  disableIPv6: false
  loadBalancer:
    enabled: true
    ip: ""
  mtu: 0
  nodeIP: ""
path: /var/lib/kubesolo
portainer:
  async: false
  edgeID: ""
  edgeKey: ""
  image: docker.io/portainer/agent:lts
runtime:
  containerMode: true
  endpoint: unix:///tmp/external-runtime/containerd.sock
storage:
  dbWALRepair: false
  localPath:
    enabled: true
    sharedPath: ""
STDOUT_END
STDERR_BEGIN
STDERR_END
CLI_print_END
INJECTED_TESTS_BEGIN
TEST_rubix_kube_BEGIN

running 18 tests
test host_container::platform::tests::mount_paths_decode_only_kernel_escapes_and_keep_bytes ... ok
test host_container::platform::tests::mount_tree_rejects_missing_root_disconnected_cycles_and_depth_overflow ... ok
test host_container::platform::tests::mount_tree_requires_complete_bounded_unique_records ... ok
test host_container::platform::tests::process_membership_accepts_unordered_duplicates_but_not_truncation_or_bad_tokens ... ok
test host_container::tests::bulk_and_individual_failures_continue_with_truthful_partial_readback ... ok
test host_container::tests::cancellation_during_failed_controller_write_retains_prior_effects ... ok
test host_container::tests::cancellation_future_becoming_ready_between_effects_suppresses_next_effect ... ok
test host_container::tests::cancellation_observed_during_v1_probe_precedes_completed_skip ... ok
test host_container::tests::changed_context_stops_controller_fallback_and_readback ... ok
test host_container::tests::controller_tokens_reject_operations_duplicates_and_bounds ... ok
test host_container::tests::initially_ready_cancellation_never_acquires_a_session ... ok
test host_container::tests::lost_admission_on_final_observation_is_fatal ... ok
test host_container::tests::migration_requires_observed_membership_before_delegation ... ok
test host_container::tests::mount_failure_and_uncertain_readback_suppress_all_cgroups ... ok
test host_container::tests::only_positive_v1_skips_cgroup_operations ... ok
test host_container::tests::ordered_effects_use_independent_controller_readback ... ok
test host_container::tests::successful_write_never_substitutes_for_failed_or_missing_readback ... ok
test host_preflight::tests::owner_launch_failure_is_command_failure_but_unfinished_owner_is_uncertain ... ok

test result: ok. 18 passed; 0 failed; 0 ignored; 0 measured; 0 filtered out; finished in 0.00s

TEST_rubix_kube_END
TEST_host_preparation_BEGIN

running 6 tests
test fresh_backend_guard_failure_prevents_all_effects ... ok
test external_runtime_still_prepares_container_after_network_warnings ... ok
test network_cancellation_stops_before_container_and_retains_effects ... ok
test initially_cancelled_combined_operation_never_performs_effects ... ok
test uncertain_network_owner_stops_before_container_and_retains_effects ... ok
test resolved_noncontainer_mode_never_acquires_container_session ... ok

test result: ok. 6 passed; 0 failed; 0 ignored; 0 measured; 0 filtered out; finished in 0.00s

TEST_host_preparation_END
TEST_host_network_BEGIN

running 14 tests
test cancellation_after_failed_write_retains_possible_effects ... ok
test cancellation_after_ipv6_write_preserves_possible_effects_without_readback ... ok
test cancellation_before_start_never_observes_or_mutates_network ... ok
test cancellation_between_ipv6_read_and_write_prevents_write ... ok
test complete_bounded_scalars_reject_prefixes_and_binary_data ... ok
test fixed_backend_lists_and_external_runtime_keep_network_effects ... ok
test fresh_root_backend_and_ipv4_unknown_guards_prevent_effects ... ok
test ipv6_only_zero_writes_and_success_requires_readback ... ok
test owner_launch_failure_has_no_child_and_is_settled ... ok
test requested_unknown_ipv6_is_deferred_only_by_preparation ... ok
test settled_module_failures_warn_and_continue_without_loaded_claim ... ok
test unjoined_module_owner_stops_all_further_effects ... ok
test write_failures_continue_to_all_controls_and_retain_possible_effects ... ok
test cancellation_during_module_waits_for_stop_acknowledgement ... ok

test result: ok. 14 passed; 0 failed; 0 ignored; 0 measured; 0 filtered out; finished in 0.02s

TEST_host_network_END
INJECTED_TESTS_END
PROTOCOL_eof_BEGIN
EXIT 1
{"event":"READY","pid":2573,"schema":1}
{"event":"protocol_failure","phase":"READY","preparation_started":false,"reason":"eof","schema":1,"shared_effects_possible":false}
STDERR_BEGIN
STDERR_END
PROTOCOL_eof_END
PROTOCOL_wrong_BEGIN
EXIT 1
{"event":"READY","pid":2577,"schema":1}
{"event":"protocol_failure","phase":"READY","preparation_started":false,"reason":"wrong_byte","schema":1,"shared_effects_possible":false}
STDERR_BEGIN
STDERR_END
PROTOCOL_wrong_END
OBS_signal_READY_BEGIN
PID 2581
STAT_BEGIN
2581 (prepare_node_ho) S 2335 2335 2335 0 -1 4194560 278 195 0 0 0 0 0 0 20 0 1 0 1072 2666496 539 18446744073709551615 4194304 6372816 281473932453696 0 0 0 0 4100 17474 1 0 0 17 1 0 0 0 0 0 6444872 6622064 779284480 281473932455482 281473932455609 281473932455609 281473932455892 0
STAT_END
EXE 924b292847d4e4e8b04f4a6120180b382f366a41f970d035c93ee409d9be309a  /proc/2581/exe
MNT_NS mnt:[4026532175]
CGROUP_NS cgroup:[4026532176]
OBSERVER_MNT_NS mnt:[4026531832]
OBSERVER_CGROUP_NS cgroup:[4026531835]
GLOBAL_ROOT_ID 31:1
ROOT_ID 31:108
VISIBLE_ROOT_ID 31:108
CANDIDATE_MOUNTS_BEGIN
41 40 253:2 / / rw,noatime - ext4 /dev/vda2 rw
42 41 0:23 / /sys rw,nosuid,nodev,noexec,relatime - sysfs sysfs rw
43 42 0:7 / /sys/kernel/security rw,nosuid,nodev,noexec,relatime - securityfs securityfs rw
44 42 0:8 / /sys/kernel/debug rw,nosuid,nodev,noexec,relatime - debugfs debugfs rw
45 42 0:13 / /sys/kernel/tracing rw,nosuid,nodev,noexec,relatime - tracefs tracefs rw
46 42 0:28 / /sys/fs/pstore rw,nosuid,nodev,noexec,relatime - pstore none rw
47 42 0:29 / /sys/firmware/efi/efivars rw,nosuid,nodev,noexec,relatime - efivarfs efivarfs rw
48 42 0:30 / /sys/fs/bpf rw,nosuid,nodev,noexec,relatime - bpf bpf rw
49 42 0:31 / /sys/fs/cgroup rw,nosuid,nodev,noexec,relatime - cgroup2 cgroup2 rw,nsdelegate
50 41 0:6 / /dev rw,nosuid,noexec,relatime - devtmpfs devtmpfs rw,size=10240k,nr_inodes=250059,mode=755,inode64
51 50 0:25 / /dev/pts rw,nosuid,noexec,relatime - devpts devpts rw,gid=5,mode=620,ptmxmode=000
52 50 0:26 / /dev/shm rw,nosuid,nodev,noexec,relatime - tmpfs shm rw,inode64
53 50 0:22 / /dev/mqueue rw,nosuid,nodev,noexec,relatime - mqueue mqueue rw
54 41 0:24 / /proc rw,nosuid,nodev,noexec,relatime - proc proc rw
55 41 0:27 / /run rw,nosuid,nodev - tmpfs tmpfs rw,size=402692k,nr_inodes=819200,mode=755,inode64
56 41 253:1 / /boot rw,noatime - vfat /dev/vda1 rw,fmask=0077,dmask=0077,codepage=437,iocharset=utf8,shortname=mixed,errors=remount-ro
57 49 0:31 /rubix-container-signal /sys/fs/cgroup rw,nosuid,nodev,noexec,relatime - cgroup2 cgroup2 rw,nsdelegate
CANDIDATE_MOUNTS_END
OBSERVER_MOUNTS_BEGIN
24 29 0:23 / /sys rw,nosuid,nodev,noexec,relatime - sysfs sysfs rw
25 29 0:6 / /dev rw,nosuid,noexec,relatime - devtmpfs devtmpfs rw,size=10240k,nr_inodes=250059,mode=755,inode64
26 29 0:24 / /proc rw,nosuid,nodev,noexec,relatime - proc proc rw
27 25 0:25 / /dev/pts rw,nosuid,noexec,relatime - devpts devpts rw,gid=5,mode=620,ptmxmode=000
28 25 0:26 / /dev/shm rw,nosuid,nodev,noexec,relatime - tmpfs shm rw,inode64
29 1 253:2 / / rw,noatime - ext4 /dev/vda2 rw
30 29 0:27 / /run rw,nosuid,nodev - tmpfs tmpfs rw,size=402692k,nr_inodes=819200,mode=755,inode64
31 25 0:22 / /dev/mqueue rw,nosuid,nodev,noexec,relatime - mqueue mqueue rw
32 24 0:7 / /sys/kernel/security rw,nosuid,nodev,noexec,relatime - securityfs securityfs rw
33 24 0:8 / /sys/kernel/debug rw,nosuid,nodev,noexec,relatime - debugfs debugfs rw
34 24 0:13 / /sys/kernel/tracing rw,nosuid,nodev,noexec,relatime - tracefs tracefs rw
35 24 0:28 / /sys/fs/pstore rw,nosuid,nodev,noexec,relatime - pstore none rw
36 24 0:29 / /sys/firmware/efi/efivars rw,nosuid,nodev,noexec,relatime - efivarfs efivarfs rw
37 24 0:30 / /sys/fs/bpf rw,nosuid,nodev,noexec,relatime - bpf bpf rw
38 29 253:1 / /boot rw,noatime - vfat /dev/vda1 rw,fmask=0077,dmask=0077,codepage=437,iocharset=utf8,shortname=mixed,errors=remount-ro
39 24 0:31 / /sys/fs/cgroup rw,nosuid,nodev,noexec,relatime - cgroup2 cgroup2 rw,nsdelegate
OBSERVER_MOUNTS_END
PROCESS_CGROUP_BEGIN
0::/rubix-container-signal
PROCESS_CGROUP_END
ROOT_TYPE_BEGIN
domain
ROOT_TYPE_END
ROOT_MEMBERS_BEGIN
2581
ROOT_MEMBERS_END
AVAILABLE_BEGIN
cpuset cpu io memory hugetlb pids dmem
AVAILABLE_END
ROOT_ENABLED_BEGIN
ROOT_ENABLED_END
INIT_ABSENT
PARENT_ENABLED_BEGIN
cpuset cpu io memory hugetlb pids dmem
PARENT_ENABLED_END
SIBLING_BEGIN
f1061c5a5926f63a60f59dd3195dd4d50419bd585d7228d052ee2ce35c15efb7  /sys/fs/cgroup/rubix-container-sibling/cgroup.type
e3b0c44298fc1c149afbf4c8996fb92427ae41e4649b934ca495991b7852b855  /sys/fs/cgroup/rubix-container-sibling/cgroup.procs
e3b0c44298fc1c149afbf4c8996fb92427ae41e4649b934ca495991b7852b855  /sys/fs/cgroup/rubix-container-sibling/cgroup.subtree_control
54183f4323f377b737433a1e98229ead0fdc686f93bab057ecb612daa94002b5  /sys/fs/cgroup/rubix-container-sibling/pids.max
SIBLING_END
EXTERNAL_BEGIN
d10ba16de515c491d70913dd434515c1aa4cebc289360581b3b7706f1ae910fd  /tmp/external-runtime/config.toml
22065e5882e02dbe0d6bc4c458f4e3f2b86a7ccfb280d614eb4328224255ab4c  /tmp/external-runtime/state
EXTERNAL_END
OBS_signal_READY_END
CONSUMER_signal_BEGIN
EXIT 1
STDOUT_BEGIN
LAUNCH_PID 2581
PRIVATE_BEFORE_BIND_BEGIN
41 40 253:2 / / rw,noatime - ext4 /dev/vda2 rw
42 41 0:23 / /sys rw,nosuid,nodev,noexec,relatime - sysfs sysfs rw
43 42 0:7 / /sys/kernel/security rw,nosuid,nodev,noexec,relatime - securityfs securityfs rw
44 42 0:8 / /sys/kernel/debug rw,nosuid,nodev,noexec,relatime - debugfs debugfs rw
45 42 0:13 / /sys/kernel/tracing rw,nosuid,nodev,noexec,relatime - tracefs tracefs rw
46 42 0:28 / /sys/fs/pstore rw,nosuid,nodev,noexec,relatime - pstore none rw
47 42 0:29 / /sys/firmware/efi/efivars rw,nosuid,nodev,noexec,relatime - efivarfs efivarfs rw
48 42 0:30 / /sys/fs/bpf rw,nosuid,nodev,noexec,relatime - bpf bpf rw
49 42 0:31 /.. /sys/fs/cgroup rw,nosuid,nodev,noexec,relatime - cgroup2 cgroup2 rw,nsdelegate
50 41 0:6 / /dev rw,nosuid,noexec,relatime - devtmpfs devtmpfs rw,size=10240k,nr_inodes=250059,mode=755,inode64
51 50 0:25 / /dev/pts rw,nosuid,noexec,relatime - devpts devpts rw,gid=5,mode=620,ptmxmode=000
52 50 0:26 / /dev/shm rw,nosuid,nodev,noexec,relatime - tmpfs shm rw,inode64
53 50 0:22 / /dev/mqueue rw,nosuid,nodev,noexec,relatime - mqueue mqueue rw
54 41 0:24 / /proc rw,nosuid,nodev,noexec,relatime - proc proc rw
55 41 0:27 / /run rw,nosuid,nodev - tmpfs tmpfs rw,size=402692k,nr_inodes=819200,mode=755,inode64
56 41 253:1 / /boot rw,noatime - vfat /dev/vda1 rw,fmask=0077,dmask=0077,codepage=437,iocharset=utf8,shortname=mixed,errors=remount-ro
PRIVATE_BEFORE_BIND_END
{"event":"READY","pid":2581,"schema":1}
{"event":"protocol_failure","phase":"READY","preparation_started":false,"reason":"cancelled","schema":1,"shared_effects_possible":false}
STDOUT_END
STDERR_BEGIN
STDERR_END
CONSUMER_signal_END
SIGNAL_NO_PREPARATION
PID_ABSENT 2581
OBS_real_READY_BEGIN
PID 2618
STAT_BEGIN
2618 (prepare_node_ho) S 2335 2335 2335 0 -1 4194560 278 191 0 0 0 0 0 0 20 0 1 0 1080 2666496 539 18446744073709551615 4194304 6372816 281474807215392 0 0 0 0 4100 17474 1 0 0 17 1 0 0 0 0 0 6444872 6622064 745271296 281474807217722 281474807217849 281474807217849 281474807218132 0
STAT_END
EXE 924b292847d4e4e8b04f4a6120180b382f366a41f970d035c93ee409d9be309a  /proc/2618/exe
MNT_NS mnt:[4026532175]
CGROUP_NS cgroup:[4026532176]
OBSERVER_MNT_NS mnt:[4026531832]
OBSERVER_CGROUP_NS cgroup:[4026531835]
GLOBAL_ROOT_ID 31:1
ROOT_ID 31:21
VISIBLE_ROOT_ID 31:21
CANDIDATE_MOUNTS_BEGIN
41 40 253:2 / / rw,noatime - ext4 /dev/vda2 rw
42 41 0:23 / /sys rw,nosuid,nodev,noexec,relatime - sysfs sysfs rw
43 42 0:7 / /sys/kernel/security rw,nosuid,nodev,noexec,relatime - securityfs securityfs rw
44 42 0:8 / /sys/kernel/debug rw,nosuid,nodev,noexec,relatime - debugfs debugfs rw
45 42 0:13 / /sys/kernel/tracing rw,nosuid,nodev,noexec,relatime - tracefs tracefs rw
46 42 0:28 / /sys/fs/pstore rw,nosuid,nodev,noexec,relatime - pstore none rw
47 42 0:29 / /sys/firmware/efi/efivars rw,nosuid,nodev,noexec,relatime - efivarfs efivarfs rw
48 42 0:30 / /sys/fs/bpf rw,nosuid,nodev,noexec,relatime - bpf bpf rw
49 42 0:31 / /sys/fs/cgroup rw,nosuid,nodev,noexec,relatime - cgroup2 cgroup2 rw,nsdelegate
50 41 0:6 / /dev rw,nosuid,noexec,relatime - devtmpfs devtmpfs rw,size=10240k,nr_inodes=250059,mode=755,inode64
51 50 0:25 / /dev/pts rw,nosuid,noexec,relatime - devpts devpts rw,gid=5,mode=620,ptmxmode=000
52 50 0:26 / /dev/shm rw,nosuid,nodev,noexec,relatime - tmpfs shm rw,inode64
53 50 0:22 / /dev/mqueue rw,nosuid,nodev,noexec,relatime - mqueue mqueue rw
54 41 0:24 / /proc rw,nosuid,nodev,noexec,relatime - proc proc rw
55 41 0:27 / /run rw,nosuid,nodev - tmpfs tmpfs rw,size=402692k,nr_inodes=819200,mode=755,inode64
56 41 253:1 / /boot rw,noatime - vfat /dev/vda1 rw,fmask=0077,dmask=0077,codepage=437,iocharset=utf8,shortname=mixed,errors=remount-ro
57 49 0:31 /rubix-container-real /sys/fs/cgroup rw,nosuid,nodev,noexec,relatime - cgroup2 cgroup2 rw,nsdelegate
CANDIDATE_MOUNTS_END
OBSERVER_MOUNTS_BEGIN
24 29 0:23 / /sys rw,nosuid,nodev,noexec,relatime - sysfs sysfs rw
25 29 0:6 / /dev rw,nosuid,noexec,relatime - devtmpfs devtmpfs rw,size=10240k,nr_inodes=250059,mode=755,inode64
26 29 0:24 / /proc rw,nosuid,nodev,noexec,relatime - proc proc rw
27 25 0:25 / /dev/pts rw,nosuid,noexec,relatime - devpts devpts rw,gid=5,mode=620,ptmxmode=000
28 25 0:26 / /dev/shm rw,nosuid,nodev,noexec,relatime - tmpfs shm rw,inode64
29 1 253:2 / / rw,noatime - ext4 /dev/vda2 rw
30 29 0:27 / /run rw,nosuid,nodev - tmpfs tmpfs rw,size=402692k,nr_inodes=819200,mode=755,inode64
31 25 0:22 / /dev/mqueue rw,nosuid,nodev,noexec,relatime - mqueue mqueue rw
32 24 0:7 / /sys/kernel/security rw,nosuid,nodev,noexec,relatime - securityfs securityfs rw
33 24 0:8 / /sys/kernel/debug rw,nosuid,nodev,noexec,relatime - debugfs debugfs rw
34 24 0:13 / /sys/kernel/tracing rw,nosuid,nodev,noexec,relatime - tracefs tracefs rw
35 24 0:28 / /sys/fs/pstore rw,nosuid,nodev,noexec,relatime - pstore none rw
36 24 0:29 / /sys/firmware/efi/efivars rw,nosuid,nodev,noexec,relatime - efivarfs efivarfs rw
37 24 0:30 / /sys/fs/bpf rw,nosuid,nodev,noexec,relatime - bpf bpf rw
38 29 253:1 / /boot rw,noatime - vfat /dev/vda1 rw,fmask=0077,dmask=0077,codepage=437,iocharset=utf8,shortname=mixed,errors=remount-ro
39 24 0:31 / /sys/fs/cgroup rw,nosuid,nodev,noexec,relatime - cgroup2 cgroup2 rw,nsdelegate
OBSERVER_MOUNTS_END
PROCESS_CGROUP_BEGIN
0::/rubix-container-real
PROCESS_CGROUP_END
ROOT_TYPE_BEGIN
domain
ROOT_TYPE_END
ROOT_MEMBERS_BEGIN
2618
ROOT_MEMBERS_END
AVAILABLE_BEGIN
cpuset cpu io memory hugetlb pids dmem
AVAILABLE_END
ROOT_ENABLED_BEGIN
ROOT_ENABLED_END
INIT_ABSENT
PARENT_ENABLED_BEGIN
cpuset cpu io memory hugetlb pids dmem
PARENT_ENABLED_END
SIBLING_BEGIN
f1061c5a5926f63a60f59dd3195dd4d50419bd585d7228d052ee2ce35c15efb7  /sys/fs/cgroup/rubix-container-sibling/cgroup.type
e3b0c44298fc1c149afbf4c8996fb92427ae41e4649b934ca495991b7852b855  /sys/fs/cgroup/rubix-container-sibling/cgroup.procs
e3b0c44298fc1c149afbf4c8996fb92427ae41e4649b934ca495991b7852b855  /sys/fs/cgroup/rubix-container-sibling/cgroup.subtree_control
54183f4323f377b737433a1e98229ead0fdc686f93bab057ecb612daa94002b5  /sys/fs/cgroup/rubix-container-sibling/pids.max
SIBLING_END
EXTERNAL_BEGIN
d10ba16de515c491d70913dd434515c1aa4cebc289360581b3b7706f1ae910fd  /tmp/external-runtime/config.toml
22065e5882e02dbe0d6bc4c458f4e3f2b86a7ccfb280d614eb4328224255ab4c  /tmp/external-runtime/state
EXTERNAL_END
OBS_real_READY_END
OBS_real_FIRST_BEGIN
PID 2618
STAT_BEGIN
2618 (prepare_node_ho) S 2335 2335 2335 0 -1 4194560 3140 3433 0 1 1 0 1 1 20 0 1 0 1080 2777088 586 18446744073709551615 4194304 6372816 281474807215392 0 0 0 0 4100 17474 1 0 0 17 0 0 0 0 0 0 6444872 6622064 745271296 281474807217722 281474807217849 281474807217849 281474807218132 0
STAT_END
EXE 924b292847d4e4e8b04f4a6120180b382f366a41f970d035c93ee409d9be309a  /proc/2618/exe
MNT_NS mnt:[4026532175]
CGROUP_NS cgroup:[4026532176]
OBSERVER_MNT_NS mnt:[4026531832]
OBSERVER_CGROUP_NS cgroup:[4026531835]
GLOBAL_ROOT_ID 31:1
ROOT_ID 31:21
VISIBLE_ROOT_ID 31:21
CANDIDATE_MOUNTS_BEGIN
41 40 253:2 / / rw,noatime shared:1 - ext4 /dev/vda2 rw
42 41 0:23 / /sys rw,nosuid,nodev,noexec,relatime shared:2 - sysfs sysfs rw
43 42 0:7 / /sys/kernel/security rw,nosuid,nodev,noexec,relatime shared:3 - securityfs securityfs rw
44 42 0:8 / /sys/kernel/debug rw,nosuid,nodev,noexec,relatime shared:4 - debugfs debugfs rw
45 42 0:13 / /sys/kernel/tracing rw,nosuid,nodev,noexec,relatime shared:5 - tracefs tracefs rw
46 42 0:28 / /sys/fs/pstore rw,nosuid,nodev,noexec,relatime shared:6 - pstore none rw
47 42 0:29 / /sys/firmware/efi/efivars rw,nosuid,nodev,noexec,relatime shared:7 - efivarfs efivarfs rw
48 42 0:30 / /sys/fs/bpf rw,nosuid,nodev,noexec,relatime shared:8 - bpf bpf rw
49 42 0:31 / /sys/fs/cgroup rw,nosuid,nodev,noexec,relatime shared:9 - cgroup2 cgroup2 rw,nsdelegate
50 41 0:6 / /dev rw,nosuid,noexec,relatime shared:11 - devtmpfs devtmpfs rw,size=10240k,nr_inodes=250059,mode=755,inode64
51 50 0:25 / /dev/pts rw,nosuid,noexec,relatime shared:12 - devpts devpts rw,gid=5,mode=620,ptmxmode=000
52 50 0:26 / /dev/shm rw,nosuid,nodev,noexec,relatime shared:13 - tmpfs shm rw,inode64
53 50 0:22 / /dev/mqueue rw,nosuid,nodev,noexec,relatime shared:14 - mqueue mqueue rw
54 41 0:24 / /proc rw,nosuid,nodev,noexec,relatime shared:15 - proc proc rw
55 41 0:27 / /run rw,nosuid,nodev shared:16 - tmpfs tmpfs rw,size=402692k,nr_inodes=819200,mode=755,inode64
56 41 253:1 / /boot rw,noatime shared:17 - vfat /dev/vda1 rw,fmask=0077,dmask=0077,codepage=437,iocharset=utf8,shortname=mixed,errors=remount-ro
57 49 0:31 /rubix-container-real /sys/fs/cgroup rw,nosuid,nodev,noexec,relatime shared:10 - cgroup2 cgroup2 rw,nsdelegate
CANDIDATE_MOUNTS_END
OBSERVER_MOUNTS_BEGIN
24 29 0:23 / /sys rw,nosuid,nodev,noexec,relatime - sysfs sysfs rw
25 29 0:6 / /dev rw,nosuid,noexec,relatime - devtmpfs devtmpfs rw,size=10240k,nr_inodes=250059,mode=755,inode64
26 29 0:24 / /proc rw,nosuid,nodev,noexec,relatime - proc proc rw
27 25 0:25 / /dev/pts rw,nosuid,noexec,relatime - devpts devpts rw,gid=5,mode=620,ptmxmode=000
28 25 0:26 / /dev/shm rw,nosuid,nodev,noexec,relatime - tmpfs shm rw,inode64
29 1 253:2 / / rw,noatime - ext4 /dev/vda2 rw
30 29 0:27 / /run rw,nosuid,nodev - tmpfs tmpfs rw,size=402692k,nr_inodes=819200,mode=755,inode64
31 25 0:22 / /dev/mqueue rw,nosuid,nodev,noexec,relatime - mqueue mqueue rw
32 24 0:7 / /sys/kernel/security rw,nosuid,nodev,noexec,relatime - securityfs securityfs rw
33 24 0:8 / /sys/kernel/debug rw,nosuid,nodev,noexec,relatime - debugfs debugfs rw
34 24 0:13 / /sys/kernel/tracing rw,nosuid,nodev,noexec,relatime - tracefs tracefs rw
35 24 0:28 / /sys/fs/pstore rw,nosuid,nodev,noexec,relatime - pstore none rw
36 24 0:29 / /sys/firmware/efi/efivars rw,nosuid,nodev,noexec,relatime - efivarfs efivarfs rw
37 24 0:30 / /sys/fs/bpf rw,nosuid,nodev,noexec,relatime - bpf bpf rw
38 29 253:1 / /boot rw,noatime - vfat /dev/vda1 rw,fmask=0077,dmask=0077,codepage=437,iocharset=utf8,shortname=mixed,errors=remount-ro
39 24 0:31 / /sys/fs/cgroup rw,nosuid,nodev,noexec,relatime - cgroup2 cgroup2 rw,nsdelegate
OBSERVER_MOUNTS_END
PROCESS_CGROUP_BEGIN
0::/rubix-container-real/init
PROCESS_CGROUP_END
ROOT_TYPE_BEGIN
domain
ROOT_TYPE_END
ROOT_MEMBERS_BEGIN
ROOT_MEMBERS_END
AVAILABLE_BEGIN
cpuset cpu io memory hugetlb pids dmem
AVAILABLE_END
ROOT_ENABLED_BEGIN
cpuset cpu io memory hugetlb pids dmem
ROOT_ENABLED_END
INIT_MEMBERS_BEGIN
2618
INIT_MEMBERS_END
INIT_TYPE_BEGIN
domain
INIT_TYPE_END
INIT_ENABLED_BEGIN
INIT_ENABLED_END
PARENT_ENABLED_BEGIN
cpuset cpu io memory hugetlb pids dmem
PARENT_ENABLED_END
SIBLING_BEGIN
f1061c5a5926f63a60f59dd3195dd4d50419bd585d7228d052ee2ce35c15efb7  /sys/fs/cgroup/rubix-container-sibling/cgroup.type
e3b0c44298fc1c149afbf4c8996fb92427ae41e4649b934ca495991b7852b855  /sys/fs/cgroup/rubix-container-sibling/cgroup.procs
e3b0c44298fc1c149afbf4c8996fb92427ae41e4649b934ca495991b7852b855  /sys/fs/cgroup/rubix-container-sibling/cgroup.subtree_control
54183f4323f377b737433a1e98229ead0fdc686f93bab057ecb612daa94002b5  /sys/fs/cgroup/rubix-container-sibling/pids.max
SIBLING_END
EXTERNAL_BEGIN
d10ba16de515c491d70913dd434515c1aa4cebc289360581b3b7706f1ae910fd  /tmp/external-runtime/config.toml
22065e5882e02dbe0d6bc4c458f4e3f2b86a7ccfb280d614eb4328224255ab4c  /tmp/external-runtime/state
EXTERNAL_END
OBS_real_FIRST_END
OBS_real_SECOND_BEGIN
PID 2618
STAT_BEGIN
2618 (prepare_node_ho) S 2335 2335 2335 0 -1 4194560 6025 6152 0 1 3 1 1 1 20 0 1 0 1080 2777088 615 18446744073709551615 4194304 6372816 281474807215392 0 0 0 0 4100 17474 1 0 0 17 0 0 0 0 0 0 6444872 6622064 745271296 281474807217722 281474807217849 281474807217849 281474807218132 0
STAT_END
EXE 924b292847d4e4e8b04f4a6120180b382f366a41f970d035c93ee409d9be309a  /proc/2618/exe
MNT_NS mnt:[4026532175]
CGROUP_NS cgroup:[4026532176]
OBSERVER_MNT_NS mnt:[4026531832]
OBSERVER_CGROUP_NS cgroup:[4026531835]
GLOBAL_ROOT_ID 31:1
ROOT_ID 31:21
VISIBLE_ROOT_ID 31:21
CANDIDATE_MOUNTS_BEGIN
41 40 253:2 / / rw,noatime shared:1 - ext4 /dev/vda2 rw
42 41 0:23 / /sys rw,nosuid,nodev,noexec,relatime shared:2 - sysfs sysfs rw
43 42 0:7 / /sys/kernel/security rw,nosuid,nodev,noexec,relatime shared:3 - securityfs securityfs rw
44 42 0:8 / /sys/kernel/debug rw,nosuid,nodev,noexec,relatime shared:4 - debugfs debugfs rw
45 42 0:13 / /sys/kernel/tracing rw,nosuid,nodev,noexec,relatime shared:5 - tracefs tracefs rw
46 42 0:28 / /sys/fs/pstore rw,nosuid,nodev,noexec,relatime shared:6 - pstore none rw
47 42 0:29 / /sys/firmware/efi/efivars rw,nosuid,nodev,noexec,relatime shared:7 - efivarfs efivarfs rw
48 42 0:30 / /sys/fs/bpf rw,nosuid,nodev,noexec,relatime shared:8 - bpf bpf rw
49 42 0:31 / /sys/fs/cgroup rw,nosuid,nodev,noexec,relatime shared:9 - cgroup2 cgroup2 rw,nsdelegate
50 41 0:6 / /dev rw,nosuid,noexec,relatime shared:11 - devtmpfs devtmpfs rw,size=10240k,nr_inodes=250059,mode=755,inode64
51 50 0:25 / /dev/pts rw,nosuid,noexec,relatime shared:12 - devpts devpts rw,gid=5,mode=620,ptmxmode=000
52 50 0:26 / /dev/shm rw,nosuid,nodev,noexec,relatime shared:13 - tmpfs shm rw,inode64
53 50 0:22 / /dev/mqueue rw,nosuid,nodev,noexec,relatime shared:14 - mqueue mqueue rw
54 41 0:24 / /proc rw,nosuid,nodev,noexec,relatime shared:15 - proc proc rw
55 41 0:27 / /run rw,nosuid,nodev shared:16 - tmpfs tmpfs rw,size=402692k,nr_inodes=819200,mode=755,inode64
56 41 253:1 / /boot rw,noatime shared:17 - vfat /dev/vda1 rw,fmask=0077,dmask=0077,codepage=437,iocharset=utf8,shortname=mixed,errors=remount-ro
57 49 0:31 /rubix-container-real /sys/fs/cgroup rw,nosuid,nodev,noexec,relatime shared:10 - cgroup2 cgroup2 rw,nsdelegate
CANDIDATE_MOUNTS_END
OBSERVER_MOUNTS_BEGIN
24 29 0:23 / /sys rw,nosuid,nodev,noexec,relatime - sysfs sysfs rw
25 29 0:6 / /dev rw,nosuid,noexec,relatime - devtmpfs devtmpfs rw,size=10240k,nr_inodes=250059,mode=755,inode64
26 29 0:24 / /proc rw,nosuid,nodev,noexec,relatime - proc proc rw
27 25 0:25 / /dev/pts rw,nosuid,noexec,relatime - devpts devpts rw,gid=5,mode=620,ptmxmode=000
28 25 0:26 / /dev/shm rw,nosuid,nodev,noexec,relatime - tmpfs shm rw,inode64
29 1 253:2 / / rw,noatime - ext4 /dev/vda2 rw
30 29 0:27 / /run rw,nosuid,nodev - tmpfs tmpfs rw,size=402692k,nr_inodes=819200,mode=755,inode64
31 25 0:22 / /dev/mqueue rw,nosuid,nodev,noexec,relatime - mqueue mqueue rw
32 24 0:7 / /sys/kernel/security rw,nosuid,nodev,noexec,relatime - securityfs securityfs rw
33 24 0:8 / /sys/kernel/debug rw,nosuid,nodev,noexec,relatime - debugfs debugfs rw
34 24 0:13 / /sys/kernel/tracing rw,nosuid,nodev,noexec,relatime - tracefs tracefs rw
35 24 0:28 / /sys/fs/pstore rw,nosuid,nodev,noexec,relatime - pstore none rw
36 24 0:29 / /sys/firmware/efi/efivars rw,nosuid,nodev,noexec,relatime - efivarfs efivarfs rw
37 24 0:30 / /sys/fs/bpf rw,nosuid,nodev,noexec,relatime - bpf bpf rw
38 29 253:1 / /boot rw,noatime - vfat /dev/vda1 rw,fmask=0077,dmask=0077,codepage=437,iocharset=utf8,shortname=mixed,errors=remount-ro
39 24 0:31 / /sys/fs/cgroup rw,nosuid,nodev,noexec,relatime - cgroup2 cgroup2 rw,nsdelegate
OBSERVER_MOUNTS_END
PROCESS_CGROUP_BEGIN
0::/rubix-container-real/init
PROCESS_CGROUP_END
ROOT_TYPE_BEGIN
domain
ROOT_TYPE_END
ROOT_MEMBERS_BEGIN
ROOT_MEMBERS_END
AVAILABLE_BEGIN
cpuset cpu io memory hugetlb pids dmem
AVAILABLE_END
ROOT_ENABLED_BEGIN
cpuset cpu io memory hugetlb pids dmem
ROOT_ENABLED_END
INIT_MEMBERS_BEGIN
2618
INIT_MEMBERS_END
INIT_TYPE_BEGIN
domain
INIT_TYPE_END
INIT_ENABLED_BEGIN
INIT_ENABLED_END
PARENT_ENABLED_BEGIN
cpuset cpu io memory hugetlb pids dmem
PARENT_ENABLED_END
SIBLING_BEGIN
f1061c5a5926f63a60f59dd3195dd4d50419bd585d7228d052ee2ce35c15efb7  /sys/fs/cgroup/rubix-container-sibling/cgroup.type
e3b0c44298fc1c149afbf4c8996fb92427ae41e4649b934ca495991b7852b855  /sys/fs/cgroup/rubix-container-sibling/cgroup.procs
e3b0c44298fc1c149afbf4c8996fb92427ae41e4649b934ca495991b7852b855  /sys/fs/cgroup/rubix-container-sibling/cgroup.subtree_control
54183f4323f377b737433a1e98229ead0fdc686f93bab057ecb612daa94002b5  /sys/fs/cgroup/rubix-container-sibling/pids.max
SIBLING_END
EXTERNAL_BEGIN
d10ba16de515c491d70913dd434515c1aa4cebc289360581b3b7706f1ae910fd  /tmp/external-runtime/config.toml
22065e5882e02dbe0d6bc4c458f4e3f2b86a7ccfb280d614eb4328224255ab4c  /tmp/external-runtime/state
EXTERNAL_END
OBS_real_SECOND_END
CONSUMER_real_BEGIN
EXIT 0
STDOUT_BEGIN
LAUNCH_PID 2618
PRIVATE_BEFORE_BIND_BEGIN
41 40 253:2 / / rw,noatime - ext4 /dev/vda2 rw
42 41 0:23 / /sys rw,nosuid,nodev,noexec,relatime - sysfs sysfs rw
43 42 0:7 / /sys/kernel/security rw,nosuid,nodev,noexec,relatime - securityfs securityfs rw
44 42 0:8 / /sys/kernel/debug rw,nosuid,nodev,noexec,relatime - debugfs debugfs rw
45 42 0:13 / /sys/kernel/tracing rw,nosuid,nodev,noexec,relatime - tracefs tracefs rw
46 42 0:28 / /sys/fs/pstore rw,nosuid,nodev,noexec,relatime - pstore none rw
47 42 0:29 / /sys/firmware/efi/efivars rw,nosuid,nodev,noexec,relatime - efivarfs efivarfs rw
48 42 0:30 / /sys/fs/bpf rw,nosuid,nodev,noexec,relatime - bpf bpf rw
49 42 0:31 /.. /sys/fs/cgroup rw,nosuid,nodev,noexec,relatime - cgroup2 cgroup2 rw,nsdelegate
50 41 0:6 / /dev rw,nosuid,noexec,relatime - devtmpfs devtmpfs rw,size=10240k,nr_inodes=250059,mode=755,inode64
51 50 0:25 / /dev/pts rw,nosuid,noexec,relatime - devpts devpts rw,gid=5,mode=620,ptmxmode=000
52 50 0:26 / /dev/shm rw,nosuid,nodev,noexec,relatime - tmpfs shm rw,inode64
53 50 0:22 / /dev/mqueue rw,nosuid,nodev,noexec,relatime - mqueue mqueue rw
54 41 0:24 / /proc rw,nosuid,nodev,noexec,relatime - proc proc rw
55 41 0:27 / /run rw,nosuid,nodev - tmpfs tmpfs rw,size=402692k,nr_inodes=819200,mode=755,inode64
56 41 253:1 / /boot rw,noatime - vfat /dev/vda1 rw,fmask=0077,dmask=0077,codepage=437,iocharset=utf8,shortname=mixed,errors=remount-ro
PRIVATE_BEFORE_BIND_END
{"event":"READY","pid":2618,"schema":1}
{"container":{"attempts":[{"controllers":["cpuset","cpu","io","memory","hugetlb","pids","dmem"],"mutation":{"attempted":true,"result":"Ok(())"}}],"available":["cpuset","cpu","io","memory","hugetlb","pids","dmem"],"enabled_after":{"names":["cpuset","cpu","io","memory","hugetlb","pids","dmem"]},"enabled_before":[],"init":{"attempted":true,"result":"Ok(())"},"layout":"V2","migration":{"attempted":true,"result":"Ok(())"},"missing_after":[],"mount":{"attempted":true,"result":"Ok(())"},"shared_effects_possible":true,"status":"Completed"},"event":"result","network":{"assessment":"Observed","family":"Present(NfTables)","ipv6":[],"modules":[{"after":{"available_index":"Present(true)","builtin_index":"Present(false)","loaded":"Present(true)"},"exit":0,"joined":true,"name":"br_netfilter","outcome":"Success","ownership_lost":false,"reaped":true,"spawned":true},{"after":{"available_index":"Present(true)","builtin_index":"Present(false)","loaded":"Present(true)"},"exit":0,"joined":true,"name":"overlay","outcome":"Success","ownership_lost":false,"reaped":true,"spawned":true},{"after":{"available_index":"Present(true)","builtin_index":"Present(false)","loaded":"Present(true)"},"exit":0,"joined":true,"name":"xt_comment","outcome":"Success","ownership_lost":false,"reaped":true,"spawned":true},{"after":{"available_index":"Present(true)","builtin_index":"Present(false)","loaded":"Present(true)"},"exit":0,"joined":true,"name":"xt_conntrack","outcome":"Success","ownership_lost":false,"reaped":true,"spawned":true},{"after":{"available_index":"Present(true)","builtin_index":"Present(false)","loaded":"Present(true)"},"exit":0,"joined":true,"name":"xt_MASQUERADE","outcome":"Success","ownership_lost":false,"reaped":true,"spawned":true},{"after":{"available_index":"Present(true)","builtin_index":"Present(false)","loaded":"Present(true)"},"exit":0,"joined":true,"name":"xt_addrtype","outcome":"Success","ownership_lost":false,"reaped":true,"spawned":true},{"after":{"available_index":"Present(true)","builtin_index":"Present(false)","loaded":"Present(true)"},"exit":0,"joined":true,"name":"xt_multiport","outcome":"Success","ownership_lost":false,"reaped":true,"spawned":true},{"after":{"available_index":"Present(true)","builtin_index":"Present(false)","loaded":"Present(true)"},"exit":0,"joined":true,"name":"xt_nat","outcome":"Success","ownership_lost":false,"reaped":true,"spawned":true},{"after":{"available_index":"Present(true)","builtin_index":"Present(false)","loaded":"Present(true)"},"exit":0,"joined":true,"name":"nft_compat","outcome":"Success","ownership_lost":false,"reaped":true,"spawned":true},{"after":{"available_index":"Present(true)","builtin_index":"Present(false)","loaded":"Present(true)"},"exit":0,"joined":true,"name":"nft_numgen","outcome":"Success","ownership_lost":false,"reaped":true,"spawned":true},{"after":{"available_index":"Present(true)","builtin_index":"Present(false)","loaded":"Present(true)"},"exit":0,"joined":true,"name":"nft_redir","outcome":"Success","ownership_lost":false,"reaped":true,"spawned":true},{"after":{"available_index":"Present(true)","builtin_index":"Present(false)","loaded":"Present(true)"},"exit":0,"joined":true,"name":"nft_limit","outcome":"Success","ownership_lost":false,"reaped":true,"spawned":true},{"after":{"available_index":"Present(true)","builtin_index":"Present(false)","loaded":"Present(true)"},"exit":0,"joined":true,"name":"nft_tproxy","outcome":"Success","ownership_lost":false,"reaped":true,"spawned":true}],"runtime":"External","status":"Completed"},"pass":1,"pid":2618,"schema":1,"shared_effects_possible":true,"status":"Completed"}
{"event":"FIRST","pid":2618,"schema":1}
{"container":{"attempts":[{"controllers":["cpuset","cpu","io","memory","hugetlb","pids","dmem"],"mutation":{"attempted":true,"result":"Ok(())"}}],"available":["cpuset","cpu","io","memory","hugetlb","pids","dmem"],"enabled_after":{"names":["cpuset","cpu","io","memory","hugetlb","pids","dmem"]},"enabled_before":["cpuset","cpu","io","memory","hugetlb","pids","dmem"],"init":{"attempted":false,"result":"Ok(())"},"layout":"V2","migration":{"attempted":true,"result":"Ok(())"},"missing_after":[],"mount":{"attempted":true,"result":"Ok(())"},"shared_effects_possible":true,"status":"Completed"},"event":"result","network":{"assessment":"Observed","family":"Present(NfTables)","ipv6":[],"modules":[{"after":{"available_index":"Present(true)","builtin_index":"Present(false)","loaded":"Present(true)"},"exit":0,"joined":true,"name":"br_netfilter","outcome":"Success","ownership_lost":false,"reaped":true,"spawned":true},{"after":{"available_index":"Present(true)","builtin_index":"Present(false)","loaded":"Present(true)"},"exit":0,"joined":true,"name":"overlay","outcome":"Success","ownership_lost":false,"reaped":true,"spawned":true},{"after":{"available_index":"Present(true)","builtin_index":"Present(false)","loaded":"Present(true)"},"exit":0,"joined":true,"name":"xt_comment","outcome":"Success","ownership_lost":false,"reaped":true,"spawned":true},{"after":{"available_index":"Present(true)","builtin_index":"Present(false)","loaded":"Present(true)"},"exit":0,"joined":true,"name":"xt_conntrack","outcome":"Success","ownership_lost":false,"reaped":true,"spawned":true},{"after":{"available_index":"Present(true)","builtin_index":"Present(false)","loaded":"Present(true)"},"exit":0,"joined":true,"name":"xt_MASQUERADE","outcome":"Success","ownership_lost":false,"reaped":true,"spawned":true},{"after":{"available_index":"Present(true)","builtin_index":"Present(false)","loaded":"Present(true)"},"exit":0,"joined":true,"name":"xt_addrtype","outcome":"Success","ownership_lost":false,"reaped":true,"spawned":true},{"after":{"available_index":"Present(true)","builtin_index":"Present(false)","loaded":"Present(true)"},"exit":0,"joined":true,"name":"xt_multiport","outcome":"Success","ownership_lost":false,"reaped":true,"spawned":true},{"after":{"available_index":"Present(true)","builtin_index":"Present(false)","loaded":"Present(true)"},"exit":0,"joined":true,"name":"xt_nat","outcome":"Success","ownership_lost":false,"reaped":true,"spawned":true},{"after":{"available_index":"Present(true)","builtin_index":"Present(false)","loaded":"Present(true)"},"exit":0,"joined":true,"name":"nft_compat","outcome":"Success","ownership_lost":false,"reaped":true,"spawned":true},{"after":{"available_index":"Present(true)","builtin_index":"Present(false)","loaded":"Present(true)"},"exit":0,"joined":true,"name":"nft_numgen","outcome":"Success","ownership_lost":false,"reaped":true,"spawned":true},{"after":{"available_index":"Present(true)","builtin_index":"Present(false)","loaded":"Present(true)"},"exit":0,"joined":true,"name":"nft_redir","outcome":"Success","ownership_lost":false,"reaped":true,"spawned":true},{"after":{"available_index":"Present(true)","builtin_index":"Present(false)","loaded":"Present(true)"},"exit":0,"joined":true,"name":"nft_limit","outcome":"Success","ownership_lost":false,"reaped":true,"spawned":true},{"after":{"available_index":"Present(true)","builtin_index":"Present(false)","loaded":"Present(true)"},"exit":0,"joined":true,"name":"nft_tproxy","outcome":"Success","ownership_lost":false,"reaped":true,"spawned":true}],"runtime":"External","status":"Completed"},"pass":2,"pid":2618,"schema":1,"shared_effects_possible":true,"status":"Completed"}
{"event":"SECOND","pid":2618,"schema":1}
{"event":"DONE","pid":2618,"schema":1}
STDOUT_END
STDERR_BEGIN
STDERR_END
CONSUMER_real_END
REAL_PROCESS_EXITED
PID_ABSENT 2618
CONTAINER_GUEST_COMPLETE
