UEFI firmware (version edk2-stable202408-prebuilt.qemu.org built at 16:28:50 on Sep 12 2024)
ArmTrngLib could not be correctly initialized.
Error: Image at 000BFDB6000 start failed: 00000001
Error: Image at 000BFD6D000 start failed: Not Found
Error: Image at 000BFCBA000 start failed: Unsupported
Error: Image at 000BFC3F000 start failed: Not Found
Error: Image at 000BFB65000 start failed: Aborted
Tpm2SubmitCommand - Tcg2 - Not Found
Tpm2GetCapabilityPcrs fail!
Tpm2SubmitCommand - Tcg2 - Not Found
Image type X64 can't be loaded on AARCH64 UEFI system.
[2J[01;01H[=3h[2J[01;01H[2J[01;01H[=3h[2J[01;01HBdsDxe: loading Boot0001 "UEFI Misc Device" from PciRoot(0x0)/Pci(0x2,0x0)
BdsDxe: starting Boot0001 "UEFI Misc Device" from PciRoot(0x0)/Pci(0x2,0x0)
ConvertPages: Incompatible memory types, the pages to allocate have been allocated
ConvertPages: Incompatible memory types, the pages to allocate have been allocated
[01;01H[01;01H[01;01H[2J[01;01H[01;01H[01;01H[01;01H[02;01H[02;26HL[02;27Hi[02;28Hm[02;29Hi[02;30Hn[02;31He[02;32H [02;33H1[02;34H2[02;35H.[02;36H9[02;37H.[02;38H0[02;39H [02;40H([02;41Ha[02;42Ha[02;43Hr[02;44Hc[02;45Hh[02;46H6[02;47H4[02;48H,[02;49H [02;50HU[02;51HE[02;52HF[02;53HI[02;54H)[02;55H[02;01H[03;01H[03;01H[04;01H[04;01H[05;01H[05;01H[06;01H[12;01H [12;02H [12;03H [12;04H [12;05H [12;06H [12;07H [12;08H [12;09H [12;10H [12;11H [12;12H [12;13H [12;14H [12;15H [12;16H [12;17H [12;18H [12;19H [12;20H [12;21H [12;22H [12;23H [12;24H [12;25H [12;26H [12;27H [12;28H [12;29H [12;30H [12;31H [12;32H [12;33H [12;34H[0m[30m[47m [12;35HA[12;36Hl[12;37Hp[12;38Hi[12;39Hn[12;40He[12;41H [12;42HL[12;43Hi[12;44Hn[12;45Hu[12;46Hx[12;47H [12;48H[0m[37m[40m[12;01H[13;01H[04;22HA[04;23HR[04;24HR[04;25HO[04;26HW[04;27HS[04;28H [04;29HS[04;30He[04;31Hl[04;32He[04;33Hc[04;34Ht[04;35H [04;36H [04;37H [04;38H [04;39HE[04;40HN[04;41HT[04;42HE[04;43HR[04;44H [04;45HB[04;46Ho[04;47Ho[04;48Ht[04;49H [04;50H [04;51H [04;52H [04;53HE[04;54H [04;55HE[04;56Hd[04;57Hi[04;58Ht[04;59H[06;24HS[06;25H [06;26HF[06;27Hi[06;28Hr[06;29Hm[06;30Hw[06;31Ha[06;32Hr[06;33He[06;34H [06;35HS[06;36He[06;37Ht[06;38Hu[06;39Hp[06;40H [06;41H [06;42H [06;43H [06;44HB[06;45H [06;46HB[06;47Hl[06;48Ha[06;49Hn[06;50Hk[06;51H [06;52HE[06;53Hn[06;54Ht[06;55Hr[06;56Hy[06;57H[13;01H[13;01H[14;01H[14;01H[15;01H[23;26H[23;01H [23;02H [23;03H [23;04H [23;05H [23;06H [23;07H [23;08H [23;09H [23;10H [23;11H [23;12H [23;13H [23;14H [23;15H [23;16H [23;17H [23;18H [23;19H [23;20H [23;21H [23;22H [23;23H [23;24H [23;25H [23;26H [23;27H [23;28H [23;29H [23;30H [23;31H [23;32H [23;33H [23;34H [23;35H [23;36H [23;37H [23;38H [23;39H [23;40H [23;41H [23;42H [23;43H [23;44H [23;45H [23;46H [23;47H [23;48H [23;49H [23;50H [23;51H [23;52H [23;53H [23;54H [23;55H [23;56H [23;57H [23;58H [23;59H [23;60H [23;61H [23;62H [23;63H [23;64H [23;65H [23;66H [23;67H [23;68H [23;69H [23;70H [23;71H [23;72H [23;73H [23;74H [23;75H [23;76H [23;77H [23;78H [23;79H [23;80H [24;01H[23;26HB[23;27Ho[23;28Ho[23;29Ht[23;30Hi[23;31Hn[23;32Hg[23;33H [23;34Ha[23;35Hu[23;36Ht[23;37Ho[23;38Hm[23;39Ha[23;40Ht[23;41Hi[23;42Hc[23;43Ha[23;44Hl[23;45Hl[23;46Hy[23;47H [23;48Hi[23;49Hn[23;50H [23;51H1[23;52H0[23;53H.[23;54H.[23;55H.[23;56H[23;26H[23;01H [23;02H [23;03H [23;04H [23;05H [23;06H [23;07H [23;08H [23;09H [23;10H [23;11H [23;12H [23;13H [23;14H [23;15H [23;16H [23;17H [23;18H [23;19H [23;20H [23;21H [23;22H [23;23H [23;24H [23;25H [23;26H [23;27H [23;28H [23;29H [23;30H [23;31H [23;32H [23;33H [23;34H [23;35H [23;36H [23;37H [23;38H [23;39H [23;40H [23;41H [23;42H [23;43H [23;44H [23;45H [23;46H [23;47H [23;48H [23;49H [23;50H [23;51H [23;52H [23;53H [23;54H [23;55H [23;56H [23;57H [23;58H [23;59H [23;60H [23;61H [23;62H [23;63H [23;64H [23;65H [23;66H [23;67H [23;68H [23;69H [23;70H [23;71H [23;72H [23;73H [23;74H [23;75H [23;76H [23;77H [23;78H [23;79H [23;80H [24;01H[23;26HB[23;27Ho[23;28Ho[23;29Ht[23;30Hi[23;31Hn[23;32Hg[23;33H [23;34Ha[23;35Hu[23;36Ht[23;37Ho[23;38Hm[23;39Ha[23;40Ht[23;41Hi[23;42Hc[23;43Ha[23;44Hl[23;45Hl[23;46Hy[23;47H [23;48Hi[23;49Hn[23;50H [23;51H9[23;52H.[23;53H.[23;54H.[23;55H[23;26H[23;01H [23;02H [23;03H [23;04H [23;05H [23;06H [23;07H [23;08H [23;09H [23;10H [23;11H [23;12H [23;13H [23;14H [23;15H [23;16H [23;17H [23;18H [23;19H [23;20H [23;21H [23;22H [23;23H [23;24H [23;25H [23;26H [23;27H [23;28H [23;29H [23;30H [23;31H [23;32H [23;33H [23;34H [23;35H [23;36H [23;37H [23;38H [23;39H [23;40H [23;41H [23;42H [23;43H [23;44H [23;45H [23;46H [23;47H [23;48H [23;49H [23;50H [23;51H [23;52H [23;53H [23;54H [23;55H [23;56H [23;57H [23;58H [23;59H [23;60H [23;61H [23;62H [23;63H [23;64H [23;65H [23;66H [23;67H [23;68H [23;69H [23;70H [23;71H [23;72H [23;73H [23;74H [23;75H [23;76H [23;77H [23;78H [23;79H [23;80H [24;01H[23;26HB[23;27Ho[23;28Ho[23;29Ht[23;30Hi[23;31Hn[23;32Hg[23;33H [23;34Ha[23;35Hu[23;36Ht[23;37Ho[23;38Hm[23;39Ha[23;40Ht[23;41Hi[23;42Hc[23;43Ha[23;44Hl[23;45Hl[23;46Hy[23;47H [23;48Hi[23;49Hn[23;50H [23;51H8[23;52H.[23;53H.[23;54H.[23;55H[23;26H[23;01H [23;02H [23;03H [23;04H [23;05H [23;06H [23;07H [23;08H [23;09H [23;10H [23;11H [23;12H [23;13H [23;14H [23;15H [23;16H [23;17H [23;18H [23;19H [23;20H [23;21H [23;22H [23;23H [23;24H [23;25H [23;26H [23;27H [23;28H [23;29H [23;30H [23;31H [23;32H [23;33H [23;34H [23;35H [23;36H [23;37H [23;38H [23;39H [23;40H [23;41H [23;42H [23;43H [23;44H [23;45H [23;46H [23;47H [23;48H [23;49H [23;50H [23;51H [23;52H [23;53H [23;54H [23;55H [23;56H [23;57H [23;58H [23;59H [23;60H [23;61H [23;62H [23;63H [23;64H [23;65H [23;66H [23;67H [23;68H [23;69H [23;70H [23;71H [23;72H [23;73H [23;74H [23;75H [23;76H [23;77H [23;78H [23;79H [23;80H [24;01H[23;26HB[23;27Ho[23;28Ho[23;29Ht[23;30Hi[23;31Hn[23;32Hg[23;33H [23;34Ha[23;35Hu[23;36Ht[23;37Ho[23;38Hm[23;39Ha[23;40Ht[23;41Hi[23;42Hc[23;43Ha[23;44Hl[23;45Hl[23;46Hy[23;47H [23;48Hi[23;49Hn[23;50H [23;51H7[23;52H.[23;53H.[23;54H.[23;55H[23;26H[23;01H [23;02H [23;03H [23;04H [23;05H [23;06H [23;07H [23;08H [23;09H [23;10H [23;11H [23;12H [23;13H [23;14H [23;15H [23;16H [23;17H [23;18H [23;19H [23;20H [23;21H [23;22H [23;23H [23;24H [23;25H [23;26H [23;27H [23;28H [23;29H [23;30H [23;31H [23;32H [23;33H [23;34H [23;35H [23;36H [23;37H [23;38H [23;39H [23;40H [23;41H [23;42H [23;43H [23;44H [23;45H [23;46H [23;47H [23;48H [23;49H [23;50H [23;51H [23;52H [23;53H [23;54H [23;55H [23;56H [23;57H [23;58H [23;59H [23;60H [23;61H [23;62H [23;63H [23;64H [23;65H [23;66H [23;67H [23;68H [23;69H [23;70H [23;71H [23;72H [23;73H [23;74H [23;75H [23;76H [23;77H [23;78H [23;79H [23;80H [24;01H[23;26HB[23;27Ho[23;28Ho[23;29Ht[23;30Hi[23;31Hn[23;32Hg[23;33H [23;34Ha[23;35Hu[23;36Ht[23;37Ho[23;38Hm[23;39Ha[23;40Ht[23;41Hi[23;42Hc[23;43Ha[23;44Hl[23;45Hl[23;46Hy[23;47H [23;48Hi[23;49Hn[23;50H [23;51H6[23;52H.[23;53H.[23;54H.[23;55H[23;26H[23;01H [23;02H [23;03H [23;04H [23;05H [23;06H [23;07H [23;08H [23;09H [23;10H [23;11H [23;12H [23;13H [23;14H [23;15H [23;16H [23;17H [23;18H [23;19H [23;20H [23;21H [23;22H [23;23H [23;24H [23;25H [23;26H [23;27H [23;28H [23;29H [23;30H [23;31H [23;32H [23;33H [23;34H [23;35H [23;36H [23;37H [23;38H [23;39H [23;40H [23;41H [23;42H [23;43H [23;44H [23;45H [23;46H [23;47H [23;48H [23;49H [23;50H [23;51H [23;52H [23;53H [23;54H [23;55H [23;56H [23;57H [23;58H [23;59H [23;60H [23;61H [23;62H [23;63H [23;64H [23;65H [23;66H [23;67H [23;68H [23;69H [23;70H [23;71H [23;72H [23;73H [23;74H [23;75H [23;76H [23;77H [23;78H [23;79H [23;80H [24;01H[23;26HB[23;27Ho[23;28Ho[23;29Ht[23;30Hi[23;31Hn[23;32Hg[23;33H [23;34Ha[23;35Hu[23;36Ht[23;37Ho[23;38Hm[23;39Ha[23;40Ht[23;41Hi[23;42Hc[23;43Ha[23;44Hl[23;45Hl[23;46Hy[23;47H [23;48Hi[23;49Hn[23;50H [23;51H5[23;52H.[23;53H.[23;54H.[23;55H[23;26H[23;01H [23;02H [23;03H [23;04H [23;05H [23;06H [23;07H [23;08H [23;09H [23;10H [23;11H [23;12H [23;13H [23;14H [23;15H [23;16H [23;17H [23;18H [23;19H [23;20H [23;21H [23;22H [23;23H [23;24H [23;25H [23;26H [23;27H [23;28H [23;29H [23;30H [23;31H [23;32H [23;33H [23;34H [23;35H [23;36H [23;37H [23;38H [23;39H [23;40H [23;41H [23;42H [23;43H [23;44H [23;45H [23;46H [23;47H [23;48H [23;49H [23;50H [23;51H [23;52H [23;53H [23;54H [23;55H [23;56H [23;57H [23;58H [23;59H [23;60H [23;61H [23;62H [23;63H [23;64H [23;65H [23;66H [23;67H [23;68H [23;69H [23;70H [23;71H [23;72H [23;73H [23;74H [23;75H [23;76H [23;77H [23;78H [23;79H [23;80H [24;01H[23;26HB[23;27Ho[23;28Ho[23;29Ht[23;30Hi[23;31Hn[23;32Hg[23;33H [23;34Ha[23;35Hu[23;36Ht[23;37Ho[23;38Hm[23;39Ha[23;40Ht[23;41Hi[23;42Hc[23;43Ha[23;44Hl[23;45Hl[23;46Hy[23;47H [23;48Hi[23;49Hn[23;50H [23;51H4[23;52H.[23;53H.[23;54H.[23;55H[23;26H[23;01H [23;02H [23;03H [23;04H [23;05H [23;06H [23;07H [23;08H [23;09H [23;10H [23;11H [23;12H [23;13H [23;14H [23;15H [23;16H [23;17H [23;18H [23;19H [23;20H [23;21H [23;22H [23;23H [23;24H [23;25H [23;26H [23;27H [23;28H [23;29H [23;30H [23;31H [23;32H [23;33H [23;34H [23;35H [23;36H [23;37H [23;38H [23;39H [23;40H [23;41H [23;42H [23;43H [23;44H [23;45H [23;46H [23;47H [23;48H [23;49H [23;50H [23;51H [23;52H [23;53H [23;54H [23;55H [23;56H [23;57H [23;58H [23;59H [23;60H [23;61H [23;62H [23;63H [23;64H [23;65H [23;66H [23;67H [23;68H [23;69H [23;70H [23;71H [23;72H [23;73H [23;74H [23;75H [23;76H [23;77H [23;78H [23;79H [23;80H [24;01H[23;26HB[23;27Ho[23;28Ho[23;29Ht[23;30Hi[23;31Hn[23;32Hg[23;33H [23;34Ha[23;35Hu[23;36Ht[23;37Ho[23;38Hm[23;39Ha[23;40Ht[23;41Hi[23;42Hc[23;43Ha[23;44Hl[23;45Hl[23;46Hy[23;47H [23;48Hi[23;49Hn[23;50H [23;51H3[23;52H.[23;53H.[23;54H.[23;55H[23;26H[23;01H [23;02H [23;03H [23;04H [23;05H [23;06H [23;07H [23;08H [23;09H [23;10H [23;11H [23;12H [23;13H [23;14H [23;15H [23;16H [23;17H [23;18H [23;19H [23;20H [23;21H [23;22H [23;23H [23;24H [23;25H [23;26H [23;27H [23;28H [23;29H [23;30H [23;31H [23;32H [23;33H [23;34H [23;35H [23;36H [23;37H [23;38H [23;39H [23;40H [23;41H [23;42H [23;43H [23;44H [23;45H [23;46H [23;47H [23;48H [23;49H [23;50H [23;51H [23;52H [23;53H [23;54H [23;55H [23;56H [23;57H [23;58H [23;59H [23;60H [23;61H [23;62H [23;63H [23;64H [23;65H [23;66H [23;67H [23;68H [23;69H [23;70H [23;71H [23;72H [23;73H [23;74H [23;75H [23;76H [23;77H [23;78H [23;79H [23;80H [24;01H[23;26HB[23;27Ho[23;28Ho[23;29Ht[23;30Hi[23;31Hn[23;32Hg[23;33H [23;34Ha[23;35Hu[23;36Ht[23;37Ho[23;38Hm[23;39Ha[23;40Ht[23;41Hi[23;42Hc[23;43Ha[23;44Hl[23;45Hl[23;46Hy[23;47H [23;48Hi[23;49Hn[23;50H [23;51H2[23;52H.[23;53H.[23;54H.[23;55H[23;26H[23;01H [23;02H [23;03H [23;04H [23;05H [23;06H [23;07H [23;08H [23;09H [23;10H [23;11H [23;12H [23;13H [23;14H [23;15H [23;16H [23;17H [23;18H [23;19H [23;20H [23;21H [23;22H [23;23H [23;24H [23;25H [23;26H [23;27H [23;28H [23;29H [23;30H [23;31H [23;32H [23;33H [23;34H [23;35H [23;36H [23;37H [23;38H [23;39H [23;40H [23;41H [23;42H [23;43H [23;44H [23;45H [23;46H [23;47H [23;48H [23;49H [23;50H [23;51H [23;52H [23;53H [23;54H [23;55H [23;56H [23;57H [23;58H [23;59H [23;60H [23;61H [23;62H [23;63H [23;64H [23;65H [23;66H [23;67H [23;68H [23;69H [23;70H [23;71H [23;72H [23;73H [23;74H [23;75H [23;76H [23;77H [23;78H [23;79H [23;80H [24;01H[23;26HB[23;27Ho[23;28Ho[23;29Ht[23;30Hi[23;31Hn[23;32Hg[23;33H [23;34Ha[23;35Hu[23;36Ht[23;37Ho[23;38Hm[23;39Ha[23;40Ht[23;41Hi[23;42Hc[23;43Ha[23;44Hl[23;45Hl[23;46Hy[23;47H [23;48Hi[23;49Hn[23;50H [23;51H1[23;52H.[23;53H.[23;54H.[23;55H[01;01H[    0.000000] Booting Linux on physical CPU 0x0000000000 [0x610f0000]
[    0.000000] Linux version 6.18.52-0-virt (buildozer@build-3-24-aarch64) (cc (Alpine 15.2.0) 15.2.0, GNU ld (GNU Binutils) 2.45.1) #1-Alpine SMP PREEMPT_DYNAMIC 2026-09-15 05:37:48
[    0.000000] efi: EFI v2.7 by EDK II
[    0.000000] efi: SMBIOS 3.0=0xbfed0000 MEMATTR=0xbea35018 ACPI 2.0=0xbcb43018 INITRD=0xbc716f18 MEMRESERVE=0xbc716f98 
[    0.000000] ACPI: Early table checksum verification disabled
[    0.000000] ACPI: RSDP 0x00000000BCB43018 000024 (v02 BOCHS )
[    0.000000] ACPI: XSDT 0x00000000BCB43F18 000064 (v01 BOCHS  BXPC     00000001      01000013)
[    0.000000] ACPI: FACP 0x00000000BCB43B18 000114 (v06 BOCHS  BXPC     00000001 BXPC 00000001)
[    0.000000] ACPI: DSDT 0x00000000BCB41018 001517 (v02 BOCHS  BXPC     00000001 BXPC 00000001)
[    0.000000] ACPI: APIC 0x00000000BCB43C98 00010C (v04 BOCHS  BXPC     00000001 BXPC 00000001)
[    0.000000] ACPI: PPTT 0x00000000BCB43E18 000074 (v02 BOCHS  BXPC     00000001 BXPC 00000001)
[    0.000000] ACPI: GTDT 0x00000000BCB43098 000068 (v03 BOCHS  BXPC     00000001 BXPC 00000001)
[    0.000000] ACPI: MCFG 0x00000000BCB43A98 00003C (v01 BOCHS  BXPC     00000001 BXPC 00000001)
[    0.000000] ACPI: SPCR 0x00000000BCB43818 000050 (v02 BOCHS  BXPC     00000001 BXPC 00000001)
[    0.000000] ACPI: DBG2 0x00000000BCB43A18 000057 (v00 BOCHS  BXPC     00000001 BXPC 00000001)
[    0.000000] ACPI: IORT 0x00000000BCB43898 000054 (v05 BOCHS  BXPC     00000001 BXPC 00000001)
[    0.000000] ACPI: SPCR: console: pl011,mmio32,0x9000000,9600
[    0.000000] NUMA: Faking a node at [mem 0x0000000040000000-0x00000000bfffffff]
[    0.000000] NODE_DATA(0) allocated [mem 0xbf855b40-0xbf857fff]
[    0.000000] Zone ranges:
[    0.000000]   DMA      [mem 0x0000000040000000-0x00000000bfffffff]
[    0.000000]   DMA32    empty
[    0.000000]   Normal   empty
[    0.000000] Movable zone start for each node
[    0.000000] Early memory node ranges
[    0.000000]   node   0: [mem 0x0000000040000000-0x00000000bc76ffff]
[    0.000000]   node   0: [mem 0x00000000bc770000-0x00000000bcb3ffff]
[    0.000000]   node   0: [mem 0x00000000bcb40000-0x00000000bfe1ffff]
[    0.000000]   node   0: [mem 0x00000000bfe20000-0x00000000bfeaffff]
[    0.000000]   node   0: [mem 0x00000000bfeb0000-0x00000000bfebffff]
[    0.000000]   node   0: [mem 0x00000000bfec0000-0x00000000bffdffff]
[    0.000000]   node   0: [mem 0x00000000bffe0000-0x00000000bfffffff]
[    0.000000] Initmem setup node 0 [mem 0x0000000040000000-0x00000000bfffffff]
[    0.000000] psci: probing for conduit method from ACPI.
[    0.000000] psci: PSCIv1.1 detected in firmware.
[    0.000000] psci: Using standard PSCI v0.2 function IDs
[    0.000000] psci: Trusted OS migration not required
[    0.000000] psci: SMC Calling Convention v1.0
[    0.000000] percpu: Embedded 34 pages/cpu s99544 r8192 d31528 u139264
[    0.000000] Detected PIPT I-cache on CPU0
[    0.000000] CPU features: detected: Address authentication (IMP DEF algorithm)
[    0.000000] CPU features: detected: Spectre-v4
[    0.000000] CPU features: detected: Spectre-BHB
[    0.000000] alternatives: applying boot alternatives
[    0.000000] Kernel command line: initrd=\\initramfs-virt root=LABEL=/ modules=sd-mod,usb-storage,ext4,gpio_pl061,ena,gve,mana console=ttyS0,115200n8 console=ttyAMA0,115200n8 console=tty0 autodetect_serial=setconsole=[Aa]mazon,Google,dmi.chassis_asset_tag=^(7783-7084-3265-9085-8269-3286-77|OracleCloud[.]com)$
[    0.000000] Unknown kernel command line parameters "modules=sd-mod,usb-storage,ext4,gpio_pl061,ena,gve,mana autodetect_serial=setconsole=[Aa]mazon,Google,dmi.chassis_asset_tag=^(7783-7084-3265-9085-8269-3286-77|OracleCloud[.]com)$", will be passed to user space.
[    0.000000] printk: log buffer data + meta data: 131072 + 458752 = 589824 bytes
[    0.000000] Dentry cache hash table entries: 262144 (order: 9, 2097152 bytes, linear)
[    0.000000] Inode-cache hash table entries: 131072 (order: 8, 1048576 bytes, linear)
[    0.000000] software IO TLB: SWIOTLB bounce buffer size adjusted to 2MB
[    0.000000] software IO TLB: area num 2.
[    0.000000] software IO TLB: mapped [mem 0x00000000bf2fa000-0x00000000bf4fa000] (2MB)
[    0.000000] Fallback order for Node 0: 0 
[    0.000000] Built 1 zonelists, mobility grouping on.  Total pages: 524288
[    0.000000] Policy zone: DMA
[    0.000000] mem auto-init: stack:all(zero), heap alloc:on, heap free:off
[    0.000000] SLUB: HWalign=64, Order=0-3, MinObjects=0, CPUs=2, Nodes=1
[    0.000000] Dynamic Preempt: none
[    0.000000] rcu: Preemptible hierarchical RCU implementation.
[    0.000000] rcu: 	RCU restricting CPUs from NR_CPUS=4096 to nr_cpu_ids=2.
[    0.000000] 	Trampoline variant of Tasks RCU enabled.
[    0.000000] 	Tracing variant of Tasks RCU enabled.
[    0.000000] rcu: RCU calculated value of scheduler-enlistment delay is 100 jiffies.
[    0.000000] rcu: Adjusting geometry for rcu_fanout_leaf=16, nr_cpu_ids=2
[    0.000000] RCU Tasks: Setting shift to 1 and lim to 1 rcu_task_cb_adjust=1 rcu_task_cpu_ids=2.
[    0.000000] RCU Tasks Trace: Setting shift to 1 and lim to 1 rcu_task_cb_adjust=1 rcu_task_cpu_ids=2.
[    0.000000] NR_IRQS: 64, nr_irqs: 64, preallocated irqs: 0
[    0.000000] GICv3: 988 SPIs implemented
[    0.000000] GICv3: 0 Extended SPIs implemented
[    0.000000] Root IRQ handler: gic_handle_irq
[    0.000000] GICv3: GICv3 features: 16 PPIs, RSS
[    0.000000] GICv3: GICD_CTLR.DS=1, SCR_EL3.FIQ=0
[    0.000000] GICv3: CPU0: found redistributor 0 region 0:0x00000000080a0000
[    0.000000] GICv2m: ACPI overriding V2M MSI_TYPER (base:80, num:64)
[    0.000000] GICv2m: range[mem 0x08020000-0x08020fff], SPI[80:143]
[    0.000000] rcu: srcu_init: Setting srcu_struct sizes based on contention.
[    0.000000] clocksource: jiffies: mask: 0xffffffff max_cycles: 0xffffffff, max_idle_ns: 1911260446275000 ns
[    0.000000] arch_timer: cp15 timer running at 24.00MHz (virt).
[    0.000000] clocksource: arch_sys_counter: mask: 0xffffffffffffff max_cycles: 0x588fe9dc0, max_idle_ns: 440795202592 ns
[    0.000000] sched_clock: 56 bits at 24MHz, resolution 41ns, wraps every 4398046511097ns
[    0.002284] kfence: initialized - using 2097152 bytes for 255 objects at 0x(____ptrval____)-0x(____ptrval____)
[    0.002489] Console: colour dummy device 80x25
[    0.002491] printk: legacy console [tty0] enabled
[    0.003325] ACPI: Core revision 20250807
[    0.004135] Calibrating delay loop (skipped), value calculated using timer frequency.. 48.00 BogoMIPS (lpj=24000)
[    0.004139] pid_max: default: 32768 minimum: 301
[    0.006530] LSM: initializing lsm=lockdown,capability,landlock,yama
[    0.008049] landlock: Up and running.
[    0.008050] Yama: becoming mindful.
[    0.009009] Mount-cache hash table entries: 4096 (order: 3, 32768 bytes, linear)
[    0.009016] Mountpoint-cache hash table entries: 4096 (order: 3, 32768 bytes, linear)
[    0.015952] rcu: Hierarchical SRCU implementation.
[    0.015956] rcu: 	Max phase no-delay instances is 400.
[    0.016084] Timer migration: 1 hierarchy levels; 8 children per group; 1 crossnode level
[    0.016339] Remapping and enabling EFI services.
[    0.016455] smp: Bringing up secondary CPUs ...
[    0.016767] Detected PIPT I-cache on CPU1
[    0.016785] GICv3: CPU1: found redistributor 1 region 0:0x00000000080c0000
[    0.016832] CPU1: Booted secondary processor 0x0000000001 [0x610f0000]
[    0.016911] smp: Brought up 1 node, 2 CPUs
[    0.016916] SMP: Total of 2 processors activated.
[    0.016917] CPU: All CPU(s) started at EL1
[    0.016919] CPU features: detected: Branch Target Identification
[    0.016920] CPU features: detected: ARMv8.4 Translation Table Level
[    0.016922] CPU features: detected: Data cache clean to the PoU not required for I/D coherence
[    0.016923] CPU features: detected: Common not Private translations
[    0.016924] CPU features: detected: CRC32 instructions
[    0.016925] CPU features: detected: Data independent timing control (DIT)
[    0.016926] CPU features: detected: E0PD
[    0.016927] CPU features: detected: Enhanced Privileged Access Never
[    0.016928] CPU features: detected: Generic authentication (IMP DEF algorithm)
[    0.016930] CPU features: detected: RCpc load-acquire (LDAPR)
[    0.016931] CPU features: detected: LSE atomic instructions
[    0.016932] CPU features: detected: Privileged Access Never
[    0.016932] CPU features: detected: RAS Extension Support
[    0.016933] CPU features: detected: Speculation barrier (SB)
[    0.016934] CPU features: detected: TLB range maintenance instructions
[    0.016970] alternatives: applying system-wide alternatives
[    0.017178] Memory: 1996100K/2097152K available (13312K kernel code, 1994K rwdata, 8420K rodata, 2048K init, 9282K bss, 96680K reserved, 0K cma-reserved)
[    0.017398] devtmpfs: initialized
[    0.017727] posixtimers hash table entries: 1024 (order: 2, 16384 bytes, linear)
[    0.017737] futex hash table entries: 512 (32768 bytes on 1 NUMA nodes, total 32 KiB, linear).
[    0.017750] 23920 pages in range for non-PLT usage
[    0.017751] 515440 pages in range for PLT usage
[    0.017824] pinctrl core: initialized pinctrl subsystem
[    0.017860] SMBIOS 3.0.0 present.
[    0.017862] DMI: QEMU QEMU Virtual Machine, BIOS edk2-stable202408-prebuilt.qemu.org 08/13/2024
[    0.017867] DMI: Memory slots populated: 1/1
[    0.018780] NET: Registered PF_NETLINK/PF_ROUTE protocol family
[    0.018908] DMA: preallocated 256 KiB GFP_KERNEL pool for atomic allocations
[    0.018955] DMA: preallocated 256 KiB GFP_KERNEL|GFP_DMA pool for atomic allocations
[    0.018998] DMA: preallocated 256 KiB GFP_KERNEL|GFP_DMA32 pool for atomic allocations
[    0.019005] audit: initializing netlink subsys (disabled)
[    0.019138] audit: type=2000 audit(0.017:1): state=initialized audit_enabled=0 res=1
[    0.019207] thermal_sys: Registered thermal governor 'step_wise'
[    0.019244] cpuidle: using governor ladder
[    0.019270] cpuidle: using governor menu
[    0.019305] hw-breakpoint: found 6 breakpoint and 4 watchpoint registers.
[    0.019337] ASID allocator initialised with 256 entries
[    0.019342] acpiphp: ACPI Hot Plug PCI Controller Driver version: 0.5
[    0.019415] Serial: AMBA PL011 UART driver
[    0.021679] HugeTLB: registered 1.00 GiB page size, pre-allocated 0 pages
[    0.021685] HugeTLB: 0 KiB vmemmap can be freed for a 1.00 GiB page
[    0.021686] HugeTLB: registered 32.0 MiB page size, pre-allocated 0 pages
[    0.021687] HugeTLB: 0 KiB vmemmap can be freed for a 32.0 MiB page
[    0.021688] HugeTLB: registered 2.00 MiB page size, pre-allocated 0 pages
[    0.021688] HugeTLB: 0 KiB vmemmap can be freed for a 2.00 MiB page
[    0.021689] HugeTLB: registered 64.0 KiB page size, pre-allocated 0 pages
[    0.021690] HugeTLB: 0 KiB vmemmap can be freed for a 64.0 KiB page
[    0.023903] ACPI: Added _OSI(Module Device)
[    0.023905] ACPI: Added _OSI(Processor Device)
[    0.023906] ACPI: Added _OSI(Processor Aggregator Device)
[    0.024263] ACPI: 1 ACPI AML tables successfully acquired and loaded
[    0.024617] ACPI: Interpreter enabled
[    0.024619] ACPI: Using GIC for interrupt routing
[    0.024625] ACPI: MCFG table detected, 1 entries
[    0.025349] ACPI: CPU0 has been hot-added
[    0.025364] ACPI: CPU1 has been hot-added
[    0.025440] ARMH0011:00: ttyAMA0 at MMIO 0x9000000 (irq = 12, base_baud = 0) is a SBSA
[    0.025501] printk: console [ttyAMA0] enabled
[    0.025897] ACPI: PCI: Interrupt link L000 configured for IRQ 35
[    0.025901] ACPI: PCI: Interrupt link L001 configured for IRQ 36
[    0.025904] ACPI: PCI: Interrupt link L002 configured for IRQ 37
[    0.025906] ACPI: PCI: Interrupt link L003 configured for IRQ 38
[    0.025911] ACPI: PCI Root Bridge [PCI0] (domain 0000 [bus 00-ff])
[    0.025924] acpi PNP0A08:00: _OSC: OS supports [ExtendedConfig ASPM ClockPM Segments MSI HPX-Type3]
[    0.025950] acpi PNP0A08:00: _OSC: platform does not support [LTR]
[    0.025978] acpi PNP0A08:00: _OSC: OS now controls [PCIeHotplug PME PCIeCapability]
[    0.026037] acpi PNP0A08:00: ECAM area [mem 0x4010000000-0x401fffffff] reserved by PNP0C02:00
[    0.026045] acpi PNP0A08:00: ECAM at [mem 0x4010000000-0x401fffffff] for [bus 00-ff]
[    0.026051] ACPI: Remapped I/O 0x000000003eff0000 to [io  0x0000-0xffff window]
[    0.026119] PCI host bridge to bus 0000:00
[    0.026125] pci_bus 0000:00: root bus resource [mem 0x10000000-0x3efeffff window]
[    0.026127] pci_bus 0000:00: root bus resource [io  0x0000-0xffff window]
[    0.026128] pci_bus 0000:00: root bus resource [mem 0x8000000000-0xffffffffff window]
[    0.026129] pci_bus 0000:00: root bus resource [bus 00-ff]
[    0.026144] pci 0000:00:00.0: [1b36:0008] type 00 class 0x060000 conventional PCI endpoint
[    0.026331] pci 0000:00:01.0: [1af4:1000] type 00 class 0x020000 conventional PCI endpoint
[    0.026638] pci 0000:00:01.0: BAR 0 [io  0x0100-0x011f]
[    0.026643] pci 0000:00:01.0: BAR 1 [mem 0x10042000-0x10042fff]
[    0.026650] pci 0000:00:01.0: BAR 4 [mem 0x8000000000-0x8000003fff 64bit pref]
[    0.026653] pci 0000:00:01.0: ROM [mem 0xfffc0000-0xffffffff pref]
[    0.026891] pci 0000:00:02.0: [1af4:1001] type 00 class 0x010000 conventional PCI endpoint
[    0.027097] pci 0000:00:02.0: BAR 0 [io  0x0080-0x00ff]
[    0.027108] pci 0000:00:02.0: BAR 1 [mem 0x10041000-0x10041fff]
[    0.027118] pci 0000:00:02.0: BAR 4 [mem 0x8000004000-0x8000007fff 64bit pref]
[    0.027355] pci 0000:00:03.0: [1af4:1001] type 00 class 0x010000 conventional PCI endpoint
[    0.027533] pci 0000:00:03.0: BAR 0 [io  0x0000-0x007f]
[    0.027536] pci 0000:00:03.0: BAR 1 [mem 0x10040000-0x10040fff]
[    0.027543] pci 0000:00:03.0: BAR 4 [mem 0x8000008000-0x800000bfff 64bit pref]
[    0.027849] pci 0000:00:01.0: ROM [mem 0x10000000-0x1003ffff pref]: assigned
[    0.027852] pci 0000:00:01.0: BAR 4 [mem 0x8000000000-0x8000003fff 64bit pref]: assigned
[    0.027863] pci 0000:00:02.0: BAR 4 [mem 0x8000004000-0x8000007fff 64bit pref]: assigned
[    0.027877] pci 0000:00:03.0: BAR 4 [mem 0x8000008000-0x800000bfff 64bit pref]: assigned
[    0.027892] pci 0000:00:01.0: BAR 1 [mem 0x10040000-0x10040fff]: assigned
[    0.027896] pci 0000:00:02.0: BAR 1 [mem 0x10041000-0x10041fff]: assigned
[    0.027903] pci 0000:00:03.0: BAR 1 [mem 0x10042000-0x10042fff]: assigned
[    0.027909] pci 0000:00:02.0: BAR 0 [io  0x1000-0x107f]: assigned
[    0.028006] pci 0000:00:03.0: BAR 0 [io  0x1080-0x10ff]: assigned
[    0.028089] pci 0000:00:01.0: BAR 0 [io  0x1100-0x111f]: assigned
[    0.028186] pci_bus 0000:00: resource 4 [mem 0x10000000-0x3efeffff window]
[    0.028188] pci_bus 0000:00: resource 5 [io  0x0000-0xffff window]
[    0.028189] pci_bus 0000:00: resource 6 [mem 0x8000000000-0xffffffffff window]
[    0.028562] iommu: Default domain type: Translated
[    0.028564] iommu: DMA domain TLB invalidation policy: lazy mode
[    0.030710] efivars: Registered efivars operations
[    0.031029] clocksource: Switched to clocksource arch_sys_counter
[    0.031323] VFS: Disk quotas dquot_6.6.0
[    0.031336] VFS: Dquot-cache hash table entries: 512 (order 0, 4096 bytes)
[    0.031778] pnp: PnP ACPI init
[    0.031827] system 00:00: [mem 0x4010000000-0x401fffffff window] could not be reserved
[    0.031835] pnp: PnP ACPI: found 1 devices
[    0.032420] NET: Registered PF_INET protocol family
[    0.032481] IP idents hash table entries: 32768 (order: 6, 262144 bytes, linear)
[    0.037492] tcp_listen_portaddr_hash hash table entries: 1024 (order: 2, 16384 bytes, linear)
[    0.037498] Table-perturb hash table entries: 65536 (order: 6, 262144 bytes, linear)
[    0.037503] TCP established hash table entries: 16384 (order: 5, 131072 bytes, linear)
[    0.037518] TCP bind hash table entries: 16384 (order: 7, 524288 bytes, linear)
[    0.037533] TCP: Hash tables configured (established 16384 bind 16384)
[    0.037564] MPTCP token hash table entries: 2048 (order: 4, 49152 bytes, linear)
[    0.037580] UDP hash table entries: 1024 (order: 4, 65536 bytes, linear)
[    0.037584] UDP-Lite hash table entries: 1024 (order: 4, 65536 bytes, linear)
[    0.037614] NET: Registered PF_UNIX/PF_LOCAL protocol family
[    0.037620] NET: Registered PF_XDP protocol family
[    0.037653] PCI: CLS 0 bytes, default 64
[    0.037753] Unpacking initramfs...
[    0.040279] kvm [1]: HYP mode not available
[    0.040419] Initialise system trusted keyrings
[    0.065160] workingset: timestamp_bits=44 max_order=19 bucket_order=0
[    0.070724] Key type asymmetric registered
[    0.070727] Asymmetric key parser 'x509' registered
[    0.070761] Block layer SCSI generic (bsg) driver version 0.4 loaded (major 248)
[    0.080147] io scheduler mq-deadline registered
[    0.080157] io scheduler kyber registered
[    0.080176] io scheduler bfq registered
[    0.081107] ACPI: \_SB_.L001: Enabled at IRQ 36
[    0.081122] virtio-pci 0000:00:01.0: enabling device (0005 -> 0007)
[    0.081925] ACPI: \_SB_.L002: Enabled at IRQ 37
[    0.081935] virtio-pci 0000:00:02.0: enabling device (0005 -> 0007)
[    0.082629] ACPI: \_SB_.L003: Enabled at IRQ 38
[    0.082638] virtio-pci 0000:00:03.0: enabling device (0005 -> 0007)
[    0.084109] Serial: 8250/16550 driver, 4 ports, IRQ sharing enabled
[    0.085138] hv_vmbus: registering driver hyperv_keyboard
[    0.085487] rtc-efi rtc-efi.0: registered as rtc0
[    0.085665] rtc-efi rtc-efi.0: setting system clock to 2026-09-28T16:35:19 UTC (1790613319)
[    0.085782] NET: Registered PF_INET6 protocol family
[    0.087311] Segment Routing with IPv6
[    0.087322] In-situ OAM (IOAM) with IPv6
[    0.090505] registered taskstats version 1
[    0.090575] Loading compiled-in X.509 certificates
[    0.094971] Freeing initrd memory: 10940K
[    0.097100] Loaded X.509 cert 'alpinelinux.org: Alpine Linux kernel key: 87fa969a47f3e2a6aa35859eb932a17c95abcd82'
[    0.097983] Demotion targets for Node 0: null
[    0.098055] Key type .fscrypt registered
[    0.098057] Key type fscrypt-provisioning registered
[    0.099577] clk: Disabling unused clocks
[    0.099588] PM: genpd: Disabling unused power domains
[    0.099765] Freeing unused kernel memory: 2048K
[    0.099781] Run /init as init process
[    0.105550] Alpine Init 3.14.1-r0
[    0.105700] Loading boot drivers...
[    0.109144] SCSI subsystem initialized
[    0.113286] ACPI: bus type USB registered
[    0.113307] usbcore: registered new interface driver usbfs
[    0.113311] usbcore: registered new interface driver hub
[    0.113316] usbcore: registered new device driver usb
[    0.114469] usbcore: registered new interface driver usb-storage
[    0.125712] pps_core: LinuxPPS API ver. 1 registered
[    0.125722] pps_core: Software ver. 5.3.6 - Copyright 2005-2007 Rodolfo Giometti <giometti@linux.it>
[    0.126391] PTP clock support registered
[    0.132475] loop: module loaded
[    0.140746] ACPI: bus type drm_connector registered
[    0.147328] Loading boot drivers: ok.
[    0.147879] Mounting root...
[    0.169423] virtio_blk virtio1: 2/0/0 default/read/poll queues
[    0.169849] virtio_blk virtio1: [vda] 16777216 512-byte logical blocks (8.59 GB/8.00 GiB)
[    0.170830] GPT:Primary header thinks Alt. header is not at the end of the disk.
[    0.170842] GPT:673791 != 16777215
[    0.170847] GPT:Alternate GPT header not at the end of the disk.
[    0.170852] GPT:673791 != 16777215
[    0.170853] GPT: Use GNU Parted to correct GPT errors.
[    0.170856]  vda: vda1 vda2
[    0.170963] virtio_blk virtio2: 2/0/0 default/read/poll queues
[    0.171357] virtio_blk virtio2: [vdb] 108 512-byte logical blocks (55.3 kB/54.0 KiB)
[    0.239363] EXT4-fs (vda2): mounted filesystem 53fa5455-9314-4990-97ab-91488d6924a9 ro with ordered data mode. Quota mode: none.
[    0.239429] Mounting root: ok.
[    1.370211] random: crng init done

Welcome to Alpine Linux 3.24
Kernel 6.18.52-0-virt on aarch64 (/dev/ttyAMA0)

rubix-parity login: [   15.946713] reboot: Power down
