#0 building with "desktop-linux" instance using docker driver

#1 [internal] load build definition from Capture.Dockerfile
#1 transferring dockerfile: 946B done
#1 DONE 0.0s

#2 [internal] load metadata for docker.io/library/golang:1.26.5-bookworm@sha256:53eeac89074db483fdf0ab3be1df32bf6e47562263d2d0d6baa7f26acb4957dd
#2 DONE 1.7s

#3 [internal] load .dockerignore
#3 transferring context: 2B done
#3 DONE 0.0s

#4 [1/6] FROM docker.io/library/golang:1.26.5-bookworm@sha256:53eeac89074db483fdf0ab3be1df32bf6e47562263d2d0d6baa7f26acb4957dd
#4 resolve docker.io/library/golang:1.26.5-bookworm@sha256:53eeac89074db483fdf0ab3be1df32bf6e47562263d2d0d6baa7f26acb4957dd done
#4 DONE 0.0s

#5 [2/6] WORKDIR /src
#5 CACHED

#6 [internal] load build context
#6 transferring context: 5.50kB done
#6 DONE 0.0s

#7 [3/6] RUN curl --fail --location --retry 3 --output /tmp/source.tar.gz https://codeload.github.com/portainer/kubesolo/tar.gz/2ef1c4787989f11f868f81bb84ae2afd4a49a81d  && echo '9d5f3ce1f3fbda971fb1e2fb6da18ae3880caeec677f0e5d928a3bbe7bb76aec  /tmp/source.tar.gz' | sha256sum --check  && tar -xzf /tmp/source.tar.gz --strip-components=4 kubesolo-2ef1c4787989f11f868f81bb84ae2afd4a49a81d/internal/cli/preflight/preflight.go  && tar -xOf /tmp/source.tar.gz kubesolo-2ef1c4787989f11f868f81bb84ae2afd4a49a81d/go.sum > go.sum
#7 0.100   % Total    % Received % Xferd  Average Speed   Time    Time     Time  Current
#7 0.100                                  Dload  Upload   Total   Spent    Left  Speed
#7 0.100   0     0    0     0    0     0      0      0 --:--:-- --:--:-- --:--:--     0100  105k    0  105k    0     0   107k      0 --:--:-- --:--:-- --:--:--  107k100  874k    0  874k    0     0   441k      0 --:--:--  0:00:01 --:--:--  441k100  874k    0  874k    0     0   441k      0 --:--:--  0:00:01 --:--:--  441k
#7 2.085 /tmp/source.tar.gz: OK
#7 DONE 2.1s

#8 [4/6] COPY go.mod preflight_capture_test.go ./
#8 DONE 0.0s

#9 [5/6] RUN sha256sum preflight.go > /source.sha256 && go test -mod=readonly -c -trimpath -o /preflight.test . && sha256sum /preflight.test >> /source.sha256
#9 0.153 go: downloading github.com/rs/zerolog v1.33.0
#9 1.187 go: downloading github.com/mattn/go-colorable v0.1.13
#9 1.399 go: downloading github.com/mattn/go-isatty v0.0.20
#9 1.600 go: downloading golang.org/x/sys v0.47.0
#9 DONE 7.4s

#10 [6/6] WORKDIR /tmp
#10 DONE 0.0s

#11 exporting to image
#11 exporting layers
#11 exporting layers 1.6s done
#11 exporting manifest sha256:3563ce73585f33d4f2187bb3e6375299c4dcdb8d9bc1dd63b17295d3eee47500 done
#11 exporting config sha256:010ed97e69d4111d0d860b8198642509f6ad16590525244803e1c93b46d4cfbf done
#11 exporting attestation manifest sha256:1bd34014778c8ead1aed0d400c27019476204f2a8c34115352d80cd2822087be done
#11 exporting manifest list sha256:97718d4cdfa7f913e0bf47893bceb7d12c8819ddb3cce1c028889bd0c6a14ce1 done
#11 naming to docker.io/library/rubix-preflight-capture-697849ea14af4f1f8a287b306f6d6087:latest done
#11 unpacking to docker.io/library/rubix-preflight-capture-697849ea14af4f1f8a287b306f6d6087:latest
#11 unpacking to docker.io/library/rubix-preflight-capture-697849ea14af4f1f8a287b306f6d6087:latest 0.4s done
#11 DONE 2.0s

View build details: docker-desktop://dashboard/build/desktop-linux/desktop-linux/ee3n4x7ojw03vgkk6b200a984
