#0 building with "desktop-linux" instance using docker driver

#1 [build 1/4] FROM docker.io/library/rust@sha256:0e2bcaef56d041a486784e54104a81aebe0da44bd03019bd70bc0401e42e4a97
#1 resolve docker.io/library/rust@sha256:0e2bcaef56d041a486784e54104a81aebe0da44bd03019bd70bc0401e42e4a97 done
#1 DONE 0.0s

#2 [internal] load build definition from Dockerfile
#2 transferring dockerfile: 982B done
#2 DONE 0.0s

#3 [internal] load metadata for docker.io/library/rust@sha256:0e2bcaef56d041a486784e54104a81aebe0da44bd03019bd70bc0401e42e4a97
#3 DONE 0.0s

#4 [internal] load .dockerignore
#4 transferring context: 2B done
#4 DONE 0.0s

#5 [internal] load build context
#5 transferring context: 3.63MB 0.0s done
#5 DONE 0.1s

#6 [build 3/3] RUN cargo build --locked --release -p rubix-dev --bin rubix-component-boundary && target/release/rubix-component-boundary stage-sources
#6 CACHED

#7 [stage-2 2/5] COPY --from=build /source/target/release/rubix-component-boundary /fixture
#7 CACHED

#8 [base 2/2] RUN apt-get update && apt-get install -y --no-install-recommends openssl curl sqlite3 ca-certificates && rm -rf /var/lib/apt/lists/*
#8 CACHED

#9 [stage-2 1/5] WORKDIR /experiment
#9 CACHED

#10 [build 1/3] WORKDIR /source
#10 CACHED

#11 [build 2/3] COPY . .
#11 CACHED

#12 [stage-2 3/5] COPY --from=build /experiment/sources /experiment/sources
#12 CACHED

#13 [stage-2 4/5] COPY experiments/component-boundary/inputs.json /experiment/inputs.json
#13 DONE 1.1s

#14 [stage-2 5/5] RUN /fixture fetch && mkdir /evidence /state && chown -R 65532:65532 /evidence /state && chmod 0700 /evidence /state
#14 DONE 78.6s

#15 exporting to image
#15 exporting layers
#15 exporting layers 2.4s done
#15 exporting manifest sha256:d2f74b428ff31902dae1a31b0aec88d11adcf820616e12522e3c66595208116a done
#15 exporting config sha256:f6e15aaa702efe045ddf99fd1287e778749cbe7bcdf3edf04bc3375a6ccb5136 done
#15 exporting attestation manifest sha256:4aa6ee1dc1f3e03d6e46b8b15afbcf9e9fa9b45794053a8d254ee5061fa9b2bd done
#15 exporting manifest list sha256:de63b80480ad345ae1399037d7e546353a9546ac6365d2a92cf1d6c1daea8f6b done
#15 naming to docker.io/library/rubix-component-boundary-acbbmc:latest done
#15 unpacking to docker.io/library/rubix-component-boundary-acbbmc:latest
#15 unpacking to docker.io/library/rubix-component-boundary-acbbmc:latest 0.5s done
#15 DONE 3.0s

View build details: docker-desktop://dashboard/build/desktop-linux/desktop-linux/a7fwmbwq3r66asi55c20gt66x
