[
    {
        "Id": "d3d2b615983780183796274c436c3a38fd0f3843950063dcb1dc84ecb59b62e9",
        "Created": "2026-09-29T06:49:58.478025005Z",
        "Path": "/fixture",
        "Args": [
            "runtime"
        ],
        "State": {
            "Status": "exited",
            "Running": false,
            "Paused": false,
            "Restarting": false,
            "OOMKilled": false,
            "Dead": false,
            "Pid": 0,
            "ExitCode": 0,
            "Error": "",
            "StartedAt": "2026-09-29T06:49:58.602903256Z",
            "FinishedAt": "2026-09-29T06:50:19.212707751Z"
        },
        "Image": "sha256:cdfe97febe1873686fb41404398da2116c3b25c5269d3948fd3d35679f5208c6",
        "ResolvConfPath": "/var/lib/docker/containers/d3d2b615983780183796274c436c3a38fd0f3843950063dcb1dc84ecb59b62e9/resolv.conf",
        "HostnamePath": "/var/lib/docker/containers/d3d2b615983780183796274c436c3a38fd0f3843950063dcb1dc84ecb59b62e9/hostname",
        "HostsPath": "/var/lib/docker/containers/d3d2b615983780183796274c436c3a38fd0f3843950063dcb1dc84ecb59b62e9/hosts",
        "LogPath": "/var/lib/docker/containers/d3d2b615983780183796274c436c3a38fd0f3843950063dcb1dc84ecb59b62e9/d3d2b615983780183796274c436c3a38fd0f3843950063dcb1dc84ecb59b62e9-json.log",
        "Name": "/rubix-component-boundary-htz7ii-capture",
        "RestartCount": 0,
        "Driver": "overlayfs",
        "Platform": "linux",
        "MountLabel": "",
        "ProcessLabel": "",
        "AppArmorProfile": "",
        "ExecIDs": null,
        "HostConfig": {
            "Binds": null,
            "ContainerIDFile": "",
            "LogConfig": {
                "Type": "json-file",
                "Config": {}
            },
            "NetworkMode": "none",
            "PortBindings": {},
            "RestartPolicy": {
                "Name": "no",
                "MaximumRetryCount": 0
            },
            "AutoRemove": false,
            "VolumeDriver": "",
            "VolumesFrom": null,
            "ConsoleSize": [
                0,
                0
            ],
            "CapAdd": null,
            "CapDrop": [
                "ALL"
            ],
            "CgroupnsMode": "private",
            "Dns": null,
            "DnsOptions": [],
            "DnsSearch": [],
            "ExtraHosts": null,
            "GroupAdd": null,
            "IpcMode": "private",
            "Cgroup": "",
            "Links": null,
            "OomScoreAdj": 0,
            "PidMode": "",
            "Privileged": false,
            "PublishAllPorts": false,
            "ReadonlyRootfs": false,
            "SecurityOpt": [
                "no-new-privileges"
            ],
            "UTSMode": "",
            "UsernsMode": "",
            "ShmSize": 67108864,
            "Runtime": "runc",
            "Isolation": "",
            "CpuShares": 0,
            "Memory": 1073741824,
            "NanoCpus": 2000000000,
            "CgroupParent": "",
            "BlkioWeight": 0,
            "BlkioWeightDevice": [],
            "BlkioDeviceReadBps": [],
            "BlkioDeviceWriteBps": [],
            "BlkioDeviceReadIOps": [],
            "BlkioDeviceWriteIOps": [],
            "CpuPeriod": 0,
            "CpuQuota": 0,
            "CpuRealtimePeriod": 0,
            "CpuRealtimeRuntime": 0,
            "CpusetCpus": "",
            "CpusetMems": "",
            "Devices": [],
            "DeviceCgroupRules": null,
            "DeviceRequests": null,
            "MemoryReservation": 0,
            "MemorySwap": 2147483648,
            "MemorySwappiness": null,
            "OomKillDisable": null,
            "PidsLimit": 256,
            "Ulimits": [],
            "CpuCount": 0,
            "CpuPercent": 0,
            "IOMaximumIOps": 0,
            "IOMaximumBandwidth": 0,
            "MaskedPaths": [
                "/proc/acpi",
                "/proc/asound",
                "/proc/interrupts",
                "/proc/kcore",
                "/proc/keys",
                "/proc/latency_stats",
                "/proc/sched_debug",
                "/proc/scsi",
                "/proc/timer_list",
                "/proc/timer_stats",
                "/sys/devices/virtual/powercap",
                "/sys/firmware"
            ],
            "ReadonlyPaths": [
                "/proc/bus",
                "/proc/fs",
                "/proc/irq",
                "/proc/sys",
                "/proc/sysrq-trigger"
            ]
        },
        "Storage": {
            "RootFS": {
                "Snapshot": {
                    "Name": "overlayfs"
                }
            }
        },
        "Mounts": [],
        "Config": {
            "Hostname": "d3d2b6159837",
            "Domainname": "",
            "User": "65532:65532",
            "AttachStdin": false,
            "AttachStdout": true,
            "AttachStderr": true,
            "Tty": false,
            "OpenStdin": false,
            "StdinOnce": false,
            "Env": [
                "PATH=/usr/local/cargo/bin:/usr/local/sbin:/usr/local/bin:/usr/sbin:/usr/bin:/sbin:/bin",
                "RUSTUP_HOME=/usr/local/rustup",
                "CARGO_HOME=/usr/local/cargo",
                "RUST_VERSION=1.97.1",
                "RUBIX_DISPOSABLE_BUILD=component-boundary",
                "RUBIX_DISPOSABLE_FIXTURE=component-boundary"
            ],
            "Cmd": null,
            "Image": "rubix-component-boundary-htz7ii",
            "Volumes": null,
            "WorkingDir": "/experiment",
            "Entrypoint": [
                "/fixture",
                "runtime"
            ],
            "Labels": {
                "org.opencontainers.image.source": "https://github.com/rust-lang/docker-rust"
            }
        },
        "NetworkSettings": {
            "SandboxID": "",
            "SandboxKey": "",
            "Ports": {},
            "Networks": {
                "none": {
                    "IPAMConfig": null,
                    "Links": null,
                    "Aliases": null,
                    "DriverOpts": null,
                    "GwPriority": 0,
                    "NetworkID": "ba7c4dc8394c60889a1c071301db19ac34d13e531fcf0a4fda9a13ee22e07b46",
                    "EndpointID": "",
                    "Gateway": "",
                    "IPAddress": "",
                    "MacAddress": "",
                    "IPPrefixLen": 0,
                    "IPv6Gateway": "",
                    "GlobalIPv6Address": "",
                    "GlobalIPv6PrefixLen": 0,
                    "DNSNames": null
                }
            }
        },
        "ImageManifestDescriptor": {
            "mediaType": "application/vnd.oci.image.manifest.v1+json",
            "digest": "sha256:20d50218df653156d2c84c69ad04fd1086baa70414b666adb96fccec873c771a",
            "size": 2400,
            "platform": {
                "architecture": "arm64",
                "os": "linux"
            }
        }
    }
]
