[
    {
        "Id": "sha256:793e395f5737254864e6bb5685d4475b5c8dbf4795a60e4b81665b472a3c9293",
        "RepoTags": [
            "rubix-component-boundary-irtljv:latest"
        ],
        "RepoDigests": [
            "rubix-component-boundary-irtljv@sha256:793e395f5737254864e6bb5685d4475b5c8dbf4795a60e4b81665b472a3c9293"
        ],
        "Comment": "buildkit.dockerfile.v0",
        "Created": "2026-09-28T20:59:10.918910763Z",
        "Config": {
            "User": "65532:65532",
            "Env": [
                "PATH=/usr/local/cargo/bin:/usr/local/sbin:/usr/local/bin:/usr/sbin:/usr/bin:/sbin:/bin",
                "RUSTUP_HOME=/usr/local/rustup",
                "CARGO_HOME=/usr/local/cargo",
                "RUST_VERSION=1.97.1",
                "RUBIX_DISPOSABLE_BUILD=component-boundary",
                "RUBIX_DISPOSABLE_FIXTURE=component-boundary"
            ],
            "Entrypoint": [
                "/fixture",
                "runtime"
            ],
            "WorkingDir": "/experiment",
            "Labels": {
                "org.opencontainers.image.source": "https://github.com/rust-lang/docker-rust"
            }
        },
        "Architecture": "arm64",
        "Os": "linux",
        "Size": 574040016,
        "RootFS": {
            "Type": "layers",
            "Layers": [
                "sha256:fc7ac19cfb2d64221e26478ffac9248cfff72f76adbb89ca5e362b37cc21c84a",
                "sha256:c1cf7a9b7c84052ffa15e8621c27a229e6d79203dee6c5ebb63ce76230f7349e",
                "sha256:304cc516c4dc516b48304bc637d27673284810a377052ad62afaaf10a4c6eade",
                "sha256:1e8e95cb952a3e771723a664bbbed69f265681b196a5ab90a07e635bce808dd4",
                "sha256:9e06278045289c508d268cde4ae53588cc3be431daf4f5d6856d6d5a1f6cf247",
                "sha256:b788703be3f6a9bcb175707633a7a0cb3737b9547654d40a987623f43b08bdda",
                "sha256:3eef67d3bfec12d7b70276bd9372e386baac977b74e57c5c7a76851b610cc5cd",
                "sha256:ae39ce8d984dd57c13beda537ca5bffaebf8a3b6195e537511db53700bf4bfbd",
                "sha256:6e7b358702b4fbb89d3d27484b6e7917656054e24cd039e482c72deaa36eda6a",
                "sha256:a48db0daead918bdf79b661718e5e9107b5c549c27f9daf0c6bf0226c16b0356",
                "sha256:cb393870192a81882a126d590c2e8c1be5d13b8ce829afff66e60e7b3a6abe3c"
            ]
        },
        "Metadata": {
            "LastTagTime": "2026-09-28T20:59:13.303012125Z"
        },
        "Descriptor": {
            "mediaType": "application/vnd.oci.image.index.v1+json",
            "digest": "sha256:793e395f5737254864e6bb5685d4475b5c8dbf4795a60e4b81665b472a3c9293",
            "size": 856
        },
        "Identity": {
            "Build": [
                {
                    "Ref": "o0cbwahkvnpecc0hmhqdgkava",
                    "CreatedAt": "2026-09-28T20:59:13.806255959Z"
                }
            ]
        }
    }
]
