/repo/aarch64/bridge-1.5-r5.apk
/repo/aarch64/busybox-1.37.0-r31.apk
/repo/aarch64/busybox-binsh-1.37.0-r31.apk
/repo/aarch64/gmp-6.3.0-r4.apk
/repo/aarch64/ifupdown-ng-0.13.0-r0.apk
/repo/aarch64/iptables-1.8.13-r0.apk
/repo/aarch64/iptables-openrc-1.8.13-r0.apk
/repo/aarch64/jansson-2.15.0-r0.apk
/repo/aarch64/libcap2-2.78-r0.apk
/repo/aarch64/libmnl-1.0.5-r2.apk
/repo/aarch64/libncursesw-6.6_p20260516-r0.apk
/repo/aarch64/libnftnl-1.3.1-r0.apk
/repo/aarch64/libxtables-1.8.13-r0.apk
/repo/aarch64/musl-1.2.6-r2.apk
/repo/aarch64/ncurses-terminfo-base-6.6_p20260516-r0.apk
/repo/aarch64/nftables-1.1.6-r1.apk
/repo/aarch64/nftables-openrc-1.1.6-r1.apk
/repo/aarch64/openrc-0.63.2-r0.apk
/repo/aarch64/openrc-user-0.63.2-r0.apk
/repo/aarch64/readline-8.3.3-r1.apk
