#0 building with "desktop-linux" instance using docker driver

#1 [internal] load build definition from Build.Dockerfile
#1 transferring dockerfile: 1.08kB done
#1 DONE 0.0s

#2 [internal] load metadata for docker.io/library/rust@sha256:0e2bcaef56d041a486784e54104a81aebe0da44bd03019bd70bc0401e42e4a97
#2 DONE 0.0s

#3 [internal] load metadata for docker.io/library/alpine@sha256:294b683cb724975bec92580e1e685676bd4b50bda910ddb8c51d4cabeaec77e6
#3 DONE 0.1s

#4 [internal] load .dockerignore
#4 transferring context: 2B done
#4 DONE 0.0s

#5 [build 1/4] FROM docker.io/library/rust@sha256:0e2bcaef56d041a486784e54104a81aebe0da44bd03019bd70bc0401e42e4a97
#5 resolve docker.io/library/rust@sha256:0e2bcaef56d041a486784e54104a81aebe0da44bd03019bd70bc0401e42e4a97 done
#5 DONE 0.0s

#6 [stage-1 1/2] FROM docker.io/library/alpine@sha256:294b683cb724975bec92580e1e685676bd4b50bda910ddb8c51d4cabeaec77e6
#6 resolve docker.io/library/alpine@sha256:294b683cb724975bec92580e1e685676bd4b50bda910ddb8c51d4cabeaec77e6 done
#6 DONE 0.0s

#7 [internal] load build context
#7 transferring context: 2.29MB 0.0s done
#7 DONE 0.0s

#8 [build 2/4] WORKDIR /source
#8 CACHED

#9 [build 3/4] COPY . .
#9 DONE 0.1s

#10 [build 4/4] RUN rustup target add aarch64-unknown-linux-musl  && cargo clippy -p rubix-kube --lib --test host_network --example prepare_host_network --target aarch64-unknown-linux-musl --locked -- -D warnings  && cargo test -p rubix-kube --test host_network --target aarch64-unknown-linux-musl --locked --release --no-run  && cargo build -p rubix-kube --example prepare_host_network --target aarch64-unknown-linux-musl --locked --release  && mkdir /out  && cp target/aarch64-unknown-linux-musl/release/examples/prepare_host_network /out/prepare_host_network  && for executable in target/aarch64-unknown-linux-musl/release/deps/host_network-*; do if [ -f "$executable" ] && [ -x "$executable" ]; then cp "$executable" /out/host_network; fi; done  && test -x /out/host_network
#10 0.138 info: syncing channel updates for 1.97.1-aarch64-unknown-linux-gnu
#10 1.420 info: latest update on 2026-07-16 for version 1.97.1 (8bab26f4f 2026-07-14)
#10 1.427 info: downloading 3 components
#10 6.022 info: downloading component rust-std
#10 72.71     Updating crates.io index
#10 92.26  Downloading crates ...
#10 92.94   Downloaded tokio-macros v2.7.1
#10 92.98   Downloaded itoa v1.0.18
#10 93.10   Downloaded errno v0.3.14
#10 93.10   Downloaded signal-hook-registry v1.4.8
#10 93.10   Downloaded zmij v1.0.23
#10 93.13   Downloaded arraydeque v0.5.1
#10 93.17   Downloaded pin-project-lite v0.2.17
#10 93.18   Downloaded quote v1.0.47
#10 93.20   Downloaded thiserror-impl v2.0.18
#10 93.21   Downloaded thiserror v2.0.18
#10 93.24   Downloaded unicode-ident v1.0.26
#10 93.25   Downloaded serde_core v1.0.228
#10 93.28   Downloaded bitflags v2.13.2
#10 93.30   Downloaded serde_derive v1.0.228
#10 93.32   Downloaded proc-macro2 v1.0.107
#10 93.36   Downloaded serde v1.0.228
#10 93.36   Downloaded memchr v2.8.3
#10 93.37   Downloaded mio v1.2.3
#10 93.48   Downloaded regex v1.13.1
#10 93.48   Downloaded aho-corasick v1.1.5
#10 93.49   Downloaded serde_json v1.0.151
#10 93.67   Downloaded syn v2.0.119
#10 93.71   Downloaded regex-syntax v0.8.11
#10 93.78   Downloaded rustix v1.1.5
#10 93.91   Downloaded regex-automata v0.4.18
#10 94.00   Downloaded tokio v1.53.1
#10 94.05   Downloaded libc v0.2.189
#10 94.29   Downloaded linux-raw-sys v0.12.1
#10 94.38    Compiling proc-macro2 v1.0.107
#10 94.38    Compiling unicode-ident v1.0.26
#10 94.38    Compiling quote v1.0.47
#10 94.38    Compiling libc v0.2.189
#10 94.38    Compiling serde_core v1.0.228
#10 94.39     Checking memchr v2.8.3
#10 94.39    Compiling thiserror v2.0.18
#10 94.39    Compiling zmij v1.0.23
#10 94.39    Compiling rustix v1.1.5
#10 94.39    Compiling serde v1.0.228
#10 94.39     Checking regex-syntax v0.8.11
#10 94.39     Checking linux-raw-sys v0.12.1
#10 94.39    Compiling serde_json v1.0.151
#10 94.39     Checking bitflags v2.13.2
#10 94.39     Checking itoa v1.0.18
#10 94.40     Checking pin-project-lite v0.2.17
#10 94.53     Checking arraydeque v0.5.1
#10 94.76     Checking aho-corasick v1.1.5
#10 95.09    Compiling syn v2.0.119
#10 95.22     Checking errno v0.3.14
#10 95.22     Checking mio v1.2.3
#10 95.26     Checking signal-hook-registry v1.4.8
#10 95.29     Checking regex-automata v0.4.18
#10 95.97     Checking regex v1.13.1
#10 95.99     Checking rubix-platform v0.1.0 (/source/crates/rubix-platform)
#10 97.28    Compiling thiserror-impl v2.0.18
#10 97.28    Compiling tokio-macros v2.7.1
#10 97.28    Compiling serde_derive v1.0.228
#10 98.22     Checking tokio v1.53.1
#10 98.64     Checking saphyr-parser v0.0.11 (/source/third_party/saphyr-parser)
#10 99.09     Checking rubix-supervisor v0.1.0 (/source/crates/rubix-supervisor)
#10 99.46     Checking rubix-config v0.1.0 (/source/crates/rubix-config)
#10 99.83     Checking rubix-kube v0.1.0 (/source/crates/rubix-kube)
#10 100.2     Finished `dev` profile [unoptimized + debuginfo] target(s) in 27.49s
#10 100.3    Compiling proc-macro2 v1.0.107
#10 100.3    Compiling unicode-ident v1.0.26
#10 100.3    Compiling quote v1.0.47
#10 100.3    Compiling libc v0.2.189
#10 100.3    Compiling serde_core v1.0.228
#10 100.3    Compiling rustix v1.1.5
#10 100.3    Compiling thiserror v2.0.18
#10 100.3    Compiling zmij v1.0.23
#10 100.3    Compiling serde v1.0.228
#10 100.3    Compiling serde_json v1.0.151
#10 100.3    Compiling memchr v2.8.3
#10 100.3    Compiling linux-raw-sys v0.12.1
#10 100.3    Compiling regex-syntax v0.8.11
#10 100.3    Compiling bitflags v2.13.2
#10 100.3    Compiling pin-project-lite v0.2.17
#10 100.4    Compiling itoa v1.0.18
#10 100.5    Compiling arraydeque v0.5.1
#10 100.6    Compiling aho-corasick v1.1.5
#10 101.0    Compiling syn v2.0.119
#10 101.0    Compiling errno v0.3.14
#10 101.0    Compiling mio v1.2.3
#10 101.1    Compiling signal-hook-registry v1.4.8
#10 101.4    Compiling regex-automata v0.4.18
#10 102.4    Compiling thiserror-impl v2.0.18
#10 102.4    Compiling tokio-macros v2.7.1
#10 102.4    Compiling serde_derive v1.0.228
#10 102.6    Compiling rubix-platform v0.1.0 (/source/crates/rubix-platform)
#10 102.7    Compiling regex v1.13.1
#10 102.8    Compiling tokio v1.53.1
#10 103.1    Compiling saphyr-parser v0.0.11 (/source/third_party/saphyr-parser)
#10 103.9    Compiling rubix-supervisor v0.1.0 (/source/crates/rubix-supervisor)
#10 104.0    Compiling rubix-config v0.1.0 (/source/crates/rubix-config)
#10 104.5    Compiling rubix-kube v0.1.0 (/source/crates/rubix-kube)
#10 111.1     Finished `release` profile [optimized + debuginfo] target(s) in 10.90s
#10 111.1   Executable tests/host_network.rs (target/aarch64-unknown-linux-musl/release/deps/host_network-67eeee0a09ffe0c2)
#10 111.2    Compiling rubix-kube v0.1.0 (/source/crates/rubix-kube)
#10 114.4     Finished `release` profile [optimized + debuginfo] target(s) in 3.26s
#10 DONE 114.8s

#11 [stage-1 2/2] COPY --from=build /out/ /out/
#11 CACHED

#12 exporting to image
#12 exporting layers done
#12 exporting manifest sha256:16bf98160cee4cc68c76003bcc4b55e615848fb1fb3123404187d30ce2a43714 done
#12 exporting config sha256:7516536674a0093bc71fcfb966c3fceb9a87eb419388167487f0ca50b867c327 done
#12 exporting attestation manifest sha256:8884fd59189eeb349f8974c33165472abba026d78a178ec59a3e1fd81964cac5 done
#12 exporting manifest list sha256:bda6f6790c364eb26194ad7118a226017894280d16a7790d0c23e252ee743cac done
#12 naming to docker.io/library/rubix-node-network-1310108421f547ca90f1f9340a503ce2:latest done
#12 unpacking to docker.io/library/rubix-node-network-1310108421f547ca90f1f9340a503ce2:latest 0.1s done
#12 DONE 0.1s

View build details: docker-desktop://dashboard/build/desktop-linux/desktop-linux/eqzz8jyuxbgnrswmd5j0bfqlt
