#0 building with "desktop-linux" instance using docker driver

#1 [internal] load build definition from Capture.Dockerfile
#1 transferring dockerfile: 1.21kB done
#1 DONE 0.1s

#2 [internal] load metadata for docker.io/library/python:3.13.7-slim-bookworm@sha256:adafcc17694d715c905b4c7bebd96907a1fd5cf183395f0ebc4d3428bd22d92d
#2 DONE 0.0s

#3 [internal] load metadata for docker.io/library/rust@sha256:0e2bcaef56d041a486784e54104a81aebe0da44bd03019bd70bc0401e42e4a97
#3 DONE 0.0s

#4 [internal] load .dockerignore
#4 transferring context:
#4 transferring context: 2B done
#4 DONE 0.0s

#5 [build 1/4] FROM docker.io/library/rust@sha256:0e2bcaef56d041a486784e54104a81aebe0da44bd03019bd70bc0401e42e4a97
#5 resolve docker.io/library/rust@sha256:0e2bcaef56d041a486784e54104a81aebe0da44bd03019bd70bc0401e42e4a97 0.0s done
#5 DONE 0.0s

#6 [build 2/4] WORKDIR /source
#6 CACHED

#7 [stage-1 1/4] FROM docker.io/library/python:3.13.7-slim-bookworm@sha256:adafcc17694d715c905b4c7bebd96907a1fd5cf183395f0ebc4d3428bd22d92d
#7 resolve docker.io/library/python:3.13.7-slim-bookworm@sha256:adafcc17694d715c905b4c7bebd96907a1fd5cf183395f0ebc4d3428bd22d92d 0.0s done
#7 DONE 0.0s

#8 [internal] load build context
#8 transferring context: 2.20MB 0.1s done
#8 DONE 0.2s

#9 [build 3/4] COPY . .
#9 DONE 0.2s

#10 [build 4/4] RUN cargo test -p rubix-kube --test host_preflight --test iptables_probe --locked --no-run && cargo build -p rubix-kube --example assess_host --locked && mkdir /out && for suite in host_preflight iptables_probe; do for executable in target/debug/deps/$suite-*; do if [ -f "$executable" ] && [ -x "$executable" ]; then cp "$executable" /out/$suite; fi; done; done && cp target/debug/examples/assess_host /out/assess_host && test -x /out/iptables_probe && test -x /out/host_preflight
#10 0.226 info: syncing channel updates for 1.97.1-aarch64-unknown-linux-gnu
#10 1.941 info: latest update on 2026-07-16 for version 1.97.1 (8bab26f4f 2026-07-14)
#10 1.948 info: downloading 3 components
#10 16.37     Updating crates.io index
#10 68.31  Downloading crates ...
#10 68.94   Downloaded itoa v1.0.18
#10 69.01   Downloaded errno v0.3.14
#10 69.03   Downloaded thiserror v2.0.18
#10 69.03   Downloaded tokio-macros v2.7.1
#10 69.05   Downloaded arraydeque v0.5.1
#10 69.08   Downloaded quote v1.0.47
#10 69.09   Downloaded signal-hook-registry v1.4.8
#10 69.11   Downloaded pin-project-lite v0.2.17
#10 69.14   Downloaded unicode-ident v1.0.26
#10 69.15   Downloaded zmij v1.0.23
#10 69.16   Downloaded proc-macro2 v1.0.107
#10 69.16   Downloaded bitflags v2.13.2
#10 69.17   Downloaded serde_derive v1.0.228
#10 69.17   Downloaded thiserror-impl v2.0.18
#10 69.20   Downloaded serde_core v1.0.228
#10 69.38   Downloaded serde v1.0.228
#10 69.39   Downloaded memchr v2.8.3
#10 69.40   Downloaded mio v1.2.3
#10 69.40   Downloaded regex v1.13.1
#10 69.41   Downloaded aho-corasick v1.1.5
#10 69.41   Downloaded serde_json v1.0.151
#10 69.51   Downloaded syn v2.0.119
#10 69.59   Downloaded regex-syntax v0.8.11
#10 69.69   Downloaded rustix v1.1.5
#10 69.84   Downloaded regex-automata v0.4.18
#10 69.93   Downloaded libc v0.2.189
#10 69.99   Downloaded tokio v1.53.1
#10 70.25   Downloaded linux-raw-sys v0.12.1
#10 70.33    Compiling proc-macro2 v1.0.107
#10 70.33    Compiling quote v1.0.47
#10 70.33    Compiling unicode-ident v1.0.26
#10 70.33    Compiling libc v0.2.189
#10 70.33    Compiling memchr v2.8.3
#10 70.33    Compiling serde_core v1.0.228
#10 70.33    Compiling thiserror v2.0.18
#10 70.33    Compiling zmij v1.0.23
#10 70.33    Compiling rustix v1.1.5
#10 70.33    Compiling regex-syntax v0.8.11
#10 70.34    Compiling serde_json v1.0.151
#10 70.34    Compiling bitflags v2.13.2
#10 70.34    Compiling linux-raw-sys v0.12.1
#10 70.34    Compiling serde v1.0.228
#10 70.34    Compiling arraydeque v0.5.1
#10 70.34    Compiling pin-project-lite v0.2.17
#10 70.38    Compiling itoa v1.0.18
#10 70.55    Compiling aho-corasick v1.1.5
#10 70.91    Compiling syn v2.0.119
#10 71.09    Compiling errno v0.3.14
#10 71.10    Compiling mio v1.2.3
#10 71.17    Compiling signal-hook-registry v1.4.8
#10 71.40    Compiling regex-automata v0.4.18
#10 72.20    Compiling rubix-platform v0.1.0 (/source/crates/rubix-platform)
#10 72.64    Compiling regex v1.13.1
#10 74.55    Compiling thiserror-impl v2.0.18
#10 74.55    Compiling tokio-macros v2.7.1
#10 74.55    Compiling serde_derive v1.0.228
#10 76.53    Compiling tokio v1.53.1
#10 77.31    Compiling saphyr-parser v0.0.11 (/source/third_party/saphyr-parser)
#10 78.32    Compiling rubix-supervisor v0.1.0 (/source/crates/rubix-supervisor)
#10 78.44    Compiling rubix-config v0.1.0 (/source/crates/rubix-config)
#10 79.06    Compiling rubix-kube v0.1.0 (/source/crates/rubix-kube)
#10 80.05     Finished `test` profile [unoptimized + debuginfo] target(s) in 1m 03s
#10 80.08   Executable tests/host_preflight.rs (target/debug/deps/host_preflight-4ebf1d8fbb8715f8)
#10 80.08   Executable tests/iptables_probe.rs (target/debug/deps/iptables_probe-9ac553207dd0abca)
#10 80.13    Compiling rubix-kube v0.1.0 (/source/crates/rubix-kube)
#10 80.75     Finished `dev` profile [unoptimized + debuginfo] target(s) in 0.64s
#10 DONE 81.3s

#7 [stage-1 1/4] FROM docker.io/library/python:3.13.7-slim-bookworm@sha256:adafcc17694d715c905b4c7bebd96907a1fd5cf183395f0ebc4d3428bd22d92d
#7 CACHED

#11 [stage-1 2/6] COPY --from=build /out/ /out/
#11 DONE 0.1s

#12 [stage-1 3/6] COPY tools/node-assessment/iptables.py /iptables.py
#12 DONE 0.0s

#13 [stage-1 4/6] COPY tools/node-assessment/consumer.py /consumer.py
#13 DONE 0.0s

#14 [stage-1 5/6] COPY tools/supervisor-process/namespace_inventory.py /namespace_inventory.py
#14 DONE 0.0s

#15 [stage-1 6/6] RUN test -L /sbin && rm /sbin && mkdir /sbin
#15 DONE 0.1s

#16 exporting to image
#16 exporting layers
#16 exporting layers 1.2s done
#16 exporting manifest sha256:472860395eedd781596972e6a2978b35dd3e83faeac86003cd3edcf81c0dfd5e 0.0s done
#16 exporting config sha256:a970ae191423758921f3e3e4578258619cc6d60a3954839b728081a34de6d54a 0.0s done
#16 exporting attestation manifest sha256:a881a8ccf5e2199f2d66f24c0b1fa8818ed798310d1ffc69756c04dc5a837d50 0.0s done
#16 exporting manifest list sha256:8e66815020a948edfc504d23b11d4d2c7bc7088bef3cb4441980d9e794948ff6 0.0s done
#16 naming to docker.io/library/rubix-node-assessment-6aa968a85eda4255bc00fcae52efdd37:latest done
#16 unpacking to docker.io/library/rubix-node-assessment-6aa968a85eda4255bc00fcae52efdd37:latest
#16 unpacking to docker.io/library/rubix-node-assessment-6aa968a85eda4255bc00fcae52efdd37:latest 0.6s done
#16 DONE 1.9s

View build details: docker-desktop://dashboard/build/desktop-linux/desktop-linux/ml5q0hndsfn6e1jzp3b27zoh6
