#0 building with "desktop-linux" instance using docker driver

#1 [internal] load build definition from Dockerfile
#1 transferring dockerfile: 1.15kB done
#1 DONE 0.0s

#2 [internal] load metadata for docker.io/library/rust@sha256:0e2bcaef56d041a486784e54104a81aebe0da44bd03019bd70bc0401e42e4a97
#2 DONE 0.0s

#3 [internal] load metadata for docker.io/library/python:3.13.7-slim-bookworm@sha256:adafcc17694d715c905b4c7bebd96907a1fd5cf183395f0ebc4d3428bd22d92d
#3 DONE 0.0s

#4 [internal] load .dockerignore
#4 transferring context: 2B done
#4 DONE 0.0s

#5 [stage-1 1/6] FROM docker.io/library/python:3.13.7-slim-bookworm@sha256:adafcc17694d715c905b4c7bebd96907a1fd5cf183395f0ebc4d3428bd22d92d
#5 resolve docker.io/library/python:3.13.7-slim-bookworm@sha256:adafcc17694d715c905b4c7bebd96907a1fd5cf183395f0ebc4d3428bd22d92d 0.0s done
#5 DONE 0.0s

#6 [build 1/5] FROM docker.io/library/rust@sha256:0e2bcaef56d041a486784e54104a81aebe0da44bd03019bd70bc0401e42e4a97
#6 resolve docker.io/library/rust@sha256:0e2bcaef56d041a486784e54104a81aebe0da44bd03019bd70bc0401e42e4a97 0.0s done
#6 DONE 0.0s

#7 [internal] load build context
#7 transferring context: 1.65MB 0.0s done
#7 DONE 0.0s

#8 [build 2/5] WORKDIR /source
#8 CACHED

#9 [build 3/5] COPY . .
#9 DONE 0.0s

#10 [build 4/5] RUN cargo test -p rubix-supervisor --locked --release --test signals --test owned_signals --no-run -j 2     && mkdir /out     && for binary in target/release/deps/signals-*; do if [ -f "$binary" ] && [ -x "$binary" ]; then cp "$binary" /out/signals.test; fi; done     && test -x /out/signals.test     && sha256sum /out/signals.test > /out/signals.sha256
#10 0.156 info: syncing channel updates for 1.97.1-aarch64-unknown-linux-gnu
#10 3.637 info: latest update on 2026-07-16 for version 1.97.1 (8bab26f4f 2026-07-14)
#10 3.649 info: downloading 3 components
#10 7.715     Updating crates.io index
#10 9.800  Downloading crates ...
#10 10.27   Downloaded errno v0.3.14
#10 10.50   Downloaded tokio-macros v2.7.1
#10 10.57   Downloaded quote v1.0.47
#10 10.58   Downloaded pin-project-lite v0.2.17
#10 10.61   Downloaded signal-hook-registry v1.4.8
#10 10.69   Downloaded proc-macro2 v1.0.107
#10 10.69   Downloaded unicode-ident v1.0.26
#10 10.70   Downloaded bitflags v2.13.2
#10 10.72   Downloaded mio v1.2.3
#10 10.89   Downloaded syn v2.0.119
#10 10.99   Downloaded rustix v1.1.5
#10 11.15   Downloaded libc v0.2.189
#10 11.22   Downloaded tokio v1.53.1
#10 11.45   Downloaded linux-raw-sys v0.12.1
#10 11.53    Compiling libc v0.2.189
#10 11.53    Compiling proc-macro2 v1.0.107
#10 11.69    Compiling quote v1.0.47
#10 11.72    Compiling unicode-ident v1.0.26
#10 12.04    Compiling syn v2.0.119
#10 12.13    Compiling errno v0.3.14
#10 12.17    Compiling rustix v1.1.5
#10 12.32    Compiling signal-hook-registry v1.4.8
#10 12.44    Compiling mio v1.2.3
#10 12.62    Compiling pin-project-lite v0.2.17
#10 12.64    Compiling linux-raw-sys v0.12.1
#10 12.78    Compiling bitflags v2.13.2
#10 13.35    Compiling tokio-macros v2.7.1
#10 13.64    Compiling tokio v1.53.1
#10 14.53    Compiling rubix-supervisor v0.1.0 (/source/crates/rubix-supervisor)
#10 22.77     Finished `release` profile [optimized + debuginfo] target(s) in 15.07s
#10 22.78   Executable tests/owned_signals.rs (target/release/deps/owned_signals-b72dd01eb7a2d897)
#10 22.78   Executable tests/signals.rs (target/release/deps/signals-e6f000f36fdd5355)
#10 DONE 23.0s

#11 [build 5/5] RUN for binary in target/release/deps/owned_signals-*; do if [ -f "$binary" ] && [ -x "$binary" ]; then cp "$binary" /out/owned_signals.test; fi; done && test -x /out/owned_signals.test && sha256sum /out/owned_signals.test > /out/owned_signals.sha256
#11 DONE 0.2s

#12 [stage-1 3/6] COPY tools/supervisor-process/fixture.py /fixture.py
#12 CACHED

#13 [stage-1 4/6] COPY tools/supervisor-process/namespace_inventory.py /namespace_inventory.py
#13 CACHED

#14 [stage-1 5/6] COPY --chmod=755 tools/supervisor-signals/kill.sh /usr/local/bin/kill
#14 CACHED

#15 [stage-1 2/6] COPY --from=build /out /out
#15 CACHED

#16 [stage-1 6/6] WORKDIR /tmp
#16 CACHED

#17 exporting to image
#17 exporting layers done
#17 exporting manifest sha256:d5c1557b6b7b10d4cbe6e9a4e01ec9a4fd4089857a612b071d73267013244232 done
#17 exporting config sha256:ea50705614eca85aa6ca12ede50a49b77bf8fde493cea54d15daff39007fb3ac done
#17 exporting attestation manifest sha256:0d087ab4ea834c9f23e495f67a20258096cca6e25720f2aadaa50278e4596f66 done
#17 exporting manifest list sha256:7d9e9dfd821936b5b2464616c67f697833a7456846dd16764366133fd902172f done
#17 naming to docker.io/library/rubix-signal-capture-41789f3abb7d4660a88627c6b6917fa4:latest done
#17 unpacking to docker.io/library/rubix-signal-capture-41789f3abb7d4660a88627c6b6917fa4:latest 0.1s done
#17 DONE 0.1s

View build details: docker-desktop://dashboard/build/desktop-linux/desktop-linux/m16vpep9jy74y2ebffjag3g2k
