[
    {
        "Id": "sha256:f5d39f03ab27871aa9014c8a7270060ddf32c0868f134b4c2d33b7b2338bd5e9",
        "RepoTags": [
            "rubix-preflight-policy-bpwy5o:latest"
        ],
        "RepoDigests": [
            "rubix-preflight-policy-bpwy5o@sha256:f5d39f03ab27871aa9014c8a7270060ddf32c0868f134b4c2d33b7b2338bd5e9"
        ],
        "Comment": "buildkit.dockerfile.v0",
        "Created": "2026-09-28T16:23:16.662659211Z",
        "Config": {
            "Env": [
                "PATH=/go/bin:/usr/local/go/bin:/usr/local/sbin:/usr/local/bin:/usr/sbin:/usr/bin:/sbin:/bin",
                "GOLANG_VERSION=1.26.5",
                "GOTOOLCHAIN=local",
                "GOPATH=/go",
                "CGO_ENABLED=0",
                "GOMAXPROCS=2"
            ],
            "WorkingDir": "/tmp"
        },
        "Architecture": "arm64",
        "Os": "linux",
        "Size": 311874684,
        "RootFS": {
            "Type": "layers",
            "Layers": [
                "sha256:fc7ac19cfb2d64221e26478ffac9248cfff72f76adbb89ca5e362b37cc21c84a",
                "sha256:c1cf7a9b7c84052ffa15e8621c27a229e6d79203dee6c5ebb63ce76230f7349e",
                "sha256:304cc516c4dc516b48304bc637d27673284810a377052ad62afaaf10a4c6eade",
                "sha256:a325f5bdd3224a58b19bff0c4b9f8adaefe11fe481473dc3abcb6014c7129732",
                "sha256:28fd8b5d89238feec4841a53d475df7ea1114068b51edea6f95ff4b28b492616",
                "sha256:97c6c689c0d641d335745f59cb47ed87a6dffe8e8cae1de54715db524a6aef7f",
                "sha256:5f70bf18a086007016e948b04aed3b82103a36bea41755b6cddfaf10ace3c6ef",
                "sha256:cefc91f6ee36a5dd7fe051d1e4d49121f94b5bdf98c29e88c60882d7c863acfc",
                "sha256:94d1d38d7cf28bbbca1fb35b8d583ad8426c703f031dc876a4cc82c1c395e65f",
                "sha256:f4c3a836d118f7072f445fb4fabcd18fc2ba2ce815a3a56a0c6734e48eeeca0f",
                "sha256:d51e3d781f8a1ca6391edaeb5c34d97e37a348603c37f7df4a7d9dd491876ae3",
                "sha256:5f70bf18a086007016e948b04aed3b82103a36bea41755b6cddfaf10ace3c6ef"
            ]
        },
        "Metadata": {
            "LastTagTime": "2026-09-28T16:23:18.342424837Z"
        },
        "Descriptor": {
            "mediaType": "application/vnd.oci.image.index.v1+json",
            "digest": "sha256:f5d39f03ab27871aa9014c8a7270060ddf32c0868f134b4c2d33b7b2338bd5e9",
            "size": 856
        },
        "Identity": {
            "Build": [
                {
                    "Ref": "qtl9pumwc28xj57ug317ar86i",
                    "CreatedAt": "2026-09-28T16:23:18.70721592Z"
                }
            ]
        }
    }
]
