#0 building with "desktop-linux" instance using docker driver

#1 [build 1/7] FROM docker.io/library/rust@sha256:0e2bcaef56d041a486784e54104a81aebe0da44bd03019bd70bc0401e42e4a97
#1 resolve docker.io/library/rust@sha256:0e2bcaef56d041a486784e54104a81aebe0da44bd03019bd70bc0401e42e4a97 0.0s done
#1 CACHED

#2 [internal] load build definition from Capture.Dockerfile
#2 transferring dockerfile: 976B done
#2 DONE 0.0s

#3 [internal] load metadata for docker.io/library/rust@sha256:0e2bcaef56d041a486784e54104a81aebe0da44bd03019bd70bc0401e42e4a97
#3 DONE 0.0s

#4 [internal] load .dockerignore
#4 transferring context: 2B done
#4 DONE 0.0s

#5 [internal] load build context
#5 transferring context: 3.79MB 0.0s done
#5 DONE 0.1s

#6 [build 2/5] WORKDIR /source
#6 CACHED

#7 [build 3/5] COPY . .
#7 DONE 0.1s

#8 [build 4/5] RUN cargo build -p rubix-dev --bin rubix-supervisor-fixture --release --locked && cargo test -p rubix-supervisor --test process_ownership --locked --no-run && mkdir /out && cp target/release/rubix-supervisor-fixture /out/fixture && count=0; for executable in target/debug/deps/process_ownership-*; do if [ -f "$executable" ] && [ -x "$executable" ]; then cp "$executable" /out/process-tests; count=$((count + 1)); fi; done; test "$count" -eq 1 && test -x /out/process-tests
#8 0.106 info: syncing channel updates for 1.97.1-aarch64-unknown-linux-gnu
#8 1.217 info: latest update on 2026-07-16 for version 1.97.1 (8bab26f4f 2026-07-14)
#8 1.224 info: downloading 3 components
#8 3.866     Updating crates.io index
#8 6.027  Downloading crates ...
#8 6.392   Downloaded errno v0.3.14
#8 6.478   Downloaded block-buffer v0.12.1
#8 6.488   Downloaded equivalent v1.0.2
#8 6.557   Downloaded adler2 v2.0.1
#8 6.563   Downloaded crypto-common v0.2.2
#8 6.590   Downloaded cfg-if v1.0.5
#8 6.660   Downloaded cpufeatures v0.3.1
#8 6.675   Downloaded itoa v1.0.18
#8 6.788   Downloaded digest v0.11.3
#8 6.801   Downloaded filetime v0.2.29
#8 6.803   Downloaded find-msvc-tools v0.1.14
#8 6.804   Downloaded serde_spanned v1.1.1
#8 6.805   Downloaded fastrand v2.5.0
#8 6.819   Downloaded jobserver v0.1.35
#8 6.821   Downloaded signal-hook-registry v1.4.8
#8 6.822   Downloaded toml_writer v1.1.2+spec-1.1.0
#8 6.825   Downloaded pkg-config v0.3.34
#8 6.828   Downloaded toml_datetime v0.7.5+spec-1.1.0
#8 6.829   Downloaded zstd v0.13.3
#8 6.832   Downloaded quote v1.0.47
#8 6.834   Downloaded simd-adler32 v0.3.10
#8 6.838   Downloaded zmij v1.0.23
#8 6.857   Downloaded shlex v2.0.1
#8 6.867   Downloaded pin-project-lite v0.2.17
#8 6.933   Downloaded hybrid-array v0.4.15
#8 6.935   Downloaded tempfile v3.27.0
#8 6.938   Downloaded unicode-ident v1.0.26
#8 6.943   Downloaded once_cell v1.21.4
#8 6.945   Downloaded sha2 v0.11.0
#8 6.974   Downloaded toml_parser v1.0.5+spec-1.0.0
#8 7.001   Downloaded crc32fast v1.5.2
#8 7.007   Downloaded getrandom v0.4.3
#8 7.022   Downloaded zstd-safe v7.3.0
#8 7.027   Downloaded proc-macro2 v1.0.107
#8 7.031   Downloaded toml v0.9.6
#8 7.035   Downloaded serde_derive v1.0.228
#8 7.074   Downloaded bitflags v2.13.2
#8 7.079   Downloaded tar v0.4.46
#8 7.112   Downloaded miniz_oxide v0.9.1
#8 7.115   Downloaded serde_core v1.0.228
#8 7.124   Downloaded base64 v0.22.1
#8 7.129   Downloaded flate2 v1.1.10
#8 7.153   Downloaded serde v1.0.228
#8 7.184   Downloaded mio v1.2.3
#8 7.190   Downloaded typenum v1.20.1
#8 7.193   Downloaded indexmap v2.11.3
#8 7.215   Downloaded cc v1.5.1
#8 7.233   Downloaded memchr v2.8.3
#8 7.239   Downloaded typed-path v0.12.3
#8 7.285   Downloaded zip v8.6.0
#8 7.314   Downloaded hashbrown v0.15.5
#8 7.323   Downloaded regex v1.13.1
#8 7.327   Downloaded serde_json v1.0.151
#8 7.375   Downloaded aho-corasick v1.1.5
#8 7.380   Downloaded winnow v0.7.15
#8 7.500   Downloaded syn v2.0.119
#8 7.552   Downloaded regex-syntax v0.8.11
#8 7.580   Downloaded rustix v1.1.5
#8 7.716   Downloaded regex-automata v0.4.18
#8 7.783   Downloaded zstd-sys v2.1.0+zstd.1.5.7
#8 7.878   Downloaded libc v0.2.189
#8 7.939   Downloaded tokio v1.53.1
#8 8.116   Downloaded linux-raw-sys v0.12.1
#8 8.206    Compiling libc v0.2.189
#8 8.206    Compiling proc-macro2 v1.0.107
#8 8.206    Compiling cfg-if v1.0.5
#8 8.206    Compiling quote v1.0.47
#8 8.206    Compiling shlex v2.0.1
#8 8.208    Compiling serde_core v1.0.228
#8 8.211    Compiling find-msvc-tools v0.1.14
#8 8.212    Compiling pkg-config v0.3.34
#8 8.213    Compiling memchr v2.8.3
#8 8.214    Compiling typenum v1.20.1
#8 8.214    Compiling unicode-ident v1.0.26
#8 8.214    Compiling crc32fast v1.5.2
#8 8.214    Compiling zstd-safe v7.3.0
#8 8.215    Compiling getrandom v0.4.3
#8 8.215    Compiling adler2 v2.0.1
#8 8.217    Compiling zmij v1.0.23
#8 8.269    Compiling simd-adler32 v0.3.10
#8 8.277    Compiling rustix v1.1.5
#8 8.287    Compiling bitflags v2.13.2
#8 8.289    Compiling hashbrown v0.15.5
#8 8.329    Compiling miniz_oxide v0.9.1
#8 8.392    Compiling serde v1.0.228
#8 8.396    Compiling serde_json v1.0.151
#8 8.420    Compiling aho-corasick v1.1.5
#8 8.474    Compiling equivalent v1.0.2
#8 8.511    Compiling regex-syntax v0.8.11
#8 8.519    Compiling linux-raw-sys v0.12.1
#8 8.530    Compiling winnow v0.7.15
#8 8.550    Compiling pin-project-lite v0.2.17
#8 8.584    Compiling indexmap v2.11.3
#8 8.593    Compiling hybrid-array v0.4.15
#8 8.597    Compiling fastrand v2.5.0
#8 8.602    Compiling typed-path v0.12.3
#8 8.612    Compiling once_cell v1.21.4
#8 8.719    Compiling flate2 v1.1.10
#8 8.746    Compiling itoa v1.0.18
#8 8.771    Compiling syn v2.0.119
#8 8.865    Compiling errno v0.3.14
#8 8.892    Compiling jobserver v0.1.35
#8 8.896    Compiling crypto-common v0.2.2
#8 8.902    Compiling block-buffer v0.12.1
#8 8.915    Compiling filetime v0.2.29
#8 8.985    Compiling signal-hook-registry v1.4.8
#8 8.993    Compiling mio v1.2.3
#8 8.996    Compiling cc v1.5.1
#8 8.999    Compiling cpufeatures v0.3.1
#8 9.046    Compiling tar v0.4.46
#8 9.099    Compiling base64 v0.22.1
#8 9.208    Compiling tokio v1.53.1
#8 9.327    Compiling digest v0.11.3
#8 9.344    Compiling zip v8.6.0
#8 9.388    Compiling sha2 v0.11.0
#8 9.444    Compiling toml_datetime v0.7.5+spec-1.1.0
#8 9.495    Compiling serde_spanned v1.1.1
#8 9.516    Compiling regex-automata v0.4.18
#8 9.576    Compiling toml_parser v1.0.5+spec-1.0.0
#8 9.885    Compiling toml v0.9.6
#8 9.903    Compiling zstd-sys v2.1.0+zstd.1.5.7
#8 9.934    Compiling serde_derive v1.0.228
#8 10.52    Compiling tempfile v3.27.0
#8 10.91    Compiling regex v1.13.1
#8 17.66    Compiling zstd v0.13.3
#8 17.73    Compiling rubix-dev v0.1.0 (/source/tools/dev)
#8 30.02     Finished `release` profile [optimized + debuginfo] target(s) in 26.17s
#8 30.09  Downloading crates ...
#8 40.10 warning: spurious network error (10 tries remaining): [6] Could not resolve hostname (Could not resolve host: static.crates.io)
#8 41.13 warning: spurious network error (9 tries remaining): [6] Could not resolve hostname (Could not resolve host: static.crates.io)
#8 44.63 warning: spurious network error (8 tries remaining): [6] Could not resolve hostname (Could not resolve host: static.crates.io)
#8 51.13 warning: spurious network error (7 tries remaining): [6] Could not resolve hostname (Could not resolve host: static.crates.io)
#8 60.63 warning: spurious network error (6 tries remaining): [6] Could not resolve hostname (Could not resolve host: static.crates.io)
#8 71.06   Downloaded tokio-macros v2.7.1
#8 71.08    Compiling proc-macro2 v1.0.107
#8 71.08    Compiling libc v0.2.189
#8 71.08    Compiling quote v1.0.47
#8 71.08    Compiling unicode-ident v1.0.26
#8 71.08    Compiling rustix v1.1.5
#8 71.08    Compiling bitflags v2.13.2
#8 71.08    Compiling pin-project-lite v0.2.17
#8 71.08    Compiling linux-raw-sys v0.12.1
#8 71.57    Compiling syn v2.0.119
#8 71.68    Compiling errno v0.3.14
#8 71.68    Compiling mio v1.2.3
#8 71.71    Compiling signal-hook-registry v1.4.8
#8 73.66    Compiling tokio-macros v2.7.1
#8 74.44    Compiling tokio v1.53.1
#8 75.21    Compiling rubix-supervisor v0.1.0 (/source/crates/rubix-supervisor)
#8 75.97     Finished `test` profile [unoptimized + debuginfo] target(s) in 45.90s
#8 75.98   Executable tests/process_ownership.rs (target/debug/deps/process_ownership-b14f211a6e4179bb)
#8 DONE 76.1s

#9 [build 5/5] RUN test -n "rubix-supervisor-process-6901c21ee9d22adae1ab83f3491d21ec" && echo "RUBIX_BUILD_BEGIN rubix-supervisor-process-6901c21ee9d22adae1ab83f3491d21ec" && sha256sum /out/process-tests /out/fixture && echo "RUBIX_BUILD_END rubix-supervisor-process-6901c21ee9d22adae1ab83f3491d21ec"
#9 0.122 RUBIX_BUILD_BEGIN rubix-supervisor-process-6901c21ee9d22adae1ab83f3491d21ec
#9 0.145 666d0f2d808db2a78f1d69fd62f943efdf87bcf4a6593ee989db5c7130d45525  /out/process-tests
#9 0.171 e0c4c04c79658c6fd36fd8099df8c5f226dbde3d0dab6a6d5b2b03929ceeb697  /out/fixture
#9 0.171 RUBIX_BUILD_END rubix-supervisor-process-6901c21ee9d22adae1ab83f3491d21ec
#9 DONE 0.2s

#10 [stage-1 2/2] COPY --from=build /out/ /
#10 DONE 0.0s

#11 exporting to image
#11 exporting layers
#11 exporting layers 0.4s done
#11 exporting manifest sha256:05406f83dd64b1a3873d4fcea31686c7a672dcb9636abe04a0d9f1d9750d10d4 done
#11 exporting config sha256:0e289e844db9dbef787902fadb0e9c3df8688cdbd273aef75a5c5a03756a78e6 done
#11 exporting attestation manifest sha256:75816eb383f3b0ba7d9777b020f2a2ade919b3cc5f4ef2aa6e2b98e373aa759c done
#11 exporting manifest list sha256:d493563fce3e6319eed9d08cf0588931093128ec1a20c51d26c8a5c1441cefce done
#11 naming to docker.io/library/rubix-supervisor-process-6901c21ee9d22adae1ab83f3491d21ec:latest done
#11 unpacking to docker.io/library/rubix-supervisor-process-6901c21ee9d22adae1ab83f3491d21ec:latest 0.1s done
#11 DONE 0.5s

View build details: docker-desktop://dashboard/build/desktop-linux/desktop-linux/fougrbkiuyeda0dj5pnr1unxh
