666d0f2d808db2a78f1d69fd62f943efdf87bcf4a6593ee989db5c7130d45525  /process-tests
e0c4c04c79658c6fd36fd8099df8c5f226dbde3d0dab6a6d5b2b03929ceeb697  /fixture

running 1 test
RUBIX_PROCESS {"case":"delayed","spawned":true,"term_attempted":true,"kill_attempted":true,"leader_reaped":true,"thread_joined":true,"complete":true,"exit_code":0,"signal":null,"elapsed_ms":12,"error":null}
RUBIX_PROCESS {"case":"family","spawned":true,"term_attempted":true,"kill_attempted":true,"leader_reaped":true,"thread_joined":true,"complete":true,"exit_code":0,"signal":null,"elapsed_ms":22,"error":null}
RUBIX_PROCESS {"case":"ignore","spawned":true,"term_attempted":true,"kill_attempted":true,"leader_reaped":true,"thread_joined":true,"complete":true,"exit_code":null,"signal":9,"elapsed_ms":30012,"error":null}
RUBIX_PROCESS {"case":"term-error","spawned":true,"term_attempted":true,"kill_attempted":true,"leader_reaped":true,"thread_joined":true,"complete":true,"exit_code":17,"signal":null,"elapsed_ms":11,"error":null}
RUBIX_PROCESS {"case":"early","spawned":true,"term_attempted":false,"kill_attempted":true,"leader_reaped":true,"thread_joined":true,"complete":true,"exit_code":17,"signal":null,"elapsed_ms":0,"error":null}
RUBIX_PROCESS {"case":"leader-exits-first","spawned":true,"term_attempted":false,"kill_attempted":true,"leader_reaped":true,"thread_joined":true,"complete":true,"exit_code":17,"signal":null,"elapsed_ms":0,"error":null}
RUBIX_PROCESS {"case":"oneshot","spawned":true,"term_attempted":false,"kill_attempted":true,"leader_reaped":true,"thread_joined":true,"complete":true,"exit_code":0,"signal":null,"elapsed_ms":0,"error":null}
RUBIX_PROCESS {"case":"probe-error","spawned":true,"term_attempted":false,"kill_attempted":true,"leader_reaped":true,"thread_joined":true,"complete":true,"exit_code":null,"signal":9,"elapsed_ms":0,"error":null}

thread 'disposable_process_cases' (10) panicked at crates/rubix-supervisor/tests/process_ownership.rs:237:13:
synthetic adapter worker failure
note: run with `RUST_BACKTRACE=1` environment variable to display a backtrace
RUBIX_PROCESS {"case":"worker-panic","spawned":true,"term_attempted":false,"kill_attempted":true,"leader_reaped":true,"thread_joined":true,"complete":true,"exit_code":null,"signal":9,"elapsed_ms":0,"error":null}
RUBIX_PROCESS {"case":"cancelled","spawned":true,"term_attempted":false,"kill_attempted":true,"leader_reaped":true,"thread_joined":true,"complete":true,"exit_code":null,"signal":9,"elapsed_ms":0,"error":null}
RUBIX_PROCESS {"case":"spawn-error","spawned":false,"term_attempted":false,"kill_attempted":false,"leader_reaped":false,"thread_joined":true,"complete":false,"exit_code":null,"signal":null,"elapsed_ms":0,"error":"process_spawn_failed"}
RUBIX_PROCESS {"case":"startup-timeout","spawned":true,"term_attempted":true,"kill_attempted":true,"leader_reaped":true,"thread_joined":true,"complete":true,"exit_code":0,"signal":null,"elapsed_ms":1035,"error":null}
RUBIX_PROCESS {"case":"sentinel-survived-external-stop","spawned":true,"term_attempted":true,"kill_attempted":true,"leader_reaped":true,"thread_joined":true,"complete":true,"exit_code":0,"signal":null,"elapsed_ms":0,"error":null}
test disposable_process_cases ... ok

test result: ok. 1 passed; 0 failed; 0 ignored; 0 measured; 2 filtered out; finished in 31.83s

RUBIX_NAMESPACE {"helper":43,"init":1,"processes":[1,7,43],"shell":7}
