#0 building with "desktop-linux" instance using docker driver

#1 [build 2/7] WORKDIR /source
#1 CACHED

#2 [internal] load build definition from Dockerfile
#2 transferring dockerfile: 1.79kB done
#2 DONE 0.0s

#3 [internal] load metadata for docker.io/library/rust@sha256:0e2bcaef56d041a486784e54104a81aebe0da44bd03019bd70bc0401e42e4a97
#3 DONE 0.0s

#4 [internal] load .dockerignore
#4 transferring context: 2B done
#4 DONE 0.0s

#5 [build 1/7] FROM docker.io/library/rust@sha256:0e2bcaef56d041a486784e54104a81aebe0da44bd03019bd70bc0401e42e4a97
#5 resolve docker.io/library/rust@sha256:0e2bcaef56d041a486784e54104a81aebe0da44bd03019bd70bc0401e42e4a97 done
#5 CACHED

#6 [internal] load build context
#6 transferring context: 4.07MB 0.1s done
#6 DONE 0.1s

#7 [build 3/4] COPY . .
#7 DONE 0.3s

#8 [build 4/4] RUN rustup target add aarch64-unknown-linux-musl  && cargo clippy -p rubixctl --all-targets --target aarch64-unknown-linux-musl --locked -- -D warnings  && cargo test -p rubixctl --locked --release --target aarch64-unknown-linux-musl --lib --test check --test preparation --no-run  && mkdir /out && cp target/aarch64-unknown-linux-musl/release/rubixctl /out/rubixctl  && for kind in check preparation; do for binary in target/aarch64-unknown-linux-musl/release/deps/$kind-*; do if [ -f "$binary" ] && [ -x "$binary" ]; then cp "$binary" /out/$kind-tests; fi; done; done  && for binary in target/aarch64-unknown-linux-musl/release/deps/rubixctl-*; do if [ -f "$binary" ] && [ -x "$binary" ] && "$binary" --list 2>/dev/null | grep -q '^preparation::tests::'; then cp "$binary" /out/rubixctl-tests; fi; done  && test -x /out/rubixctl-tests  && rustc --edition=2024 --target aarch64-unknown-linux-musl -O tools/parity/fixtures/prerequisite-preparation/fixture-command.rs -o /out/fixture-command  && sha256sum /out/* > /out/binaries.sha256  && cargo build -p rubix-dev --bin rubix-prerequisite-fixture --release --locked  && cp target/release/rubix-prerequisite-fixture /out/rubix-prerequisite-fixture
#8 0.142 info: syncing channel updates for 1.97.1-aarch64-unknown-linux-gnu
#8 1.557 info: latest update on 2026-07-16 for version 1.97.1 (8bab26f4f 2026-07-14)
#8 1.565 info: downloading 3 components
#8 5.078 info: downloading component rust-std
#8 14.20     Updating crates.io index
#8 17.02  Downloading crates ...
#8 17.71   Downloaded itoa v1.0.18
#8 17.71   Downloaded errno v0.3.14
#8 17.72   Downloaded tokio-macros v2.7.1
#8 17.73   Downloaded zmij v1.0.23
#8 17.73   Downloaded signal-hook-registry v1.4.8
#8 17.74   Downloaded quote v1.0.47
#8 17.79   Downloaded pin-project-lite v0.2.17
#8 17.80   Downloaded bitflags v2.13.2
#8 17.81   Downloaded proc-macro2 v1.0.107
#8 17.81   Downloaded unicode-ident v1.0.26
#8 17.83   Downloaded serde_core v1.0.228
#8 17.88   Downloaded memchr v2.8.3
#8 17.91   Downloaded mio v1.2.3
#8 17.91   Downloaded serde_json v1.0.151
#8 17.95   Downloaded syn v2.0.119
#8 18.04   Downloaded rustix v1.1.5
#8 18.20   Downloaded libc v0.2.189
#8 18.27   Downloaded tokio v1.53.1
#8 18.41   Downloaded linux-raw-sys v0.12.1
#8 18.53    Compiling proc-macro2 v1.0.107
#8 18.53    Compiling libc v0.2.189
#8 18.53    Compiling quote v1.0.47
#8 18.53    Compiling unicode-ident v1.0.26
#8 18.53    Compiling rustix v1.1.5
#8 18.53     Checking linux-raw-sys v0.12.1
#8 18.53     Checking bitflags v2.13.2
#8 18.53     Checking pin-project-lite v0.2.17
#8 18.53    Compiling zmij v1.0.23
#8 18.53    Compiling serde_core v1.0.228
#8 18.53    Compiling serde_json v1.0.151
#8 18.53     Checking memchr v2.8.3
#8 18.53     Checking itoa v1.0.18
#8 19.61    Compiling syn v2.0.119
#8 19.71     Checking errno v0.3.14
#8 19.71     Checking mio v1.2.3
#8 19.75     Checking signal-hook-registry v1.4.8
#8 20.78     Checking rubix-platform v0.1.0 (/source/crates/rubix-platform)
#8 22.95    Compiling tokio-macros v2.7.1
#8 24.30     Checking tokio v1.53.1
#8 25.17     Checking rubix-supervisor v0.1.0 (/source/crates/rubix-supervisor)
#8 25.41     Checking rubixctl v0.1.0 (/source/crates/rubixctl)
#8 25.65     Finished `dev` profile [unoptimized + debuginfo] target(s) in 11.53s
#8 25.85    Compiling libc v0.2.189
#8 25.85    Compiling proc-macro2 v1.0.107
#8 25.85    Compiling unicode-ident v1.0.26
#8 25.85    Compiling quote v1.0.47
#8 25.85    Compiling rustix v1.1.5
#8 25.85    Compiling linux-raw-sys v0.12.1
#8 25.85    Compiling bitflags v2.13.2
#8 25.85    Compiling pin-project-lite v0.2.17
#8 25.85    Compiling serde_core v1.0.228
#8 25.85    Compiling zmij v1.0.23
#8 25.86    Compiling serde_json v1.0.151
#8 25.86    Compiling itoa v1.0.18
#8 25.86    Compiling memchr v2.8.3
#8 26.39    Compiling syn v2.0.119
#8 26.54    Compiling errno v0.3.14
#8 26.54    Compiling mio v1.2.3
#8 26.59    Compiling signal-hook-registry v1.4.8
#8 27.80    Compiling tokio-macros v2.7.1
#8 28.28    Compiling tokio v1.53.1
#8 28.29    Compiling rubix-platform v0.1.0 (/source/crates/rubix-platform)
#8 30.24    Compiling rubix-supervisor v0.1.0 (/source/crates/rubix-supervisor)
#8 30.86    Compiling rubixctl v0.1.0 (/source/crates/rubixctl)
#8 40.10     Finished `release` profile [optimized + debuginfo] target(s) in 14.34s
#8 40.11   Executable unittests src/lib.rs (target/aarch64-unknown-linux-musl/release/deps/rubixctl-362bf11626634cbe)
#8 40.11   Executable tests/check.rs (target/aarch64-unknown-linux-musl/release/deps/check-2e467eb460320e19)
#8 40.11   Executable tests/preparation.rs (target/aarch64-unknown-linux-musl/release/deps/preparation-69396048ac8f7861)
#8 41.04  Downloading crates ...
#8 41.68   Downloaded block-buffer v0.12.1
#8 41.69   Downloaded adler2 v2.0.1
#8 41.74   Downloaded cpufeatures v0.3.1
#8 41.76   Downloaded crypto-common v0.2.2
#8 41.86   Downloaded serde_spanned v1.1.1
#8 41.86   Downloaded equivalent v1.0.2
#8 41.88   Downloaded jobserver v0.1.35
#8 41.89   Downloaded digest v0.11.3
#8 41.89   Downloaded pkg-config v0.3.34
#8 41.89   Downloaded find-msvc-tools v0.1.14
#8 41.90   Downloaded fastrand v2.5.0
#8 41.91   Downloaded filetime v0.2.29
#8 41.91   Downloaded zstd v0.13.3
#8 41.93   Downloaded shlex v2.0.1
#8 41.93   Downloaded simd-adler32 v0.3.10
#8 41.94   Downloaded toml_datetime v0.7.5+spec-1.1.0
#8 41.97   Downloaded cfg-if v1.0.5
#8 41.97   Downloaded toml_writer v1.1.2+spec-1.1.0
#8 41.99   Downloaded hybrid-array v0.4.15
#8 42.12   Downloaded sha2 v0.11.0
#8 42.12   Downloaded toml_parser v1.0.5+spec-1.0.0
#8 42.13   Downloaded zstd-safe v7.3.0
#8 42.13   Downloaded crc32fast v1.5.2
#8 42.13   Downloaded once_cell v1.21.4
#8 42.13   Downloaded tempfile v3.27.0
#8 42.14   Downloaded serde_derive v1.0.228
#8 42.14   Downloaded getrandom v0.4.3
#8 42.15   Downloaded miniz_oxide v0.9.1
#8 42.15   Downloaded tar v0.4.46
#8 42.15   Downloaded toml v0.9.6
#8 42.16   Downloaded base64 v0.22.1
#8 42.16   Downloaded serde v1.0.228
#8 42.17   Downloaded flate2 v1.1.10
#8 42.17   Downloaded indexmap v2.11.3
#8 42.18   Downloaded typed-path v0.12.3
#8 42.19   Downloaded typenum v1.20.1
#8 42.20   Downloaded aho-corasick v1.1.5
#8 42.20   Downloaded cc v1.5.1
#8 42.21   Downloaded hashbrown v0.15.5
#8 42.22   Downloaded regex v1.13.1
#8 42.22   Downloaded zip v8.6.0
#8 42.24   Downloaded winnow v0.7.15
#8 42.32   Downloaded regex-syntax v0.8.11
#8 42.37   Downloaded regex-automata v0.4.18
#8 42.39   Downloaded zstd-sys v2.1.0+zstd.1.5.7
#8 42.45    Compiling libc v0.2.189
#8 42.45    Compiling proc-macro2 v1.0.107
#8 42.45    Compiling quote v1.0.47
#8 42.45    Compiling cfg-if v1.0.5
#8 42.45    Compiling shlex v2.0.1
#8 42.45    Compiling find-msvc-tools v0.1.14
#8 42.45    Compiling serde_core v1.0.228
#8 42.46    Compiling pkg-config v0.3.34
#8 42.46    Compiling memchr v2.8.3
#8 42.46    Compiling typenum v1.20.1
#8 42.46    Compiling unicode-ident v1.0.26
#8 42.46    Compiling crc32fast v1.5.2
#8 42.46    Compiling adler2 v2.0.1
#8 42.46    Compiling zstd-safe v7.3.0
#8 42.46    Compiling zmij v1.0.23
#8 42.51    Compiling rustix v1.1.5
#8 42.53    Compiling getrandom v0.4.3
#8 42.57    Compiling simd-adler32 v0.3.10
#8 42.58    Compiling regex-syntax v0.8.11
#8 42.61    Compiling hashbrown v0.15.5
#8 42.75    Compiling bitflags v2.13.2
#8 42.77    Compiling winnow v0.7.15
#8 42.88    Compiling miniz_oxide v0.9.1
#8 43.01    Compiling aho-corasick v1.1.5
#8 43.03    Compiling linux-raw-sys v0.12.1
#8 43.06    Compiling equivalent v1.0.2
#8 43.10    Compiling serde v1.0.228
#8 43.13    Compiling serde_json v1.0.151
#8 43.20    Compiling itoa v1.0.18
#8 43.55    Compiling indexmap v2.11.3
#8 43.62    Compiling hybrid-array v0.4.15
#8 43.90    Compiling flate2 v1.1.10
#8 43.99    Compiling pin-project-lite v0.2.17
#8 44.02    Compiling syn v2.0.119
#8 44.07    Compiling typed-path v0.12.3
#8 44.15    Compiling fastrand v2.5.0
#8 44.48    Compiling jobserver v0.1.35
#8 44.48    Compiling block-buffer v0.12.1
#8 44.48    Compiling crypto-common v0.2.2
#8 44.50    Compiling errno v0.3.14
#8 44.55    Compiling filetime v0.2.29
#8 44.63    Compiling signal-hook-registry v1.4.8
#8 44.65    Compiling mio v1.2.3
#8 44.66    Compiling cpufeatures v0.3.1
#8 44.67    Compiling once_cell v1.21.4
#8 44.80    Compiling tar v0.4.46
#8 44.85    Compiling cc v1.5.1
#8 44.96    Compiling regex-automata v0.4.18
#8 44.97    Compiling tokio v1.53.1
#8 45.06    Compiling base64 v0.22.1
#8 45.12    Compiling toml_parser v1.0.5+spec-1.0.0
#8 45.25    Compiling digest v0.11.3
#8 45.40    Compiling sha2 v0.11.0
#8 45.43    Compiling serde_spanned v1.1.1
#8 45.46    Compiling toml_datetime v0.7.5+spec-1.1.0
#8 46.07    Compiling zip v8.6.0
#8 46.17    Compiling toml v0.9.6
#8 47.75    Compiling zstd-sys v2.1.0+zstd.1.5.7
#8 47.80    Compiling serde_derive v1.0.228
#8 48.73    Compiling tempfile v3.27.0
#8 49.01    Compiling regex v1.13.1
#8 64.83    Compiling zstd v0.13.3
#8 65.07    Compiling rubix-dev v0.1.0 (/source/tools/dev)
#8 86.04     Finished `release` profile [optimized + debuginfo] target(s) in 45.36s
#8 DONE 86.3s

#9 [stage-1 2/3] COPY --from=build /out/ /
#9 DONE 0.1s

#10 [stage-1 3/3] COPY --from=build /out/rubixctl /source/target/aarch64-unknown-linux-musl/release/rubixctl
#10 DONE 0.0s

#11 exporting to image
#11 exporting layers
#11 exporting layers 1.1s done
#11 exporting manifest sha256:f6cd61abb467ba452f2864300cc44955b5ec95b4b5bfd5458a8e1f2d221b5f02 done
#11 exporting config sha256:882ce10d83b4f1c8a625e05152dbd7289999ab46cbb521a64cf6991e0a271f5b done
#11 exporting attestation manifest sha256:2531a0a026910563c7c490fd396e6cd8b34a0c20f132bb6da0cc8ac54c5d7fd5 done
#11 exporting manifest list sha256:d14d68e08ea3ebdb89a090bf6564bc4516e65394f57648306bb3e3ed2f651f6a done
#11 naming to docker.io/library/rubix-preparation-linux-f8c3ed61600131b70a0ec633e247978b:latest done
#11 unpacking to docker.io/library/rubix-preparation-linux-f8c3ed61600131b70a0ec633e247978b:latest
#11 unpacking to docker.io/library/rubix-preparation-linux-f8c3ed61600131b70a0ec633e247978b:latest 0.2s done
#11 DONE 1.4s

View build details: docker-desktop://dashboard/build/desktop-linux/desktop-linux/3xurddjix40q6vdgzcunc6kme
