[
    {
        "Id": "sha256:ec679a68ede6a98cbc4735591eac039026cc28b0ec9110fb8d94653d1f057430",
        "RepoTags": [
            "rubix-preparation-linux-4fc761eac9ad54ab7acfb2114e3cbc84:latest"
        ],
        "RepoDigests": [
            "rubix-preparation-linux-4fc761eac9ad54ab7acfb2114e3cbc84@sha256:ec679a68ede6a98cbc4735591eac039026cc28b0ec9110fb8d94653d1f057430"
        ],
        "Comment": "buildkit.dockerfile.v0",
        "Created": "2026-09-28T16:23:34.282094595Z",
        "Config": {
            "Env": [
                "PATH=/usr/local/cargo/bin:/usr/local/sbin:/usr/local/bin:/usr/sbin:/usr/bin:/sbin:/bin",
                "RUSTUP_HOME=/usr/local/rustup",
                "CARGO_HOME=/usr/local/cargo",
                "RUST_VERSION=1.97.1"
            ],
            "Cmd": [
                "sh",
                "-c",
                "cat /binaries.sha256 && /rubixctl-tests --include-ignored --nocapture && /check-tests --nocapture && /preparation-tests --nocapture && /rubix-prerequisite-fixture --run-disposable-fixture"
            ],
            "Labels": {
                "org.opencontainers.image.source": "https://github.com/rust-lang/docker-rust"
            },
            "ArgsEscaped": true
        },
        "Architecture": "arm64",
        "Os": "linux",
        "Size": 536915217,
        "RootFS": {
            "Type": "layers",
            "Layers": [
                "sha256:fc7ac19cfb2d64221e26478ffac9248cfff72f76adbb89ca5e362b37cc21c84a",
                "sha256:c1cf7a9b7c84052ffa15e8621c27a229e6d79203dee6c5ebb63ce76230f7349e",
                "sha256:304cc516c4dc516b48304bc637d27673284810a377052ad62afaaf10a4c6eade",
                "sha256:1e8e95cb952a3e771723a664bbbed69f265681b196a5ab90a07e635bce808dd4",
                "sha256:9e06278045289c508d268cde4ae53588cc3be431daf4f5d6856d6d5a1f6cf247",
                "sha256:55a4fb98f06731eb90df2637e4d640da22746730e7d4d485069d82f0fcde31a5",
                "sha256:615f8c83a8bebbef2a4b6b5de1a22d9b57fcc74590ba5c168eb3865f8f589d06"
            ]
        },
        "Metadata": {
            "LastTagTime": "2026-09-28T16:23:35.13340572Z"
        },
        "Descriptor": {
            "mediaType": "application/vnd.oci.image.index.v1+json",
            "digest": "sha256:ec679a68ede6a98cbc4735591eac039026cc28b0ec9110fb8d94653d1f057430",
            "size": 856
        },
        "Identity": {
            "Build": [
                {
                    "Ref": "6dt9e2bdl5uftiq6nkiso7qo7",
                    "CreatedAt": "2026-09-28T16:23:35.32252297Z"
                }
            ]
        }
    }
]
