#0 building with "desktop-linux" instance using docker driver

#1 [internal] load build definition from Build.Dockerfile
#1 transferring dockerfile: 1.69kB done
#1 DONE 0.0s

#2 [internal] load metadata for docker.io/library/rust@sha256:0e2bcaef56d041a486784e54104a81aebe0da44bd03019bd70bc0401e42e4a97
#2 DONE 0.0s

#3 [internal] load metadata for docker.io/library/alpine@sha256:294b683cb724975bec92580e1e685676bd4b50bda910ddb8c51d4cabeaec77e6
#3 DONE 0.0s

#4 [internal] load .dockerignore
#4 transferring context: 2B done
#4 DONE 0.0s

#5 [build 1/4] FROM docker.io/library/rust@sha256:0e2bcaef56d041a486784e54104a81aebe0da44bd03019bd70bc0401e42e4a97
#5 resolve docker.io/library/rust@sha256:0e2bcaef56d041a486784e54104a81aebe0da44bd03019bd70bc0401e42e4a97 done
#5 DONE 0.0s

#6 [stage-1 1/2] FROM docker.io/library/alpine@sha256:294b683cb724975bec92580e1e685676bd4b50bda910ddb8c51d4cabeaec77e6
#6 resolve docker.io/library/alpine@sha256:294b683cb724975bec92580e1e685676bd4b50bda910ddb8c51d4cabeaec77e6 done
#6 DONE 0.0s

#7 [internal] load build context
#7 transferring context: 2.40MB 0.0s done
#7 DONE 0.0s

#8 [build 2/4] WORKDIR /source
#8 CACHED

#9 [build 3/4] COPY . .
#9 DONE 0.1s

#10 [build 4/4] RUN rustup target add aarch64-unknown-linux-musl  && cargo clippy -p rubix-kube --lib --test host_preparation --test host_network --example prepare_node_host --target aarch64-unknown-linux-musl --locked -- -D warnings  && cargo test -p rubix-kube --lib --test host_preparation --test host_network --target aarch64-unknown-linux-musl --locked --release --no-run  && printf 'POLICY_TESTS_BEGIN\n'  && cargo test -p rubix-kube --example prepare_node_host --target aarch64-unknown-linux-musl --locked --release  && printf 'POLICY_TESTS_END\n'  && cargo build -p rubix-kube --example prepare_node_host --target aarch64-unknown-linux-musl --locked --release  && mkdir /out  && cp target/aarch64-unknown-linux-musl/release/examples/prepare_node_host /out/prepare_node_host  && for name in rubix_kube host_preparation host_network; do count=0; for executable in target/aarch64-unknown-linux-musl/release/deps/$name-*; do if [ -f "$executable" ] && [ -x "$executable" ]; then if "$executable" --list 2>/dev/null | grep -q ': test$'; then cp "$executable" /out/$name; count=$((count+1)); fi; fi; done; test "$count" = 1; done  && printf 'RUBIX_BUILD_BIND_BEGIN %s\n' "7cb6c2e9dde24d719a2939c9ce3ee534"  && sha256sum /out/prepare_node_host /out/rubix_kube /out/host_preparation /out/host_network  && printf 'RUBIX_BUILD_BIND_END %s\n' "7cb6c2e9dde24d719a2939c9ce3ee534"
#10 0.144 info: syncing channel updates for 1.97.1-aarch64-unknown-linux-gnu
#10 1.403 info: latest update on 2026-07-16 for version 1.97.1 (8bab26f4f 2026-07-14)
#10 1.410 info: downloading 3 components
#10 4.106 info: downloading component rust-std
#10 9.652     Updating crates.io index
#10 12.61  Downloading crates ...
#10 13.38   Downloaded itoa v1.0.18
#10 13.53   Downloaded tokio-macros v2.7.1
#10 13.77   Downloaded errno v0.3.14
#10 13.77   Downloaded arraydeque v0.5.1
#10 13.77   Downloaded pin-project-lite v0.2.17
#10 13.78   Downloaded signal-hook-registry v1.4.8
#10 13.82   Downloaded thiserror v2.0.18
#10 13.84   Downloaded quote v1.0.47
#10 13.93   Downloaded thiserror-impl v2.0.18
#10 13.96   Downloaded unicode-ident v1.0.26
#10 13.99   Downloaded zmij v1.0.23
#10 14.11   Downloaded serde_core v1.0.228
#10 14.14   Downloaded bitflags v2.13.2
#10 14.14   Downloaded proc-macro2 v1.0.107
#10 14.22   Downloaded serde_derive v1.0.228
#10 14.34   Downloaded serde v1.0.228
#10 14.35   Downloaded mio v1.2.3
#10 14.37   Downloaded memchr v2.8.3
#10 14.68   Downloaded aho-corasick v1.1.5
#10 14.71   Downloaded regex v1.13.1
#10 14.75   Downloaded serde_json v1.0.151
#10 15.29   Downloaded syn v2.0.119
#10 15.42   Downloaded regex-syntax v0.8.11
#10 15.57   Downloaded rustix v1.1.5
#10 15.92   Downloaded regex-automata v0.4.18
#10 16.06   Downloaded libc v0.2.189
#10 16.21   Downloaded tokio v1.53.1
#10 17.09   Downloaded linux-raw-sys v0.12.1
#10 17.20    Compiling proc-macro2 v1.0.107
#10 17.20    Compiling unicode-ident v1.0.26
#10 17.20    Compiling quote v1.0.47
#10 17.20    Compiling libc v0.2.189
#10 17.20     Checking memchr v2.8.3
#10 17.20    Compiling serde_core v1.0.228
#10 17.20    Compiling thiserror v2.0.18
#10 17.20    Compiling rustix v1.1.5
#10 17.20    Compiling zmij v1.0.23
#10 17.21     Checking bitflags v2.13.2
#10 17.21     Checking regex-syntax v0.8.11
#10 17.21    Compiling serde v1.0.228
#10 17.21    Compiling serde_json v1.0.151
#10 17.21     Checking linux-raw-sys v0.12.1
#10 17.21     Checking arraydeque v0.5.1
#10 17.21     Checking itoa v1.0.18
#10 17.33     Checking pin-project-lite v0.2.17
#10 17.62     Checking aho-corasick v1.1.5
#10 17.96    Compiling syn v2.0.119
#10 18.06     Checking errno v0.3.14
#10 18.06     Checking mio v1.2.3
#10 18.10     Checking signal-hook-registry v1.4.8
#10 18.14     Checking regex-automata v0.4.18
#10 18.85     Checking regex v1.13.1
#10 19.08     Checking rubix-platform v0.1.0 (/source/crates/rubix-platform)
#10 20.34    Compiling thiserror-impl v2.0.18
#10 20.34    Compiling serde_derive v1.0.228
#10 20.34    Compiling tokio-macros v2.7.1
#10 21.38     Checking tokio v1.53.1
#10 21.78     Checking saphyr-parser v0.0.11 (/source/third_party/saphyr-parser)
#10 22.33     Checking rubix-supervisor v0.1.0 (/source/crates/rubix-supervisor)
#10 22.69     Checking rubix-config v0.1.0 (/source/crates/rubix-config)
#10 23.09     Checking rubix-kube v0.1.0 (/source/crates/rubix-kube)
#10 23.53     Finished `dev` profile [unoptimized + debuginfo] target(s) in 13.90s
#10 23.66    Compiling proc-macro2 v1.0.107
#10 23.66    Compiling quote v1.0.47
#10 23.66    Compiling unicode-ident v1.0.26
#10 23.66    Compiling libc v0.2.189
#10 23.66    Compiling serde_core v1.0.228
#10 23.66    Compiling zmij v1.0.23
#10 23.66    Compiling thiserror v2.0.18
#10 23.66    Compiling rustix v1.1.5
#10 23.66    Compiling serde v1.0.228
#10 23.66    Compiling serde_json v1.0.151
#10 23.66    Compiling memchr v2.8.3
#10 23.66    Compiling regex-syntax v0.8.11
#10 23.66    Compiling linux-raw-sys v0.12.1
#10 23.66    Compiling bitflags v2.13.2
#10 23.83    Compiling itoa v1.0.18
#10 23.84    Compiling arraydeque v0.5.1
#10 23.89    Compiling aho-corasick v1.1.5
#10 24.03    Compiling pin-project-lite v0.2.17
#10 24.30    Compiling syn v2.0.119
#10 24.40    Compiling errno v0.3.14
#10 24.40    Compiling mio v1.2.3
#10 24.44    Compiling signal-hook-registry v1.4.8
#10 24.67    Compiling regex-automata v0.4.18
#10 25.74    Compiling thiserror-impl v2.0.18
#10 25.74    Compiling tokio-macros v2.7.1
#10 25.74    Compiling serde_derive v1.0.228
#10 25.97    Compiling regex v1.13.1
#10 26.03    Compiling rubix-platform v0.1.0 (/source/crates/rubix-platform)
#10 26.14    Compiling tokio v1.53.1
#10 26.44    Compiling saphyr-parser v0.0.11 (/source/third_party/saphyr-parser)
#10 27.37    Compiling rubix-supervisor v0.1.0 (/source/crates/rubix-supervisor)
#10 27.41    Compiling rubix-config v0.1.0 (/source/crates/rubix-config)
#10 27.90    Compiling rubix-kube v0.1.0 (/source/crates/rubix-kube)
#10 35.47     Finished `release` profile [optimized + debuginfo] target(s) in 11.89s
#10 35.47   Executable unittests src/lib.rs (target/aarch64-unknown-linux-musl/release/deps/rubix_kube-586ce53ef5a00528)
#10 35.47   Executable tests/host_network.rs (target/aarch64-unknown-linux-musl/release/deps/host_network-e5577a9d22cc7c77)
#10 35.47   Executable tests/host_preparation.rs (target/aarch64-unknown-linux-musl/release/deps/host_preparation-22fc93ae6778e2f8)
#10 35.47 POLICY_TESTS_BEGIN
#10 35.52    Compiling rubix-kube v0.1.0 (/source/crates/rubix-kube)
#10 37.69     Finished `release` profile [optimized + debuginfo] target(s) in 2.19s
#10 37.69      Running unittests examples/prepare_node_host.rs (target/aarch64-unknown-linux-musl/release/examples/prepare_node_host-7e651857a9b8934a)
#10 37.69 
#10 37.69 running 2 tests
#10 37.69 test tests::uncertain_cleanup_is_quiet_terminal_even_when_observer_is_settled ... ok
#10 37.69 test tests::cancelled_result_publishes_once_and_is_terminal ... ok
#10 37.69 
#10 37.69 test result: ok. 2 passed; 0 failed; 0 ignored; 0 measured; 0 filtered out; finished in 0.00s
#10 37.69 
#10 37.70 POLICY_TESTS_END
#10 37.74    Compiling rubix-kube v0.1.0 (/source/crates/rubix-kube)
#10 41.14     Finished `release` profile [optimized + debuginfo] target(s) in 3.42s
#10 41.18 RUBIX_BUILD_BIND_BEGIN 7cb6c2e9dde24d719a2939c9ce3ee534
#10 41.21 9f23c47bb4a87b12380c1886c55142efef641fe7debb7a2b7a5f134c9d09459c  /out/prepare_node_host
#10 41.22 06e8bc7b0a10267aa1e245c1bad8d6ed94cac9446eb83e56d2920c396e40c379  /out/rubix_kube
#10 41.26 98bebb17eb7ee6bb111003e8aecab5891b8e08b8fa392ded3fe96f820e190e6e  /out/host_preparation
#10 41.29 65e299036fd6820d62ec651078c1703fd978d44a8db60f8f1a8233f2ea269a03  /out/host_network
#10 41.29 RUBIX_BUILD_BIND_END 7cb6c2e9dde24d719a2939c9ce3ee534
#10 DONE 41.9s

#11 [stage-1 2/2] COPY --from=build /out/ /out/
#11 CACHED

#12 exporting to image
#12 exporting layers done
#12 exporting manifest sha256:b88c9704f616346aa1ce3ac532ba9136d63f83cc9cb2253ccbdcb3a045d53cbf done
#12 exporting config sha256:ab95974ade51bb12b57cf7b32f092c4031874d0919a8ce8d286c1d3ab812e237 done
#12 exporting attestation manifest sha256:aaddd881f59c522fe44d81c870092fab706253d18b8cc5fbf37d4e5c48c5f787 done
#12 exporting manifest list sha256:89ecc2274f9164aab5d44d70e4e9fa6fee6a040fd6f3bb4120581728772886eb done
#12 naming to docker.io/library/rubix-node-container-171534827eae4c07af531d06cb26a92e:latest done
#12 unpacking to docker.io/library/rubix-node-container-171534827eae4c07af531d06cb26a92e:latest 0.1s done
#12 DONE 0.2s

View build details: docker-desktop://dashboard/build/desktop-linux/desktop-linux/nsdkz41ahv42bhqjxoj27xh7v
