[
    {
        "Id": "f6d355b7e502ce5d8dff9f954a4b1afb554aa55e4e438764683b6d2833fc6549",
        "Created": "2026-09-27T22:42:19.187842342Z",
        "Path": "python",
        "Args": [
            "/artifact/driver.py"
        ],
        "State": {
            "Status": "exited",
            "Running": false,
            "Paused": false,
            "Restarting": false,
            "OOMKilled": false,
            "Dead": false,
            "Pid": 0,
            "ExitCode": 0,
            "Error": "",
            "StartedAt": "2026-09-27T22:42:19.407855301Z",
            "FinishedAt": "2026-09-27T22:42:22.179759052Z"
        },
        "Image": "sha256:f184a2bdf137d6db4b594809a7138b26b9df8e53e257222ecc6e729a9f65a60e",
        "ResolvConfPath": "/var/lib/docker/containers/f6d355b7e502ce5d8dff9f954a4b1afb554aa55e4e438764683b6d2833fc6549/resolv.conf",
        "HostnamePath": "/var/lib/docker/containers/f6d355b7e502ce5d8dff9f954a4b1afb554aa55e4e438764683b6d2833fc6549/hostname",
        "HostsPath": "/var/lib/docker/containers/f6d355b7e502ce5d8dff9f954a4b1afb554aa55e4e438764683b6d2833fc6549/hosts",
        "LogPath": "/var/lib/docker/containers/f6d355b7e502ce5d8dff9f954a4b1afb554aa55e4e438764683b6d2833fc6549/f6d355b7e502ce5d8dff9f954a4b1afb554aa55e4e438764683b6d2833fc6549-json.log",
        "Name": "/rubix-parity-cefecd3fc7914630b0022c2a7ec6c506",
        "RestartCount": 0,
        "Driver": "overlayfs",
        "Platform": "linux",
        "MountLabel": "",
        "ProcessLabel": "",
        "AppArmorProfile": "",
        "ExecIDs": null,
        "HostConfig": {
            "Binds": null,
            "ContainerIDFile": "",
            "LogConfig": {
                "Type": "json-file",
                "Config": {}
            },
            "NetworkMode": "none",
            "PortBindings": {},
            "RestartPolicy": {
                "Name": "no",
                "MaximumRetryCount": 0
            },
            "AutoRemove": false,
            "VolumeDriver": "",
            "VolumesFrom": null,
            "ConsoleSize": [
                0,
                0
            ],
            "CapAdd": [
                "CAP_KILL",
                "CAP_SETGID",
                "CAP_SETUID"
            ],
            "CapDrop": [
                "ALL"
            ],
            "CgroupnsMode": "private",
            "Dns": null,
            "DnsOptions": [],
            "DnsSearch": [],
            "ExtraHosts": null,
            "GroupAdd": null,
            "IpcMode": "private",
            "Cgroup": "",
            "Links": null,
            "OomScoreAdj": 0,
            "PidMode": "",
            "Privileged": false,
            "PublishAllPorts": false,
            "ReadonlyRootfs": true,
            "SecurityOpt": [
                "no-new-privileges"
            ],
            "Tmpfs": {
                "/tmp": "rw,nosuid,nodev,noexec,size=64m,mode=1777"
            },
            "UTSMode": "",
            "UsernsMode": "",
            "ShmSize": 67108864,
            "Runtime": "runc",
            "Isolation": "",
            "CpuShares": 0,
            "Memory": 1073741824,
            "NanoCpus": 0,
            "CgroupParent": "",
            "BlkioWeight": 0,
            "BlkioWeightDevice": [],
            "BlkioDeviceReadBps": [],
            "BlkioDeviceWriteBps": [],
            "BlkioDeviceReadIOps": [],
            "BlkioDeviceWriteIOps": [],
            "CpuPeriod": 0,
            "CpuQuota": 0,
            "CpuRealtimePeriod": 0,
            "CpuRealtimeRuntime": 0,
            "CpusetCpus": "",
            "CpusetMems": "",
            "Devices": [],
            "DeviceCgroupRules": null,
            "DeviceRequests": null,
            "MemoryReservation": 0,
            "MemorySwap": 2147483648,
            "MemorySwappiness": null,
            "OomKillDisable": null,
            "PidsLimit": 128,
            "Ulimits": [],
            "CpuCount": 0,
            "CpuPercent": 0,
            "IOMaximumIOps": 0,
            "IOMaximumBandwidth": 0,
            "Mounts": [
                {
                    "Type": "volume",
                    "Source": "rubix-parity-cefecd3fc7914630b0022c2a7ec6c506-evidence",
                    "Target": "/evidence"
                }
            ],
            "MaskedPaths": [
                "/proc/acpi",
                "/proc/asound",
                "/proc/interrupts",
                "/proc/kcore",
                "/proc/keys",
                "/proc/latency_stats",
                "/proc/sched_debug",
                "/proc/scsi",
                "/proc/timer_list",
                "/proc/timer_stats",
                "/sys/devices/virtual/powercap",
                "/sys/firmware"
            ],
            "ReadonlyPaths": [
                "/proc/bus",
                "/proc/fs",
                "/proc/irq",
                "/proc/sys",
                "/proc/sysrq-trigger"
            ]
        },
        "Storage": {
            "RootFS": {
                "Snapshot": {
                    "Name": "overlayfs"
                }
            }
        },
        "Mounts": [
            {
                "Type": "volume",
                "Name": "rubix-parity-cefecd3fc7914630b0022c2a7ec6c506-evidence",
                "Source": "/var/lib/docker/volumes/rubix-parity-cefecd3fc7914630b0022c2a7ec6c506-evidence/_data",
                "Destination": "/evidence",
                "Driver": "local",
                "Mode": "z",
                "RW": true,
                "Propagation": ""
            }
        ],
        "Config": {
            "Hostname": "f6d355b7e502",
            "Domainname": "",
            "User": "",
            "AttachStdin": false,
            "AttachStdout": true,
            "AttachStderr": true,
            "Tty": false,
            "OpenStdin": false,
            "StdinOnce": false,
            "Env": [
                "PATH=/usr/local/bin:/usr/local/sbin:/usr/local/bin:/usr/sbin:/usr/bin:/sbin:/bin",
                "GPG_KEY=7169605F62C751356D054A26A821E680E5FA6305",
                "PYTHON_VERSION=3.13.7",
                "PYTHON_SHA256=5462f9099dfd30e238def83c71d91897d8caa5ff6ebc7a50f14d4802cdaaa79a"
            ],
            "Cmd": null,
            "Image": "rubix-parity-cefecd3fc7914630b0022c2a7ec6c506:test",
            "Volumes": null,
            "WorkingDir": "/artifact",
            "Entrypoint": [
                "python",
                "/artifact/driver.py"
            ],
            "Labels": {}
        },
        "NetworkSettings": {
            "SandboxID": "",
            "SandboxKey": "",
            "Ports": {},
            "Networks": {
                "none": {
                    "IPAMConfig": null,
                    "Links": null,
                    "Aliases": null,
                    "DriverOpts": null,
                    "GwPriority": 0,
                    "NetworkID": "ba7c4dc8394c60889a1c071301db19ac34d13e531fcf0a4fda9a13ee22e07b46",
                    "EndpointID": "",
                    "Gateway": "",
                    "IPAddress": "",
                    "MacAddress": "",
                    "IPPrefixLen": 0,
                    "IPv6Gateway": "",
                    "GlobalIPv6Address": "",
                    "GlobalIPv6PrefixLen": 0,
                    "DNSNames": null
                }
            }
        },
        "ImageManifestDescriptor": {
            "mediaType": "application/vnd.oci.image.manifest.v1+json",
            "digest": "sha256:ee6fb42f5d52e17c5e31fe66bc9c034092b8724097c8edc5ccab3068c79f4297",
            "size": 1809,
            "platform": {
                "architecture": "arm64",
                "os": "linux"
            }
        }
    }
]
