#0 building with "desktop-linux" instance using docker driver

#1 [internal] load build definition from Build.Dockerfile
#1 transferring dockerfile: 1.69kB done
#1 DONE 0.0s

#2 [internal] load metadata for docker.io/library/alpine@sha256:294b683cb724975bec92580e1e685676bd4b50bda910ddb8c51d4cabeaec77e6
#2 DONE 0.0s

#3 [internal] load metadata for docker.io/library/rust@sha256:0e2bcaef56d041a486784e54104a81aebe0da44bd03019bd70bc0401e42e4a97
#3 DONE 1.5s

#4 [internal] load .dockerignore
#4 transferring context: 2B done
#4 DONE 0.0s

#5 [build 1/4] FROM docker.io/library/rust@sha256:0e2bcaef56d041a486784e54104a81aebe0da44bd03019bd70bc0401e42e4a97
#5 resolve docker.io/library/rust@sha256:0e2bcaef56d041a486784e54104a81aebe0da44bd03019bd70bc0401e42e4a97 0.0s done
#5 DONE 0.0s

#6 [stage-1 1/2] FROM docker.io/library/alpine@sha256:294b683cb724975bec92580e1e685676bd4b50bda910ddb8c51d4cabeaec77e6
#6 resolve docker.io/library/alpine@sha256:294b683cb724975bec92580e1e685676bd4b50bda910ddb8c51d4cabeaec77e6 done
#6 DONE 0.0s

#7 [internal] load build context
#7 transferring context: 4.31MB 0.1s done
#7 DONE 0.1s

#8 [build 2/4] WORKDIR /source
#8 CACHED

#9 [build 3/4] COPY . .
#9 CACHED

#10 [build 4/4] RUN rustup target add aarch64-unknown-linux-musl  && cargo clippy -p rubix-kube --lib --test host_preparation --test host_network --example prepare_node_host --target aarch64-unknown-linux-musl --locked -- -D warnings  && cargo test -p rubix-kube --lib --test host_preparation --test host_network --target aarch64-unknown-linux-musl --locked --release --no-run  && printf 'POLICY_TESTS_BEGIN\n'  && cargo test -p rubix-kube --example prepare_node_host --target aarch64-unknown-linux-musl --locked --release  && printf 'POLICY_TESTS_END\n'  && cargo build -p rubix-kube --example prepare_node_host --target aarch64-unknown-linux-musl --locked --release  && mkdir /out  && cp target/aarch64-unknown-linux-musl/release/examples/prepare_node_host /out/prepare_node_host  && for name in rubix_kube host_preparation host_network; do count=0; for executable in target/aarch64-unknown-linux-musl/release/deps/$name-*; do if [ -f "$executable" ] && [ -x "$executable" ]; then if "$executable" --list 2>/dev/null | grep -q ': test$'; then cp "$executable" /out/$name; count=$((count+1)); fi; fi; done; test "$count" = 1; done  && printf 'RUBIX_BUILD_BIND_BEGIN %s\n' "d27fd523c220e49152d16cd9279f36db"  && sha256sum /out/prepare_node_host /out/rubix_kube /out/host_preparation /out/host_network  && printf 'RUBIX_BUILD_BIND_END %s\n' "d27fd523c220e49152d16cd9279f36db"
#10 0.218 info: syncing channel updates for 1.97.1-aarch64-unknown-linux-gnu
#10 1.387 info: latest update on 2026-07-16 for version 1.97.1 (8bab26f4f 2026-07-14)
#10 1.395 info: downloading 3 components
#10 4.538 info: downloading component rust-std
#10 9.761     Updating crates.io index
#10 12.14  Downloading crates ...
#10 12.76   Downloaded tokio-macros v2.7.1
#10 12.79   Downloaded itoa v1.0.18
#10 12.87   Downloaded arraydeque v0.5.1
#10 12.88   Downloaded errno v0.3.14
#10 12.88   Downloaded pin-project-lite v0.2.17
#10 12.89   Downloaded thiserror-impl v2.0.18
#10 12.89   Downloaded zmij v1.0.23
#10 12.93   Downloaded signal-hook-registry v1.4.8
#10 12.94   Downloaded thiserror v2.0.18
#10 12.94   Downloaded quote v1.0.47
#10 12.97   Downloaded unicode-ident v1.0.26
#10 12.98   Downloaded bitflags v2.13.2
#10 12.98   Downloaded serde_core v1.0.228
#10 13.04   Downloaded proc-macro2 v1.0.107
#10 13.05   Downloaded memchr v2.8.3
#10 13.06   Downloaded serde v1.0.228
#10 13.06   Downloaded serde_derive v1.0.228
#10 13.06   Downloaded mio v1.2.3
#10 13.10   Downloaded regex v1.13.1
#10 13.10   Downloaded serde_json v1.0.151
#10 13.11   Downloaded aho-corasick v1.1.5
#10 13.19   Downloaded syn v2.0.119
#10 13.20   Downloaded regex-syntax v0.8.11
#10 13.21   Downloaded rustix v1.1.5
#10 13.29   Downloaded regex-automata v0.4.18
#10 13.35   Downloaded libc v0.2.189
#10 13.38   Downloaded tokio v1.53.1
#10 13.49   Downloaded linux-raw-sys v0.12.1
#10 13.55    Compiling proc-macro2 v1.0.107
#10 13.55    Compiling unicode-ident v1.0.26
#10 13.55    Compiling quote v1.0.47
#10 13.55    Compiling libc v0.2.189
#10 13.55     Checking memchr v2.8.3
#10 13.55    Compiling serde_core v1.0.228
#10 13.55    Compiling thiserror v2.0.18
#10 13.56    Compiling zmij v1.0.23
#10 13.56    Compiling rustix v1.1.5
#10 13.56    Compiling serde_json v1.0.151
#10 13.56     Checking linux-raw-sys v0.12.1
#10 13.56    Compiling serde v1.0.228
#10 13.56     Checking bitflags v2.13.2
#10 13.56     Checking regex-syntax v0.8.11
#10 13.57     Checking arraydeque v0.5.1
#10 13.57     Checking pin-project-lite v0.2.17
#10 13.60     Checking itoa v1.0.18
#10 13.76     Checking aho-corasick v1.1.5
#10 14.14    Compiling syn v2.0.119
#10 14.21     Checking errno v0.3.14
#10 14.21     Checking mio v1.2.3
#10 14.24     Checking regex-automata v0.4.18
#10 14.25     Checking signal-hook-registry v1.4.8
#10 14.89     Checking regex v1.13.1
#10 15.02     Checking rubix-platform v0.1.0 (/source/crates/rubix-platform)
#10 16.28    Compiling thiserror-impl v2.0.18
#10 16.28    Compiling tokio-macros v2.7.1
#10 16.28    Compiling serde_derive v1.0.228
#10 17.24     Checking tokio v1.53.1
#10 17.53     Checking saphyr-parser v0.0.11 (/source/third_party/saphyr-parser)
#10 18.07     Checking rubix-supervisor v0.1.0 (/source/crates/rubix-supervisor)
#10 18.38     Checking rubix-config v0.1.0 (/source/crates/rubix-config)
#10 18.74     Checking rubix-kube v0.1.0 (/source/crates/rubix-kube)
#10 19.16     Finished `dev` profile [unoptimized + debuginfo] target(s) in 9.42s
#10 19.27    Compiling proc-macro2 v1.0.107
#10 19.27    Compiling quote v1.0.47
#10 19.27    Compiling unicode-ident v1.0.26
#10 19.27    Compiling libc v0.2.189
#10 19.27    Compiling serde_core v1.0.228
#10 19.27    Compiling rustix v1.1.5
#10 19.27    Compiling thiserror v2.0.18
#10 19.27    Compiling zmij v1.0.23
#10 19.27    Compiling serde v1.0.228
#10 19.27    Compiling serde_json v1.0.151
#10 19.27    Compiling memchr v2.8.3
#10 19.27    Compiling regex-syntax v0.8.11
#10 19.27    Compiling bitflags v2.13.2
#10 19.27    Compiling linux-raw-sys v0.12.1
#10 19.45    Compiling arraydeque v0.5.1
#10 19.45    Compiling pin-project-lite v0.2.17
#10 19.48    Compiling aho-corasick v1.1.5
#10 19.53    Compiling itoa v1.0.18
#10 19.85    Compiling syn v2.0.119
#10 19.86    Compiling errno v0.3.14
#10 19.86    Compiling mio v1.2.3
#10 19.91    Compiling signal-hook-registry v1.4.8
#10 20.18    Compiling regex-automata v0.4.18
#10 21.03    Compiling thiserror-impl v2.0.18
#10 21.03    Compiling tokio-macros v2.7.1
#10 21.03    Compiling serde_derive v1.0.228
#10 21.22    Compiling regex v1.13.1
#10 21.32    Compiling rubix-platform v0.1.0 (/source/crates/rubix-platform)
#10 21.40    Compiling tokio v1.53.1
#10 21.68    Compiling saphyr-parser v0.0.11 (/source/third_party/saphyr-parser)
#10 22.31    Compiling rubix-supervisor v0.1.0 (/source/crates/rubix-supervisor)
#10 22.37    Compiling rubix-config v0.1.0 (/source/crates/rubix-config)
#10 22.77    Compiling rubix-kube v0.1.0 (/source/crates/rubix-kube)
#10 29.93     Finished `release` profile [optimized + debuginfo] target(s) in 10.72s
#10 29.93   Executable unittests src/lib.rs (target/aarch64-unknown-linux-musl/release/deps/rubix_kube-586ce53ef5a00528)
#10 29.93   Executable tests/host_network.rs (target/aarch64-unknown-linux-musl/release/deps/host_network-e5577a9d22cc7c77)
#10 29.93   Executable tests/host_preparation.rs (target/aarch64-unknown-linux-musl/release/deps/host_preparation-22fc93ae6778e2f8)
#10 29.93 POLICY_TESTS_BEGIN
#10 29.97    Compiling rubix-kube v0.1.0 (/source/crates/rubix-kube)
#10 32.05     Finished `release` profile [optimized + debuginfo] target(s) in 2.10s
#10 32.05      Running unittests examples/prepare_node_host.rs (target/aarch64-unknown-linux-musl/release/examples/prepare_node_host-7e651857a9b8934a)
#10 32.05 
#10 32.05 running 2 tests
#10 32.05 test tests::cancelled_result_publishes_once_and_is_terminal ... ok
#10 32.05 test tests::uncertain_cleanup_is_quiet_terminal_even_when_observer_is_settled ... ok
#10 32.05 
#10 32.05 test result: ok. 2 passed; 0 failed; 0 ignored; 0 measured; 0 filtered out; finished in 0.00s
#10 32.05 
#10 32.05 POLICY_TESTS_END
#10 32.09    Compiling rubix-kube v0.1.0 (/source/crates/rubix-kube)
#10 35.41     Finished `release` profile [optimized + debuginfo] target(s) in 3.34s
#10 35.46 RUBIX_BUILD_BIND_BEGIN d27fd523c220e49152d16cd9279f36db
#10 35.49 924b292847d4e4e8b04f4a6120180b382f366a41f970d035c93ee409d9be309a  /out/prepare_node_host
#10 35.50 06e8bc7b0a10267aa1e245c1bad8d6ed94cac9446eb83e56d2920c396e40c379  /out/rubix_kube
#10 35.53 a8f6ece4b66d2e1456885e9bcaac9243de15cbcd65dab948e705957b30ddcd35  /out/host_preparation
#10 35.57 51fc2c19559ef4458001905ee490fd032e1ce582f6df77e03f84f88e341482fe  /out/host_network
#10 35.57 RUBIX_BUILD_BIND_END d27fd523c220e49152d16cd9279f36db
#10 DONE 35.9s

#11 [stage-1 2/2] COPY --from=build /out/ /out/
#11 CACHED

#12 exporting to image
#12 exporting layers done
#12 exporting manifest sha256:b76f5e8f26fc283761384c7e5c526fe4ee41cd27eaf5b32e09e681991eb1f63e done
#12 exporting config sha256:39379c896bae34d7051b42779423360e17697d67ccb819da1110cdc09286c24c done
#12 exporting attestation manifest sha256:646596fb91bd8edcee209f0963a87a5e8b7caea669a57b52c6697dec69928a76 done
#12 exporting manifest list sha256:92c662d0d1313f0dcce2bd2d777940269f3364bfa3bc5ccdb065bd4949b0f19d done
#12 naming to docker.io/library/rubix-node-container-d27fd523c220e49152d16cd9279f36db:latest done
#12 unpacking to docker.io/library/rubix-node-container-d27fd523c220e49152d16cd9279f36db:latest 0.1s done
#12 DONE 0.2s

View build details: docker-desktop://dashboard/build/desktop-linux/desktop-linux/oafib1qezlmx3xe4jwyof78ea
