RUBIX_ALPINE_BOOT_BEGIN
3.24.2
Linux rubix-parity 6.18.52-0-virt #1-Alpine SMP PREEMPT_DYNAMIC 2026-09-15 05:37:48 aarch64 Linux
uid=0(root) gid=0(root) groups=0(root),0(root),1(bin),2(daemon),3(sys),4(adm),6(disk),10(wheel),11(floppy),20(dialout),26(tape),27(video)
/bin/busybox
apk-tools 3.0.8-r0, compiled for aarch64.
Runlevel: nonetwork
Runlevel: boot
 modules                                                           [  started  ]
 hwclock                                                           [  started  ]
 swap                                                              [  started  ]
 cloud-init-local                                                  [  started  ]
 hostname                                                          [  started  ]
 sysctl                                                            [  started  ]
 bootmisc                                                          [  started  ]
 syslog                                                            [  started  ]
 acpid                                                             [  started  ]
Runlevel: default
 networking                                                        [  started  ]
 chronyd                                                           [  started  ]
 cloud-init-hotplugd                                               [  started  ]
 cloud-init                                                        [  started  ]
 cloud-config                                                      [  started  ]
 cloud-final                                                       [  started  ]
 sshd                                                              [  started  ]
Runlevel: shutdown
 killprocs                                                         [  stopped  ]
 savecache                                                         [  stopped  ]
 mount-ro                                                          [  stopped  ]
Runlevel: sysinit
 devfs                                                             [  started  ]
 dmesg                                                             [  started  ]
 mdev                                                              [  started  ]
 hwdrivers                                                         [  started  ]
Dynamic Runlevel: hotplugged
Dynamic Runlevel: needed/wanted
 sysfs                                                             [  started  ]
 fsck                                                              [  started  ]
 root                                                              [  started  ]
 localmount                                                        [  started  ]
Dynamic Runlevel: manual
REPOSITORIES_BEFORE_BEGIN
https://dl-cdn.alpinelinux.org/alpine/v3.24/main
https://dl-cdn.alpinelinux.org/alpine/v3.24/community
#https://dl-cdn.alpinelinux.org/alpine/v3.24/testing
REPOSITORIES_BEFORE_END
PACKAGES_before_BEGIN
alpine-base-3.24.2-r0
alpine-baselayout-3.7.2-r1
alpine-baselayout-data-3.7.2-r1
alpine-conf-3.22.0-r0
alpine-keys-2.6-r0
alpine-release-3.24.2-r0
apk-tools-3.0.8-r0
blkid-2.42.3-r1
bridge-1.5-r5
busybox-1.37.0-r31
busybox-binsh-1.37.0-r31
busybox-mdev-openrc-1.37.0-r31
busybox-openrc-1.37.0-r31
busybox-suid-1.37.0-r31
ca-certificates-bundle-20260909-r0
chrony-4.8-r7
chrony-common-4.8-r7
chrony-openrc-4.8-r7
cloud-init-26.1-r3
cloud-init-datasource-akamai-26.1-r3
cloud-init-datasource-akamai-pyc-26.1-r3
cloud-init-datasource-aliyun-26.1-r3
cloud-init-datasource-aliyun-pyc-26.1-r3
cloud-init-datasource-altcloud-26.1-r3
cloud-init-datasource-altcloud-pyc-26.1-r3
cloud-init-datasource-azure-26.1-r3
cloud-init-datasource-azure-pyc-26.1-r3
cloud-init-datasource-bigstep-26.1-r3
cloud-init-datasource-bigstep-pyc-26.1-r3
cloud-init-datasource-cloudcix-26.1-r3
cloud-init-datasource-cloudcix-pyc-26.1-r3
cloud-init-datasource-cloudsigma-26.1-r3
cloud-init-datasource-cloudsigma-pyc-26.1-r3
cloud-init-datasource-cloudstack-26.1-r3
cloud-init-datasource-cloudstack-pyc-26.1-r3
cloud-init-datasource-configdrive-26.1-r3
cloud-init-datasource-configdrive-pyc-26.1-r3
cloud-init-datasource-digitalocean-26.1-r3
cloud-init-datasource-digitalocean-pyc-26.1-r3
cloud-init-datasource-ec2-26.1-r3
cloud-init-datasource-ec2-pyc-26.1-r3
cloud-init-datasource-exoscale-26.1-r3
cloud-init-datasource-exoscale-pyc-26.1-r3
cloud-init-datasource-gce-26.1-r3
cloud-init-datasource-gce-pyc-26.1-r3
cloud-init-datasource-hetzner-26.1-r3
cloud-init-datasource-hetzner-pyc-26.1-r3
cloud-init-datasource-ibmcloud-26.1-r3
cloud-init-datasource-ibmcloud-pyc-26.1-r3
cloud-init-datasource-lxd-26.1-r3
cloud-init-datasource-lxd-pyc-26.1-r3
cloud-init-datasource-maas-26.1-r3
cloud-init-datasource-maas-pyc-26.1-r3
cloud-init-datasource-nocloud-26.1-r3
cloud-init-datasource-nocloud-pyc-26.1-r3
cloud-init-datasource-nwcs-26.1-r3
cloud-init-datasource-nwcs-pyc-26.1-r3
cloud-init-datasource-opennebula-26.1-r3
cloud-init-datasource-opennebula-pyc-26.1-r3
cloud-init-datasource-openstack-26.1-r3
cloud-init-datasource-openstack-pyc-26.1-r3
cloud-init-datasource-oracle-26.1-r3
cloud-init-datasource-oracle-pyc-26.1-r3
cloud-init-datasource-ovf-26.1-r3
cloud-init-datasource-ovf-pyc-26.1-r3
cloud-init-datasource-rbx-26.1-r3
cloud-init-datasource-rbx-pyc-26.1-r3
cloud-init-datasource-scaleway-26.1-r3
cloud-init-datasource-scaleway-pyc-26.1-r3
cloud-init-datasource-smartos-26.1-r3
cloud-init-datasource-smartos-pyc-26.1-r3
cloud-init-datasource-upcloud-26.1-r3
cloud-init-datasource-upcloud-pyc-26.1-r3
cloud-init-datasource-vmware-26.1-r3
cloud-init-datasource-vmware-pyc-26.1-r3
cloud-init-datasource-vultr-26.1-r3
cloud-init-datasource-vultr-pyc-26.1-r3
cloud-init-datasource-wsl-26.1-r3
cloud-init-datasource-wsl-pyc-26.1-r3
cloud-init-datasources-26.1-r3
cloud-init-openrc-26.1-r3
cloud-init-pyc-26.1-r3
cloud-utils-growpart-0.33-r1
cryptsetup-libs-2.8.6-r0
device-mapper-libs-2.03.35-r3
dhcpcd-10.5.2-r0
dhcpcd-openrc-10.5.2-r0
doas-6.8.2-r8
dosfstools-4.2-r2
e2fsprogs-1.47.4-r0
e2fsprogs-extra-1.47.4-r0
e2fsprogs-libs-1.47.4-r0
gdbm-1.26-r0
ifupdown-ng-0.13.0-r0
ifupdown-ng-iproute2-0.13.0-r0
iproute2-minimal-7.0.0-r0
json-c-0.18-r1
kmod-34.2-r1
kmod-libs-34.2-r1
lddtree-1.27-r0
libapk-3.0.8-r0
libblkid-2.42.3-r1
libbsd-0.12.2-r0
libbz2-1.0.8-r6
libcap2-2.78-r0
libcom_err-1.47.4-r0
libcrypto3-3.5.8-r0
libeconf-0.8.3-r0
libedit-20260508.3.1-r1
libelf-0.195-r0
libexpat-2.8.4-r0
libfdisk-2.42.3-r1
libffi-3.5.2-r1
libgcc-15.2.0-r5
libmd-1.2.0-r0
libmnl-1.0.5-r2
libmount-2.42.3-r1
libncursesw-6.6_p20260516-r0
libnvme-1.16.2-r0
libnvmemi-1.16.2-r0
libpanelw-6.6_p20260516-r0
libseccomp-2.6.0-r2
libsmartcols-2.42.3-r1
libssl3-3.5.8-r0
libstdc++-15.2.0-r5
libuuid-2.42.3-r1
limine-efi-aarch64-12.9.0-r0
limine-efi-updater-12.9.0-r0
linux-pam-1.7.1-r2
linux-virt-6.18.52-r0
mdev-conf-4.10-r0
mkinitfs-3.14.1-r0
mount-2.42.3-r1
mpdecimal-4.0.1-r0
musl-1.2.6-r2
musl-utils-1.2.6-r2
ncurses-terminfo-base-6.6_p20260516-r0
nvme-cli-2.16-r1
openrc-0.63.2-r0
openrc-user-0.63.2-r0
openssh-10.3_p1-r1
openssh-client-common-10.3_p1-r1
openssh-client-default-10.3_p1-r1
openssh-keygen-10.3_p1-r1
openssh-server-10.3_p1-r1
openssh-server-common-10.3_p1-r1
openssh-server-common-openrc-10.3_p1-r1
openssh-server-pam-10.3_p1-r1
openssh-sftp-server-10.3_p1-r1
partx-2.42.3-r1
popt-1.19-r4
py3-attrs-26.1.0-r0
py3-attrs-pyc-26.1.0-r0
py3-certifi-2026.2.25-r1
py3-certifi-pyc-2026.2.25-r1
py3-charset-normalizer-3.4.9-r0
py3-charset-normalizer-pyc-3.4.9-r0
py3-configobj-5.0.9-r2
py3-configobj-pyc-5.0.9-r2
py3-idna-3.16-r0
py3-idna-pyc-3.16-r0
py3-jinja2-3.1.6-r1
py3-jinja2-pyc-3.1.6-r1
py3-jsonpatch-1.33-r5
py3-jsonpatch-pyc-1.33-r5
py3-jsonpointer-3.1.1-r0
py3-jsonpointer-pyc-3.1.1-r0
py3-jsonschema-4.26.0-r0
py3-jsonschema-pyc-4.26.0-r0
py3-jsonschema-specifications-2025.9.1-r2
py3-jsonschema-specifications-pyc-2025.9.1-r2
py3-markupsafe-3.0.3-r1
py3-markupsafe-pyc-3.0.3-r1
py3-referencing-0.37.0-r1
py3-referencing-pyc-0.37.0-r1
py3-requests-2.33.1-r0
py3-requests-pyc-2.33.1-r0
py3-rpds-py-0.30.0-r2
py3-rpds-py-pyc-0.30.0-r2
py3-typing-extensions-4.15.0-r1
py3-typing-extensions-pyc-4.15.0-r1
py3-urllib3-2.7.0-r0
py3-urllib3-pyc-2.7.0-r0
py3-yaml-6.0.3-r2
py3-yaml-pyc-6.0.3-r2
pyc-3.14.7-r1
python3-3.14.7-r1
python3-pyc-3.14.7-r1
python3-pycache-pyc0-3.14.7-r1
readline-8.3.3-r1
scanelf-1.3.9-r1
sfdisk-2.42.3-r1
sgdisk-1.0.10-r1
shadow-4.18.0-r1
skalibs-libs-2.15.0.0-r0
sqlite-libs-3.53.4-r0
ssl_client-1.37.0-r31
tzdata-2026d-r0
utmps-libs-0.1.3.3-r0
xz-libs-5.8.4-r0
yaml-0.2.5-r2
zlib-1.3.2-r0
zstd-libs-1.5.7-r2
PACKAGES_before_END
CONTROLLERS_before ABSENT
RUBIX_ALPINE_BOOT_COMPLETE
=== RUN   TestOwnedGuestPreparation
RUBIX_ALPINE_BASELINE {"action":"network","error":"required Alpine networking packages not found: nftables, iptables. kube-proxy needs both nftables (nft) and iptables (iptables-nft wrapper). Run the installer with --install-prereqs to install them automatically, or run: apk add nftables iptables","install":false}
--- PASS: TestOwnedGuestPreparation (0.00s)
PASS
=== RUN   TestOwnedGuestPreparation
RUBIX_ALPINE_BASELINE {"action":"cgroups","error":"cgroup controllers are not available on this Alpine system. Run: rc-update add cgroups boot \u0026\u0026 rc-service cgroups start — or re-run the installer with --install-prereqs","install":false}
--- PASS: TestOwnedGuestPreparation (0.00s)
PASS
RUBIX_NO_OPT_IN_UNCHANGED
=== RUN   TestOwnedGuestPreparation
RUBIX_ALPINE_BASELINE {"action":"network","error":"","install":true}
--- PASS: TestOwnedGuestPreparation (0.08s)
PASS
PACKAGES_installed_BEGIN
alpine-base-3.24.2-r0
alpine-baselayout-3.7.2-r1
alpine-baselayout-data-3.7.2-r1
alpine-conf-3.22.0-r0
alpine-keys-2.6-r0
alpine-release-3.24.2-r0
apk-tools-3.0.8-r0
blkid-2.42.3-r1
bridge-1.5-r5
busybox-1.37.0-r31
busybox-binsh-1.37.0-r31
busybox-mdev-openrc-1.37.0-r31
busybox-openrc-1.37.0-r31
busybox-suid-1.37.0-r31
ca-certificates-bundle-20260909-r0
chrony-4.8-r7
chrony-common-4.8-r7
chrony-openrc-4.8-r7
cloud-init-26.1-r3
cloud-init-datasource-akamai-26.1-r3
cloud-init-datasource-akamai-pyc-26.1-r3
cloud-init-datasource-aliyun-26.1-r3
cloud-init-datasource-aliyun-pyc-26.1-r3
cloud-init-datasource-altcloud-26.1-r3
cloud-init-datasource-altcloud-pyc-26.1-r3
cloud-init-datasource-azure-26.1-r3
cloud-init-datasource-azure-pyc-26.1-r3
cloud-init-datasource-bigstep-26.1-r3
cloud-init-datasource-bigstep-pyc-26.1-r3
cloud-init-datasource-cloudcix-26.1-r3
cloud-init-datasource-cloudcix-pyc-26.1-r3
cloud-init-datasource-cloudsigma-26.1-r3
cloud-init-datasource-cloudsigma-pyc-26.1-r3
cloud-init-datasource-cloudstack-26.1-r3
cloud-init-datasource-cloudstack-pyc-26.1-r3
cloud-init-datasource-configdrive-26.1-r3
cloud-init-datasource-configdrive-pyc-26.1-r3
cloud-init-datasource-digitalocean-26.1-r3
cloud-init-datasource-digitalocean-pyc-26.1-r3
cloud-init-datasource-ec2-26.1-r3
cloud-init-datasource-ec2-pyc-26.1-r3
cloud-init-datasource-exoscale-26.1-r3
cloud-init-datasource-exoscale-pyc-26.1-r3
cloud-init-datasource-gce-26.1-r3
cloud-init-datasource-gce-pyc-26.1-r3
cloud-init-datasource-hetzner-26.1-r3
cloud-init-datasource-hetzner-pyc-26.1-r3
cloud-init-datasource-ibmcloud-26.1-r3
cloud-init-datasource-ibmcloud-pyc-26.1-r3
cloud-init-datasource-lxd-26.1-r3
cloud-init-datasource-lxd-pyc-26.1-r3
cloud-init-datasource-maas-26.1-r3
cloud-init-datasource-maas-pyc-26.1-r3
cloud-init-datasource-nocloud-26.1-r3
cloud-init-datasource-nocloud-pyc-26.1-r3
cloud-init-datasource-nwcs-26.1-r3
cloud-init-datasource-nwcs-pyc-26.1-r3
cloud-init-datasource-opennebula-26.1-r3
cloud-init-datasource-opennebula-pyc-26.1-r3
cloud-init-datasource-openstack-26.1-r3
cloud-init-datasource-openstack-pyc-26.1-r3
cloud-init-datasource-oracle-26.1-r3
cloud-init-datasource-oracle-pyc-26.1-r3
cloud-init-datasource-ovf-26.1-r3
cloud-init-datasource-ovf-pyc-26.1-r3
cloud-init-datasource-rbx-26.1-r3
cloud-init-datasource-rbx-pyc-26.1-r3
cloud-init-datasource-scaleway-26.1-r3
cloud-init-datasource-scaleway-pyc-26.1-r3
cloud-init-datasource-smartos-26.1-r3
cloud-init-datasource-smartos-pyc-26.1-r3
cloud-init-datasource-upcloud-26.1-r3
cloud-init-datasource-upcloud-pyc-26.1-r3
cloud-init-datasource-vmware-26.1-r3
cloud-init-datasource-vmware-pyc-26.1-r3
cloud-init-datasource-vultr-26.1-r3
cloud-init-datasource-vultr-pyc-26.1-r3
cloud-init-datasource-wsl-26.1-r3
cloud-init-datasource-wsl-pyc-26.1-r3
cloud-init-datasources-26.1-r3
cloud-init-openrc-26.1-r3
cloud-init-pyc-26.1-r3
cloud-utils-growpart-0.33-r1
cryptsetup-libs-2.8.6-r0
device-mapper-libs-2.03.35-r3
dhcpcd-10.5.2-r0
dhcpcd-openrc-10.5.2-r0
doas-6.8.2-r8
dosfstools-4.2-r2
e2fsprogs-1.47.4-r0
e2fsprogs-extra-1.47.4-r0
e2fsprogs-libs-1.47.4-r0
gdbm-1.26-r0
gmp-6.3.0-r4
ifupdown-ng-0.13.0-r0
ifupdown-ng-iproute2-0.13.0-r0
iproute2-minimal-7.0.0-r0
iptables-1.8.13-r0
iptables-openrc-1.8.13-r0
jansson-2.15.0-r0
json-c-0.18-r1
kmod-34.2-r1
kmod-libs-34.2-r1
lddtree-1.27-r0
libapk-3.0.8-r0
libblkid-2.42.3-r1
libbsd-0.12.2-r0
libbz2-1.0.8-r6
libcap2-2.78-r0
libcom_err-1.47.4-r0
libcrypto3-3.5.8-r0
libeconf-0.8.3-r0
libedit-20260508.3.1-r1
libelf-0.195-r0
libexpat-2.8.4-r0
libfdisk-2.42.3-r1
libffi-3.5.2-r1
libgcc-15.2.0-r5
libmd-1.2.0-r0
libmnl-1.0.5-r2
libmount-2.42.3-r1
libncursesw-6.6_p20260516-r0
libnftnl-1.3.1-r0
libnvme-1.16.2-r0
libnvmemi-1.16.2-r0
libpanelw-6.6_p20260516-r0
libseccomp-2.6.0-r2
libsmartcols-2.42.3-r1
libssl3-3.5.8-r0
libstdc++-15.2.0-r5
libuuid-2.42.3-r1
libxtables-1.8.13-r0
limine-efi-aarch64-12.9.0-r0
limine-efi-updater-12.9.0-r0
linux-pam-1.7.1-r2
linux-virt-6.18.52-r0
mdev-conf-4.10-r0
mkinitfs-3.14.1-r0
mount-2.42.3-r1
mpdecimal-4.0.1-r0
musl-1.2.6-r2
musl-utils-1.2.6-r2
ncurses-terminfo-base-6.6_p20260516-r0
nftables-1.1.6-r1
nftables-openrc-1.1.6-r1
nvme-cli-2.16-r1
openrc-0.63.2-r0
openrc-user-0.63.2-r0
openssh-10.3_p1-r1
openssh-client-common-10.3_p1-r1
openssh-client-default-10.3_p1-r1
openssh-keygen-10.3_p1-r1
openssh-server-10.3_p1-r1
openssh-server-common-10.3_p1-r1
openssh-server-common-openrc-10.3_p1-r1
openssh-server-pam-10.3_p1-r1
openssh-sftp-server-10.3_p1-r1
partx-2.42.3-r1
popt-1.19-r4
py3-attrs-26.1.0-r0
py3-attrs-pyc-26.1.0-r0
py3-certifi-2026.2.25-r1
py3-certifi-pyc-2026.2.25-r1
py3-charset-normalizer-3.4.9-r0
py3-charset-normalizer-pyc-3.4.9-r0
py3-configobj-5.0.9-r2
py3-configobj-pyc-5.0.9-r2
py3-idna-3.16-r0
py3-idna-pyc-3.16-r0
py3-jinja2-3.1.6-r1
py3-jinja2-pyc-3.1.6-r1
py3-jsonpatch-1.33-r5
py3-jsonpatch-pyc-1.33-r5
py3-jsonpointer-3.1.1-r0
py3-jsonpointer-pyc-3.1.1-r0
py3-jsonschema-4.26.0-r0
py3-jsonschema-pyc-4.26.0-r0
py3-jsonschema-specifications-2025.9.1-r2
py3-jsonschema-specifications-pyc-2025.9.1-r2
py3-markupsafe-3.0.3-r1
py3-markupsafe-pyc-3.0.3-r1
py3-referencing-0.37.0-r1
py3-referencing-pyc-0.37.0-r1
py3-requests-2.33.1-r0
py3-requests-pyc-2.33.1-r0
py3-rpds-py-0.30.0-r2
py3-rpds-py-pyc-0.30.0-r2
py3-typing-extensions-4.15.0-r1
py3-typing-extensions-pyc-4.15.0-r1
py3-urllib3-2.7.0-r0
py3-urllib3-pyc-2.7.0-r0
py3-yaml-6.0.3-r2
py3-yaml-pyc-6.0.3-r2
pyc-3.14.7-r1
python3-3.14.7-r1
python3-pyc-3.14.7-r1
python3-pycache-pyc0-3.14.7-r1
readline-8.3.3-r1
scanelf-1.3.9-r1
sfdisk-2.42.3-r1
sgdisk-1.0.10-r1
shadow-4.18.0-r1
skalibs-libs-2.15.0.0-r0
sqlite-libs-3.53.4-r0
ssl_client-1.37.0-r31
tzdata-2026d-r0
utmps-libs-0.1.3.3-r0
xz-libs-5.8.4-r0
yaml-0.2.5-r2
zlib-1.3.2-r0
zstd-libs-1.5.7-r2
PACKAGES_installed_END
nftables v1.1.6 (Commodore Bullmoose #7)
iptables v1.8.13 (nf_tables)
=== RUN   TestOwnedGuestPreparation
RUBIX_ALPINE_BASELINE {"action":"network","error":"","install":true}
--- PASS: TestOwnedGuestPreparation (0.00s)
PASS
RUBIX_PACKAGE_REPEAT_UNCHANGED
=== RUN   TestOwnedGuestPreparation
RUBIX_ALPINE_BASELINE {"action":"cgroups","error":"","install":true}
--- PASS: TestOwnedGuestPreparation (0.08s)
PASS
CONTROLLERS_after cpuset cpu io memory hugetlb pids dmem
 * status: started
                acpid | boot
             bootmisc | boot
              cgroups | boot
     cloud-init-local | boot
             hostname | boot
              hwclock | boot
              modules | boot
                 swap | boot
               sysctl | boot
               syslog | boot
=== RUN   TestOwnedGuestPreparation
RUBIX_ALPINE_BASELINE {"action":"cgroups","error":"","install":true}
--- PASS: TestOwnedGuestPreparation (0.00s)
PASS
CONTROLLERS_repeated cpuset cpu io memory hugetlb pids dmem
RUBIX_PREPARATION_COMPLETE
