{
  "boot_status_code": "enabled-by-sysvinit",
  "datasource": "nocloud",
  "detail": "DataSourceNoCloud [seed=/dev/vdb]",
  "errors": [],
  "extended_status": "degraded done",
  "init": {
    "errors": [],
    "finished": 9.95,
    "recoverable_errors": {},
    "start": 9.35
  },
  "init-local": {
    "errors": [],
    "finished": 4.18,
    "recoverable_errors": {},
    "start": 3.89
  },
  "last_update": "Thu, 01 Jan 1970 00:00:10 +0000",
  "modules-config": {
    "errors": [],
    "finished": 10.15,
    "recoverable_errors": {},
    "start": 10.13
  },
  "modules-final": {
    "errors": [],
    "finished": 10.36,
    "recoverable_errors": {
      "WARNING": [
        "Unable to activate module keys_to_console, helper tool not found at /usr/lib/cloud-init/write-ssh-key-fingerprints"
      ]
    },
    "start": 10.33
  },
  "recoverable_errors": {
    "WARNING": [
      "Unable to activate module keys_to_console, helper tool not found at /usr/lib/cloud-init/write-ssh-key-fingerprints"
    ]
  },
  "stage": null,
  "status": "done"
}
