{
  "boot_status_code": "enabled-by-sysvinit",
  "datasource": "nocloud",
  "detail": "DataSourceNoCloud [seed=/dev/vdb]",
  "errors": [],
  "extended_status": "done",
  "init": {
    "errors": [],
    "finished": 8.21,
    "recoverable_errors": {},
    "start": 8.15
  },
  "init-local": {
    "errors": [],
    "finished": 2.57,
    "recoverable_errors": {},
    "start": 2.44
  },
  "last_update": "Thu, 01 Jan 1970 00:00:08 +0000",
  "modules-config": {
    "errors": [],
    "finished": 8.41,
    "recoverable_errors": {},
    "start": 8.4
  },
  "modules-final": {
    "errors": [],
    "finished": 8.66,
    "recoverable_errors": {},
    "start": 8.61
  },
  "recoverable_errors": {},
  "stage": null,
  "status": "done"
}
