b0534ce94c8bf8fb9f61ff76254e0f0775ad98e6bbcc5abe9ef9f046f87d2229  /decode-tests
b1ba571471b454ed7b5172373582cd54980dc37a0b0efae1e6d779777bbc3eb7  /decoded_elf-tests
ba9cd37b09b95d917a30f70ea64b040563b5b59ec0925884d23d11ab02306f83  /fixture
RUBIX_SUITE decode

running 14 tests
test aggregate_budget_is_checked_before_observer_and_retained_on_header_failure ... ok
test all_truncations_corrupt_checksum_and_trailing_members_fail_after_rehash ... ok
test empty_frames_still_require_completion_and_consume_one_probe ... ok
test exact_limit_succeeds_but_excess_and_failed_attempts_retain_budget_charges ... ok
test gzip_header_fields_are_bounded_before_decoder_allocation ... ok
test gzip_optional_fields_and_header_crc_are_checked_without_using_names_as_paths ... ok
test image_limit_and_executable_limit_are_distinct_and_receipt_requires_full_trailer ... ok
test independent_fixed_vectors_match_decoded_hash_and_binding ... ok
test invalid_limits_fail_without_a_session ... ok
test observer_failure_is_typed_provisional_and_display_does_not_leak ... ok
test same_encoded_slice_must_match_before_any_callback ... ok
test unknown_size_rle_bomb_is_streamed_in_fixed_chunks_and_stops_at_limit ... ok
test unknown_zstd_content_size_is_still_bounded_and_checksum_is_checked ... ok
test zstd_skippable_dictionary_large_window_and_reserved_headers_are_rejected ... ok

test result: ok. 14 passed; 0 failed; 0 ignored; 0 measured; 0 filtered out; finished in 0.01s

RUBIX_SUITE decoded_elf

running 10 tests
test altered_encoded_slice_fails_before_decode_and_keeps_attempt_charge ... ok
test every_supported_machine_preserves_header_only_abi_boundary ... ok
test exact_encoded_hash_does_not_hide_wrong_machine_class_endian_or_loader ... ok
test failed_elf_parsing_keeps_both_budgets_and_repeated_calls_exhaust_decoded_budget ... ok
test incomplete_or_corrupt_frames_never_reach_elf_inspection ... ok
test invalid_limits_identity_and_gzip_image_are_rejected_without_budget_effects ... ok
test raw_frame_and_independent_elf_share_completed_digest_and_observations ... ok
test retained_encoded_budget_cannot_be_refreshed_by_composition ... ok
test rle_expansion_stops_at_tighter_elf_cap_before_parser ... ok
test tighter_elf_decode_and_session_limits_bound_unknown_size_output ... ok

test result: ok. 10 passed; 0 failed; 0 ignored; 0 measured; 0 filtered out; finished in 0.00s

RUBIX_NAMESPACE {"helper":35,"init":1,"processes":[1,7,35],"shell":7}
