[
    {
        "Id": "sha256:eca42b52a6b8bc53f6a672437f164120df24310fe2b12ff7b009f24530b2aaee",
        "RepoTags": [
            "rubix-resolved-f4dulm:latest"
        ],
        "RepoDigests": [
            "rubix-resolved-f4dulm@sha256:eca42b52a6b8bc53f6a672437f164120df24310fe2b12ff7b009f24530b2aaee"
        ],
        "Comment": "buildkit.dockerfile.v0",
        "Created": "2026-09-29T06:54:39.233172427Z",
        "Config": {
            "User": "65532:65532",
            "Env": [
                "PATH=/usr/local/sbin:/usr/local/bin:/usr/sbin:/usr/bin:/sbin:/bin"
            ],
            "Entrypoint": [
                "/out/extract"
            ],
            "WorkingDir": "/"
        },
        "Architecture": "arm64",
        "Os": "linux",
        "Size": 36451578,
        "RootFS": {
            "Type": "layers",
            "Layers": [
                "sha256:9850cf748f94156bb52fa570aec3f21ec8d489ce9bfed268bb158c94716378aa"
            ]
        },
        "Metadata": {
            "LastTagTime": "2026-09-29T06:54:41.186191678Z"
        },
        "Descriptor": {
            "mediaType": "application/vnd.oci.image.index.v1+json",
            "digest": "sha256:eca42b52a6b8bc53f6a672437f164120df24310fe2b12ff7b009f24530b2aaee",
            "size": 855
        },
        "Identity": {
            "Build": [
                {
                    "Ref": "07xiyzz2dkqw49nyc4zx9soxz",
                    "CreatedAt": "2026-09-29T06:54:41.410559262Z"
                }
            ]
        }
    }
]
