#0 building with "desktop-linux" instance using docker driver

#1 [internal] load build definition from Capture.Dockerfile
#1 transferring dockerfile: 1.32kB done
#1 DONE 0.0s

#2 [internal] load metadata for docker.io/library/rust@sha256:0e2bcaef56d041a486784e54104a81aebe0da44bd03019bd70bc0401e42e4a97
#2 DONE 0.0s

#3 [internal] load .dockerignore
#3 transferring context: 2B done
#3 DONE 0.0s

#4 [build 1/5] FROM docker.io/library/rust@sha256:0e2bcaef56d041a486784e54104a81aebe0da44bd03019bd70bc0401e42e4a97
#4 resolve docker.io/library/rust@sha256:0e2bcaef56d041a486784e54104a81aebe0da44bd03019bd70bc0401e42e4a97 done
#4 DONE 0.0s

#5 [internal] load build context
#5 transferring context: 3.95MB 0.1s done
#5 DONE 0.1s

#6 [build 2/5] WORKDIR /source
#6 CACHED

#7 [build 3/5] COPY . .
#7 DONE 0.1s

#8 [build 4/5] RUN cargo build -p rubix-dev --bin rubix-node-fixture --release --locked && cargo test -p rubix-kube --test host_preflight --test iptables_probe --locked --no-run && cargo build -p rubix-kube --example assess_host --locked && mkdir /out && for suite in host_preflight iptables_probe; do count=0; for executable in target/debug/deps/$suite-*; do if [ -f "$executable" ] && [ -x "$executable" ]; then cp "$executable" /out/$suite; count=$((count + 1)); fi; done; test "$count" -eq 1 || exit 1; done && cp target/debug/examples/assess_host /out/assess_host && cp target/release/rubix-node-fixture /out/node-fixture
#8 0.182 info: syncing channel updates for 1.97.1-aarch64-unknown-linux-gnu
#8 1.315 info: latest update on 2026-07-16 for version 1.97.1 (8bab26f4f 2026-07-14)
#8 1.329 info: downloading 3 components
#8 4.110     Updating crates.io index
#8 6.193  Downloading crates ...
#8 6.597   Downloaded adler2 v2.0.1
#8 6.762   Downloaded cpufeatures v0.3.1
#8 6.820   Downloaded equivalent v1.0.2
#8 6.828   Downloaded errno v0.3.14
#8 6.830   Downloaded block-buffer v0.12.1
#8 6.863   Downloaded crypto-common v0.2.2
#8 6.870   Downloaded serde_spanned v1.1.1
#8 6.949   Downloaded itoa v1.0.18
#8 7.041   Downloaded cfg-if v1.0.5
#8 7.050   Downloaded jobserver v0.1.35
#8 7.052   Downloaded pin-project-lite v0.2.17
#8 7.059   Downloaded toml_datetime v0.7.5+spec-1.1.0
#8 7.060   Downloaded zstd v0.13.3
#8 7.066   Downloaded simd-adler32 v0.3.10
#8 7.068   Downloaded zstd-safe v7.3.0
#8 7.069   Downloaded zmij v1.0.23
#8 7.094   Downloaded quote v1.0.47
#8 7.099   Downloaded fastrand v2.5.0
#8 7.100   Downloaded find-msvc-tools v0.1.14
#8 7.102   Downloaded toml_writer v1.1.2+spec-1.1.0
#8 7.103   Downloaded shlex v2.0.1
#8 7.132   Downloaded pkg-config v0.3.34
#8 7.134   Downloaded signal-hook-registry v1.4.8
#8 7.135   Downloaded crc32fast v1.5.2
#8 7.138   Downloaded hybrid-array v0.4.15
#8 7.141   Downloaded digest v0.11.3
#8 7.145   Downloaded filetime v0.2.29
#8 7.163   Downloaded sha2 v0.11.0
#8 7.169   Downloaded unicode-ident v1.0.26
#8 7.200   Downloaded toml_parser v1.0.5+spec-1.0.0
#8 7.203   Downloaded getrandom v0.4.3
#8 7.213   Downloaded once_cell v1.21.4
#8 7.216   Downloaded tempfile v3.27.0
#8 7.220   Downloaded toml v0.9.6
#8 7.224   Downloaded serde_core v1.0.228
#8 7.228   Downloaded bitflags v2.13.2
#8 7.236   Downloaded serde_derive v1.0.228
#8 7.245   Downloaded base64 v0.22.1
#8 7.250   Downloaded miniz_oxide v0.9.1
#8 7.253   Downloaded proc-macro2 v1.0.107
#8 7.278   Downloaded tar v0.4.46
#8 7.296   Downloaded serde v1.0.228
#8 7.300   Downloaded cc v1.5.1
#8 7.303   Downloaded memchr v2.8.3
#8 7.311   Downloaded typenum v1.20.1
#8 7.314   Downloaded flate2 v1.1.10
#8 7.319   Downloaded indexmap v2.11.3
#8 7.324   Downloaded mio v1.2.3
#8 7.333   Downloaded typed-path v0.12.3
#8 7.346   Downloaded hashbrown v0.15.5
#8 7.352   Downloaded zip v8.6.0
#8 7.364   Downloaded regex v1.13.1
#8 7.370   Downloaded winnow v0.7.15
#8 7.382   Downloaded aho-corasick v1.1.5
#8 7.388   Downloaded serde_json v1.0.151
#8 7.617   Downloaded syn v2.0.119
#8 7.628   Downloaded regex-syntax v0.8.11
#8 7.635   Downloaded rustix v1.1.5
#8 7.675   Downloaded regex-automata v0.4.18
#8 7.749   Downloaded zstd-sys v2.1.0+zstd.1.5.7
#8 7.767   Downloaded libc v0.2.189
#8 7.840   Downloaded tokio v1.53.1
#8 7.952   Downloaded linux-raw-sys v0.12.1
#8 8.058    Compiling libc v0.2.189
#8 8.058    Compiling proc-macro2 v1.0.107
#8 8.059    Compiling cfg-if v1.0.5
#8 8.059    Compiling quote v1.0.47
#8 8.059    Compiling find-msvc-tools v0.1.14
#8 8.061    Compiling serde_core v1.0.228
#8 8.061    Compiling shlex v2.0.1
#8 8.065    Compiling pkg-config v0.3.34
#8 8.065    Compiling typenum v1.20.1
#8 8.066    Compiling memchr v2.8.3
#8 8.067    Compiling unicode-ident v1.0.26
#8 8.069    Compiling crc32fast v1.5.2
#8 8.069    Compiling rustix v1.1.5
#8 8.069    Compiling adler2 v2.0.1
#8 8.069    Compiling zmij v1.0.23
#8 8.109    Compiling simd-adler32 v0.3.10
#8 8.145    Compiling getrandom v0.4.3
#8 8.153    Compiling zstd-safe v7.3.0
#8 8.172    Compiling hashbrown v0.15.5
#8 8.177    Compiling regex-syntax v0.8.11
#8 8.337    Compiling miniz_oxide v0.9.1
#8 8.339    Compiling winnow v0.7.15
#8 8.345    Compiling serde_json v1.0.151
#8 8.352    Compiling serde v1.0.228
#8 8.407    Compiling aho-corasick v1.1.5
#8 8.422    Compiling linux-raw-sys v0.12.1
#8 8.459    Compiling bitflags v2.13.2
#8 8.464    Compiling equivalent v1.0.2
#8 8.557    Compiling fastrand v2.5.0
#8 8.562    Compiling once_cell v1.21.4
#8 8.597    Compiling hybrid-array v0.4.15
#8 8.628    Compiling indexmap v2.11.3
#8 8.697    Compiling flate2 v1.1.10
#8 8.809    Compiling syn v2.0.119
#8 8.902    Compiling jobserver v0.1.35
#8 8.921    Compiling errno v0.3.14
#8 8.927    Compiling crypto-common v0.2.2
#8 8.936    Compiling block-buffer v0.12.1
#8 8.979    Compiling signal-hook-registry v1.4.8
#8 8.995    Compiling filetime v0.2.29
#8 9.027    Compiling cc v1.5.1
#8 9.033    Compiling mio v1.2.3
#8 9.074    Compiling cpufeatures v0.3.1
#8 9.110    Compiling pin-project-lite v0.2.17
#8 9.135    Compiling itoa v1.0.18
#8 9.135    Compiling typed-path v0.12.3
#8 9.165    Compiling tar v0.4.46
#8 9.182    Compiling base64 v0.22.1
#8 9.226    Compiling tokio v1.53.1
#8 9.257    Compiling toml_parser v1.0.5+spec-1.0.0
#8 9.321    Compiling digest v0.11.3
#8 9.347    Compiling regex-automata v0.4.18
#8 9.426    Compiling sha2 v0.11.0
#8 9.676    Compiling toml_datetime v0.7.5+spec-1.1.0
#8 9.676    Compiling serde_spanned v1.1.1
#8 9.827    Compiling zip v8.6.0
#8 9.968    Compiling toml v0.9.6
#8 10.09    Compiling serde_derive v1.0.228
#8 10.17    Compiling zstd-sys v2.1.0+zstd.1.5.7
#8 10.65    Compiling tempfile v3.27.0
#8 11.15    Compiling regex v1.13.1
#8 18.20    Compiling zstd v0.13.3
#8 18.27    Compiling rubix-dev v0.1.0 (/source/tools/dev)
#8 42.53     Finished `release` profile [optimized + debuginfo] target(s) in 38.44s
#8 42.67  Downloading crates ...
#8 43.08   Downloaded arraydeque v0.5.1
#8 43.21   Downloaded tokio-macros v2.7.1
#8 43.22   Downloaded thiserror v2.0.18
#8 43.23   Downloaded thiserror-impl v2.0.18
#8 43.25    Compiling proc-macro2 v1.0.107
#8 43.25    Compiling unicode-ident v1.0.26
#8 43.25    Compiling quote v1.0.47
#8 43.25    Compiling libc v0.2.189
#8 43.25    Compiling serde_core v1.0.228
#8 43.26    Compiling memchr v2.8.3
#8 43.26    Compiling zmij v1.0.23
#8 43.26    Compiling thiserror v2.0.18
#8 43.26    Compiling rustix v1.1.5
#8 43.26    Compiling regex-syntax v0.8.11
#8 43.26    Compiling serde v1.0.228
#8 43.26    Compiling linux-raw-sys v0.12.1
#8 43.26    Compiling serde_json v1.0.151
#8 43.26    Compiling bitflags v2.13.2
#8 43.27    Compiling pin-project-lite v0.2.17
#8 43.27    Compiling arraydeque v0.5.1
#8 43.32    Compiling itoa v1.0.18
#8 43.59    Compiling aho-corasick v1.1.5
#8 43.93    Compiling syn v2.0.119
#8 44.18    Compiling errno v0.3.14
#8 44.20    Compiling mio v1.2.3
#8 44.23    Compiling signal-hook-registry v1.4.8
#8 44.38    Compiling regex-automata v0.4.18
#8 46.29    Compiling regex v1.13.1
#8 46.38    Compiling rubix-platform v0.1.0 (/source/crates/rubix-platform)
#8 46.82    Compiling thiserror-impl v2.0.18
#8 46.82    Compiling tokio-macros v2.7.1
#8 46.89    Compiling serde_derive v1.0.228
#8 48.17    Compiling tokio v1.53.1
#8 48.43    Compiling saphyr-parser v0.0.11 (/source/third_party/saphyr-parser)
#8 49.27    Compiling rubix-supervisor v0.1.0 (/source/crates/rubix-supervisor)
#8 49.79    Compiling rubix-config v0.1.0 (/source/crates/rubix-config)
#8 50.22    Compiling rubix-kube v0.1.0 (/source/crates/rubix-kube)
#8 51.51     Finished `test` profile [unoptimized + debuginfo] target(s) in 8.89s
#8 51.51   Executable tests/host_preflight.rs (target/debug/deps/host_preflight-798b8730fdc2a82c)
#8 51.51   Executable tests/iptables_probe.rs (target/debug/deps/iptables_probe-38f655e2a2617ce3)
#8 51.56    Compiling rubix-kube v0.1.0 (/source/crates/rubix-kube)
#8 52.25     Finished `dev` profile [unoptimized + debuginfo] target(s) in 0.72s
#8 DONE 52.8s

#9 [build 5/5] RUN test -n "6fedb21313489a8c11fc796340ed15c3" && echo "RUBIX_BUILD_BIND_BEGIN 6fedb21313489a8c11fc796340ed15c3" && sha256sum /out/host_preflight /out/iptables_probe /out/assess_host /out/node-fixture && echo "RUBIX_BUILD_BIND_END 6fedb21313489a8c11fc796340ed15c3"
#9 0.250 RUBIX_BUILD_BIND_BEGIN 6fedb21313489a8c11fc796340ed15c3
#9 0.292 096f1b9a3c1cd329577105f479ffbe6949772182da016cd6b1ba7699e4365f76  /out/host_preflight
#9 0.322 0b1060f7a341c8be50f79d72278f4c28f0770cacff7dd1e3b2aaac39168c8992  /out/iptables_probe
#9 0.357 9a858958d5719635e9d1560b4d4da4dfe21aed52632016ae38c915b0fa7f3581  /out/assess_host
#9 0.397 400cf951cbc48bb69b7b02bcfc51e31077dc6acf676e940c167e4c36ed7ff018  /out/node-fixture
#9 0.397 RUBIX_BUILD_BIND_END 6fedb21313489a8c11fc796340ed15c3
#9 DONE 0.5s

#10 [stage-1 2/5] COPY --from=build /out/ /out/
#10 CACHED

#11 [stage-1 3/5] COPY --from=build /out/node-fixture /node-fixture
#11 CACHED

#12 [stage-1 4/5] COPY tools/node-assessment/iptables.sh /iptables.sh
#12 CACHED

#13 [stage-1 5/5] RUN test -L /sbin && rm /sbin && mkdir /sbin
#13 DONE 0.4s

#14 exporting to image
#14 exporting layers 0.1s done
#14 exporting manifest sha256:3d84288f9d8ffb6d50a26c28ded2b1bd8084a8c0762f6e91fff19358e459f5dc 0.0s done
#14 exporting config sha256:25e8c508f0654dc6020995f3f467b48c7854d8067d19f54ce0c28c599b02b0b0 0.0s done
#14 exporting attestation manifest sha256:f4898db2be5bb98b7bfbeaaaa4142d4d9d3b878f053f318de2cf62c5e6b1e954 0.0s done
#14 exporting manifest list sha256:6d5668482740f7d2c998a3f0bdd04b66d0831d80874abd0aa5ab68f060e54c87 0.0s done
#14 naming to docker.io/library/rubix-node-assessment-6fedb21313489a8c11fc796340ed15c3:latest done
#14 unpacking to docker.io/library/rubix-node-assessment-6fedb21313489a8c11fc796340ed15c3:latest
#14 unpacking to docker.io/library/rubix-node-assessment-6fedb21313489a8c11fc796340ed15c3:latest 0.4s done
#14 DONE 0.6s

View build details: docker-desktop://dashboard/build/desktop-linux/desktop-linux/kizubgnnqxczczeb5ht9pgvg9
