096f1b9a3c1cd329577105f479ffbe6949772182da016cd6b1ba7699e4365f76  /out/host_preflight
0b1060f7a341c8be50f79d72278f4c28f0770cacff7dd1e3b2aaac39168c8992  /out/iptables_probe
9a858958d5719635e9d1560b4d4da4dfe21aed52632016ae38c915b0fa7f3581  /out/assess_host
400cf951cbc48bb69b7b02bcfc51e31077dc6acf676e940c167e4c36ed7ff018  /out/node-fixture

running 10 tests
test cancellation_before_start_and_between_phases_latches_without_send_bound ... ok
test container_override_and_unknown_detection_remain_distinct ... ok
test disposable_configured_assessment ... ignored, actual fixed-path probe only in disposable namespace
test earlier_root_blocker_prevents_command_and_ports ... ok
test external_config_keeps_independent_backend_and_host_ownership ... ok
test failed_command_never_becomes_nft_or_probes_ports ... ok
test incomplete_owner_prevents_all_post_probe_effects ... ok
test owner_launch_failure_reports_unknown_command_without_ports_or_quiet_exit ... ok
test unrequested_ipv6_is_not_a_write_requirement_but_requested_unknown_blocks ... ok
test cancellation_during_probe_waits_for_provider_stop_acknowledgement ... ok

test result: ok. 9 passed; 0 failed; 1 ignored; 0 measured; 0 filtered out; finished in 0.03s


running 1 test
RUBIX_NODE_PROBE case=nft result=None joined=true reaped=true elapsed_ms=11
RUBIX_NODE_PROBE case=legacy result=None joined=true reaped=true elapsed_ms=11
RUBIX_NODE_PROBE case=empty result=None joined=true reaped=true elapsed_ms=11
RUBIX_NODE_PROBE case=invalid-utf8 result=None joined=true reaped=true elapsed_ms=11
RUBIX_NODE_PROBE case=nonzero result=Some(Command) joined=true reaped=true elapsed_ms=11
RUBIX_NODE_PROBE case=missing result=Some(Command) joined=true reaped=false elapsed_ms=11
RUBIX_NODE_PROBE case=denied result=Some(Command) joined=true reaped=false elapsed_ms=11
RUBIX_NODE_PROBE case=overflow result=Some(Capture) joined=true reaped=true elapsed_ms=11
RUBIX_NODE_PROBE case=deadline result=Some(Deadline) joined=true reaped=true elapsed_ms=2023
RUBIX_NODE_PROBE case=cancel result=Some(Cancelled) joined=true reaped=true elapsed_ms=17
RUBIX_NODE_PROBE case=held result=Some(Capture) joined=true reaped=true elapsed_ms=269
RUBIX_NODE_PROBE_COMPLETE cases=11 external_sentinel_preserved=true
test disposable_fixed_probe ... ok

test result: ok. 1 passed; 0 failed; 0 ignored; 0 measured; 0 filtered out; finished in 5.41s


running 1 test
RUBIX_NODE_ASSESSMENT external=true real_probe=true injected_host_facts=true
test disposable_configured_assessment ... ok

test result: ok. 1 passed; 0 failed; 0 ignored; 0 measured; 9 filtered out; finished in 0.02s

RUBIX_NODE_CONSUMER case=help exit=0 probe_absent=true
RUBIX_NODE_CONSUMER case=version exit=0 probe_absent=true
RUBIX_NODE_CONSUMER case=print exit=0 probe_absent=true
RUBIX_NODE_CONSUMER case=blocked exit=1 probe_absent=true
RUBIX_NAMESPACE {"helper":54,"init":1,"processes":[1,6,54],"shell":6}
