#0 building with "desktop-linux" instance using docker driver

#1 [internal] load build definition from Dockerfile
#1 transferring dockerfile:
#1 transferring dockerfile: 1.25kB done
#1 DONE 0.9s

#2 [internal] load metadata for docker.io/library/rust@sha256:0e2bcaef56d041a486784e54104a81aebe0da44bd03019bd70bc0401e42e4a97
#2 DONE 0.1s

#3 [internal] load .dockerignore
#3 transferring context:
#3 transferring context: 2B done
#3 DONE 0.1s

#4 [build 1/5] FROM docker.io/library/rust@sha256:0e2bcaef56d041a486784e54104a81aebe0da44bd03019bd70bc0401e42e4a97
#4 resolve docker.io/library/rust@sha256:0e2bcaef56d041a486784e54104a81aebe0da44bd03019bd70bc0401e42e4a97 0.0s done
#4 CACHED

#5 [build 2/5] WORKDIR /source
#5 CACHED

#6 [internal] load build context
#6 transferring context: 3.80MB 0.1s done
#6 DONE 0.2s

#7 [build 3/4] COPY . .
#7 DONE 0.1s

#8 [build 4/4] RUN rustup target add aarch64-unknown-linux-musl  && cargo clippy -p rubixctl --all-targets --target aarch64-unknown-linux-musl --locked -- -D warnings  && cargo test -p rubixctl --locked --release --target aarch64-unknown-linux-musl --test check --no-run  && cargo build -p rubix-dev --bin rubix-platform-management --release --locked  && mkdir /out && cp target/aarch64-unknown-linux-musl/release/rubixctl /out/rubixctl  && for binary in target/aarch64-unknown-linux-musl/release/deps/check-*; do if [ -f "$binary" ] && [ -x "$binary" ]; then cp "$binary" /out/check-tests; fi; done  && test -x /out/check-tests && sha256sum /out/* > /out/binaries.sha256
#8 0.175 info: syncing channel updates for 1.97.1-aarch64-unknown-linux-gnu
#8 1.273 info: latest update on 2026-07-16 for version 1.97.1 (8bab26f4f 2026-07-14)
#8 1.281 info: downloading 3 components
#8 14.88 info: downloading component rust-std
#8 19.85     Updating crates.io index
#8 24.65  Downloading crates ...
#8 25.54   Downloaded errno v0.3.14
#8 25.67   Downloaded itoa v1.0.18
#8 25.99   Downloaded tokio-macros v2.7.1
#8 26.04   Downloaded pin-project-lite v0.2.17
#8 26.06   Downloaded signal-hook-registry v1.4.8
#8 26.13   Downloaded zmij v1.0.23
#8 26.18   Downloaded quote v1.0.47
#8 26.30   Downloaded unicode-ident v1.0.26
#8 26.37   Downloaded serde_core v1.0.228
#8 26.43   Downloaded proc-macro2 v1.0.107
#8 26.56   Downloaded bitflags v2.13.2
#8 26.61   Downloaded mio v1.2.3
#8 26.69   Downloaded memchr v2.8.3
#8 26.87   Downloaded serde_json v1.0.151
#8 27.31   Downloaded syn v2.0.119
#8 27.44   Downloaded rustix v1.1.5
#8 27.98   Downloaded libc v0.2.189
#8 28.08   Downloaded tokio v1.53.1
#8 28.57   Downloaded linux-raw-sys v0.12.1
#8 28.72    Compiling libc v0.2.189
#8 28.73    Compiling proc-macro2 v1.0.107
#8 28.73    Compiling quote v1.0.47
#8 28.73    Compiling unicode-ident v1.0.26
#8 28.73    Compiling rustix v1.1.5
#8 28.73     Checking bitflags v2.13.2
#8 28.73     Checking linux-raw-sys v0.12.1
#8 28.73     Checking pin-project-lite v0.2.17
#8 28.73    Compiling serde_core v1.0.228
#8 28.73    Compiling zmij v1.0.23
#8 28.73    Compiling serde_json v1.0.151
#8 28.73     Checking itoa v1.0.18
#8 28.76     Checking memchr v2.8.3
#8 29.84     Checking errno v0.3.14
#8 29.84     Checking mio v1.2.3
#8 29.92     Checking signal-hook-registry v1.4.8
#8 30.03    Compiling syn v2.0.119
#8 31.15     Checking rubix-platform v0.1.0 (/source/crates/rubix-platform)
#8 33.54    Compiling tokio-macros v2.7.1
#8 34.54     Checking tokio v1.53.1
#8 35.28     Checking rubix-supervisor v0.1.0 (/source/crates/rubix-supervisor)
#8 35.51     Checking rubixctl v0.1.0 (/source/crates/rubixctl)
#8 35.73     Finished `dev` profile [unoptimized + debuginfo] target(s) in 15.91s
#8 35.90    Compiling libc v0.2.189
#8 35.90    Compiling proc-macro2 v1.0.107
#8 35.90    Compiling quote v1.0.47
#8 35.90    Compiling unicode-ident v1.0.26
#8 35.90    Compiling rustix v1.1.5
#8 35.90    Compiling bitflags v2.13.2
#8 35.90    Compiling linux-raw-sys v0.12.1
#8 35.90    Compiling pin-project-lite v0.2.17
#8 35.90    Compiling serde_core v1.0.228
#8 35.90    Compiling zmij v1.0.23
#8 35.90    Compiling serde_json v1.0.151
#8 35.91    Compiling itoa v1.0.18
#8 35.91    Compiling memchr v2.8.3
#8 36.40    Compiling syn v2.0.119
#8 36.49    Compiling errno v0.3.14
#8 36.49    Compiling mio v1.2.3
#8 36.52    Compiling signal-hook-registry v1.4.8
#8 37.62    Compiling tokio-macros v2.7.1
#8 37.83    Compiling rubix-platform v0.1.0 (/source/crates/rubix-platform)
#8 37.96    Compiling tokio v1.53.1
#8 38.89    Compiling rubix-supervisor v0.1.0 (/source/crates/rubix-supervisor)
#8 39.13    Compiling rubixctl v0.1.0 (/source/crates/rubixctl)
#8 42.87     Finished `release` profile [optimized + debuginfo] target(s) in 7.05s
#8 42.87   Executable tests/check.rs (target/aarch64-unknown-linux-musl/release/deps/check-2e467eb460320e19)
#8 42.92  Downloading crates ...
#8 43.28   Downloaded equivalent v1.0.2
#8 43.42   Downloaded serde_spanned v1.1.1
#8 43.53   Downloaded cpufeatures v0.3.1
#8 43.56   Downloaded crypto-common v0.2.2
#8 43.62   Downloaded adler2 v2.0.1
#8 43.81   Downloaded block-buffer v0.12.1
#8 43.81   Downloaded cfg-if v1.0.5
#8 43.81   Downloaded filetime v0.2.29
#8 43.82   Downloaded pkg-config v0.3.34
#8 43.82   Downloaded toml_writer v1.1.2+spec-1.1.0
#8 43.82   Downloaded zstd-safe v7.3.0
#8 43.82   Downloaded fastrand v2.5.0
#8 43.82   Downloaded digest v0.11.3
#8 43.90   Downloaded shlex v2.0.1
#8 43.90   Downloaded simd-adler32 v0.3.10
#8 43.91   Downloaded toml_datetime v0.7.5+spec-1.1.0
#8 43.91   Downloaded zstd v0.13.3
#8 43.91   Downloaded crc32fast v1.5.2
#8 43.92   Downloaded find-msvc-tools v0.1.14
#8 43.92   Downloaded hybrid-array v0.4.15
#8 43.92   Downloaded tempfile v3.27.0
#8 43.92   Downloaded jobserver v0.1.35
#8 44.06   Downloaded once_cell v1.21.4
#8 44.06   Downloaded sha2 v0.11.0
#8 44.07   Downloaded toml_parser v1.0.5+spec-1.0.0
#8 44.08   Downloaded toml v0.9.6
#8 44.08   Downloaded getrandom v0.4.3
#8 44.08   Downloaded serde_derive v1.0.228
#8 44.12   Downloaded miniz_oxide v0.9.1
#8 44.16   Downloaded tar v0.4.46
#8 44.17   Downloaded base64 v0.22.1
#8 44.21   Downloaded serde v1.0.228
#8 44.31   Downloaded indexmap v2.11.3
#8 44.32   Downloaded typed-path v0.12.3
#8 44.33   Downloaded flate2 v1.1.10
#8 44.33   Downloaded cc v1.5.1
#8 44.38   Downloaded typenum v1.20.1
#8 44.49   Downloaded zip v8.6.0
#8 44.50   Downloaded hashbrown v0.15.5
#8 44.51   Downloaded regex v1.13.1
#8 44.57   Downloaded aho-corasick v1.1.5
#8 44.58   Downloaded winnow v0.7.15
#8 44.82   Downloaded regex-syntax v0.8.11
#8 45.12   Downloaded regex-automata v0.4.18
#8 45.23   Downloaded zstd-sys v2.1.0+zstd.1.5.7
#8 45.28    Compiling libc v0.2.189
#8 45.28    Compiling proc-macro2 v1.0.107
#8 45.28    Compiling quote v1.0.47
#8 45.28    Compiling cfg-if v1.0.5
#8 45.28    Compiling shlex v2.0.1
#8 45.28    Compiling find-msvc-tools v0.1.14
#8 45.28    Compiling serde_core v1.0.228
#8 45.28    Compiling pkg-config v0.3.34
#8 45.28    Compiling typenum v1.20.1
#8 45.28    Compiling memchr v2.8.3
#8 45.29    Compiling unicode-ident v1.0.26
#8 45.29    Compiling crc32fast v1.5.2
#8 45.29    Compiling zmij v1.0.23
#8 45.29    Compiling zstd-safe v7.3.0
#8 45.29    Compiling rustix v1.1.5
#8 45.29    Compiling getrandom v0.4.3
#8 45.32    Compiling simd-adler32 v0.3.10
#8 45.39    Compiling adler2 v2.0.1
#8 45.39    Compiling winnow v0.7.15
#8 45.42    Compiling regex-syntax v0.8.11
#8 45.45    Compiling miniz_oxide v0.9.1
#8 45.50    Compiling serde v1.0.228
#8 45.51    Compiling serde_json v1.0.151
#8 45.55    Compiling aho-corasick v1.1.5
#8 45.62    Compiling linux-raw-sys v0.12.1
#8 45.66    Compiling equivalent v1.0.2
#8 45.68    Compiling bitflags v2.13.2
#8 45.71    Compiling hashbrown v0.15.5
#8 45.73    Compiling itoa v1.0.18
#8 45.75    Compiling flate2 v1.1.10
#8 45.85    Compiling pin-project-lite v0.2.17
#8 45.90    Compiling hybrid-array v0.4.15
#8 45.93    Compiling typed-path v0.12.3
#8 45.98    Compiling fastrand v2.5.0
#8 46.07    Compiling syn v2.0.119
#8 46.08    Compiling indexmap v2.11.3
#8 46.11    Compiling once_cell v1.21.4
#8 46.13    Compiling errno v0.3.14
#8 46.22    Compiling signal-hook-registry v1.4.8
#8 46.22    Compiling jobserver v0.1.35
#8 46.24    Compiling mio v1.2.3
#8 46.26    Compiling filetime v0.2.29
#8 46.29    Compiling cpufeatures v0.3.1
#8 46.33    Compiling crypto-common v0.2.2
#8 46.34    Compiling block-buffer v0.12.1
#8 46.41    Compiling cc v1.5.1
#8 46.42    Compiling tar v0.4.46
#8 46.47    Compiling tokio v1.53.1
#8 46.50    Compiling toml_parser v1.0.5+spec-1.0.0
#8 46.55    Compiling base64 v0.22.1
#8 46.56    Compiling regex-automata v0.4.18
#8 46.69    Compiling zip v8.6.0
#8 46.78    Compiling serde_spanned v1.1.1
#8 46.85    Compiling digest v0.11.3
#8 46.91    Compiling toml_datetime v0.7.5+spec-1.1.0
#8 46.97    Compiling sha2 v0.11.0
#8 47.28    Compiling toml v0.9.6
#8 47.58    Compiling serde_derive v1.0.228
#8 47.66    Compiling zstd-sys v2.1.0+zstd.1.5.7
#8 47.88    Compiling tempfile v3.27.0
#8 48.31    Compiling regex v1.13.1
#8 55.69    Compiling zstd v0.13.3
#8 55.81    Compiling rubix-dev v0.1.0 (/source/tools/dev)
#8 69.11     Finished `release` profile [optimized + debuginfo] target(s) in 26.21s
#8 DONE 69.2s

#9 [stage-1 2/4] COPY --from=build /out/ /
#9 DONE 0.0s

#10 [stage-1 3/4] COPY --from=build /out/rubixctl /source/target/aarch64-unknown-linux-musl/release/rubixctl
#10 DONE 0.0s

#11 [stage-1 4/4] COPY --from=build /source/target/release/rubix-platform-management /fixture
#11 DONE 0.0s

#12 exporting to image
#12 exporting layers
#12 exporting layers 0.2s done
#12 exporting manifest sha256:131f3e6ca031203924b15bd8ca67797cc6b53aa681ecbafbbe4f9e6d50f7de89 done
#12 exporting config sha256:adf05465c3ee350e2adaf810d7a5817fadbb3b88d93dc30527e7d31c1e37973c done
#12 exporting attestation manifest sha256:9f897f10d15ce3cefa98783dd5591e3786c73c0725284daa925b1d0785b5d14e done
#12 exporting manifest list sha256:9a6386d052e27eded69debd6dc9e63615386bddc0b15c962f8daadef32b3bb4a done
#12 naming to docker.io/library/rubix-management-linux-p2dyes:latest done
#12 unpacking to docker.io/library/rubix-management-linux-p2dyes:latest 0.1s done
#12 DONE 0.4s

View build details: docker-desktop://dashboard/build/desktop-linux/desktop-linux/k3ls57ajz7irz347ujzpwz7uc
