{
  "boot_status_code": "enabled-by-sysvinit",
  "datasource": "nocloud",
  "detail": "DataSourceNoCloud [seed=/dev/vdb]",
  "errors": [],
  "extended_status": "done",
  "init": {
    "errors": [],
    "finished": 9.5,
    "recoverable_errors": {},
    "start": 9.45
  },
  "init-local": {
    "errors": [],
    "finished": 1.85,
    "recoverable_errors": {},
    "start": 1.8
  },
  "last_update": "Thu, 01 Jan 1970 00:00:09 +0000",
  "modules-config": {
    "errors": [],
    "finished": 9.68,
    "recoverable_errors": {},
    "start": 9.66
  },
  "modules-final": {
    "errors": [],
    "finished": 9.85,
    "recoverable_errors": {},
    "start": 9.83
  },
  "recoverable_errors": {},
  "stage": null,
  "status": "done"
}
