#0 building with "desktop-linux" instance using docker driver

#1 [internal] load build definition from Capture.Dockerfile
#1 transferring dockerfile: 984B done
#1 DONE 0.0s

#2 [internal] load metadata for docker.io/library/golang:1.26.5-bookworm@sha256:53eeac89074db483fdf0ab3be1df32bf6e47562263d2d0d6baa7f26acb4957dd
#2 DONE 0.0s

#3 [internal] load .dockerignore
#3 transferring context: 2B done
#3 DONE 0.0s

#4 [build 1/6] FROM docker.io/library/golang:1.26.5-bookworm@sha256:53eeac89074db483fdf0ab3be1df32bf6e47562263d2d0d6baa7f26acb4957dd
#4 resolve docker.io/library/golang:1.26.5-bookworm@sha256:53eeac89074db483fdf0ab3be1df32bf6e47562263d2d0d6baa7f26acb4957dd done
#4 DONE 0.0s

#5 [build 2/6] WORKDIR /src
#5 CACHED

#6 [build 3/6] RUN curl --fail --location --retry 3 --output /tmp/source.tar.gz https://codeload.github.com/portainer/kubesolo/tar.gz/2ef1c4787989f11f868f81bb84ae2afd4a49a81d     && echo '9d5f3ce1f3fbda971fb1e2fb6da18ae3880caeec677f0e5d928a3bbe7bb76aec  /tmp/source.tar.gz' | sha256sum --check     && tar --extract --gzip --file /tmp/source.tar.gz --strip-components=1
#6 CACHED

#7 [internal] load build context
#7 transferring context: 5.35kB done
#7 DONE 0.0s

#8 [build 4/6] COPY apiserver_capture_test.go /src/pkg/kubernetes/apiserver/rubix_capture_test.go
#8 DONE 0.0s

#9 [build 5/6] COPY kubelet_capture_test.go /src/pkg/kubernetes/kubelet/rubix_capture_test.go
#9 DONE 0.0s

#10 [build 6/6] RUN mkdir /out && for component in apiserver kubelet; do go test -c -p 2 -tags external_deps -trimpath -o /out/$component.test ./pkg/kubernetes/$component || exit 1; done
#10 0.084 go: downloading github.com/k3s-io/kubernetes/staging/src/k8s.io/api v1.35.7-k3s1
#10 0.084 go: downloading github.com/rs/zerolog v1.33.0
#10 0.085 go: downloading github.com/spf13/cobra v1.10.2
#10 0.138 go: downloading github.com/k3s-io/kubernetes/staging/src/k8s.io/apimachinery v1.35.7-k3s1
#10 0.138 go: downloading github.com/k3s-io/kubernetes/staging/src/k8s.io/client-go v1.35.7-k3s1
#10 0.139 go: downloading github.com/k3s-io/kubernetes v1.35.7-k3s1
#10 0.139 go: downloading github.com/k3s-io/kubernetes/staging/src/k8s.io/apiserver v1.35.7-k3s1
#10 2.128 go: downloading github.com/spf13/pflag v1.0.10
#10 2.130 go: downloading k8s.io/utils v0.0.0-20251002143259-bc988d571ff4
#10 2.130 go: downloading sigs.k8s.io/randfill v1.0.0
#10 2.132 go: downloading gopkg.in/inf.v0 v0.9.1
#10 2.147 go: downloading k8s.io/klog/v2 v2.130.1
#10 2.481 go: downloading k8s.io/kube-openapi v0.0.0-20250910181357-589584f1c912
#10 2.710 go: downloading sigs.k8s.io/structured-merge-diff/v6 v6.3.0
#10 2.714 go: downloading github.com/mattn/go-colorable v0.1.13
#10 2.715 go: downloading sigs.k8s.io/json v0.0.0-20250730193827-2d320260d730
#10 2.719 go: downloading sigs.k8s.io/yaml v1.6.0
#10 2.719 go: downloading github.com/go-logr/logr v1.4.4
#10 2.723 go: downloading github.com/fxamacker/cbor/v2 v2.9.0
#10 2.816 go: downloading golang.org/x/net v0.58.0
#10 2.816 go: downloading github.com/k3s-io/kubernetes/staging/src/k8s.io/component-base v1.35.7-k3s1
#10 3.163 go: downloading golang.org/x/term v0.45.0
#10 3.164 go: downloading github.com/munnerz/goautoneg v0.0.0-20191010083416-a7dc8b61c822
#10 3.302 go: downloading github.com/google/gnostic-models v0.7.0
#10 3.303 go: downloading google.golang.org/protobuf v1.36.12-0.20260120151049-f2248ac996af
#10 3.306 go: downloading golang.org/x/time v0.15.0
#10 3.306 go: downloading github.com/davecgh/go-spew v1.1.2-0.20180830191138-d8f796af33cc
#10 3.306 go: downloading golang.org/x/oauth2 v0.36.0
#10 3.497 go: downloading go.yaml.in/yaml/v2 v2.4.4
#10 3.497 go: downloading github.com/mattn/go-isatty v0.0.20
#10 3.725 go: downloading github.com/x448/float16 v0.8.4
#10 3.726 go: downloading github.com/json-iterator/go v1.1.12
#10 3.726 go: downloading github.com/google/uuid v1.6.0
#10 3.726 go: downloading github.com/go-openapi/swag v0.23.1
#10 3.800 go: downloading github.com/go-openapi/jsonreference v0.21.0
#10 3.805 go: downloading gopkg.in/evanphx/json-patch.v4 v4.13.0
#10 3.805 go: downloading github.com/prometheus/client_golang v1.23.2
#10 3.988 go: downloading github.com/blang/semver/v4 v4.0.0
#10 3.988 go: downloading github.com/prometheus/client_model v0.6.2
#10 3.990 go: downloading github.com/prometheus/procfs v0.20.1
#10 3.996 go: downloading go.opentelemetry.io/otel/trace v1.45.0
#10 3.997 go: downloading go.yaml.in/yaml/v3 v3.0.4
#10 4.048 go: downloading github.com/emicklei/go-restful/v3 v3.13.0
#10 4.188 go: downloading golang.org/x/sys v0.47.0
#10 4.210 go: downloading go.opentelemetry.io/otel v1.45.0
#10 4.213 go: downloading github.com/go-openapi/jsonpointer v0.21.1
#10 4.213 go: downloading golang.org/x/text v0.41.0
#10 4.227 go: downloading github.com/mailru/easyjson v0.9.0
#10 4.227 go: downloading gopkg.in/yaml.v3 v3.0.1
#10 4.228 go: downloading github.com/modern-go/concurrent v0.0.0-20180306012644-bacd9c7ef1dd
#10 4.381 go: downloading github.com/modern-go/reflect2 v1.0.3-0.20250322232337-35a7c28c31ee
#10 4.382 go: downloading github.com/beorn7/perks v1.0.1
#10 4.389 go: downloading github.com/cespare/xxhash/v2 v2.3.0
#10 4.434 go: downloading github.com/prometheus/common v0.67.5
#10 5.070 go: downloading github.com/josharian/intern v1.0.0
#10 8.691 go: downloading github.com/k3s-io/kubernetes/staging/src/k8s.io/kube-aggregator v1.35.7-k3s1
#10 8.691 go: downloading github.com/k3s-io/kubernetes/staging/src/k8s.io/apiextensions-apiserver v1.35.7-k3s1
#10 8.691 go: downloading github.com/moby/term v0.5.0
#10 8.692 go: downloading google.golang.org/grpc v1.83.2
#10 8.692 go: downloading sigs.k8s.io/apiserver-network-proxy/konnectivity-client v0.31.2
#10 8.692 go: downloading github.com/gorilla/websocket v1.5.4-0.20250319132907-e064f32e3674
#10 8.692 go: downloading github.com/mxk/go-flowrate v0.0.0-20140419014527-cca7078d478f
#10 8.693 go: downloading go.opentelemetry.io/contrib/instrumentation/net/http/otelhttp v0.61.0
#10 8.693 go: downloading github.com/k3s-io/kubernetes/staging/src/k8s.io/cloud-provider v1.35.7-k3s1
#10 8.693 go: downloading github.com/coreos/go-systemd/v22 v22.6.0
#10 9.132 go: downloading golang.org/x/crypto v0.55.0
#10 9.133 go: downloading github.com/pmezard/go-difflib v1.0.1-0.20181226105442-5d4384ee4fb2
#10 9.177 go: downloading github.com/k3s-io/kubernetes/staging/src/k8s.io/controller-manager v1.35.7-k3s1
#10 9.177 go: downloading go.opentelemetry.io/otel/exporters/otlp/otlptrace/otlptracegrpc v1.45.0
#10 9.177 go: downloading go.opentelemetry.io/otel/sdk v1.45.0
#10 9.178 go: downloading github.com/k3s-io/kubernetes/staging/src/k8s.io/kube-controller-manager v1.35.7-k3s1
#10 9.178 go: downloading github.com/k3s-io/kubernetes/staging/src/k8s.io/kube-proxy v1.35.7-k3s1
#10 9.545 go: downloading go.opentelemetry.io/otel/metric v1.45.0
#10 9.545 go: downloading github.com/k3s-io/kubernetes/staging/src/k8s.io/kube-scheduler v1.35.7-k3s1
#10 9.546 go: downloading gopkg.in/natefinch/lumberjack.v2 v2.2.1
#10 9.546 go: downloading github.com/k3s-io/kubernetes/staging/src/k8s.io/kubectl v1.35.7-k3s1
#10 9.546 go: downloading github.com/k3s-io/kubernetes/staging/src/k8s.io/component-helpers v1.35.7-k3s1
#10 9.569 go: downloading github.com/k3s-io/kubernetes/staging/src/k8s.io/kubelet v1.35.7-k3s1
#10 9.573 go: downloading go.opentelemetry.io/otel/exporters/otlp/otlptrace v1.45.0
#10 9.820 go: downloading github.com/k3s-io/kubernetes/staging/src/k8s.io/metrics v1.35.7-k3s1
#10 9.825 go: downloading github.com/k3s-io/kubernetes/staging/src/k8s.io/cri-client v1.35.7-k3s1
#10 10.27 go: downloading github.com/grpc-ecosystem/go-grpc-prometheus v1.2.0
#10 10.27 go: downloading go.etcd.io/etcd/client/pkg/v3 v3.6.12
#10 10.27 go: downloading go.etcd.io/etcd/client/v3 v3.6.12
#10 10.27 go: downloading go.opentelemetry.io/contrib/instrumentation/google.golang.org/grpc/otelgrpc v0.60.0
#10 10.27 go: downloading go.uber.org/zap v1.27.1
#10 10.40 go: downloading github.com/moby/spdystream v0.5.1
#10 10.40 go: downloading github.com/felixge/httpsnoop v1.0.4
#10 10.40 go: downloading github.com/google/cel-go v0.29.0
#10 10.40 go: downloading github.com/fsnotify/fsnotify v1.9.0
#10 10.41 go: downloading gopkg.in/go-jose/go-jose.v2 v2.6.3
#10 10.60 go: downloading golang.org/x/sync v0.22.0
#10 10.61 go: downloading github.com/k3s-io/kubernetes/staging/src/k8s.io/externaljwt v1.35.7-k3s1
#10 10.61 go: downloading google.golang.org/genproto/googleapis/api v0.0.0-20260803160001-6ac0973c030d
#10 10.61 go: downloading github.com/k3s-io/kubernetes/staging/src/k8s.io/kms v1.35.7-k3s1
#10 10.76 go: downloading github.com/coreos/go-oidc v2.3.0+incompatible
#10 10.76 go: downloading github.com/NYTimes/gziphandler v1.1.1
#10 10.78 go: downloading go.opentelemetry.io/proto/otlp v1.11.0
#10 10.80 go: downloading google.golang.org/genproto/googleapis/rpc v0.0.0-20260803160001-6ac0973c030d
#10 10.80 go: downloading go.etcd.io/etcd/api/v3 v3.6.12
#10 10.80 go: downloading github.com/k3s-io/kubernetes/staging/src/k8s.io/csi-translation-lib v1.35.7-k3s1
#10 10.80 go: downloading github.com/k3s-io/kubernetes/staging/src/k8s.io/pod-security-admission v1.35.7-k3s1
#10 10.91 go: downloading github.com/k3s-io/kubernetes/staging/src/k8s.io/cri-api v1.35.7-k3s1
#10 10.92 go: downloading github.com/k3s-io/kubernetes/staging/src/k8s.io/cluster-bootstrap v1.35.7-k3s1
#10 11.50 go: downloading github.com/go-logr/stdr v1.2.3-0.20220714215716-96bad1d688c5
#10 11.50 go: downloading go.opentelemetry.io/auto/sdk v1.2.1
#10 11.50 go: downloading go.uber.org/multierr v1.11.0
#10 11.50 go: downloading github.com/coreos/go-semver v0.3.1
#10 11.50 go: downloading github.com/google/btree v1.1.3
#10 11.50 go: downloading github.com/cenkalti/backoff/v5 v5.0.3
#10 11.64 go: downloading cel.dev/expr v0.25.2
#10 11.64 go: downloading github.com/k3s-io/kubernetes/staging/src/k8s.io/dynamic-resource-allocation v1.35.7-k3s1
#10 11.64 go: downloading github.com/opencontainers/selinux v1.13.1
#10 11.64 go: downloading github.com/k3s-io/kubernetes/staging/src/k8s.io/mount-utils v1.35.7-k3s1
#10 11.73 go: downloading github.com/pquerna/cachecontrol v0.1.0
#10 11.73 go: downloading github.com/grpc-ecosystem/grpc-gateway/v2 v2.29.0
#10 11.77 go: downloading github.com/gogo/protobuf v1.3.2
#10 11.77 go: downloading github.com/golang/protobuf v1.5.4
#10 11.77 go: downloading github.com/distribution/reference v0.6.0
#10 11.83 go: downloading github.com/robfig/cron/v3 v3.0.1
#10 11.83 go: downloading github.com/antlr4-go/antlr/v4 v4.13.1
#10 11.83 go: downloading golang.org/x/tools v0.48.0
#10 12.11 go: downloading github.com/kylelemons/godebug v1.1.0
#10 12.11 go: downloading github.com/moby/sys/mountinfo v0.7.2
#10 12.11 go: downloading github.com/k3s-io/kubernetes/staging/src/k8s.io/endpointslice v1.35.7-k3s1
#10 12.11 go: downloading github.com/cyphar/filepath-securejoin v0.6.0
#10 12.35 go: downloading github.com/opencontainers/go-digest v1.0.0
#10 12.52 go: downloading golang.org/x/exp v0.0.0-20260410095643-746e56fc9e2f
#10 80.59 go: downloading gopkg.in/yaml.v2 v2.4.0
#10 80.59 go: downloading github.com/stretchr/testify v1.11.1
#10 80.60 go: downloading github.com/google/cadvisor v0.53.0
#10 80.61 go: downloading github.com/klauspost/compress v1.18.6
#10 80.62 go: downloading github.com/opencontainers/cgroups v0.0.3
#10 81.77 go: downloading github.com/docker/go-units v0.5.0
#10 81.77 go: downloading github.com/moby/sys/userns v0.1.0
#10 82.09 go: downloading go.opentelemetry.io/contrib/instrumentation/github.com/emicklei/go-restful/otelrestful v0.44.0
#10 82.09 go: downloading github.com/container-storage-interface/spec v1.9.0
#10 82.09 go: downloading github.com/libopenstorage/openstorage v1.0.0
#10 82.10 go: downloading github.com/sirupsen/logrus v1.9.4
#10 82.10 go: downloading github.com/godbus/dbus/v5 v5.1.0
#10 82.10 go: downloading github.com/karrick/godirwalk v1.17.0
#10 82.10 go: downloading github.com/containerd/containerd/api v1.10.0
#10 82.10 go: downloading github.com/containerd/errdefs v1.0.0
#10 82.39 go: downloading github.com/containerd/errdefs/pkg v0.3.0
#10 82.39 go: downloading github.com/opencontainers/runtime-spec v1.3.0
#10 82.39 go: downloading github.com/mistifyio/go-zfs v2.1.2-0.20190413222219-f784269be439+incompatible
#10 82.39 go: downloading github.com/armon/circbuf v0.0.0-20190214190532-5111143e8da2
#10 82.40 go: downloading github.com/containerd/ttrpc v1.2.7
#10 82.40 go: downloading github.com/euank/go-kmsg-parser v2.0.0+incompatible
#10 82.40 go: downloading github.com/google/go-cmp v0.7.0
#10 82.40 go: downloading github.com/mohae/deepcopy v0.0.0-20170929034955-c48cc78d4826
#10 82.41 go: downloading github.com/opencontainers/image-spec v1.1.1
#10 82.67 go: downloading github.com/containerd/typeurl/v2 v2.2.3
#10 82.67 go: downloading github.com/containerd/log v0.1.0
#10 DONE 104.2s

#11 [capture 1/1] WORKDIR /tmp
#11 DONE 0.2s

#12 exporting to image
#12 exporting layers
#12 exporting layers 55.8s done
#12 exporting manifest sha256:dc0a257b82ec661bc009ecf14289d6706ed49c99c18ede61d1cf3875fb3aacee 0.0s done
#12 exporting config sha256:f3a443948cb24cb522515714711e7e5ff016a5380cd06ca9ae0d86fb0a194aed 0.0s done
#12 exporting attestation manifest sha256:e49af7105ebd43599699bd72f9218e167ada13bc9751bbeb80276823d5c40894 0.0s done
#12 exporting manifest list sha256:967a04d614b7d205c10743141bf34750cea31c8294465a6754c0cd7c2c32d627 done
#12 naming to docker.io/library/rubix-credentials-654ffb3273834c4c831b5c7f9a633c82:latest done
#12 unpacking to docker.io/library/rubix-credentials-654ffb3273834c4c831b5c7f9a633c82:latest
#12 unpacking to docker.io/library/rubix-credentials-654ffb3273834c4c831b5c7f9a633c82:latest 12.1s done
#12 DONE 68.0s

View build details: docker-desktop://dashboard/build/desktop-linux/desktop-linux/miis548wxi68op71cwpmmvuxu
