#0 building with "desktop-linux" instance using docker driver

#1 [internal] load build definition from Capture.Dockerfile
#1 transferring dockerfile: 984B done
#1 DONE 0.0s

#2 [internal] load metadata for docker.io/library/golang:1.26.5-bookworm@sha256:53eeac89074db483fdf0ab3be1df32bf6e47562263d2d0d6baa7f26acb4957dd
#2 DONE 0.0s

#3 [internal] load .dockerignore
#3 transferring context: 2B done
#3 DONE 0.0s

#4 [build 1/6] FROM docker.io/library/golang:1.26.5-bookworm@sha256:53eeac89074db483fdf0ab3be1df32bf6e47562263d2d0d6baa7f26acb4957dd
#4 resolve docker.io/library/golang:1.26.5-bookworm@sha256:53eeac89074db483fdf0ab3be1df32bf6e47562263d2d0d6baa7f26acb4957dd done
#4 DONE 0.0s

#5 [internal] load build context
#5 transferring context: 5.35kB done
#5 DONE 0.0s

#6 [build 3/6] RUN curl --fail --location --retry 3 --output /tmp/source.tar.gz https://codeload.github.com/portainer/kubesolo/tar.gz/2ef1c4787989f11f868f81bb84ae2afd4a49a81d     && echo '9d5f3ce1f3fbda971fb1e2fb6da18ae3880caeec677f0e5d928a3bbe7bb76aec  /tmp/source.tar.gz' | sha256sum --check     && tar --extract --gzip --file /tmp/source.tar.gz --strip-components=1
#6 CACHED

#7 [build 5/6] COPY kubelet_capture_test.go /src/pkg/kubernetes/kubelet/rubix_capture_test.go
#7 CACHED

#8 [build 6/6] RUN mkdir /out && for component in apiserver kubelet; do go test -c -p 2 -tags external_deps -trimpath -o /out/$component.test ./pkg/kubernetes/$component || exit 1; done
#8 CACHED

#9 [build 2/6] WORKDIR /src
#9 CACHED

#10 [build 4/6] COPY apiserver_capture_test.go /src/pkg/kubernetes/apiserver/rubix_capture_test.go
#10 CACHED

#11 [capture 1/1] WORKDIR /tmp
#11 CACHED

#12 exporting to image
#12 exporting layers done
#12 exporting manifest sha256:81569767913f0fd19a547d8438e2deccd490cdfe6430c1d257c60aeb93eb484d done
#12 exporting config sha256:da94f1262cbc5e7f01d1e64ff1a687a19fc583ce4235c0bc62f1d33f87186cfd done
#12 exporting attestation manifest sha256:bfd494a592fdee3fc6cb609c5868c6aec40e332ebd467b8c5df6d59103402fa7 done
#12 exporting manifest list sha256:fcd010d03f6d012968504e2afa87be6973138a9f448cedf31fc5f9b186a7e0b8 done
#12 naming to docker.io/library/rubix-credentials-jobcbw:latest done
#12 unpacking to docker.io/library/rubix-credentials-jobcbw:latest
#12 unpacking to docker.io/library/rubix-credentials-jobcbw:latest 11.9s done
#12 DONE 11.9s

View build details: docker-desktop://dashboard/build/desktop-linux/desktop-linux/rx2df3c9by8rmnxdvzl0his6v
