[
    {
        "Id": "sha256:bfdf989358a3802c2026cf64f4157f8b227a3c6957c155b3fdc6a5b6c29090d8",
        "RepoTags": [
            "rubix-credentials-yalkrp:latest"
        ],
        "RepoDigests": [
            "rubix-credentials-yalkrp@sha256:bfdf989358a3802c2026cf64f4157f8b227a3c6957c155b3fdc6a5b6c29090d8"
        ],
        "Comment": "buildkit.dockerfile.v0",
        "Created": "2026-09-28T08:32:22.485745883Z",
        "Config": {
            "User": "65532:65532",
            "Env": [
                "PATH=/go/bin:/usr/local/go/bin:/usr/local/sbin:/usr/local/bin:/usr/sbin:/usr/bin:/sbin:/bin",
                "GOLANG_VERSION=1.26.5",
                "GOTOOLCHAIN=local",
                "GOPATH=/go",
                "CGO_ENABLED=1",
                "GOFLAGS=-mod=readonly"
            ],
            "WorkingDir": "/tmp"
        },
        "Architecture": "arm64",
        "Os": "linux",
        "Size": 1267771197,
        "RootFS": {
            "Type": "layers",
            "Layers": [
                "sha256:fc7ac19cfb2d64221e26478ffac9248cfff72f76adbb89ca5e362b37cc21c84a",
                "sha256:c1cf7a9b7c84052ffa15e8621c27a229e6d79203dee6c5ebb63ce76230f7349e",
                "sha256:304cc516c4dc516b48304bc637d27673284810a377052ad62afaaf10a4c6eade",
                "sha256:a325f5bdd3224a58b19bff0c4b9f8adaefe11fe481473dc3abcb6014c7129732",
                "sha256:28fd8b5d89238feec4841a53d475df7ea1114068b51edea6f95ff4b28b492616",
                "sha256:97c6c689c0d641d335745f59cb47ed87a6dffe8e8cae1de54715db524a6aef7f",
                "sha256:5f70bf18a086007016e948b04aed3b82103a36bea41755b6cddfaf10ace3c6ef",
                "sha256:cefc91f6ee36a5dd7fe051d1e4d49121f94b5bdf98c29e88c60882d7c863acfc",
                "sha256:89e8c1a498d66a2155a581feb21a032650ac64b05d4c00fec6594ac27484aa0e",
                "sha256:0022965e1f07fde08a1f1f560dc4cdaf3d348e8832e3b1959f97620632fe7a4f",
                "sha256:3a28da88ad9812378ed6f0ea97d7cc785a33c3c22b357ce057acaa9604097ef1",
                "sha256:0c15e920ba07169a9605c29ec33eb349134d5fe02bafa1d2e4e99b0de46968a0",
                "sha256:5f70bf18a086007016e948b04aed3b82103a36bea41755b6cddfaf10ace3c6ef"
            ]
        },
        "Metadata": {
            "LastTagTime": "2026-09-28T08:33:47.214401713Z"
        },
        "Descriptor": {
            "mediaType": "application/vnd.oci.image.index.v1+json",
            "digest": "sha256:bfdf989358a3802c2026cf64f4157f8b227a3c6957c155b3fdc6a5b6c29090d8",
            "size": 856
        },
        "Identity": {
            "Build": [
                {
                    "Ref": "ro8t72lzwl895ftccrqrdtdn3",
                    "CreatedAt": "2026-09-28T08:34:04.098945305Z"
                }
            ]
        }
    }
]
