#0 building with "desktop-linux" instance using docker driver

#1 [internal] load build definition from Capture.Dockerfile
#1 transferring dockerfile: 2.09kB done
#1 DONE 0.0s

#2 [internal] load metadata for docker.io/library/golang:1.26.2-bookworm@sha256:47ce5636e9936b2c5cbf708925578ef386b4f8872aec74a67bd13a627d242b19
#2 DONE 0.0s

#3 [internal] load metadata for docker.io/library/rust@sha256:0e2bcaef56d041a486784e54104a81aebe0da44bd03019bd70bc0401e42e4a97
#3 DONE 0.0s

#4 [internal] load .dockerignore
#4 transferring context: 2B done
#4 DONE 0.0s

#5 [build 1/7] FROM docker.io/library/rust@sha256:0e2bcaef56d041a486784e54104a81aebe0da44bd03019bd70bc0401e42e4a97
#5 resolve docker.io/library/rust@sha256:0e2bcaef56d041a486784e54104a81aebe0da44bd03019bd70bc0401e42e4a97 done
#5 DONE 0.0s

#6 [producer 1/6] FROM docker.io/library/golang:1.26.2-bookworm@sha256:47ce5636e9936b2c5cbf708925578ef386b4f8872aec74a67bd13a627d242b19
#6 resolve docker.io/library/golang:1.26.2-bookworm@sha256:47ce5636e9936b2c5cbf708925578ef386b4f8872aec74a67bd13a627d242b19 done
#6 DONE 0.0s

#7 [internal] load build context
#7 transferring context: 25.05MB 0.1s done
#7 DONE 0.1s

#8 [producer 2/6] WORKDIR /source
#8 CACHED

#9 [build 2/7] WORKDIR /source
#9 CACHED

#10 [producer 3/6] COPY tools/assets-manifest/go.mod tools/assets-manifest/go.sum ./
#10 DONE 0.0s

#11 [build 3/7] COPY . .
#11 DONE 0.1s

#12 [producer 4/6] RUN mkdir /out && cp go.mod go.sum /out/ && go mod download all && go mod verify && cmp go.mod /out/go.mod && cmp go.sum /out/go.sum
#12 12.18 all modules verified
#12 DONE 12.3s

#13 [producer 5/6] COPY tools/assets-manifest/main.go tools/assets-manifest/main_test.go tools/assets-manifest/inputs.json ./
#13 DONE 0.1s

#14 [producer 6/6] RUN test "$(go version)" = "go version go1.26.2 linux/arm64" && go test -timeout 20s . && go list -m -json all > /out/modules-actual.json && go build -trimpath -buildvcs=false -o /out/producer . && cmp go.mod /out/go.mod && cmp go.sum /out/go.sum
#14 3.596 ok  	rubix.invalid/assets-manifest-fixture	0.002s
#14 DONE 7.0s

#15 [build 4/7] COPY --from=producer /out/ /producer-build/
#15 DONE 0.0s

#16 [build 5/7] RUN cargo build -p rubix-dev --bin rubix-asset-fixture --release --locked && target/release/rubix-asset-fixture manifest-graph /producer-build/modules-actual.json tools/assets-manifest/modules.json
#16 0.089 info: syncing channel updates for 1.97.1-aarch64-unknown-linux-gnu
#16 1.223 info: latest update on 2026-07-16 for version 1.97.1 (8bab26f4f 2026-07-14)
#16 1.230 info: downloading 3 components
#16 22.47     Updating crates.io index
#16 31.04  Downloading crates ...
#16 31.78   Downloaded equivalent v1.0.2
#16 31.86   Downloaded adler2 v2.0.1
#16 31.90   Downloaded block-buffer v0.12.1
#16 31.92   Downloaded cpufeatures v0.3.1
#16 31.92   Downloaded crypto-common v0.2.2
#16 31.93   Downloaded digest v0.11.3
#16 31.98   Downloaded cfg-if v1.0.5
#16 32.02   Downloaded errno v0.3.14
#16 32.03   Downloaded serde_spanned v1.1.1
#16 32.04   Downloaded filetime v0.2.29
#16 32.04   Downloaded shlex v2.0.1
#16 32.04   Downloaded zstd-safe v7.3.0
#16 32.04   Downloaded pkg-config v0.3.34
#16 32.04   Downloaded signal-hook-registry v1.4.8
#16 32.05   Downloaded itoa v1.0.18
#16 32.05   Downloaded zmij v1.0.23
#16 32.05   Downloaded fastrand v2.5.0
#16 32.05   Downloaded quote v1.0.47
#16 32.06   Downloaded toml_datetime v0.7.5+spec-1.1.0
#16 32.07   Downloaded find-msvc-tools v0.1.14
#16 32.07   Downloaded pin-project-lite v0.2.17
#16 32.08   Downloaded toml_writer v1.1.2+spec-1.1.0
#16 32.16   Downloaded hybrid-array v0.4.15
#16 32.16   Downloaded jobserver v0.1.35
#16 32.16   Downloaded zstd v0.13.3
#16 32.17   Downloaded tempfile v3.27.0
#16 32.17   Downloaded once_cell v1.21.4
#16 32.18   Downloaded crc32fast v1.5.2
#16 32.18   Downloaded sha2 v0.11.0
#16 32.19   Downloaded simd-adler32 v0.3.10
#16 32.21   Downloaded serde_core v1.0.228
#16 32.22   Downloaded toml_parser v1.0.5+spec-1.0.0
#16 32.22   Downloaded proc-macro2 v1.0.107
#16 32.23   Downloaded bitflags v2.13.2
#16 32.23   Downloaded getrandom v0.4.3
#16 32.23   Downloaded toml v0.9.6
#16 32.23   Downloaded unicode-ident v1.0.26
#16 32.23   Downloaded serde_derive v1.0.228
#16 32.28   Downloaded flate2 v1.1.10
#16 32.29   Downloaded miniz_oxide v0.9.1
#16 32.32   Downloaded base64 v0.22.1
#16 32.32   Downloaded serde v1.0.228
#16 32.33   Downloaded tar v0.4.46
#16 32.33   Downloaded mio v1.2.3
#16 32.34   Downloaded indexmap v2.11.3
#16 32.34   Downloaded memchr v2.8.3
#16 32.36   Downloaded typenum v1.20.1
#16 32.36   Downloaded cc v1.5.1
#16 32.38   Downloaded hashbrown v0.15.5
#16 32.39   Downloaded typed-path v0.12.3
#16 32.41   Downloaded zip v8.6.0
#16 32.44   Downloaded serde_json v1.0.151
#16 32.46   Downloaded aho-corasick v1.1.5
#16 32.47   Downloaded regex v1.13.1
#16 32.47   Downloaded winnow v0.7.15
#16 32.59   Downloaded syn v2.0.119
#16 32.61   Downloaded regex-syntax v0.8.11
#16 32.64   Downloaded rustix v1.1.5
#16 32.80   Downloaded regex-automata v0.4.18
#16 32.84   Downloaded zstd-sys v2.1.0+zstd.1.5.7
#16 32.86   Downloaded libc v0.2.189
#16 32.90   Downloaded tokio v1.53.1
#16 33.11   Downloaded linux-raw-sys v0.12.1
#16 33.18    Compiling libc v0.2.189
#16 33.18    Compiling proc-macro2 v1.0.107
#16 33.18    Compiling quote v1.0.47
#16 33.18    Compiling cfg-if v1.0.5
#16 33.18    Compiling serde_core v1.0.228
#16 33.18    Compiling find-msvc-tools v0.1.14
#16 33.18    Compiling shlex v2.0.1
#16 33.19    Compiling pkg-config v0.3.34
#16 33.19    Compiling memchr v2.8.3
#16 33.19    Compiling typenum v1.20.1
#16 33.19    Compiling unicode-ident v1.0.26
#16 33.19    Compiling crc32fast v1.5.2
#16 33.19    Compiling zmij v1.0.23
#16 33.19    Compiling getrandom v0.4.3
#16 33.19    Compiling simd-adler32 v0.3.10
#16 33.19    Compiling adler2 v2.0.1
#16 33.22    Compiling rustix v1.1.5
#16 33.27    Compiling zstd-safe v7.3.0
#16 33.28    Compiling miniz_oxide v0.9.1
#16 33.31    Compiling serde v1.0.228
#16 33.31    Compiling winnow v0.7.15
#16 33.37    Compiling serde_json v1.0.151
#16 33.38    Compiling regex-syntax v0.8.11
#16 33.44    Compiling aho-corasick v1.1.5
#16 33.47    Compiling bitflags v2.13.2
#16 33.49    Compiling equivalent v1.0.2
#16 33.50    Compiling hashbrown v0.15.5
#16 33.52    Compiling linux-raw-sys v0.12.1
#16 33.54    Compiling flate2 v1.1.10
#16 33.56    Compiling pin-project-lite v0.2.17
#16 33.59    Compiling hybrid-array v0.4.15
#16 33.60    Compiling fastrand v2.5.0
#16 33.70    Compiling itoa v1.0.18
#16 33.74    Compiling syn v2.0.119
#16 33.75    Compiling once_cell v1.21.4
#16 33.77    Compiling typed-path v0.12.3
#16 33.79    Compiling errno v0.3.14
#16 33.83    Compiling jobserver v0.1.35
#16 33.83    Compiling indexmap v2.11.3
#16 33.84    Compiling filetime v0.2.29
#16 33.85    Compiling mio v1.2.3
#16 33.87    Compiling signal-hook-registry v1.4.8
#16 33.90    Compiling crypto-common v0.2.2
#16 33.94    Compiling block-buffer v0.12.1
#16 33.96    Compiling cc v1.5.1
#16 33.98    Compiling cpufeatures v0.3.1
#16 34.01    Compiling tokio v1.53.1
#16 34.02    Compiling tar v0.4.46
#16 34.03    Compiling base64 v0.22.1
#16 34.11    Compiling toml_parser v1.0.5+spec-1.0.0
#16 34.21    Compiling digest v0.11.3
#16 34.22    Compiling regex-automata v0.4.18
#16 34.27    Compiling sha2 v0.11.0
#16 34.30    Compiling serde_spanned v1.1.1
#16 34.30    Compiling toml_datetime v0.7.5+spec-1.1.0
#16 34.36    Compiling zip v8.6.0
#16 34.46    Compiling toml v0.9.6
#16 34.74    Compiling zstd-sys v2.1.0+zstd.1.5.7
#16 34.74    Compiling serde_derive v1.0.228
#16 35.02    Compiling tempfile v3.27.0
#16 35.30    Compiling regex v1.13.1
#16 42.03    Compiling zstd v0.13.3
#16 42.09    Compiling rubix-dev v0.1.0 (/source/tools/dev)
#16 55.61     Finished `release` profile [optimized + debuginfo] target(s) in 33.16s
#16 DONE 55.8s

#17 [build 6/7] RUN set -eu; cargo test -p rubix-assets --release --locked --test manifest_fixture --no-run && mkdir /out && cp target/release/rubix-asset-fixture /out/fixture && cp /producer-build/producer /out/producer && count=0; for executable in target/release/deps/manifest_fixture-*; do if [ -f "$executable" ] && [ -x "$executable" ]; then cp "$executable" /out/manifest-tests; count=$((count + 1)); fi; done; test "$count" -eq 1 && test -x /out/manifest-tests
#17 0.145  Downloading crates ...
#17 0.960   Downloaded object v0.39.1
#17 0.978    Compiling typenum v1.20.1
#17 0.978    Compiling libc v0.2.189
#17 0.978    Compiling serde_core v1.0.228
#17 0.979    Compiling crc32fast v1.5.2
#17 0.979    Compiling cfg-if v1.0.5
#17 0.979    Compiling rustix v1.1.5
#17 0.980    Compiling memchr v2.8.3
#17 0.981    Compiling simd-adler32 v0.3.10
#17 0.983    Compiling adler2 v2.0.1
#17 0.984    Compiling object v0.39.1
#17 0.984    Compiling linux-raw-sys v0.12.1
#17 0.984    Compiling bitflags v2.13.2
#17 0.984    Compiling zmij v1.0.23
#17 0.984    Compiling zstd-sys v2.1.0+zstd.1.5.7
#17 0.987    Compiling itoa v1.0.18
#17 1.019    Compiling zstd-safe v7.3.0
#17 1.031    Compiling miniz_oxide v0.9.1
#17 1.084    Compiling zstd v0.13.3
#17 1.224    Compiling flate2 v1.1.10
#17 1.299    Compiling hybrid-array v0.4.15
#17 1.437    Compiling cpufeatures v0.3.1
#17 1.473    Compiling block-buffer v0.12.1
#17 1.473    Compiling crypto-common v0.2.2
#17 1.687    Compiling digest v0.11.3
#17 1.720    Compiling sha2 v0.11.0
#17 1.851    Compiling serde_json v1.0.151
#17 1.851    Compiling serde v1.0.228
#17 2.391    Compiling rubix-platform v0.1.0 (/source/crates/rubix-platform)
#17 2.549    Compiling rubix-assets v0.1.0 (/source/crates/rubix-assets)
#17 6.644     Finished `release` profile [optimized + debuginfo] target(s) in 6.53s
#17 6.646   Executable tests/manifest_fixture.rs (target/release/deps/manifest_fixture-d7a1c56a7edc0fd4)
#17 DONE 6.8s

#18 [build 7/7] RUN test -n "rubix-manifest-f164391d2bf57d3914af5f96f48df1d0" && echo "RUBIX_BUILD_BEGIN rubix-manifest-f164391d2bf57d3914af5f96f48df1d0" && sha256sum /out/producer /out/manifest-tests /out/fixture && echo "RUBIX_BUILD_END rubix-manifest-f164391d2bf57d3914af5f96f48df1d0"
#18 0.063 RUBIX_BUILD_BEGIN rubix-manifest-f164391d2bf57d3914af5f96f48df1d0
#18 0.086 d564e922b99904ecb7d50eef539042eb6641c05f86077f3f8198babe8fd2dd44  /out/producer
#18 0.109 fce0fb721351bb2d07985931ee5cab263b3b646b2f119a6dce3bbcc979301e41  /out/manifest-tests
#18 0.129 f91d30c683255b5b82a0b480084e3c8a0068cf4d17cc7f27b566b84b002bf351  /out/fixture
#18 0.129 RUBIX_BUILD_END rubix-manifest-f164391d2bf57d3914af5f96f48df1d0
#18 DONE 0.1s

#5 [build 1/7] FROM docker.io/library/rust@sha256:0e2bcaef56d041a486784e54104a81aebe0da44bd03019bd70bc0401e42e4a97
#5 CACHED

#19 [stage-2 2/5] COPY --from=build /out/producer /producer
#19 DONE 0.0s

#20 [stage-2 3/5] COPY --from=build /out/manifest-tests /manifest-tests
#20 DONE 0.0s

#21 [stage-2 4/5] COPY --from=build /out/fixture /fixture
#21 DONE 0.0s

#22 [stage-2 5/5] COPY manifest-inputs /inputs
#22 DONE 0.1s

#23 exporting to image
#23 exporting layers
#23 exporting layers 0.4s done
#23 exporting manifest sha256:2609da0c1d277dd49e5d8709c7a7d9285865e9e33d1d4f3f564578eb399eb1a4
#23 exporting manifest sha256:2609da0c1d277dd49e5d8709c7a7d9285865e9e33d1d4f3f564578eb399eb1a4 done
#23 exporting config sha256:2e21f857d8160d71986f2528181e3023999f4a479b1bff9e96ddd1db424d699e done
#23 exporting attestation manifest sha256:49da414429798c1ca5f9dba6eb3593ab9c69dbae3bb83f50b6398fff55f17e87 done
#23 exporting manifest list sha256:ae510c925549df4b5c3d74c19d2a03f2459d45bcac91950f8edd4793b4fecc76 done
#23 naming to docker.io/library/rubix-manifest-f164391d2bf57d3914af5f96f48df1d0:latest done
#23 unpacking to docker.io/library/rubix-manifest-f164391d2bf57d3914af5f96f48df1d0:latest 0.1s done
#23 DONE 0.6s

View build details: docker-desktop://dashboard/build/desktop-linux/desktop-linux/5vgi4v0d8o3kptve2b8jd7trp
