#0 building with "desktop-linux" instance using docker driver

#1 [internal] load build definition from Capture.Dockerfile
#1 transferring dockerfile: 1.01kB done
#1 DONE 0.0s

#2 [internal] load metadata for docker.io/library/rust@sha256:0e2bcaef56d041a486784e54104a81aebe0da44bd03019bd70bc0401e42e4a97
#2 DONE 0.0s

#3 [internal] load .dockerignore
#3 transferring context: 2B done
#3 DONE 0.0s

#4 [1/6] FROM docker.io/library/rust@sha256:0e2bcaef56d041a486784e54104a81aebe0da44bd03019bd70bc0401e42e4a97
#4 resolve docker.io/library/rust@sha256:0e2bcaef56d041a486784e54104a81aebe0da44bd03019bd70bc0401e42e4a97 done
#4 DONE 0.0s

#5 [internal] load build context
#5 transferring context: 4.25MB 0.0s done
#5 DONE 0.1s

#6 [2/6] WORKDIR /source
#6 CACHED

#7 [3/6] COPY . .
#7 DONE 0.1s

#8 [4/6] RUN cargo clippy -p rubix-platform --all-targets --locked -- -D warnings  && cargo test -p rubix-platform --locked --release --lib --test preflight_probe --no-run  && mkdir /out  && for binary in target/release/deps/rubix_platform-* target/release/deps/preflight_probe-*; do if [ -f "$binary" ] && [ -x "$binary" ]; then cp "$binary" /out/; fi; done  && sha256sum /out/* > /out/binaries.sha256
#8 0.111 info: syncing channel updates for 1.97.1-aarch64-unknown-linux-gnu
#8 1.369 info: latest update on 2026-07-16 for version 1.97.1 (8bab26f4f 2026-07-14)
#8 1.376 info: downloading 3 components
#8 7.101     Updating crates.io index
#8 10.34  Downloading crates ...
#8 10.69   Downloaded errno v0.3.14
#8 10.85   Downloaded bitflags v2.13.2
#8 12.27   Downloaded rustix v1.1.5
#8 13.24   Downloaded libc v0.2.189
#8 16.06   Downloaded linux-raw-sys v0.12.1
#8 16.12    Compiling rustix v1.1.5
#8 16.12     Checking linux-raw-sys v0.12.1
#8 16.12     Checking bitflags v2.13.2
#8 17.31     Checking rubix-platform v0.1.0 (/source/crates/rubix-platform)
#8 17.55     Finished `dev` profile [unoptimized + debuginfo] target(s) in 10.47s
#8 17.64    Compiling rustix v1.1.5
#8 17.64    Compiling linux-raw-sys v0.12.1
#8 17.64    Compiling bitflags v2.13.2
#8 18.97    Compiling rubix-platform v0.1.0 (/source/crates/rubix-platform)
#8 21.95     Finished `release` profile [optimized + debuginfo] target(s) in 4.35s
#8 21.95   Executable unittests src/lib.rs (target/release/deps/rubix_platform-a0b7fc1077c686ed)
#8 21.95   Executable tests/preflight_probe.rs (target/release/deps/preflight_probe-232dbf13efeef0e5)
#8 DONE 22.2s

#9 [5/6] RUN test -n "65dab5c0f2d3f2f3b43de06eb00faac1" && echo "RUBIX_BUILD_BIND_BEGIN 65dab5c0f2d3f2f3b43de06eb00faac1" && sha256sum /out/rubix_platform-* /out/preflight_probe-* && echo "RUBIX_BUILD_BIND_END 65dab5c0f2d3f2f3b43de06eb00faac1"
#9 0.096 RUBIX_BUILD_BIND_BEGIN 65dab5c0f2d3f2f3b43de06eb00faac1
#9 0.110 e1b3f364e1564066b802187588e0ea181142d54301f78c2b13e6e21ca2e95566  /out/rubix_platform-a0b7fc1077c686ed
#9 0.127 3caa2de08bade8d276620830482b5af8caa9f65392c173787a67be011fd3a41a  /out/preflight_probe-232dbf13efeef0e5
#9 0.127 RUBIX_BUILD_BIND_END 65dab5c0f2d3f2f3b43de06eb00faac1
#9 DONE 0.1s

#10 [6/6] WORKDIR /tmp
#10 DONE 0.0s

#11 exporting to image
#11 exporting layers
#11 exporting layers 3.6s done
#11 exporting manifest sha256:e17dac016ea5edd38a5a9aff776732780d0ecd62440962dfcf89aaf59804fdb0 done
#11 exporting config sha256:01ec1d59c8d914213d65ad8aac7b846def615875dcc4fb8131cda7e102262867 done
#11 exporting attestation manifest sha256:a40320cced15225307927bb2906f07ce6d909da94cdc5c3d0457c60523c613a9 done
#11 exporting manifest list sha256:2edc2846f46668736aebf0ed2b538f38b4cfc8df40f509566b7cf8c829dd2fd7 done
#11 naming to docker.io/library/rubix-node-probes-65dab5c0f2d3f2f3b43de06eb00faac1:latest done
#11 unpacking to docker.io/library/rubix-node-probes-65dab5c0f2d3f2f3b43de06eb00faac1:latest
#11 unpacking to docker.io/library/rubix-node-probes-65dab5c0f2d3f2f3b43de06eb00faac1:latest 1.2s done
#11 DONE 4.9s

View build details: docker-desktop://dashboard/build/desktop-linux/desktop-linux/utrhyauqgmtdlgonyxdch3lr2
