[
    {
        "Id": "sha256:2a8f8e0fa3f2ff43397c1ff41b28d81e786e16d41f8d62482112f0c923d87aa1",
        "RepoTags": [
            "rubix-constrained-policy-zdony7:latest"
        ],
        "RepoDigests": [
            "rubix-constrained-policy-zdony7@sha256:2a8f8e0fa3f2ff43397c1ff41b28d81e786e16d41f8d62482112f0c923d87aa1"
        ],
        "Comment": "buildkit.dockerfile.v0",
        "Created": "2026-09-28T07:57:38.748955043Z",
        "Config": {
            "Env": [
                "PATH=/go/bin:/usr/local/go/bin:/usr/local/sbin:/usr/local/bin:/usr/sbin:/usr/bin:/sbin:/bin",
                "GOLANG_VERSION=1.26.5",
                "GOTOOLCHAIN=local",
                "GOPATH=/go",
                "CGO_ENABLED=0",
                "GOMAXPROCS=2"
            ],
            "WorkingDir": "/tmp"
        },
        "Architecture": "arm64",
        "Os": "linux",
        "Size": 331302984,
        "RootFS": {
            "Type": "layers",
            "Layers": [
                "sha256:fc7ac19cfb2d64221e26478ffac9248cfff72f76adbb89ca5e362b37cc21c84a",
                "sha256:c1cf7a9b7c84052ffa15e8621c27a229e6d79203dee6c5ebb63ce76230f7349e",
                "sha256:304cc516c4dc516b48304bc637d27673284810a377052ad62afaaf10a4c6eade",
                "sha256:a325f5bdd3224a58b19bff0c4b9f8adaefe11fe481473dc3abcb6014c7129732",
                "sha256:28fd8b5d89238feec4841a53d475df7ea1114068b51edea6f95ff4b28b492616",
                "sha256:97c6c689c0d641d335745f59cb47ed87a6dffe8e8cae1de54715db524a6aef7f",
                "sha256:5f70bf18a086007016e948b04aed3b82103a36bea41755b6cddfaf10ace3c6ef",
                "sha256:395c9efc4ee4050bc341f684d294ae312fa80bfa2decb011c5d1d8979ebc0564",
                "sha256:c534c7c8835d39cebcf63ae36725526c47a4b37a0b7f2610e9517361e974282a",
                "sha256:fdaf9949753cb4619d114f9a10c0d031dccf50e6fe32d539751a80e6e85ae773",
                "sha256:04bb5a57d3f18ca8f12991d2d07cb6f2c2db858fbd7053ff07f66563a04b057d",
                "sha256:5f70bf18a086007016e948b04aed3b82103a36bea41755b6cddfaf10ace3c6ef",
                "sha256:76fdd3cd73c219ff18f1b37e1779c32319486576849a075c20b8c62e0412ab6d",
                "sha256:b542c266a17fd83530a78fbcc4b799fddd08af55433b09b07872e31a0d6be6df",
                "sha256:c357f543e861d3cc84bd204ef457c661c2db0f3635c9c4fcd6917f67bc864a7a",
                "sha256:a980984c1c68d402fceef4b999859601a5f8a4e9e20a6edbcb54972cfde1b190",
                "sha256:512f9d55db6f8b757fbed2567a1c77c470a6e19ae4cb13715ab90246a390e539",
                "sha256:dd4a1e6aa37357256a6dd721d469ee73df535fb05cdff9a6c14f0d6bf82f5a02",
                "sha256:5f70bf18a086007016e948b04aed3b82103a36bea41755b6cddfaf10ace3c6ef"
            ]
        },
        "Metadata": {
            "LastTagTime": "2026-09-28T07:57:40.745078919Z"
        },
        "Descriptor": {
            "mediaType": "application/vnd.oci.image.index.v1+json",
            "digest": "sha256:2a8f8e0fa3f2ff43397c1ff41b28d81e786e16d41f8d62482112f0c923d87aa1",
            "size": 856
        },
        "Identity": {
            "Build": [
                {
                    "Ref": "m31e79zxqhej6rd0lkzen0dyw",
                    "CreatedAt": "2026-09-28T07:57:41.489673003Z"
                }
            ]
        }
    }
]
