[
    {
        "Id": "sha256:f2450f185b172ae7c3e553b2c869e58d4079ff4491e7a7fad4f23ce7c2cc0576",
        "RepoTags": [
            "rubix-webhooks-sa2xaq:latest"
        ],
        "RepoDigests": [
            "rubix-webhooks-sa2xaq@sha256:f2450f185b172ae7c3e553b2c869e58d4079ff4491e7a7fad4f23ce7c2cc0576"
        ],
        "Comment": "buildkit.dockerfile.v0",
        "Created": "2026-09-28T15:34:56.5783183Z",
        "Config": {
            "User": "65532:65532",
            "Env": [
                "PATH=/go/bin:/usr/local/go/bin:/usr/local/sbin:/usr/local/bin:/usr/sbin:/usr/bin:/sbin:/bin",
                "GOLANG_VERSION=1.26.5",
                "GOTOOLCHAIN=local",
                "GOPATH=/go",
                "CGO_ENABLED=1",
                "GOFLAGS=-mod=readonly"
            ],
            "WorkingDir": "/tmp"
        },
        "Architecture": "arm64",
        "Os": "linux",
        "Size": 499443661,
        "RootFS": {
            "Type": "layers",
            "Layers": [
                "sha256:fc7ac19cfb2d64221e26478ffac9248cfff72f76adbb89ca5e362b37cc21c84a",
                "sha256:c1cf7a9b7c84052ffa15e8621c27a229e6d79203dee6c5ebb63ce76230f7349e",
                "sha256:304cc516c4dc516b48304bc637d27673284810a377052ad62afaaf10a4c6eade",
                "sha256:a325f5bdd3224a58b19bff0c4b9f8adaefe11fe481473dc3abcb6014c7129732",
                "sha256:28fd8b5d89238feec4841a53d475df7ea1114068b51edea6f95ff4b28b492616",
                "sha256:97c6c689c0d641d335745f59cb47ed87a6dffe8e8cae1de54715db524a6aef7f",
                "sha256:5f70bf18a086007016e948b04aed3b82103a36bea41755b6cddfaf10ace3c6ef",
                "sha256:cefc91f6ee36a5dd7fe051d1e4d49121f94b5bdf98c29e88c60882d7c863acfc",
                "sha256:89e8c1a498d66a2155a581feb21a032650ac64b05d4c00fec6594ac27484aa0e",
                "sha256:7a80b0eb9b116275b7a1879241b765553972312d2d6a98a5e9123f5b8f2178f3",
                "sha256:dde6bb45ada8f0ee6f4651bc123d76df6d264a08194b58dedee1d8b5c85752ad",
                "sha256:5f70bf18a086007016e948b04aed3b82103a36bea41755b6cddfaf10ace3c6ef"
            ]
        },
        "Metadata": {
            "LastTagTime": "2026-09-28T15:35:10.950578209Z"
        },
        "Descriptor": {
            "mediaType": "application/vnd.oci.image.index.v1+json",
            "digest": "sha256:f2450f185b172ae7c3e553b2c869e58d4079ff4491e7a7fad4f23ce7c2cc0576",
            "size": 856
        },
        "Identity": {
            "Build": [
                {
                    "Ref": "1wlz15xoxwl9jzc19rogdaotk",
                    "CreatedAt": "2026-09-28T15:35:14.06704571Z"
                }
            ]
        }
    }
]
