#0 building with "desktop-linux" instance using docker driver

#1 [internal] load build definition from Dockerfile
#1 transferring dockerfile: 1.79kB done
#1 DONE 0.1s

#2 [internal] load metadata for docker.io/library/rust@sha256:0e2bcaef56d041a486784e54104a81aebe0da44bd03019bd70bc0401e42e4a97
#2 DONE 0.0s

#3 [internal] load .dockerignore
#3 transferring context: 2B done
#3 DONE 0.0s

#4 [build 1/4] FROM docker.io/library/rust@sha256:0e2bcaef56d041a486784e54104a81aebe0da44bd03019bd70bc0401e42e4a97
#4 resolve docker.io/library/rust@sha256:0e2bcaef56d041a486784e54104a81aebe0da44bd03019bd70bc0401e42e4a97 done
#4 DONE 0.0s

#5 [internal] load build context
#5 transferring context: 3.95MB 0.1s done
#5 DONE 0.1s

#6 [build 2/4] WORKDIR /source
#6 CACHED

#7 [build 3/4] COPY . .
#7 DONE 0.1s

#8 [build 4/4] RUN rustup target add aarch64-unknown-linux-musl  && cargo clippy -p rubixctl --all-targets --target aarch64-unknown-linux-musl --locked -- -D warnings  && cargo test -p rubixctl --locked --release --target aarch64-unknown-linux-musl --lib --test check --test preparation --no-run  && mkdir /out && cp target/aarch64-unknown-linux-musl/release/rubixctl /out/rubixctl  && for kind in check preparation; do for binary in target/aarch64-unknown-linux-musl/release/deps/$kind-*; do if [ -f "$binary" ] && [ -x "$binary" ]; then cp "$binary" /out/$kind-tests; fi; done; done  && for binary in target/aarch64-unknown-linux-musl/release/deps/rubixctl-*; do if [ -f "$binary" ] && [ -x "$binary" ] && "$binary" --list 2>/dev/null | grep -q '^preparation::tests::'; then cp "$binary" /out/rubixctl-tests; fi; done  && test -x /out/rubixctl-tests  && rustc --edition=2024 --target aarch64-unknown-linux-musl -O tools/parity/fixtures/prerequisite-preparation/fixture-command.rs -o /out/fixture-command  && sha256sum /out/* > /out/binaries.sha256  && cargo build -p rubix-dev --bin rubix-prerequisite-fixture --release --locked  && cp target/release/rubix-prerequisite-fixture /out/rubix-prerequisite-fixture
#8 0.156 info: syncing channel updates for 1.97.1-aarch64-unknown-linux-gnu
#8 1.501 info: latest update on 2026-07-16 for version 1.97.1 (8bab26f4f 2026-07-14)
#8 1.509 info: downloading 3 components
#8 5.209 info: downloading component rust-std
#8 23.16     Updating crates.io index
#8 25.65  Downloading crates ...
#8 26.42   Downloaded errno v0.3.14
#8 26.42   Downloaded quote v1.0.47
#8 26.50   Downloaded itoa v1.0.18
#8 26.50   Downloaded tokio-macros v2.7.1
#8 26.52   Downloaded pin-project-lite v0.2.17
#8 26.53   Downloaded signal-hook-registry v1.4.8
#8 26.57   Downloaded zmij v1.0.23
#8 26.58   Downloaded unicode-ident v1.0.26
#8 26.65   Downloaded bitflags v2.13.2
#8 26.66   Downloaded proc-macro2 v1.0.107
#8 26.66   Downloaded serde_core v1.0.228
#8 26.70   Downloaded mio v1.2.3
#8 26.71   Downloaded memchr v2.8.3
#8 26.81   Downloaded serde_json v1.0.151
#8 26.90   Downloaded syn v2.0.119
#8 26.99   Downloaded rustix v1.1.5
#8 27.22   Downloaded libc v0.2.189
#8 27.31   Downloaded tokio v1.53.1
#8 27.55   Downloaded linux-raw-sys v0.12.1
#8 27.67    Compiling proc-macro2 v1.0.107
#8 27.67    Compiling libc v0.2.189
#8 27.67    Compiling quote v1.0.47
#8 27.67    Compiling unicode-ident v1.0.26
#8 27.67    Compiling rustix v1.1.5
#8 27.67     Checking bitflags v2.13.2
#8 27.67     Checking linux-raw-sys v0.12.1
#8 27.67     Checking pin-project-lite v0.2.17
#8 27.67    Compiling serde_core v1.0.228
#8 27.67    Compiling zmij v1.0.23
#8 27.67    Compiling serde_json v1.0.151
#8 27.67     Checking itoa v1.0.18
#8 27.67     Checking memchr v2.8.3
#8 28.40    Compiling syn v2.0.119
#8 28.62     Checking errno v0.3.14
#8 28.63     Checking mio v1.2.3
#8 28.69     Checking signal-hook-registry v1.4.8
#8 29.74     Checking rubix-platform v0.1.0 (/source/crates/rubix-platform)
#8 31.43    Compiling tokio-macros v2.7.1
#8 32.35     Checking tokio v1.53.1
#8 33.14     Checking rubix-supervisor v0.1.0 (/source/crates/rubix-supervisor)
#8 33.40     Checking rubixctl v0.1.0 (/source/crates/rubixctl)
#8 33.68     Finished `dev` profile [unoptimized + debuginfo] target(s) in 10.56s
#8 33.84    Compiling libc v0.2.189
#8 33.84    Compiling proc-macro2 v1.0.107
#8 33.84    Compiling unicode-ident v1.0.26
#8 33.84    Compiling quote v1.0.47
#8 33.84    Compiling rustix v1.1.5
#8 33.84    Compiling linux-raw-sys v0.12.1
#8 33.84    Compiling bitflags v2.13.2
#8 33.84    Compiling pin-project-lite v0.2.17
#8 33.84    Compiling zmij v1.0.23
#8 33.84    Compiling serde_core v1.0.228
#8 33.84    Compiling serde_json v1.0.151
#8 33.84    Compiling itoa v1.0.18
#8 33.84    Compiling memchr v2.8.3
#8 34.45    Compiling syn v2.0.119
#8 34.52    Compiling errno v0.3.14
#8 34.52    Compiling mio v1.2.3
#8 34.59    Compiling signal-hook-registry v1.4.8
#8 35.75    Compiling tokio-macros v2.7.1
#8 36.01    Compiling rubix-platform v0.1.0 (/source/crates/rubix-platform)
#8 36.17    Compiling tokio v1.53.1
#8 37.38    Compiling rubix-supervisor v0.1.0 (/source/crates/rubix-supervisor)
#8 37.77    Compiling rubixctl v0.1.0 (/source/crates/rubixctl)
#8 43.17     Finished `release` profile [optimized + debuginfo] target(s) in 9.42s
#8 43.18   Executable unittests src/lib.rs (target/aarch64-unknown-linux-musl/release/deps/rubixctl-362bf11626634cbe)
#8 43.18   Executable tests/check.rs (target/aarch64-unknown-linux-musl/release/deps/check-2e467eb460320e19)
#8 43.18   Executable tests/preparation.rs (target/aarch64-unknown-linux-musl/release/deps/preparation-69396048ac8f7861)
#8 43.72  Downloading crates ...
#8 44.04   Downloaded adler2 v2.0.1
#8 44.45   Downloaded block-buffer v0.12.1
#8 44.59   Downloaded cpufeatures v0.3.1
#8 44.59   Downloaded equivalent v1.0.2
#8 44.60   Downloaded cfg-if v1.0.5
#8 44.73   Downloaded crypto-common v0.2.2
#8 44.75   Downloaded serde_spanned v1.1.1
#8 44.83   Downloaded simd-adler32 v0.3.10
#8 44.84   Downloaded zstd-safe v7.3.0
#8 44.94   Downloaded toml_datetime v0.7.5+spec-1.1.0
#8 44.96   Downloaded filetime v0.2.29
#8 44.96   Downloaded pkg-config v0.3.34
#8 45.00   Downloaded shlex v2.0.1
#8 45.01   Downloaded jobserver v0.1.35
#8 45.03   Downloaded find-msvc-tools v0.1.14
#8 45.05   Downloaded zstd v0.13.3
#8 45.21   Downloaded sha2 v0.11.0
#8 45.24   Downloaded digest v0.11.3
#8 45.27   Downloaded fastrand v2.5.0
#8 45.29   Downloaded toml_writer v1.1.2+spec-1.1.0
#8 45.32   Downloaded crc32fast v1.5.2
#8 45.35   Downloaded tempfile v3.27.0
#8 45.37   Downloaded hybrid-array v0.4.15
#8 45.60   Downloaded toml_parser v1.0.5+spec-1.0.0
#8 45.63   Downloaded once_cell v1.21.4
#8 45.78   Downloaded serde_derive v1.0.228
#8 45.94   Downloaded flate2 v1.1.10
#8 45.95   Downloaded miniz_oxide v0.9.1
#8 45.96   Downloaded toml v0.9.6
#8 46.04   Downloaded getrandom v0.4.3
#8 46.23   Downloaded tar v0.4.46
#8 46.33   Downloaded indexmap v2.11.3
#8 46.34   Downloaded serde v1.0.228
#8 46.35   Downloaded base64 v0.22.1
#8 46.38   Downloaded typed-path v0.12.3
#8 46.44   Downloaded typenum v1.20.1
#8 46.47   Downloaded cc v1.5.1
#8 46.70   Downloaded hashbrown v0.15.5
#8 46.72   Downloaded zip v8.6.0
#8 46.80   Downloaded aho-corasick v1.1.5
#8 46.89   Downloaded regex v1.13.1
#8 46.90   Downloaded winnow v0.7.15
#8 47.45   Downloaded regex-syntax v0.8.11
#8 47.91   Downloaded regex-automata v0.4.18
#8 48.06   Downloaded zstd-sys v2.1.0+zstd.1.5.7
#8 48.13    Compiling libc v0.2.189
#8 48.13    Compiling proc-macro2 v1.0.107
#8 48.13    Compiling quote v1.0.47
#8 48.13    Compiling cfg-if v1.0.5
#8 48.13    Compiling shlex v2.0.1
#8 48.13    Compiling serde_core v1.0.228
#8 48.13    Compiling find-msvc-tools v0.1.14
#8 48.13    Compiling pkg-config v0.3.34
#8 48.13    Compiling unicode-ident v1.0.26
#8 48.13    Compiling memchr v2.8.3
#8 48.14    Compiling typenum v1.20.1
#8 48.14    Compiling crc32fast v1.5.2
#8 48.14    Compiling getrandom v0.4.3
#8 48.14    Compiling adler2 v2.0.1
#8 48.14    Compiling zstd-safe v7.3.0
#8 48.17    Compiling rustix v1.1.5
#8 48.20    Compiling simd-adler32 v0.3.10
#8 48.22    Compiling zmij v1.0.23
#8 48.22    Compiling hashbrown v0.15.5
#8 48.27    Compiling equivalent v1.0.2
#8 48.30    Compiling winnow v0.7.15
#8 48.33    Compiling miniz_oxide v0.9.1
#8 48.38    Compiling bitflags v2.13.2
#8 48.38    Compiling regex-syntax v0.8.11
#8 48.47    Compiling linux-raw-sys v0.12.1
#8 48.50    Compiling serde v1.0.228
#8 48.64    Compiling aho-corasick v1.1.5
#8 48.67    Compiling hybrid-array v0.4.15
#8 48.68    Compiling serde_json v1.0.151
#8 48.69    Compiling flate2 v1.1.10
#8 48.70    Compiling indexmap v2.11.3
#8 48.96    Compiling block-buffer v0.12.1
#8 48.97    Compiling crypto-common v0.2.2
#8 49.01    Compiling pin-project-lite v0.2.17
#8 49.02    Compiling fastrand v2.5.0
#8 49.06    Compiling itoa v1.0.18
#8 49.08    Compiling jobserver v0.1.35
#8 49.11    Compiling typed-path v0.12.3
#8 49.15    Compiling syn v2.0.119
#8 49.18    Compiling once_cell v1.21.4
#8 49.24    Compiling base64 v0.22.1
#8 49.36    Compiling cc v1.5.1
#8 49.37    Compiling errno v0.3.14
#8 49.41    Compiling filetime v0.2.29
#8 49.43    Compiling digest v0.11.3
#8 49.46    Compiling toml_parser v1.0.5+spec-1.0.0
#8 49.50    Compiling signal-hook-registry v1.4.8
#8 49.54    Compiling cpufeatures v0.3.1
#8 49.57    Compiling mio v1.2.3
#8 49.60    Compiling sha2 v0.11.0
#8 49.60    Compiling tar v0.4.46
#8 49.66    Compiling regex-automata v0.4.18
#8 49.91    Compiling tokio v1.53.1
#8 49.91    Compiling toml_datetime v0.7.5+spec-1.1.0
#8 49.91    Compiling serde_spanned v1.1.1
#8 50.00    Compiling zip v8.6.0
#8 50.14    Compiling toml v0.9.6
#8 50.38    Compiling zstd-sys v2.1.0+zstd.1.5.7
#8 50.55    Compiling serde_derive v1.0.228
#8 50.92    Compiling tempfile v3.27.0
#8 51.20    Compiling regex v1.13.1
#8 61.83    Compiling zstd v0.13.3
#8 61.91    Compiling rubix-dev v0.1.0 (/source/tools/dev)
#8 77.29     Finished `release` profile [optimized + debuginfo] target(s) in 33.64s
#8 DONE 77.4s

#4 [build 1/4] FROM docker.io/library/rust@sha256:0e2bcaef56d041a486784e54104a81aebe0da44bd03019bd70bc0401e42e4a97
#4 CACHED

#9 [stage-1 2/3] COPY --from=build /out/ /
#9 DONE 0.1s

#10 [stage-1 3/3] COPY --from=build /out/rubixctl /source/target/aarch64-unknown-linux-musl/release/rubixctl
#10 DONE 0.0s

#11 exporting to image
#11 exporting layers
#11 exporting layers 0.9s done
#11 exporting manifest sha256:ccce8aa0ae46ddf2961b46d745b84e66accaa8ef8a2072df020e11844b27dabe done
#11 exporting config sha256:1b1796d18819cbb6d797cc5e72b30046a6f002e59c50bc31ec7fb108d3c13f4b done
#11 exporting attestation manifest sha256:f8b811d91dad317e4ce08f9e0fa7f0f3d46a227703b8919982d3fd5ce57b18d1 done
#11 exporting manifest list sha256:286b09fe68e66b18f1914a60ab5578c55d91f2bc5f84775ba1d9ff33dc2130ba done
#11 naming to docker.io/library/rubix-preparation-linux-226aadf0919f4922777cf3883c7f2a6e:latest 0.0s done
#11 unpacking to docker.io/library/rubix-preparation-linux-226aadf0919f4922777cf3883c7f2a6e:latest
#11 unpacking to docker.io/library/rubix-preparation-linux-226aadf0919f4922777cf3883c7f2a6e:latest 0.2s done
#11 DONE 1.2s

View build details: docker-desktop://dashboard/build/desktop-linux/desktop-linux/8z16xhlas1x715ybhzzlsig7m
