SETUP_BEGIN
Linux rubix-parity 6.18.52-0-virt #1-Alpine SMP PREEMPT_DYNAMIC 2026-09-15 05:37:48 aarch64 Linux
3.24.2
(1/8) Installing libnftnl (1.3.1-r0)
(2/8) Installing libxtables (1.8.13-r0)
(3/8) Installing iptables (1.8.13-r0)
(4/8) Installing iptables-openrc (1.8.13-r0)
(5/8) Installing gmp (6.3.0-r4)
(6/8) Installing jansson (2.15.0-r0)
(7/8) Installing nftables (1.1.6-r1)
(8/8) Installing nftables-openrc (1.1.6-r1)
Executing busybox-1.37.0-r31.trigger
OK: 170.0 MiB in 211 packages
 * Caching service dependencies ... [ ok ]
SETUP_END
ORIGINAL_KIND_modprobe ABSENT
ORIGINAL_RESOLVED_modprobe 948337a4d41cb125c8654fcb1529a6a36d44e30863e68bdd49938d12f8427862  /sbin/modprobe
ORIGINAL_modprobe ABSENT
ORIGINAL_KIND_iptables LINK xtables-nft-multi
ORIGINAL_RESOLVED_iptables bbc443e21950bd5ce9b4519f97c33e8e320d2dde90db7fc02d435ab2ac2c3268  /usr/sbin/iptables
ORIGINAL_iptables bbc443e21950bd5ce9b4519f97c33e8e320d2dde90db7fc02d435ab2ac2c3268  /usr/sbin/iptables
DOUBLE_modprobe 05e5535400fa99022b297e85c54ef2db44537577e28b2ae089894bbf58c9b09e  /usr/sbin/modprobe
DOUBLE_iptables 875062c9b40d79b10a7a61d3ab005f2fc352a32b2c5dd2c62076aa0e209806a7  /usr/sbin/iptables
SCALARS_initial all=0 default=0 lo=0 
CASE_help_BEGIN
EXIT 0
STDOUT_BEGIN
STDOUT_END
STDERR_BEGIN
usage: kubesolo [<flags>]

Ultra-lightweight, OCI-compliant, single-node Kubernetes built for constrained
environments such as IoT or IIoT devices running in embedded environments.


Flags:
      --[no-]help            Show context-sensitive help (also try --help-long
                             and --help-man).
  -v, --[no-]version         Show the version and exit.
      --[no-]full            Deprecated: has no effect. KubeSolo always
                             uses upstream Kubernetes defaults. Retained for
                             backwards compatibility and will be removed in a
                             future release. ($KUBESOLO_FULL)
      --config="/etc/kubesolo/config.yaml"  
                             Path to the KubeSolo configuration file.
                             ($KUBESOLO_CONFIG)
      --[no-]print-config    Print the effective configuration to stdout
                             and exit, without starting anything. Useful for
                             migrating an existing flag-based install: run it
                             with the flags currently in the service unit and
                             save the result as the config file.
      --path=PATH            Path to the directory containing the kubesolo
                             configuration files. Defaults to /var/lib/kubesolo.
                             Deprecated: set this in the KubeSolo config file
                             instead. ($KUBESOLO_PATH)
      --apiserver-extra-sans=APISERVER-EXTRA-SANS  
                             A comma-separated list of additional Subject
                             Alternative Names (SANs) to include in the
                             API server's TLS certificate. These SANs
                             can be IP addresses or DNS names (e.g.,
                             10.0.0.4,kubesolo.local). Deprecated:
                             set this in the KubeSolo config file instead.
                             ($KUBESOLO_APISERVER_EXTRA_SANS)
      --node-ip=NODE-IP      Override the auto-detected node IP. This IP
                             is used for the API server advertise address,
                             the generated kubeconfig, the kubelet node IP and
                             the LoadBalancer EXTERNAL-IP. Useful on hosts with
                             multiple NICs where auto-detection is ambiguous.
                             When unset, kubesolo auto-detects and prefers
                             a private (RFC 1918) address. Deprecated:
                             set this in the KubeSolo config file instead.
                             ($KUBESOLO_NODE_IP)
      --mtu=MTU              Override the auto-detected network MTU used by the
                             embedded CNI bridge (cni0) and pod veth interfaces.
                             Useful on hosts whose primary interface has a
                             reduced MTU (e.g. VPN/tunnel/PPPoE links). Defaults
                             to 0, meaning auto-detect. Deprecated: set this in
                             the KubeSolo config file instead. ($KUBESOLO_MTU)
      --portainer-edge-id=PORTAINER-EDGE-ID  
                             Portainer Edge ID. Defaults to empty string.
                             Deprecated: set this in the KubeSolo config file
                             instead. ($KUBESOLO_PORTAINER_EDGE_ID)
      --portainer-edge-key=PORTAINER-EDGE-KEY  
                             Portainer Edge Key. Defaults to empty string.
                             Deprecated: set this in the KubeSolo config file
                             instead. ($KUBESOLO_PORTAINER_EDGE_KEY)
      --[no-]portainer-edge-async  
                             Enable Portainer Edge Async Mode. Defaults to
                             false. Deprecated: set this in the KubeSolo config
                             file instead. ($KUBESOLO_PORTAINER_EDGE_ASYNC)
      --portainer-edge-image=PORTAINER-EDGE-IMAGE  
                             Full image reference deployed for the Portainer
                             Edge Agent, including the tag. Any image other than
                             the default is pulled from the registry rather
                             than loaded from the embedded image. Defaults
                             to docker.io/portainer/agent:lts. Deprecated:
                             set this in the KubeSolo config file instead.
                             ($KUBESOLO_PORTAINER_EDGE_IMAGE)
      --[no-]load-balancer   Enable load balancer. With this enabled,
                             kubesolo sets the EXTERNAL-IP on services of
                             type LoadBalancer, both when they are created
                             and when an existing service is changed to
                             that type. Defaults to true. Deprecated:
                             set this in the KubeSolo config file instead.
                             ($KUBESOLO_LOAD_BALANCER)
      --load-balancer-ip=LOAD-BALANCER-IP  
                             Override the IP published as the LoadBalancer
                             EXTERNAL-IP. Useful on hosts with multiple NICs
                             where services should be advertised on a different
                             address than the node IP. When unset, the node
                             IP is used. Deprecated: set this in the KubeSolo
                             config file instead. ($KUBESOLO_LOAD_BALANCER_IP)
      --[no-]local-storage   Enable local storage. Defaults to false.
                             Deprecated: set this in the KubeSolo config file
                             instead. ($KUBESOLO_LOCAL_STORAGE)
      --local-storage-shared-path=LOCAL-STORAGE-SHARED-PATH  
                             Path to the shared file system for the local
                             storage. Defaults to empty string. Deprecated:
                             set this in the KubeSolo config file instead.
                             ($KUBESOLO_LOCAL_STORAGE_SHARED_PATH)
      --[no-]debug           Enable debug logging. Defaults to false.
                             Deprecated: set this in the KubeSolo config file
                             instead. ($KUBESOLO_DEBUG)
      --[no-]pprof-server    Enable pprof server. Defaults to false. Deprecated:
                             set this in the KubeSolo config file instead.
                             ($KUBESOLO_PPROF_SERVER)
      --[no-]container-mode  Run in container mode with cgroupfs driver and
                             relaxed eviction thresholds. Auto-detected
                             when running inside a container. Deprecated:
                             set this in the KubeSolo config file instead.
                             ($KUBESOLO_CONTAINER_MODE)
      --[no-]db-wal-repair   On startup, run an integrity check against
                             the SQLite database and remove WAL artefacts
                             (state.db-wal, state.db-shm) if corruption is
                             detected. Recovers from unclean shutdowns caused
                             by power loss. Defaults to false. Deprecated:
                             set this in the KubeSolo config file instead.
                             ($KUBESOLO_DB_WAL_REPAIR)
      --[no-]disable-ipv6    Disable IPv6 support. When set, CoreDNS
                             will not serve ip6.arpa reverse zones and
                             kubelet will register with an explicit IPv4
                             node address. Defaults to false. Deprecated:
                             set this in the KubeSolo config file instead.
                             ($KUBESOLO_DISABLE_IPV6)
      --startup-timeout=STARTUP-TIMEOUT  
                             Maximum time in seconds to wait for each component
                             to pass its health check during startup. Increase
                             on slow storage such as SD cards. Defaults to 600.
                             Deprecated: set this in the KubeSolo config file
                             instead. ($KUBESOLO_STARTUP_TIMEOUT)
      --[no-]d2k             Enable d2k integration. When set, kubesolo
                             deploys the Portainer d2k Docker-to-Kubernetes
                             translator into the target namespace and exposes
                             a Docker-compatible API endpoint over mTLS on port
                             2376. Defaults to false. Deprecated: set this in
                             the KubeSolo config file instead. ($KUBESOLO_D2K)
      --d2k-namespace=D2K-NAMESPACE  
                             Single namespace into which d2k is deployed and
                             against which it translates Docker API calls.
                             Only honoured when --d2k is set. Defaults to d2k.
                             Deprecated: set this in the KubeSolo config file
                             instead. ($KUBESOLO_D2K_NAMESPACE)
      --container-runtime-endpoint=CONTAINER-RUNTIME-ENDPOINT  
                             CRI endpoint of a host-managed container runtime,
                             for example unix:///run/containerd/containerd.sock
                             or unix:///run/crio/crio.sock. When set,
                             KubeSolo does not start its own embedded containerd
                             and instead attaches to the given runtime;
                             the host is then responsible for the runtime
                             itself, the OCI runtime, the CNI plugin binaries
                             and the sandbox image. When unset, KubeSolo
                             runs its own embedded containerd. Deprecated:
                             set this in the KubeSolo config file instead.
                             ($KUBESOLO_CONTAINER_RUNTIME_ENDPOINT)
      --[no-]metrics-server  Enable the kubesolo Prometheus metrics endpoint.
                             Exposes a /metrics HTTP endpoint with control plane
                             health gauges. Defaults to false. Deprecated:
                             set this in the KubeSolo config file instead.
                             ($KUBESOLO_METRICS_SERVER)
      --metrics-bind-address=METRICS-BIND-ADDRESS  
                             Host:port the kubesolo metrics endpoint binds to.
                             Defaults to 127.0.0.1:9105. Deprecated:
                             set this in the KubeSolo config file instead.
                             ($KUBESOLO_METRICS_BIND_ADDRESS)
      --cpu-manager-policy=CPU-MANAGER-POLICY  
                             CPU manager policy used by the kubelet. Set to
                             static to give Guaranteed-QoS pods that request
                             whole CPUs exclusive access to those cores, which
                             suits latency-sensitive workloads that must not be
                             preempted by neighbours. Not supported in container
                             mode. Defaults to none, meaning all pods share the
                             CPU pool. Deprecated: set this in the KubeSolo
                             config file instead. ($KUBESOLO_CPU_MANAGER_POLICY)
      --cpu-manager-policy-options=CPU-MANAGER-POLICY-OPTIONS  
                             Comma-separated key=value options that fine-tune
                             the static CPU manager policy, for example
                             full-pcpus-only=true,strict-cpu-reservation=true.
                             Only honoured when --cpu-manager-policy=static.
                             Defaults to empty. Deprecated: set this
                             in the KubeSolo config file instead.
                             ($KUBESOLO_CPU_MANAGER_POLICY_OPTIONS)
      --system-reserved=SYSTEM-RESERVED  
                             Comma-separated ResourceName=Quantity pairs
                             withheld from node allocatable for the host,
                             for example cpu=1,memory=500Mi. Supports cpu,
                             memory, ephemeral-storage and pid. With the static
                             CPU manager policy, cpu= satisfies its reservation
                             requirement but lets the kubelet choose which
                             cores are held back; use --reserved-cpus to name
                             them instead. Defaults to empty. Deprecated:
                             set this in the KubeSolo config file instead.
                             ($KUBESOLO_SYSTEM_RESERVED)
      --reserved-cpus=RESERVED-CPUS  
                             Cpuset reserved for the host and kubesolo itself,
                             for example 0 or 0-1. These CPUs are never
                             given out as exclusive cores. Only honoured when
                             --cpu-manager-policy=static, where it defaults to
                             0 because the static policy requires a non-empty
                             reservation. Deprecated: set this in the KubeSolo
                             config file instead. ($KUBESOLO_RESERVED_CPUS)

STDERR_END
CASE_help_END
CASE_version_BEGIN
EXIT 0
STDOUT_BEGIN
STDOUT_END
STDERR_BEGIN
{"level":"info","message":"kubesolo version","version":"0.1.0"}
STDERR_END
CASE_version_END
CASE_print_BEGIN
EXIT 0
STDOUT_BEGIN
api:
  enabled: false
  socketPath: /var/lib/kubesolo/config.sock
apiVersion: kubesolo.io/v1alpha1
d2k:
  enabled: false
  namespace: d2k
kind: Config
kubernetes:
  apiServer:
    startupTimeoutSeconds: 600
  kubelet:
    cpuManager:
      policy: none
      reservedCPUs: ""
logging:
  debug: false
  pprof: false
metrics:
  bindAddress: 127.0.0.1:9105
  enabled: false
network:
  disableIPv6: true
  loadBalancer:
    enabled: true
    ip: ""
  mtu: 0
  nodeIP: ""
path: /var/lib/kubesolo
portainer:
  async: false
  edgeID: ""
  edgeKey: ""
  image: docker.io/portainer/agent:lts
runtime:
  containerMode: false
  endpoint: unix:///tmp/external-runtime/containerd.sock
storage:
  dbWALRepair: false
  localPath:
    enabled: true
    sharedPath: ""
STDOUT_END
STDERR_BEGIN
STDERR_END
CASE_print_END
CASE_guard_failed_BEGIN
EXIT 1
STDOUT_BEGIN
{"assessment":"Unknown","family":"Unknown(Io)","ipv6":[],"modules":[],"runtime":"External","schema":1,"shared_effects_possible":false,"status":"GuardStopped"}
STDOUT_END
STDERR_BEGIN
STDERR_END
CASE_guard_failed_END
SCALARS_guard_failed all=0 default=0 lo=0 
RESTORED_iptables bbc443e21950bd5ce9b4519f97c33e8e320d2dde90db7fc02d435ab2ac2c3268  /usr/sbin/iptables
RESTORED_KIND_iptables LINK xtables-nft-multi
RESTORED_RESOLVED_iptables bbc443e21950bd5ce9b4519f97c33e8e320d2dde90db7fc02d435ab2ac2c3268  /usr/sbin/iptables
CASE_double_failed_BEGIN
EXIT 0
STDOUT_BEGIN
{"assessment":"Observed","family":"Present(NfTables)","ipv6":[{"outcome":"ObservedDisabled","path":"/proc/sys/net/ipv6/conf/all/disable_ipv6"},{"outcome":"AlreadyDisabled","path":"/proc/sys/net/ipv6/conf/default/disable_ipv6"},{"outcome":"AlreadyDisabled","path":"/proc/sys/net/ipv6/conf/lo/disable_ipv6"}],"modules":[{"after":{"available_index":"Present(true)","builtin_index":"Present(false)","loaded":"Present(false)"},"exit":17,"joined":true,"name":"br_netfilter","outcome":"Failed","ownership_lost":false,"reaped":true,"spawned":true},{"after":{"available_index":"Present(true)","builtin_index":"Present(false)","loaded":"Present(false)"},"exit":17,"joined":true,"name":"overlay","outcome":"Failed","ownership_lost":false,"reaped":true,"spawned":true},{"after":{"available_index":"Present(true)","builtin_index":"Present(false)","loaded":"Present(true)"},"exit":17,"joined":true,"name":"xt_comment","outcome":"Failed","ownership_lost":false,"reaped":true,"spawned":true},{"after":{"available_index":"Present(true)","builtin_index":"Present(false)","loaded":"Present(false)"},"exit":17,"joined":true,"name":"xt_conntrack","outcome":"Failed","ownership_lost":false,"reaped":true,"spawned":true},{"after":{"available_index":"Present(true)","builtin_index":"Present(false)","loaded":"Present(false)"},"exit":17,"joined":true,"name":"xt_MASQUERADE","outcome":"Failed","ownership_lost":false,"reaped":true,"spawned":true},{"after":{"available_index":"Present(true)","builtin_index":"Present(false)","loaded":"Present(false)"},"exit":17,"joined":true,"name":"xt_addrtype","outcome":"Failed","ownership_lost":false,"reaped":true,"spawned":true},{"after":{"available_index":"Present(true)","builtin_index":"Present(false)","loaded":"Present(false)"},"exit":17,"joined":true,"name":"xt_multiport","outcome":"Failed","ownership_lost":false,"reaped":true,"spawned":true},{"after":{"available_index":"Present(true)","builtin_index":"Present(false)","loaded":"Present(false)"},"exit":17,"joined":true,"name":"xt_nat","outcome":"Failed","ownership_lost":false,"reaped":true,"spawned":true},{"after":{"available_index":"Present(true)","builtin_index":"Present(false)","loaded":"Present(false)"},"exit":17,"joined":true,"name":"nft_compat","outcome":"Failed","ownership_lost":false,"reaped":true,"spawned":true},{"after":{"available_index":"Present(true)","builtin_index":"Present(false)","loaded":"Present(false)"},"exit":17,"joined":true,"name":"nft_numgen","outcome":"Failed","ownership_lost":false,"reaped":true,"spawned":true},{"after":{"available_index":"Present(true)","builtin_index":"Present(false)","loaded":"Present(false)"},"exit":17,"joined":true,"name":"nft_redir","outcome":"Failed","ownership_lost":false,"reaped":true,"spawned":true},{"after":{"available_index":"Present(true)","builtin_index":"Present(false)","loaded":"Present(false)"},"exit":17,"joined":true,"name":"nft_limit","outcome":"Failed","ownership_lost":false,"reaped":true,"spawned":true},{"after":{"available_index":"Present(true)","builtin_index":"Present(false)","loaded":"Present(false)"},"exit":17,"joined":true,"name":"nft_tproxy","outcome":"Failed","ownership_lost":false,"reaped":true,"spawned":true}],"runtime":"External","schema":1,"shared_effects_possible":true,"status":"Completed"}
STDOUT_END
STDERR_BEGIN
STDERR_END
CASE_double_failed_END
ATTEMPTS_double_failed_BEGIN
br_netfilter
overlay
xt_comment
xt_conntrack
xt_MASQUERADE
xt_addrtype
xt_multiport
xt_nat
nft_compat
nft_numgen
nft_redir
nft_limit
nft_tproxy
ATTEMPTS_double_failed_END
SCALARS_double_failed all=1 default=1 lo=1 
CASE_double_limits_BEGIN
EXIT 0
STDOUT_BEGIN
{"assessment":"Observed","family":"Present(NfTables)","ipv6":[{"outcome":"ObservedDisabled","path":"/proc/sys/net/ipv6/conf/all/disable_ipv6"},{"outcome":"AlreadyDisabled","path":"/proc/sys/net/ipv6/conf/default/disable_ipv6"},{"outcome":"AlreadyDisabled","path":"/proc/sys/net/ipv6/conf/lo/disable_ipv6"}],"modules":[{"after":{"available_index":"Present(true)","builtin_index":"Present(false)","loaded":"Present(false)"},"exit":null,"joined":true,"name":"br_netfilter","outcome":"Deadline","ownership_lost":false,"reaped":true,"spawned":true},{"after":{"available_index":"Present(true)","builtin_index":"Present(false)","loaded":"Present(false)"},"exit":0,"joined":true,"name":"overlay","outcome":"CaptureFailed","ownership_lost":false,"reaped":true,"spawned":true},{"after":{"available_index":"Present(true)","builtin_index":"Present(false)","loaded":"Present(true)"},"exit":17,"joined":true,"name":"xt_comment","outcome":"Failed","ownership_lost":false,"reaped":true,"spawned":true},{"after":{"available_index":"Present(true)","builtin_index":"Present(false)","loaded":"Present(false)"},"exit":17,"joined":true,"name":"xt_conntrack","outcome":"Failed","ownership_lost":false,"reaped":true,"spawned":true},{"after":{"available_index":"Present(true)","builtin_index":"Present(false)","loaded":"Present(false)"},"exit":17,"joined":true,"name":"xt_MASQUERADE","outcome":"Failed","ownership_lost":false,"reaped":true,"spawned":true},{"after":{"available_index":"Present(true)","builtin_index":"Present(false)","loaded":"Present(false)"},"exit":17,"joined":true,"name":"xt_addrtype","outcome":"Failed","ownership_lost":false,"reaped":true,"spawned":true},{"after":{"available_index":"Present(true)","builtin_index":"Present(false)","loaded":"Present(false)"},"exit":17,"joined":true,"name":"xt_multiport","outcome":"Failed","ownership_lost":false,"reaped":true,"spawned":true},{"after":{"available_index":"Present(true)","builtin_index":"Present(false)","loaded":"Present(false)"},"exit":17,"joined":true,"name":"xt_nat","outcome":"Failed","ownership_lost":false,"reaped":true,"spawned":true},{"after":{"available_index":"Present(true)","builtin_index":"Present(false)","loaded":"Present(false)"},"exit":17,"joined":true,"name":"nft_compat","outcome":"Failed","ownership_lost":false,"reaped":true,"spawned":true},{"after":{"available_index":"Present(true)","builtin_index":"Present(false)","loaded":"Present(false)"},"exit":17,"joined":true,"name":"nft_numgen","outcome":"Failed","ownership_lost":false,"reaped":true,"spawned":true},{"after":{"available_index":"Present(true)","builtin_index":"Present(false)","loaded":"Present(false)"},"exit":17,"joined":true,"name":"nft_redir","outcome":"Failed","ownership_lost":false,"reaped":true,"spawned":true},{"after":{"available_index":"Present(true)","builtin_index":"Present(false)","loaded":"Present(false)"},"exit":17,"joined":true,"name":"nft_limit","outcome":"Failed","ownership_lost":false,"reaped":true,"spawned":true},{"after":{"available_index":"Present(true)","builtin_index":"Present(false)","loaded":"Present(false)"},"exit":17,"joined":true,"name":"nft_tproxy","outcome":"Failed","ownership_lost":false,"reaped":true,"spawned":true}],"runtime":"External","schema":1,"shared_effects_possible":true,"status":"Completed"}
STDOUT_END
STDERR_BEGIN
STDERR_END
CASE_double_limits_END
ATTEMPTS_double_limits_BEGIN
br_netfilter
overlay
xt_comment
xt_conntrack
xt_MASQUERADE
xt_addrtype
xt_multiport
xt_nat
nft_compat
nft_numgen
nft_redir
nft_limit
nft_tproxy
ATTEMPTS_double_limits_END
SCALARS_double_limits all=1 default=1 lo=1 
CASE_double_cancel_BEGIN
EXIT 1
STDOUT_BEGIN
{"assessment":"Observed","family":"Present(NfTables)","ipv6":[],"modules":[{"after":null,"exit":null,"joined":true,"name":"br_netfilter","outcome":"Cancelled","ownership_lost":false,"reaped":true,"spawned":true}],"runtime":"External","schema":1,"shared_effects_possible":true,"status":"Cancelled"}
STDOUT_END
STDERR_BEGIN
STDERR_END
CASE_double_cancel_END
ATTEMPTS_double_cancel_BEGIN
br_netfilter
ATTEMPTS_double_cancel_END
SCALARS_double_cancel all=0 default=0 lo=0 
RESTORED_modprobe ABSENT
RESTORED_KIND_modprobe ABSENT
RESTORED_RESOLVED_modprobe 948337a4d41cb125c8654fcb1529a6a36d44e30863e68bdd49938d12f8427862  /sbin/modprobe
MODULES_BEFORE_BEGIN
nfnetlink 20480 0 - Live 0xffff80007a7c5000
xt_comment 12288 0 - Live 0xffff80007a7a3000
x_tables 49152 1 xt_comment, Live 0xffff80007a7b9000
8021q 36864 0 - Live 0xffff80007a7ad000
garp 20480 1 8021q, Live 0xffff80007a789000
stp 12288 1 garp, Live 0xffff80007a79b000
mrp 20480 1 8021q, Live 0xffff80007a78e000
llc 16384 2 garp,stp, Live 0xffff80007a773000
isofs 45056 0 - Live 0xffff80007a77b000
cdrom 73728 1 isofs, Live 0xffff80007a763000
nls_utf8 12288 1 - Live 0xffff80007a71f000
nls_cp437 16384 1 - Live 0xffff80007a75c000
vfat 20480 1 - Live 0xffff80007a751000
fat 90112 1 vfat, Live 0xffff80007a736000
af_packet 61440 2 - Live 0xffff80007a72a000
efi_pstore 12288 0 - Live 0xffff80007a724000
aes_ce_blk 32768 0 - Live 0xffff80007a6ed000
aes_ce_cipher 12288 1 aes_ce_blk, Live 0xffff80007a713000
ghash_ce 20480 0 - Live 0xffff80007a6e3000
sha3_ce 16384 0 - Live 0xffff80007a701000
evdev 24576 1 - Live 0xffff80007a6f2000
qemu_fw_cfg 20480 0 - Live 0xffff80007a6d1000
button 28672 0 - Live 0xffff80007a67b000
efivarfs 24576 1 - Live 0xffff80007a65f000
virtio_net 98304 0 - Live 0xffff80007a6b7000
net_failover 16384 1 virtio_net, Live 0xffff80007a674000
failover 12288 1 net_failover, Live 0xffff80007a66a000
virtio_blk 24576 2 - Live 0xffff80007a652000
virtio_mmio 20480 0 - Live 0xffff80007a56c000
simpledrm 16384 0 - Live 0xffff80007a663000
drm_client_lib 12288 1 simpledrm, Live 0xffff80007a659000
drm_shmem_helper 28672 1 simpledrm, Live 0xffff80007a64a000
syscopyarea 12288 1 drm_shmem_helper, Live 0xffff80007a6dd000
sysfillrect 12288 1 drm_shmem_helper, Live 0xffff80007a6d3000
sysimgblt 12288 1 drm_shmem_helper, Live 0xffff80007a595000
fb_sys_fops 16384 1 drm_shmem_helper, Live 0xffff80007a526000
drm_sysfb_helper 24576 1 simpledrm, Live 0xffff80007a523000
drm_kms_helper 225280 4 simpledrm,drm_client_lib,drm_shmem_helper,drm_sysfb_helper, Live 0xffff80007a685000
drm 696320 5 simpledrm,drm_client_lib,drm_shmem_helper,drm_sysfb_helper,drm_kms_helper, Live 0xffff80007a59e000
i2c_core 118784 1 drm, Live 0xffff80007a572000
drm_panel_orientation_quirks 32768 1 drm, Live 0xffff80007a4c8000
backlight 28672 1 drm, Live 0xffff80007a561000
fb 114688 2 drm_shmem_helper,drm_kms_helper, Live 0xffff80007a536000
loop 36864 0 - Live 0xffff80007a529000
mana 106496 0 - Live 0xffff80007a50b000
gve 131072 0 - Live 0xffff80007a4e0000
ena 135168 0 - Live 0xffff80007a4a5000
ptp 45056 2 gve,ena, Live 0xffff80007a3be000
pps_core 24576 1 ptp, Live 0xffff80007a38a000
gpio_pl061 16384 0 - Live 0xffff80007a37e000
ext4 921600 1 - Live 0xffff80007a3d7000
crc16 12288 1 ext4, Live 0xffff80007a3d1000
mbcache 20480 1 ext4, Live 0xffff80007a3c4000
jbd2 163840 1 ext4, Live 0xffff80007a38f000
usb_storage 81920 0 - Live 0xffff80007a2d8000
usbcore 352256 1 usb_storage, Live 0xffff80007a311000
usb_common 16384 1 usbcore, Live 0xffff80007a305000
sd_mod 53248 0 - Live 0xffff80007a2ef000
scsi_mod 233472 2 usb_storage,sd_mod, Live 0xffff80007a29b000
scsi_common 16384 3 usb_storage,sd_mod,scsi_mod, Live 0xffff80007a290000
MODULES_BEFORE_END
CASE_real_first_BEGIN
EXIT 0
STDOUT_BEGIN
{"assessment":"Observed","family":"Present(NfTables)","ipv6":[{"outcome":"ObservedDisabled","path":"/proc/sys/net/ipv6/conf/all/disable_ipv6"},{"outcome":"AlreadyDisabled","path":"/proc/sys/net/ipv6/conf/default/disable_ipv6"},{"outcome":"AlreadyDisabled","path":"/proc/sys/net/ipv6/conf/lo/disable_ipv6"}],"modules":[{"after":{"available_index":"Present(true)","builtin_index":"Present(false)","loaded":"Present(true)"},"exit":0,"joined":true,"name":"br_netfilter","outcome":"Success","ownership_lost":false,"reaped":true,"spawned":true},{"after":{"available_index":"Present(true)","builtin_index":"Present(false)","loaded":"Present(true)"},"exit":0,"joined":true,"name":"overlay","outcome":"Success","ownership_lost":false,"reaped":true,"spawned":true},{"after":{"available_index":"Present(true)","builtin_index":"Present(false)","loaded":"Present(true)"},"exit":0,"joined":true,"name":"xt_comment","outcome":"Success","ownership_lost":false,"reaped":true,"spawned":true},{"after":{"available_index":"Present(true)","builtin_index":"Present(false)","loaded":"Present(true)"},"exit":0,"joined":true,"name":"xt_conntrack","outcome":"Success","ownership_lost":false,"reaped":true,"spawned":true},{"after":{"available_index":"Present(true)","builtin_index":"Present(false)","loaded":"Present(true)"},"exit":0,"joined":true,"name":"xt_MASQUERADE","outcome":"Success","ownership_lost":false,"reaped":true,"spawned":true},{"after":{"available_index":"Present(true)","builtin_index":"Present(false)","loaded":"Present(true)"},"exit":0,"joined":true,"name":"xt_addrtype","outcome":"Success","ownership_lost":false,"reaped":true,"spawned":true},{"after":{"available_index":"Present(true)","builtin_index":"Present(false)","loaded":"Present(true)"},"exit":0,"joined":true,"name":"xt_multiport","outcome":"Success","ownership_lost":false,"reaped":true,"spawned":true},{"after":{"available_index":"Present(true)","builtin_index":"Present(false)","loaded":"Present(true)"},"exit":0,"joined":true,"name":"xt_nat","outcome":"Success","ownership_lost":false,"reaped":true,"spawned":true},{"after":{"available_index":"Present(true)","builtin_index":"Present(false)","loaded":"Present(true)"},"exit":0,"joined":true,"name":"nft_compat","outcome":"Success","ownership_lost":false,"reaped":true,"spawned":true},{"after":{"available_index":"Present(true)","builtin_index":"Present(false)","loaded":"Present(true)"},"exit":0,"joined":true,"name":"nft_numgen","outcome":"Success","ownership_lost":false,"reaped":true,"spawned":true},{"after":{"available_index":"Present(true)","builtin_index":"Present(false)","loaded":"Present(true)"},"exit":0,"joined":true,"name":"nft_redir","outcome":"Success","ownership_lost":false,"reaped":true,"spawned":true},{"after":{"available_index":"Present(true)","builtin_index":"Present(false)","loaded":"Present(true)"},"exit":0,"joined":true,"name":"nft_limit","outcome":"Success","ownership_lost":false,"reaped":true,"spawned":true},{"after":{"available_index":"Present(true)","builtin_index":"Present(false)","loaded":"Present(true)"},"exit":0,"joined":true,"name":"nft_tproxy","outcome":"Success","ownership_lost":false,"reaped":true,"spawned":true}],"runtime":"External","schema":1,"shared_effects_possible":true,"status":"Completed"}
STDOUT_END
STDERR_BEGIN
STDERR_END
CASE_real_first_END
SCALARS_real_first all=1 default=1 lo=1 
CASE_real_repeat_BEGIN
EXIT 0
STDOUT_BEGIN
{"assessment":"Observed","family":"Present(NfTables)","ipv6":[{"outcome":"AlreadyDisabled","path":"/proc/sys/net/ipv6/conf/all/disable_ipv6"},{"outcome":"AlreadyDisabled","path":"/proc/sys/net/ipv6/conf/default/disable_ipv6"},{"outcome":"AlreadyDisabled","path":"/proc/sys/net/ipv6/conf/lo/disable_ipv6"}],"modules":[{"after":{"available_index":"Present(true)","builtin_index":"Present(false)","loaded":"Present(true)"},"exit":0,"joined":true,"name":"br_netfilter","outcome":"Success","ownership_lost":false,"reaped":true,"spawned":true},{"after":{"available_index":"Present(true)","builtin_index":"Present(false)","loaded":"Present(true)"},"exit":0,"joined":true,"name":"overlay","outcome":"Success","ownership_lost":false,"reaped":true,"spawned":true},{"after":{"available_index":"Present(true)","builtin_index":"Present(false)","loaded":"Present(true)"},"exit":0,"joined":true,"name":"xt_comment","outcome":"Success","ownership_lost":false,"reaped":true,"spawned":true},{"after":{"available_index":"Present(true)","builtin_index":"Present(false)","loaded":"Present(true)"},"exit":0,"joined":true,"name":"xt_conntrack","outcome":"Success","ownership_lost":false,"reaped":true,"spawned":true},{"after":{"available_index":"Present(true)","builtin_index":"Present(false)","loaded":"Present(true)"},"exit":0,"joined":true,"name":"xt_MASQUERADE","outcome":"Success","ownership_lost":false,"reaped":true,"spawned":true},{"after":{"available_index":"Present(true)","builtin_index":"Present(false)","loaded":"Present(true)"},"exit":0,"joined":true,"name":"xt_addrtype","outcome":"Success","ownership_lost":false,"reaped":true,"spawned":true},{"after":{"available_index":"Present(true)","builtin_index":"Present(false)","loaded":"Present(true)"},"exit":0,"joined":true,"name":"xt_multiport","outcome":"Success","ownership_lost":false,"reaped":true,"spawned":true},{"after":{"available_index":"Present(true)","builtin_index":"Present(false)","loaded":"Present(true)"},"exit":0,"joined":true,"name":"xt_nat","outcome":"Success","ownership_lost":false,"reaped":true,"spawned":true},{"after":{"available_index":"Present(true)","builtin_index":"Present(false)","loaded":"Present(true)"},"exit":0,"joined":true,"name":"nft_compat","outcome":"Success","ownership_lost":false,"reaped":true,"spawned":true},{"after":{"available_index":"Present(true)","builtin_index":"Present(false)","loaded":"Present(true)"},"exit":0,"joined":true,"name":"nft_numgen","outcome":"Success","ownership_lost":false,"reaped":true,"spawned":true},{"after":{"available_index":"Present(true)","builtin_index":"Present(false)","loaded":"Present(true)"},"exit":0,"joined":true,"name":"nft_redir","outcome":"Success","ownership_lost":false,"reaped":true,"spawned":true},{"after":{"available_index":"Present(true)","builtin_index":"Present(false)","loaded":"Present(true)"},"exit":0,"joined":true,"name":"nft_limit","outcome":"Success","ownership_lost":false,"reaped":true,"spawned":true},{"after":{"available_index":"Present(true)","builtin_index":"Present(false)","loaded":"Present(true)"},"exit":0,"joined":true,"name":"nft_tproxy","outcome":"Success","ownership_lost":false,"reaped":true,"spawned":true}],"runtime":"External","schema":1,"shared_effects_possible":true,"status":"Completed"}
STDOUT_END
STDERR_BEGIN
STDERR_END
CASE_real_repeat_END
SCALARS_real_repeat all=1 default=1 lo=1 
MODULES_AFTER_BEGIN
nft_tproxy 12288 0 - Live 0xffff80007a940000
nf_tproxy_ipv6 16384 1 nft_tproxy, Live 0xffff80007a934000
nf_tproxy_ipv4 16384 1 nft_tproxy, Live 0xffff80007a928000
nft_limit 12288 0 - Live 0xffff80007a91a000
nft_redir 12288 0 - Live 0xffff80007a914000
nft_numgen 12288 0 - Live 0xffff80007a90e000
nft_compat 16384 0 - Live 0xffff80007a91f000
nf_tables 282624 5 nft_tproxy,nft_limit,nft_redir,nft_numgen,nft_compat, Live 0xffff80007a8c5000
xt_nat 12288 0 - Live 0xffff80007a8bf000
xt_multiport 16384 0 - Live 0xffff80007a8b3000
xt_addrtype 12288 0 - Live 0xffff80007a866000
xt_MASQUERADE 16384 0 - Live 0xffff80007a868000
nf_nat 57344 3 nft_redir,xt_nat,xt_MASQUERADE, Live 0xffff80007a898000
xt_conntrack 12288 0 - Live 0xffff80007a8a9000
nf_conntrack 167936 5 nft_redir,xt_nat,xt_MASQUERADE,nf_nat,xt_conntrack, Live 0xffff80007a86b000
nf_defrag_ipv6 24576 2 nft_tproxy,nf_conntrack, Live 0xffff80007a85c000
nf_defrag_ipv4 12288 2 nft_tproxy,nf_conntrack, Live 0xffff80007a835000
overlay 172032 0 - Live 0xffff80007a83a000
br_netfilter 32768 0 - Live 0xffff80007a829000
bridge 290816 1 br_netfilter, Live 0xffff80007a7cb000
nfnetlink 20480 2 nft_compat,nf_tables, Live 0xffff80007a7c5000
xt_comment 12288 0 - Live 0xffff80007a7a3000
x_tables 49152 7 nft_compat,xt_nat,xt_multiport,xt_addrtype,xt_MASQUERADE,xt_conntrack,xt_comment, Live 0xffff80007a7b9000
8021q 36864 0 - Live 0xffff80007a7ad000
garp 20480 1 8021q, Live 0xffff80007a789000
stp 12288 2 bridge,garp, Live 0xffff80007a79b000
mrp 20480 1 8021q, Live 0xffff80007a78e000
llc 16384 3 bridge,garp,stp, Live 0xffff80007a773000
isofs 45056 0 - Live 0xffff80007a77b000
cdrom 73728 1 isofs, Live 0xffff80007a763000
nls_utf8 12288 1 - Live 0xffff80007a71f000
nls_cp437 16384 1 - Live 0xffff80007a75c000
vfat 20480 1 - Live 0xffff80007a751000
fat 90112 1 vfat, Live 0xffff80007a736000
af_packet 61440 2 - Live 0xffff80007a72a000
efi_pstore 12288 0 - Live 0xffff80007a724000
aes_ce_blk 32768 0 - Live 0xffff80007a6ed000
aes_ce_cipher 12288 1 aes_ce_blk, Live 0xffff80007a713000
ghash_ce 20480 0 - Live 0xffff80007a6e3000
sha3_ce 16384 0 - Live 0xffff80007a701000
evdev 24576 1 - Live 0xffff80007a6f2000
qemu_fw_cfg 20480 0 - Live 0xffff80007a6d1000
button 28672 0 - Live 0xffff80007a67b000
efivarfs 24576 1 - Live 0xffff80007a65f000
virtio_net 98304 0 - Live 0xffff80007a6b7000
net_failover 16384 1 virtio_net, Live 0xffff80007a674000
failover 12288 1 net_failover, Live 0xffff80007a66a000
virtio_blk 24576 2 - Live 0xffff80007a652000
virtio_mmio 20480 0 - Live 0xffff80007a56c000
simpledrm 16384 0 - Live 0xffff80007a663000
drm_client_lib 12288 1 simpledrm, Live 0xffff80007a659000
drm_shmem_helper 28672 1 simpledrm, Live 0xffff80007a64a000
syscopyarea 12288 1 drm_shmem_helper, Live 0xffff80007a6dd000
sysfillrect 12288 1 drm_shmem_helper, Live 0xffff80007a6d3000
sysimgblt 12288 1 drm_shmem_helper, Live 0xffff80007a595000
fb_sys_fops 16384 1 drm_shmem_helper, Live 0xffff80007a526000
drm_sysfb_helper 24576 1 simpledrm, Live 0xffff80007a523000
drm_kms_helper 225280 4 simpledrm,drm_client_lib,drm_shmem_helper,drm_sysfb_helper, Live 0xffff80007a685000
drm 696320 5 simpledrm,drm_client_lib,drm_shmem_helper,drm_sysfb_helper,drm_kms_helper, Live 0xffff80007a59e000
i2c_core 118784 1 drm, Live 0xffff80007a572000
drm_panel_orientation_quirks 32768 1 drm, Live 0xffff80007a4c8000
backlight 28672 1 drm, Live 0xffff80007a561000
fb 114688 2 drm_shmem_helper,drm_kms_helper, Live 0xffff80007a536000
loop 36864 0 - Live 0xffff80007a529000
mana 106496 0 - Live 0xffff80007a50b000
gve 131072 0 - Live 0xffff80007a4e0000
ena 135168 0 - Live 0xffff80007a4a5000
ptp 45056 2 gve,ena, Live 0xffff80007a3be000
pps_core 24576 1 ptp, Live 0xffff80007a38a000
gpio_pl061 16384 0 - Live 0xffff80007a37e000
ext4 921600 1 - Live 0xffff80007a3d7000
crc16 12288 1 ext4, Live 0xffff80007a3d1000
mbcache 20480 1 ext4, Live 0xffff80007a3c4000
jbd2 163840 1 ext4, Live 0xffff80007a38f000
usb_storage 81920 0 - Live 0xffff80007a2d8000
usbcore 352256 1 usb_storage, Live 0xffff80007a311000
usb_common 16384 1 usbcore, Live 0xffff80007a305000
sd_mod 53248 0 - Live 0xffff80007a2ef000
scsi_mod 233472 2 usb_storage,sd_mod, Live 0xffff80007a29b000
scsi_common 16384 3 usb_storage,sd_mod,scsi_mod, Live 0xffff80007a290000
MODULES_AFTER_END
EXTERNAL_SENTINEL_UNCHANGED
NETWORK_GUEST_COMPLETE
