{
  "boot_status_code": "enabled-by-sysvinit",
  "datasource": "nocloud",
  "detail": "DataSourceNoCloud [seed=/dev/vdb]",
  "errors": [],
  "extended_status": "done",
  "init": {
    "errors": [],
    "finished": 7.71,
    "recoverable_errors": {},
    "start": 7.66
  },
  "init-local": {
    "errors": [],
    "finished": 2.14,
    "recoverable_errors": {},
    "start": 2.08
  },
  "last_update": "Thu, 01 Jan 1970 00:00:08 +0000",
  "modules-config": {
    "errors": [],
    "finished": 7.89,
    "recoverable_errors": {},
    "start": 7.88
  },
  "modules-final": {
    "errors": [],
    "finished": 8.07,
    "recoverable_errors": {},
    "start": 8.05
  },
  "recoverable_errors": {},
  "stage": null,
  "status": "done"
}
