#0 building with "desktop-linux" instance using docker driver

#1 [internal] load build definition from Capture.Dockerfile
#1 transferring dockerfile: 822B done
#1 DONE 0.0s

#2 [internal] load metadata for docker.io/library/golang:1.26.5-bookworm@sha256:53eeac89074db483fdf0ab3be1df32bf6e47562263d2d0d6baa7f26acb4957dd
#2 DONE 0.0s

#3 [internal] load .dockerignore
#3 transferring context: 2B done
#3 DONE 0.0s

#4 [build 1/5] FROM docker.io/library/golang:1.26.5-bookworm@sha256:53eeac89074db483fdf0ab3be1df32bf6e47562263d2d0d6baa7f26acb4957dd
#4 resolve docker.io/library/golang:1.26.5-bookworm@sha256:53eeac89074db483fdf0ab3be1df32bf6e47562263d2d0d6baa7f26acb4957dd done
#4 DONE 0.0s

#5 [internal] load build context
#5 transferring context: 2.45kB done
#5 DONE 0.0s

#6 [build 2/5] WORKDIR /src
#6 CACHED

#7 [build 5/5] RUN mkdir /out && go test -c -p 2 -tags external_deps -trimpath -o /out/config.test ./internal/config
#7 CACHED

#8 [build 4/5] COPY file_capture_test.go /src/internal/config/rubix_capture_test.go
#8 CACHED

#9 [build 3/5] RUN curl --fail --location --retry 3 --output /tmp/source.tar.gz https://codeload.github.com/portainer/kubesolo/tar.gz/2ef1c4787989f11f868f81bb84ae2afd4a49a81d     && echo '9d5f3ce1f3fbda971fb1e2fb6da18ae3880caeec677f0e5d928a3bbe7bb76aec  /tmp/source.tar.gz' | sha256sum --check     && tar --extract --gzip --file /tmp/source.tar.gz --strip-components=1
#9 CACHED

#10 [capture 1/1] WORKDIR /tmp
#10 CACHED

#11 exporting to image
#11 exporting layers done
#11 exporting manifest sha256:6442959606e7d1bd4236d098ed8e364f9de7ba5e40deaf7df830679b0fc78ca6 done
#11 exporting config sha256:0cfd4849ff4222d6528d6a1a34d62ce3db73eeb2a078f06ac4204b0e8b076646 done
#11 exporting attestation manifest sha256:5a2993aec158e9f17c6b9ac33aa4c4b459be58bb0bc58c9b455b0dd43bcc5800 done
#11 exporting manifest list sha256:7b23a153f40b2cd95bbf4f970e73df9fcd77f23576db8f38349b5873f70b46de done
#11 naming to docker.io/library/rubix-config-write-links-5ryxb4:latest done
#11 unpacking to docker.io/library/rubix-config-write-links-5ryxb4:latest
#11 unpacking to docker.io/library/rubix-config-write-links-5ryxb4:latest 0.7s done
#11 DONE 0.7s

View build details: docker-desktop://dashboard/build/desktop-linux/desktop-linux/v2czmp5oypjhj1kk9uf4pkc8l
