[
    {
        "Id": "sha256:44b55758376a5281b79798b9c1a426182dbdd84c9ab5cd61dd770418236501d5",
        "RepoTags": [
            "rubix-config-write-links-gru4sz:latest"
        ],
        "RepoDigests": [
            "rubix-config-write-links-gru4sz@sha256:44b55758376a5281b79798b9c1a426182dbdd84c9ab5cd61dd770418236501d5"
        ],
        "Comment": "buildkit.dockerfile.v0",
        "Created": "2026-09-28T07:56:10.036679835Z",
        "Config": {
            "User": "65532:65532",
            "Env": [
                "PATH=/go/bin:/usr/local/go/bin:/usr/local/sbin:/usr/local/bin:/usr/sbin:/usr/bin:/sbin:/bin",
                "GOLANG_VERSION=1.26.5",
                "GOTOOLCHAIN=local",
                "GOPATH=/go",
                "CGO_ENABLED=1",
                "GOFLAGS=-mod=readonly"
            ],
            "WorkingDir": "/tmp"
        },
        "Architecture": "arm64",
        "Os": "linux",
        "Size": 324070493,
        "RootFS": {
            "Type": "layers",
            "Layers": [
                "sha256:fc7ac19cfb2d64221e26478ffac9248cfff72f76adbb89ca5e362b37cc21c84a",
                "sha256:c1cf7a9b7c84052ffa15e8621c27a229e6d79203dee6c5ebb63ce76230f7349e",
                "sha256:304cc516c4dc516b48304bc637d27673284810a377052ad62afaaf10a4c6eade",
                "sha256:a325f5bdd3224a58b19bff0c4b9f8adaefe11fe481473dc3abcb6014c7129732",
                "sha256:28fd8b5d89238feec4841a53d475df7ea1114068b51edea6f95ff4b28b492616",
                "sha256:97c6c689c0d641d335745f59cb47ed87a6dffe8e8cae1de54715db524a6aef7f",
                "sha256:5f70bf18a086007016e948b04aed3b82103a36bea41755b6cddfaf10ace3c6ef",
                "sha256:cefc91f6ee36a5dd7fe051d1e4d49121f94b5bdf98c29e88c60882d7c863acfc",
                "sha256:89e8c1a498d66a2155a581feb21a032650ac64b05d4c00fec6594ac27484aa0e",
                "sha256:5c4f5f969461d8b45d30014d346dc3d422802f5bcd22d0b65bf4bfb73c486baf",
                "sha256:c85c047056126119431598cd90a3a7f9e8aa92931e5d8d49b76c9a5bc028b652",
                "sha256:5f70bf18a086007016e948b04aed3b82103a36bea41755b6cddfaf10ace3c6ef"
            ]
        },
        "Metadata": {
            "LastTagTime": "2026-09-28T07:56:12.653849628Z"
        },
        "Descriptor": {
            "mediaType": "application/vnd.oci.image.index.v1+json",
            "digest": "sha256:44b55758376a5281b79798b9c1a426182dbdd84c9ab5cd61dd770418236501d5",
            "size": 856
        },
        "Identity": {
            "Build": [
                {
                    "Ref": "8mfaxn42p7ecg2xtdsx6z0i5u",
                    "CreatedAt": "2026-09-28T07:56:13.638053295Z"
                }
            ]
        }
    }
]
