   Compiling libc v0.2.189
   Compiling find-msvc-tools v0.1.14
   Compiling shlex v2.0.1
   Compiling proc-macro2 v1.0.107
   Compiling pkg-config v0.3.34
   Compiling quote v1.0.47
   Compiling typenum v1.20.1
   Compiling cfg-if v1.0.5
   Compiling zstd-safe v7.3.0
   Compiling crc32fast v1.5.2
   Compiling adler2 v2.0.1
   Compiling simd-adler32 v0.3.10
   Compiling object v0.39.1
   Compiling miniz_oxide v0.9.1
   Compiling hybrid-array v0.4.15
   Compiling jobserver v0.1.35
   Compiling cc v1.5.1
   Compiling block-buffer v0.12.1
   Compiling crypto-common v0.2.2
   Compiling digest v0.11.3
   Compiling zstd-sys v2.1.0+zstd.1.5.7
   Compiling cpufeatures v0.3.1
   Compiling sha2 v0.11.0
   Compiling flate2 v1.1.10
   Compiling syn v2.0.119
   Compiling serde_derive v1.0.228
   Compiling serde v1.0.228
   Compiling zstd v0.13.3
   Compiling rubix-assets v0.1.0 (/private/tmp/rubix-node-network-worktree-20260927/crates/rubix-assets)
    Finished `release` profile [optimized + debuginfo] target(s) in 9.92s
     Running tests/elf_real.rs (target/release/deps/elf_real-cd444e63e2fb17a8)

running 1 test
RUBIX_ELF {"architecture":"arm64","bytes":79888568,"elf_type":2,"entry":603408,"flags":0,"interpreter":null,"loader":"Unknown","loader_relation":"Unresolved","machine":183,"needed":[],"role":"kube-apiserver","sha256":"4e5fe160e7b90e84faab827e71a101f0472a920385abfb7f6bba36ee783529e1"}
RUBIX_ELF {"architecture":"arm64","bytes":44465296,"elf_type":2,"entry":25281952,"flags":0,"interpreter":null,"loader":"Unknown","loader_relation":"Unresolved","machine":183,"needed":[],"role":"kine","sha256":"ced586344c072454336002cb07d1146400f70f989ecc1576fcf98fbf3e6e5cd8"}
RUBIX_ELF {"architecture":"amd64","bytes":85778616,"elf_type":2,"entry":4747104,"flags":0,"interpreter":null,"loader":"Unknown","loader_relation":"Unresolved","machine":62,"needed":[],"role":"kube-apiserver","sha256":"0317e382c47b721af23dfcf853073fbe76ebe26a592dffc42359e20be21047a8"}
RUBIX_ELF {"architecture":"amd64","bytes":47431544,"elf_type":2,"entry":25569792,"flags":0,"interpreter":null,"loader":"Unknown","loader_relation":"Unresolved","machine":62,"needed":[],"role":"kine","sha256":"1331b855502c9ba8f27d51531baa204e513b5d5056036d4ca453f06ef32ce976"}
test four_locked_release_executables ... ok

test result: ok. 1 passed; 0 failed; 0 ignored; 0 measured; 0 filtered out; finished in 0.48s

