{
  "boot_status_code": "enabled-by-sysvinit",
  "datasource": "nocloud",
  "detail": "DataSourceNoCloud [seed=/dev/vdb]",
  "errors": [],
  "extended_status": "degraded done",
  "init": {
    "errors": [],
    "finished": 12.45,
    "recoverable_errors": {},
    "start": 11.9
  },
  "init-local": {
    "errors": [],
    "finished": 6.3,
    "recoverable_errors": {},
    "start": 5.76
  },
  "last_update": "Thu, 01 Jan 1970 00:00:12 +0000",
  "modules-config": {
    "errors": [],
    "finished": 12.66,
    "recoverable_errors": {},
    "start": 12.63
  },
  "modules-final": {
    "errors": [],
    "finished": 12.88,
    "recoverable_errors": {
      "WARNING": [
        "Unable to activate module keys_to_console, helper tool not found at /usr/lib/cloud-init/write-ssh-key-fingerprints"
      ]
    },
    "start": 12.86
  },
  "recoverable_errors": {
    "WARNING": [
      "Unable to activate module keys_to_console, helper tool not found at /usr/lib/cloud-init/write-ssh-key-fingerprints"
    ]
  },
  "stage": null,
  "status": "done"
}
