{
  "boot_status_code": "enabled-by-sysvinit",
  "datasource": "nocloud",
  "detail": "DataSourceNoCloud [seed=/dev/vdb]",
  "errors": [],
  "extended_status": "done",
  "init": {
    "errors": [],
    "finished": 9.95,
    "recoverable_errors": {},
    "start": 9.81
  },
  "init-local": {
    "errors": [],
    "finished": 2.61,
    "recoverable_errors": {},
    "start": 2.52
  },
  "last_update": "Thu, 01 Jan 1970 00:00:10 +0000",
  "modules-config": {
    "errors": [],
    "finished": 10.28,
    "recoverable_errors": {},
    "start": 10.24
  },
  "modules-final": {
    "errors": [],
    "finished": 10.71,
    "recoverable_errors": {},
    "start": 10.58
  },
  "recoverable_errors": {},
  "stage": null,
  "status": "done"
}
