UEFI firmware (version edk2-stable202408-prebuilt.qemu.org built at 16:28:50 on Sep 12 2024)
ArmTrngLib could not be correctly initialized.
Error: Image at 000BFDB6000 start failed: 00000001
Error: Image at 000BFD6D000 start failed: Not Found
Error: Image at 000BFCBA000 start failed: Unsupported
Error: Image at 000BFC3F000 start failed: Not Found
Error: Image at 000BFB65000 start failed: Aborted
Tpm2SubmitCommand - Tcg2 - Not Found
Tpm2GetCapabilityPcrs fail!
Tpm2SubmitCommand - Tcg2 - Not Found
Image type X64 can't be loaded on AARCH64 UEFI system.
[2J[01;01H[=3h[2J[01;01H[2J[01;01H[=3h[2J[01;01HBdsDxe: loading Boot0001 "UEFI Misc Device" from PciRoot(0x0)/Pci(0x2,0x0)
BdsDxe: starting Boot0001 "UEFI Misc Device" from PciRoot(0x0)/Pci(0x2,0x0)
ConvertPages: Incompatible memory types, the pages to allocate have been allocated
ConvertPages: Incompatible memory types, the pages to allocate have been allocated
[01;01H[01;01H[01;01H[2J[01;01H[01;01H[01;01H[01;01H[02;01H[02;26HL[02;27Hi[02;28Hm[02;29Hi[02;30Hn[02;31He[02;32H [02;33H1[02;34H2[02;35H.[02;36H9[02;37H.[02;38H0[02;39H [02;40H([02;41Ha[02;42Ha[02;43Hr[02;44Hc[02;45Hh[02;46H6[02;47H4[02;48H,[02;49H [02;50HU[02;51HE[02;52HF[02;53HI[02;54H)[02;55H[02;01H[03;01H[03;01H[04;01H[04;01H[05;01H[05;01H[06;01H[12;01H [12;02H [12;03H [12;04H [12;05H [12;06H [12;07H [12;08H [12;09H [12;10H [12;11H [12;12H [12;13H [12;14H [12;15H [12;16H [12;17H [12;18H [12;19H [12;20H [12;21H [12;22H [12;23H [12;24H [12;25H [12;26H [12;27H [12;28H [12;29H [12;30H [12;31H [12;32H [12;33H [12;34H[0m[30m[47m [12;35HA[12;36Hl[12;37Hp[12;38Hi[12;39Hn[12;40He[12;41H [12;42HL[12;43Hi[12;44Hn[12;45Hu[12;46Hx[12;47H [12;48H[0m[37m[40m[12;01H[13;01H[04;22HA[04;23HR[04;24HR[04;25HO[04;26HW[04;27HS[04;28H [04;29HS[04;30He[04;31Hl[04;32He[04;33Hc[04;34Ht[04;35H [04;36H [04;37H [04;38H [04;39HE[04;40HN[04;41HT[04;42HE[04;43HR[04;44H [04;45HB[04;46Ho[04;47Ho[04;48Ht[04;49H [04;50H [04;51H [04;52H [04;53HE[04;54H [04;55HE[04;56Hd[04;57Hi[04;58Ht[04;59H[06;24HS[06;25H [06;26HF[06;27Hi[06;28Hr[06;29Hm[06;30Hw[06;31Ha[06;32Hr[06;33He[06;34H [06;35HS[06;36He[06;37Ht[06;38Hu[06;39Hp[06;40H [06;41H [06;42H [06;43H [06;44HB[06;45H [06;46HB[06;47Hl[06;48Ha[06;49Hn[06;50Hk[06;51H [06;52HE[06;53Hn[06;54Ht[06;55Hr[06;56Hy[06;57H[13;01H[13;01H[14;01H[14;01H[15;01H[23;26H[23;01H [23;02H [23;03H [23;04H [23;05H [23;06H [23;07H [23;08H [23;09H [23;10H [23;11H [23;12H [23;13H [23;14H [23;15H [23;16H [23;17H [23;18H [23;19H [23;20H [23;21H [23;22H [23;23H [23;24H [23;25H [23;26H [23;27H [23;28H [23;29H [23;30H [23;31H [23;32H [23;33H [23;34H [23;35H [23;36H [23;37H [23;38H [23;39H [23;40H [23;41H [23;42H [23;43H [23;44H [23;45H [23;46H [23;47H [23;48H [23;49H [23;50H [23;51H [23;52H [23;53H [23;54H [23;55H [23;56H [23;57H [23;58H [23;59H [23;60H [23;61H [23;62H [23;63H [23;64H [23;65H [23;66H [23;67H [23;68H [23;69H [23;70H [23;71H [23;72H [23;73H [23;74H [23;75H [23;76H [23;77H [23;78H [23;79H [23;80H [24;01H[23;26HB[23;27Ho[23;28Ho[23;29Ht[23;30Hi[23;31Hn[23;32Hg[23;33H [23;34Ha[23;35Hu[23;36Ht[23;37Ho[23;38Hm[23;39Ha[23;40Ht[23;41Hi[23;42Hc[23;43Ha[23;44Hl[23;45Hl[23;46Hy[23;47H [23;48Hi[23;49Hn[23;50H [23;51H1[23;52H0[23;53H.[23;54H.[23;55H.[23;56H[23;26H[23;01H [23;02H [23;03H [23;04H [23;05H [23;06H [23;07H [23;08H [23;09H [23;10H [23;11H [23;12H [23;13H [23;14H [23;15H [23;16H [23;17H [23;18H [23;19H [23;20H [23;21H [23;22H [23;23H [23;24H [23;25H [23;26H [23;27H [23;28H [23;29H [23;30H [23;31H [23;32H [23;33H [23;34H [23;35H [23;36H [23;37H [23;38H [23;39H [23;40H [23;41H [23;42H [23;43H [23;44H [23;45H [23;46H [23;47H [23;48H [23;49H [23;50H [23;51H [23;52H [23;53H [23;54H [23;55H [23;56H [23;57H [23;58H [23;59H [23;60H [23;61H [23;62H [23;63H [23;64H [23;65H [23;66H [23;67H [23;68H [23;69H [23;70H [23;71H [23;72H [23;73H [23;74H [23;75H [23;76H [23;77H [23;78H [23;79H [23;80H [24;01H[23;26HB[23;27Ho[23;28Ho[23;29Ht[23;30Hi[23;31Hn[23;32Hg[23;33H [23;34Ha[23;35Hu[23;36Ht[23;37Ho[23;38Hm[23;39Ha[23;40Ht[23;41Hi[23;42Hc[23;43Ha[23;44Hl[23;45Hl[23;46Hy[23;47H [23;48Hi[23;49Hn[23;50H [23;51H9[23;52H.[23;53H.[23;54H.[23;55H[23;26H[23;01H [23;02H [23;03H [23;04H [23;05H [23;06H [23;07H [23;08H [23;09H [23;10H [23;11H [23;12H [23;13H [23;14H [23;15H [23;16H [23;17H [23;18H [23;19H [23;20H [23;21H [23;22H [23;23H [23;24H [23;25H [23;26H [23;27H [23;28H [23;29H [23;30H [23;31H [23;32H [23;33H [23;34H [23;35H [23;36H [23;37H [23;38H [23;39H [23;40H [23;41H [23;42H [23;43H [23;44H [23;45H [23;46H [23;47H [23;48H [23;49H [23;50H [23;51H [23;52H [23;53H [23;54H [23;55H [23;56H [23;57H [23;58H [23;59H [23;60H [23;61H [23;62H [23;63H [23;64H [23;65H [23;66H [23;67H [23;68H [23;69H [23;70H [23;71H [23;72H [23;73H [23;74H [23;75H [23;76H [23;77H [23;78H [23;79H [23;80H [24;01H[23;26HB[23;27Ho[23;28Ho[23;29Ht[23;30Hi[23;31Hn[23;32Hg[23;33H [23;34Ha[23;35Hu[23;36Ht[23;37Ho[23;38Hm[23;39Ha[23;40Ht[23;41Hi[23;42Hc[23;43Ha[23;44Hl[23;45Hl[23;46Hy[23;47H [23;48Hi[23;49Hn[23;50H [23;51H8[23;52H.[23;53H.[23;54H.[23;55H[23;26H[23;01H [23;02H [23;03H [23;04H [23;05H [23;06H [23;07H [23;08H [23;09H [23;10H [23;11H [23;12H [23;13H [23;14H [23;15H [23;16H [23;17H [23;18H [23;19H [23;20H [23;21H [23;22H [23;23H [23;24H [23;25H [23;26H [23;27H [23;28H [23;29H [23;30H [23;31H [23;32H [23;33H [23;34H [23;35H [23;36H [23;37H [23;38H [23;39H [23;40H [23;41H [23;42H [23;43H [23;44H [23;45H [23;46H [23;47H [23;48H [23;49H [23;50H [23;51H [23;52H [23;53H [23;54H [23;55H [23;56H [23;57H [23;58H [23;59H [23;60H [23;61H [23;62H [23;63H [23;64H [23;65H [23;66H [23;67H [23;68H [23;69H [23;70H [23;71H [23;72H [23;73H [23;74H [23;75H [23;76H [23;77H [23;78H [23;79H [23;80H [24;01H[23;26HB[23;27Ho[23;28Ho[23;29Ht[23;30Hi[23;31Hn[23;32Hg[23;33H [23;34Ha[23;35Hu[23;36Ht[23;37Ho[23;38Hm[23;39Ha[23;40Ht[23;41Hi[23;42Hc[23;43Ha[23;44Hl[23;45Hl[23;46Hy[23;47H [23;48Hi[23;49Hn[23;50H [23;51H7[23;52H.[23;53H.[23;54H.[23;55H[23;26H[23;01H [23;02H [23;03H [23;04H [23;05H [23;06H [23;07H [23;08H [23;09H [23;10H [23;11H [23;12H [23;13H [23;14H [23;15H [23;16H [23;17H [23;18H [23;19H [23;20H [23;21H [23;22H [23;23H [23;24H [23;25H [23;26H [23;27H [23;28H [23;29H [23;30H [23;31H [23;32H [23;33H [23;34H [23;35H [23;36H [23;37H [23;38H [23;39H [23;40H [23;41H [23;42H [23;43H [23;44H [23;45H [23;46H [23;47H [23;48H [23;49H [23;50H [23;51H [23;52H [23;53H [23;54H [23;55H [23;56H [23;57H [23;58H [23;59H [23;60H [23;61H [23;62H [23;63H [23;64H [23;65H [23;66H [23;67H [23;68H [23;69H [23;70H [23;71H [23;72H [23;73H [23;74H [23;75H [23;76H [23;77H [23;78H [23;79H [23;80H [24;01H[23;26HB[23;27Ho[23;28Ho[23;29Ht[23;30Hi[23;31Hn[23;32Hg[23;33H [23;34Ha[23;35Hu[23;36Ht[23;37Ho[23;38Hm[23;39Ha[23;40Ht[23;41Hi[23;42Hc[23;43Ha[23;44Hl[23;45Hl[23;46Hy[23;47H [23;48Hi[23;49Hn[23;50H [23;51H6[23;52H.[23;53H.[23;54H.[23;55H[23;26H[23;01H [23;02H [23;03H [23;04H [23;05H [23;06H [23;07H [23;08H [23;09H [23;10H [23;11H [23;12H [23;13H [23;14H [23;15H [23;16H [23;17H [23;18H [23;19H [23;20H [23;21H [23;22H [23;23H [23;24H [23;25H [23;26H [23;27H [23;28H [23;29H [23;30H [23;31H [23;32H [23;33H [23;34H [23;35H [23;36H [23;37H [23;38H [23;39H [23;40H [23;41H [23;42H [23;43H [23;44H [23;45H [23;46H [23;47H [23;48H [23;49H [23;50H [23;51H [23;52H [23;53H [23;54H [23;55H [23;56H [23;57H [23;58H [23;59H [23;60H [23;61H [23;62H [23;63H [23;64H [23;65H [23;66H [23;67H [23;68H [23;69H [23;70H [23;71H [23;72H [23;73H [23;74H [23;75H [23;76H [23;77H [23;78H [23;79H [23;80H [24;01H[23;26HB[23;27Ho[23;28Ho[23;29Ht[23;30Hi[23;31Hn[23;32Hg[23;33H [23;34Ha[23;35Hu[23;36Ht[23;37Ho[23;38Hm[23;39Ha[23;40Ht[23;41Hi[23;42Hc[23;43Ha[23;44Hl[23;45Hl[23;46Hy[23;47H [23;48Hi[23;49Hn[23;50H [23;51H5[23;52H.[23;53H.[23;54H.[23;55H[23;26H[23;01H [23;02H [23;03H [23;04H [23;05H [23;06H [23;07H [23;08H [23;09H [23;10H [23;11H [23;12H [23;13H [23;14H [23;15H [23;16H [23;17H [23;18H [23;19H [23;20H [23;21H [23;22H [23;23H [23;24H [23;25H [23;26H [23;27H [23;28H [23;29H [23;30H [23;31H [23;32H [23;33H [23;34H [23;35H [23;36H [23;37H [23;38H [23;39H [23;40H [23;41H [23;42H [23;43H [23;44H [23;45H [23;46H [23;47H [23;48H [23;49H [23;50H [23;51H [23;52H [23;53H [23;54H [23;55H [23;56H [23;57H [23;58H [23;59H [23;60H [23;61H [23;62H [23;63H [23;64H [23;65H [23;66H [23;67H [23;68H [23;69H [23;70H [23;71H [23;72H [23;73H [23;74H [23;75H [23;76H [23;77H [23;78H [23;79H [23;80H [24;01H[23;26HB[23;27Ho[23;28Ho[23;29Ht[23;30Hi[23;31Hn[23;32Hg[23;33H [23;34Ha[23;35Hu[23;36Ht[23;37Ho[23;38Hm[23;39Ha[23;40Ht[23;41Hi[23;42Hc[23;43Ha[23;44Hl[23;45Hl[23;46Hy[23;47H [23;48Hi[23;49Hn[23;50H [23;51H4[23;52H.[23;53H.[23;54H.[23;55H[23;26H[23;01H [23;02H [23;03H [23;04H [23;05H [23;06H [23;07H [23;08H [23;09H [23;10H [23;11H [23;12H [23;13H [23;14H [23;15H [23;16H [23;17H [23;18H [23;19H [23;20H [23;21H [23;22H [23;23H [23;24H [23;25H [23;26H [23;27H [23;28H [23;29H [23;30H [23;31H [23;32H [23;33H [23;34H [23;35H [23;36H [23;37H [23;38H [23;39H [23;40H [23;41H [23;42H [23;43H [23;44H [23;45H [23;46H [23;47H [23;48H [23;49H [23;50H [23;51H [23;52H [23;53H [23;54H [23;55H [23;56H [23;57H [23;58H [23;59H [23;60H [23;61H [23;62H [23;63H [23;64H [23;65H [23;66H [23;67H [23;68H [23;69H [23;70H [23;71H [23;72H [23;73H [23;74H [23;75H [23;76H [23;77H [23;78H [23;79H [23;80H [24;01H[23;26HB[23;27Ho[23;28Ho[23;29Ht[23;30Hi[23;31Hn[23;32Hg[23;33H [23;34Ha[23;35Hu[23;36Ht[23;37Ho[23;38Hm[23;39Ha[23;40Ht[23;41Hi[23;42Hc[23;43Ha[23;44Hl[23;45Hl[23;46Hy[23;47H [23;48Hi[23;49Hn[23;50H [23;51H3[23;52H.[23;53H.[23;54H.[23;55H[23;26H[23;01H [23;02H [23;03H [23;04H [23;05H [23;06H [23;07H [23;08H [23;09H [23;10H [23;11H [23;12H [23;13H [23;14H [23;15H [23;16H [23;17H [23;18H [23;19H [23;20H [23;21H [23;22H [23;23H [23;24H [23;25H [23;26H [23;27H [23;28H [23;29H [23;30H [23;31H [23;32H [23;33H [23;34H [23;35H [23;36H [23;37H [23;38H [23;39H [23;40H [23;41H [23;42H [23;43H [23;44H [23;45H [23;46H [23;47H [23;48H [23;49H [23;50H [23;51H [23;52H [23;53H [23;54H [23;55H [23;56H [23;57H [23;58H [23;59H [23;60H [23;61H [23;62H [23;63H [23;64H [23;65H [23;66H [23;67H [23;68H [23;69H [23;70H [23;71H [23;72H [23;73H [23;74H [23;75H [23;76H [23;77H [23;78H [23;79H [23;80H [24;01H[23;26HB[23;27Ho[23;28Ho[23;29Ht[23;30Hi[23;31Hn[23;32Hg[23;33H [23;34Ha[23;35Hu[23;36Ht[23;37Ho[23;38Hm[23;39Ha[23;40Ht[23;41Hi[23;42Hc[23;43Ha[23;44Hl[23;45Hl[23;46Hy[23;47H [23;48Hi[23;49Hn[23;50H [23;51H2[23;52H.[23;53H.[23;54H.[23;55H[23;26H[23;01H [23;02H [23;03H [23;04H [23;05H [23;06H [23;07H [23;08H [23;09H [23;10H [23;11H [23;12H [23;13H [23;14H [23;15H [23;16H [23;17H [23;18H [23;19H [23;20H [23;21H [23;22H [23;23H [23;24H [23;25H [23;26H [23;27H [23;28H [23;29H [23;30H [23;31H [23;32H [23;33H [23;34H [23;35H [23;36H [23;37H [23;38H [23;39H [23;40H [23;41H [23;42H [23;43H [23;44H [23;45H [23;46H [23;47H [23;48H [23;49H [23;50H [23;51H [23;52H [23;53H [23;54H [23;55H [23;56H [23;57H [23;58H [23;59H [23;60H [23;61H [23;62H [23;63H [23;64H [23;65H [23;66H [23;67H [23;68H [23;69H [23;70H [23;71H [23;72H [23;73H [23;74H [23;75H [23;76H [23;77H [23;78H [23;79H [23;80H [24;01H[23;26HB[23;27Ho[23;28Ho[23;29Ht[23;30Hi[23;31Hn[23;32Hg[23;33H [23;34Ha[23;35Hu[23;36Ht[23;37Ho[23;38Hm[23;39Ha[23;40Ht[23;41Hi[23;42Hc[23;43Ha[23;44Hl[23;45Hl[23;46Hy[23;47H [23;48Hi[23;49Hn[23;50H [23;51H1[23;52H.[23;53H.[23;54H.[23;55H[01;01H[    0.000000] Booting Linux on physical CPU 0x0000000000 [0x610f0000]
[    0.000000] Linux version 6.18.52-0-virt (buildozer@build-3-24-aarch64) (cc (Alpine 15.2.0) 15.2.0, GNU ld (GNU Binutils) 2.45.1) #1-Alpine SMP PREEMPT_DYNAMIC 2026-09-15 05:37:48
[    0.000000] efi: EFI v2.7 by EDK II
[    0.000000] efi: SMBIOS 3.0=0xbfed0000 MEMATTR=0xbea35018 ACPI 2.0=0xbcb43018 INITRD=0xbc716f18 MEMRESERVE=0xbc716f98 
[    0.000000] ACPI: Early table checksum verification disabled
[    0.000000] ACPI: RSDP 0x00000000BCB43018 000024 (v02 BOCHS )
[    0.000000] ACPI: XSDT 0x00000000BCB43F18 000064 (v01 BOCHS  BXPC     00000001      01000013)
[    0.000000] ACPI: FACP 0x00000000BCB43B18 000114 (v06 BOCHS  BXPC     00000001 BXPC 00000001)
[    0.000000] ACPI: DSDT 0x00000000BCB41018 001517 (v02 BOCHS  BXPC     00000001 BXPC 00000001)
[    0.000000] ACPI: APIC 0x00000000BCB43C98 00010C (v04 BOCHS  BXPC     00000001 BXPC 00000001)
[    0.000000] ACPI: PPTT 0x00000000BCB43E18 000074 (v02 BOCHS  BXPC     00000001 BXPC 00000001)
[    0.000000] ACPI: GTDT 0x00000000BCB43098 000068 (v03 BOCHS  BXPC     00000001 BXPC 00000001)
[    0.000000] ACPI: MCFG 0x00000000BCB43A98 00003C (v01 BOCHS  BXPC     00000001 BXPC 00000001)
[    0.000000] ACPI: SPCR 0x00000000BCB43818 000050 (v02 BOCHS  BXPC     00000001 BXPC 00000001)
[    0.000000] ACPI: DBG2 0x00000000BCB43A18 000057 (v00 BOCHS  BXPC     00000001 BXPC 00000001)
[    0.000000] ACPI: IORT 0x00000000BCB43898 000054 (v05 BOCHS  BXPC     00000001 BXPC 00000001)
[    0.000000] ACPI: SPCR: console: pl011,mmio32,0x9000000,9600
[    0.000000] NUMA: Faking a node at [mem 0x0000000040000000-0x00000000bfffffff]
[    0.000000] NODE_DATA(0) allocated [mem 0xbf855b40-0xbf857fff]
[    0.000000] Zone ranges:
[    0.000000]   DMA      [mem 0x0000000040000000-0x00000000bfffffff]
[    0.000000]   DMA32    empty
[    0.000000]   Normal   empty
[    0.000000] Movable zone start for each node
[    0.000000] Early memory node ranges
[    0.000000]   node   0: [mem 0x0000000040000000-0x00000000bc76ffff]
[    0.000000]   node   0: [mem 0x00000000bc770000-0x00000000bcb3ffff]
[    0.000000]   node   0: [mem 0x00000000bcb40000-0x00000000bfe1ffff]
[    0.000000]   node   0: [mem 0x00000000bfe20000-0x00000000bfeaffff]
[    0.000000]   node   0: [mem 0x00000000bfeb0000-0x00000000bfebffff]
[    0.000000]   node   0: [mem 0x00000000bfec0000-0x00000000bffdffff]
[    0.000000]   node   0: [mem 0x00000000bffe0000-0x00000000bfffffff]
[    0.000000] Initmem setup node 0 [mem 0x0000000040000000-0x00000000bfffffff]
[    0.000000] psci: probing for conduit method from ACPI.
[    0.000000] psci: PSCIv1.1 detected in firmware.
[    0.000000] psci: Using standard PSCI v0.2 function IDs
[    0.000000] psci: Trusted OS migration not required
[    0.000000] psci: SMC Calling Convention v1.0
[    0.000000] percpu: Embedded 34 pages/cpu s99544 r8192 d31528 u139264
[    0.000000] Detected PIPT I-cache on CPU0
[    0.000000] CPU features: detected: Address authentication (IMP DEF algorithm)
[    0.000000] CPU features: detected: Spectre-v4
[    0.000000] CPU features: detected: Spectre-BHB
[    0.000000] alternatives: applying boot alternatives
[    0.000000] Kernel command line: initrd=\\initramfs-virt root=LABEL=/ modules=sd-mod,usb-storage,ext4,gpio_pl061,ena,gve,mana console=ttyS0,115200n8 console=ttyAMA0,115200n8 console=tty0 autodetect_serial=setconsole=[Aa]mazon,Google,dmi.chassis_asset_tag=^(7783-7084-3265-9085-8269-3286-77|OracleCloud[.]com)$
[    0.000000] Unknown kernel command line parameters "modules=sd-mod,usb-storage,ext4,gpio_pl061,ena,gve,mana autodetect_serial=setconsole=[Aa]mazon,Google,dmi.chassis_asset_tag=^(7783-7084-3265-9085-8269-3286-77|OracleCloud[.]com)$", will be passed to user space.
[    0.000000] printk: log buffer data + meta data: 131072 + 458752 = 589824 bytes
[    0.000000] Dentry cache hash table entries: 262144 (order: 9, 2097152 bytes, linear)
[    0.000000] Inode-cache hash table entries: 131072 (order: 8, 1048576 bytes, linear)
[    0.000000] software IO TLB: SWIOTLB bounce buffer size adjusted to 2MB
[    0.000000] software IO TLB: area num 2.
[    0.000000] software IO TLB: mapped [mem 0x00000000bf2fa000-0x00000000bf4fa000] (2MB)
[    0.000000] Fallback order for Node 0: 0 
[    0.000000] Built 1 zonelists, mobility grouping on.  Total pages: 524288
[    0.000000] Policy zone: DMA
[    0.000000] mem auto-init: stack:all(zero), heap alloc:on, heap free:off
[    0.000000] SLUB: HWalign=64, Order=0-3, MinObjects=0, CPUs=2, Nodes=1
[    0.000000] Dynamic Preempt: none
[    0.000000] rcu: Preemptible hierarchical RCU implementation.
[    0.000000] rcu: 	RCU restricting CPUs from NR_CPUS=4096 to nr_cpu_ids=2.
[    0.000000] 	Trampoline variant of Tasks RCU enabled.
[    0.000000] 	Tracing variant of Tasks RCU enabled.
[    0.000000] rcu: RCU calculated value of scheduler-enlistment delay is 100 jiffies.
[    0.000000] rcu: Adjusting geometry for rcu_fanout_leaf=16, nr_cpu_ids=2
[    0.000000] RCU Tasks: Setting shift to 1 and lim to 1 rcu_task_cb_adjust=1 rcu_task_cpu_ids=2.
[    0.000000] RCU Tasks Trace: Setting shift to 1 and lim to 1 rcu_task_cb_adjust=1 rcu_task_cpu_ids=2.
[    0.000000] NR_IRQS: 64, nr_irqs: 64, preallocated irqs: 0
[    0.000000] GICv3: 988 SPIs implemented
[    0.000000] GICv3: 0 Extended SPIs implemented
[    0.000000] Root IRQ handler: gic_handle_irq
[    0.000000] GICv3: GICv3 features: 16 PPIs, RSS
[    0.000000] GICv3: GICD_CTLR.DS=1, SCR_EL3.FIQ=0
[    0.000000] GICv3: CPU0: found redistributor 0 region 0:0x00000000080a0000
[    0.000000] GICv2m: ACPI overriding V2M MSI_TYPER (base:80, num:64)
[    0.000000] GICv2m: range[mem 0x08020000-0x08020fff], SPI[80:143]
[    0.000000] rcu: srcu_init: Setting srcu_struct sizes based on contention.
[    0.000000] clocksource: jiffies: mask: 0xffffffff max_cycles: 0xffffffff, max_idle_ns: 1911260446275000 ns
[    0.000000] arch_timer: cp15 timer running at 24.00MHz (virt).
[    0.000000] clocksource: arch_sys_counter: mask: 0xffffffffffffff max_cycles: 0x588fe9dc0, max_idle_ns: 440795202592 ns
[    0.000000] sched_clock: 56 bits at 24MHz, resolution 41ns, wraps every 4398046511097ns
[    0.002206] kfence: initialized - using 2097152 bytes for 255 objects at 0x(____ptrval____)-0x(____ptrval____)
[    0.002394] Console: colour dummy device 80x25
[    0.002396] printk: legacy console [tty0] enabled
[    0.003146] ACPI: Core revision 20250807
[    0.003914] Calibrating delay loop (skipped), value calculated using timer frequency.. 48.00 BogoMIPS (lpj=24000)
[    0.003917] pid_max: default: 32768 minimum: 301
[    0.006478] LSM: initializing lsm=lockdown,capability,landlock,yama
[    0.007923] landlock: Up and running.
[    0.007924] Yama: becoming mindful.
[    0.008773] Mount-cache hash table entries: 4096 (order: 3, 32768 bytes, linear)
[    0.008782] Mountpoint-cache hash table entries: 4096 (order: 3, 32768 bytes, linear)
[    0.015942] rcu: Hierarchical SRCU implementation.
[    0.015947] rcu: 	Max phase no-delay instances is 400.
[    0.016061] Timer migration: 1 hierarchy levels; 8 children per group; 1 crossnode level
[    0.016333] Remapping and enabling EFI services.
[    0.016472] smp: Bringing up secondary CPUs ...
[    0.016857] Detected PIPT I-cache on CPU1
[    0.016877] GICv3: CPU1: found redistributor 1 region 0:0x00000000080c0000
[    0.016926] CPU1: Booted secondary processor 0x0000000001 [0x610f0000]
[    0.017008] smp: Brought up 1 node, 2 CPUs
[    0.017012] SMP: Total of 2 processors activated.
[    0.017013] CPU: All CPU(s) started at EL1
[    0.017016] CPU features: detected: Branch Target Identification
[    0.017017] CPU features: detected: ARMv8.4 Translation Table Level
[    0.017018] CPU features: detected: Data cache clean to the PoU not required for I/D coherence
[    0.017019] CPU features: detected: Common not Private translations
[    0.017020] CPU features: detected: CRC32 instructions
[    0.017021] CPU features: detected: Data independent timing control (DIT)
[    0.017021] CPU features: detected: E0PD
[    0.017022] CPU features: detected: Enhanced Privileged Access Never
[    0.017023] CPU features: detected: Generic authentication (IMP DEF algorithm)
[    0.017024] CPU features: detected: RCpc load-acquire (LDAPR)
[    0.017025] CPU features: detected: LSE atomic instructions
[    0.017026] CPU features: detected: Privileged Access Never
[    0.017027] CPU features: detected: RAS Extension Support
[    0.017027] CPU features: detected: Speculation barrier (SB)
[    0.017028] CPU features: detected: TLB range maintenance instructions
[    0.017105] alternatives: applying system-wide alternatives
[    0.017319] Memory: 1996100K/2097152K available (13312K kernel code, 1994K rwdata, 8420K rodata, 2048K init, 9282K bss, 96680K reserved, 0K cma-reserved)
[    0.017585] devtmpfs: initialized
[    0.018024] posixtimers hash table entries: 1024 (order: 2, 16384 bytes, linear)
[    0.018035] futex hash table entries: 512 (32768 bytes on 1 NUMA nodes, total 32 KiB, linear).
[    0.018051] 23920 pages in range for non-PLT usage
[    0.018051] 515440 pages in range for PLT usage
[    0.018119] pinctrl core: initialized pinctrl subsystem
[    0.018164] SMBIOS 3.0.0 present.
[    0.018167] DMI: QEMU QEMU Virtual Machine, BIOS edk2-stable202408-prebuilt.qemu.org 08/13/2024
[    0.018171] DMI: Memory slots populated: 1/1
[    0.018921] NET: Registered PF_NETLINK/PF_ROUTE protocol family
[    0.019042] DMA: preallocated 256 KiB GFP_KERNEL pool for atomic allocations
[    0.019088] DMA: preallocated 256 KiB GFP_KERNEL|GFP_DMA pool for atomic allocations
[    0.019131] DMA: preallocated 256 KiB GFP_KERNEL|GFP_DMA32 pool for atomic allocations
[    0.019151] audit: initializing netlink subsys (disabled)
[    0.019247] audit: type=2000 audit(0.017:1): state=initialized audit_enabled=0 res=1
[    0.019278] thermal_sys: Registered thermal governor 'step_wise'
[    0.019283] cpuidle: using governor ladder
[    0.019286] cpuidle: using governor menu
[    0.019301] hw-breakpoint: found 6 breakpoint and 4 watchpoint registers.
[    0.019330] ASID allocator initialised with 256 entries
[    0.019334] acpiphp: ACPI Hot Plug PCI Controller Driver version: 0.5
[    0.019386] Serial: AMBA PL011 UART driver
[    0.020224] HugeTLB: registered 1.00 GiB page size, pre-allocated 0 pages
[    0.020225] HugeTLB: 0 KiB vmemmap can be freed for a 1.00 GiB page
[    0.020226] HugeTLB: registered 32.0 MiB page size, pre-allocated 0 pages
[    0.020227] HugeTLB: 0 KiB vmemmap can be freed for a 32.0 MiB page
[    0.020228] HugeTLB: registered 2.00 MiB page size, pre-allocated 0 pages
[    0.020229] HugeTLB: 0 KiB vmemmap can be freed for a 2.00 MiB page
[    0.020229] HugeTLB: registered 64.0 KiB page size, pre-allocated 0 pages
[    0.020230] HugeTLB: 0 KiB vmemmap can be freed for a 64.0 KiB page
[    0.024824] ACPI: Added _OSI(Module Device)
[    0.024826] ACPI: Added _OSI(Processor Device)
[    0.024827] ACPI: Added _OSI(Processor Aggregator Device)
[    0.025225] ACPI: 1 ACPI AML tables successfully acquired and loaded
[    0.025362] ACPI: Interpreter enabled
[    0.025363] ACPI: Using GIC for interrupt routing
[    0.025371] ACPI: MCFG table detected, 1 entries
[    0.026179] ACPI: CPU0 has been hot-added
[    0.026191] ACPI: CPU1 has been hot-added
[    0.026270] ARMH0011:00: ttyAMA0 at MMIO 0x9000000 (irq = 12, base_baud = 0) is a SBSA
[    0.026318] printk: console [ttyAMA0] enabled
[    0.026726] ACPI: PCI: Interrupt link L000 configured for IRQ 35
[    0.026730] ACPI: PCI: Interrupt link L001 configured for IRQ 36
[    0.026733] ACPI: PCI: Interrupt link L002 configured for IRQ 37
[    0.026736] ACPI: PCI: Interrupt link L003 configured for IRQ 38
[    0.026742] ACPI: PCI Root Bridge [PCI0] (domain 0000 [bus 00-ff])
[    0.026764] acpi PNP0A08:00: _OSC: OS supports [ExtendedConfig ASPM ClockPM Segments MSI HPX-Type3]
[    0.026798] acpi PNP0A08:00: _OSC: platform does not support [LTR]
[    0.026830] acpi PNP0A08:00: _OSC: OS now controls [PCIeHotplug PME PCIeCapability]
[    0.026892] acpi PNP0A08:00: ECAM area [mem 0x4010000000-0x401fffffff] reserved by PNP0C02:00
[    0.026900] acpi PNP0A08:00: ECAM at [mem 0x4010000000-0x401fffffff] for [bus 00-ff]
[    0.026906] ACPI: Remapped I/O 0x000000003eff0000 to [io  0x0000-0xffff window]
[    0.026984] PCI host bridge to bus 0000:00
[    0.026991] pci_bus 0000:00: root bus resource [mem 0x10000000-0x3efeffff window]
[    0.026992] pci_bus 0000:00: root bus resource [io  0x0000-0xffff window]
[    0.026993] pci_bus 0000:00: root bus resource [mem 0x8000000000-0xffffffffff window]
[    0.026994] pci_bus 0000:00: root bus resource [bus 00-ff]
[    0.027019] pci 0000:00:00.0: [1b36:0008] type 00 class 0x060000 conventional PCI endpoint
[    0.027399] pci 0000:00:01.0: [1af4:1000] type 00 class 0x020000 conventional PCI endpoint
[    0.027743] pci 0000:00:01.0: BAR 0 [io  0x0100-0x011f]
[    0.027787] pci 0000:00:01.0: BAR 1 [mem 0x10042000-0x10042fff]
[    0.027812] pci 0000:00:01.0: BAR 4 [mem 0x8000000000-0x8000003fff 64bit pref]
[    0.027820] pci 0000:00:01.0: ROM [mem 0xfffc0000-0xffffffff pref]
[    0.028137] pci 0000:00:02.0: [1af4:1001] type 00 class 0x010000 conventional PCI endpoint
[    0.028382] pci 0000:00:02.0: BAR 0 [io  0x0080-0x00ff]
[    0.028406] pci 0000:00:02.0: BAR 1 [mem 0x10041000-0x10041fff]
[    0.028415] pci 0000:00:02.0: BAR 4 [mem 0x8000004000-0x8000007fff 64bit pref]
[    0.028869] pci 0000:00:03.0: [1af4:1001] type 00 class 0x010000 conventional PCI endpoint
[    0.029124] pci 0000:00:03.0: BAR 0 [io  0x0000-0x007f]
[    0.029151] pci 0000:00:03.0: BAR 1 [mem 0x10040000-0x10040fff]
[    0.029170] pci 0000:00:03.0: BAR 4 [mem 0x8000008000-0x800000bfff 64bit pref]
[    0.029517] pci 0000:00:01.0: ROM [mem 0x10000000-0x1003ffff pref]: assigned
[    0.029519] pci 0000:00:01.0: BAR 4 [mem 0x8000000000-0x8000003fff 64bit pref]: assigned
[    0.029538] pci 0000:00:02.0: BAR 4 [mem 0x8000004000-0x8000007fff 64bit pref]: assigned
[    0.029571] pci 0000:00:03.0: BAR 4 [mem 0x8000008000-0x800000bfff 64bit pref]: assigned
[    0.029608] pci 0000:00:01.0: BAR 1 [mem 0x10040000-0x10040fff]: assigned
[    0.029616] pci 0000:00:02.0: BAR 1 [mem 0x10041000-0x10041fff]: assigned
[    0.029620] pci 0000:00:03.0: BAR 1 [mem 0x10042000-0x10042fff]: assigned
[    0.029624] pci 0000:00:02.0: BAR 0 [io  0x1000-0x107f]: assigned
[    0.029946] pci 0000:00:03.0: BAR 0 [io  0x1080-0x10ff]: assigned
[    0.030143] pci 0000:00:01.0: BAR 0 [io  0x1100-0x111f]: assigned
[    0.030257] pci_bus 0000:00: resource 4 [mem 0x10000000-0x3efeffff window]
[    0.030259] pci_bus 0000:00: resource 5 [io  0x0000-0xffff window]
[    0.030261] pci_bus 0000:00: resource 6 [mem 0x8000000000-0xffffffffff window]
[    0.030582] iommu: Default domain type: Translated
[    0.030584] iommu: DMA domain TLB invalidation policy: lazy mode
[    0.031961] efivars: Registered efivars operations
[    0.032213] clocksource: Switched to clocksource arch_sys_counter
[    0.032534] VFS: Disk quotas dquot_6.6.0
[    0.032547] VFS: Dquot-cache hash table entries: 512 (order 0, 4096 bytes)
[    0.032852] pnp: PnP ACPI init
[    0.032894] system 00:00: [mem 0x4010000000-0x401fffffff window] could not be reserved
[    0.032901] pnp: PnP ACPI: found 1 devices
[    0.033496] NET: Registered PF_INET protocol family
[    0.033555] IP idents hash table entries: 32768 (order: 6, 262144 bytes, linear)
[    0.038261] tcp_listen_portaddr_hash hash table entries: 1024 (order: 2, 16384 bytes, linear)
[    0.038267] Table-perturb hash table entries: 65536 (order: 6, 262144 bytes, linear)
[    0.038270] TCP established hash table entries: 16384 (order: 5, 131072 bytes, linear)
[    0.038285] TCP bind hash table entries: 16384 (order: 7, 524288 bytes, linear)
[    0.038300] TCP: Hash tables configured (established 16384 bind 16384)
[    0.038326] MPTCP token hash table entries: 2048 (order: 4, 49152 bytes, linear)
[    0.038347] UDP hash table entries: 1024 (order: 4, 65536 bytes, linear)
[    0.038352] UDP-Lite hash table entries: 1024 (order: 4, 65536 bytes, linear)
[    0.038380] NET: Registered PF_UNIX/PF_LOCAL protocol family
[    0.038385] NET: Registered PF_XDP protocol family
[    0.038399] PCI: CLS 0 bytes, default 64
[    0.038446] Unpacking initramfs...
[    0.047306] kvm [1]: HYP mode not available
[    0.047460] Initialise system trusted keyrings
[    0.062314] workingset: timestamp_bits=44 max_order=19 bucket_order=0
[    0.067909] Key type asymmetric registered
[    0.067912] Asymmetric key parser 'x509' registered
[    0.067949] Block layer SCSI generic (bsg) driver version 0.4 loaded (major 248)
[    0.084310] io scheduler mq-deadline registered
[    0.084321] io scheduler kyber registered
[    0.084344] io scheduler bfq registered
[    0.085681] ACPI: \_SB_.L001: Enabled at IRQ 36
[    0.085703] virtio-pci 0000:00:01.0: enabling device (0005 -> 0007)
[    0.086527] ACPI: \_SB_.L002: Enabled at IRQ 37
[    0.086538] virtio-pci 0000:00:02.0: enabling device (0005 -> 0007)
[    0.087227] ACPI: \_SB_.L003: Enabled at IRQ 38
[    0.087240] virtio-pci 0000:00:03.0: enabling device (0005 -> 0007)
[    0.087939] Serial: 8250/16550 driver, 4 ports, IRQ sharing enabled
[    0.089500] hv_vmbus: registering driver hyperv_keyboard
[    0.089786] rtc-efi rtc-efi.0: registered as rtc0
[    0.089968] rtc-efi rtc-efi.0: setting system clock to 2026-09-28T16:25:42 UTC (1790612742)
[    0.090093] NET: Registered PF_INET6 protocol family
[    0.090843] Segment Routing with IPv6
[    0.090860] In-situ OAM (IOAM) with IPv6
[    0.093728] registered taskstats version 1
[    0.093801] Loading compiled-in X.509 certificates
[    0.097175] Freeing initrd memory: 10940K
[    0.100027] Loaded X.509 cert 'alpinelinux.org: Alpine Linux kernel key: 87fa969a47f3e2a6aa35859eb932a17c95abcd82'
[    0.101052] Demotion targets for Node 0: null
[    0.101111] Key type .fscrypt registered
[    0.101113] Key type fscrypt-provisioning registered
[    0.103135] clk: Disabling unused clocks
[    0.103144] PM: genpd: Disabling unused power domains
[    0.103264] Freeing unused kernel memory: 2048K
[    0.103282] Run /init as init process
[    0.109096] Alpine Init 3.14.1-r0
[    0.109271] Loading boot drivers...
[    0.112981] SCSI subsystem initialized
[    0.117323] ACPI: bus type USB registered
[    0.117339] usbcore: registered new interface driver usbfs
[    0.117347] usbcore: registered new interface driver hub
[    0.117355] usbcore: registered new device driver usb
[    0.119097] usbcore: registered new interface driver usb-storage
[    0.131759] pps_core: LinuxPPS API ver. 1 registered
[    0.131769] pps_core: Software ver. 5.3.6 - Copyright 2005-2007 Rodolfo Giometti <giometti@linux.it>
[    0.132996] PTP clock support registered
[    0.139544] loop: module loaded
[    0.148077] ACPI: bus type drm_connector registered
[    0.155179] Loading boot drivers: ok.
[    0.155793] Mounting root...
[    0.180617] virtio_blk virtio1: 2/0/0 default/read/poll queues
[    0.181112] virtio_blk virtio1: [vda] 16777216 512-byte logical blocks (8.59 GB/8.00 GiB)
[    0.181964] GPT:Primary header thinks Alt. header is not at the end of the disk.
[    0.181977] GPT:673791 != 16777215
[    0.181985] GPT:Alternate GPT header not at the end of the disk.
[    0.181991] GPT:673791 != 16777215
[    0.181993] GPT: Use GNU Parted to correct GPT errors.
[    0.181996]  vda: vda1 vda2
[    0.182135] virtio_blk virtio2: 2/0/0 default/read/poll queues
[    0.182595] virtio_blk virtio2: [vdb] 108 512-byte logical blocks (55.3 kB/54.0 KiB)
[    0.256488] EXT4-fs (vda2): mounted filesystem 53fa5455-9314-4990-97ab-91488d6924a9 ro with ordered data mode. Quota mode: none.
[    0.256551] Mounting root: ok.
[    1.333435] random: crng init done

Welcome to Alpine Linux 3.24
Kernel 6.18.52-0-virt on aarch64 (/dev/ttyAMA0)

rubix-parity login: [   16.316947] reboot: Restarting system
UEFI firmware (version edk2-stable202408-prebuilt.qemu.org built at 16:28:50 on Sep 12 2024)
ArmTrngLib could not be correctly initialized.
Error: Image at 000BFDB6000 start failed: 00000001
Error: Image at 000BFD6D000 start failed: Not Found
Error: Image at 000BFCBA000 start failed: Unsupported
Error: Image at 000BFC3F000 start failed: Not Found
Error: Image at 000BFB65000 start failed: Aborted
Tpm2SubmitCommand - Tcg2 - Not Found
Tpm2GetCapabilityPcrs fail!
Tpm2SubmitCommand - Tcg2 - Not Found
Image type X64 can't be loaded on AARCH64 UEFI system.
[2J[01;01H[=3h[2J[01;01H[2J[01;01H[=3h[2J[01;01HBdsDxe: loading Boot0001 "UEFI Misc Device" from PciRoot(0x0)/Pci(0x2,0x0)
BdsDxe: starting Boot0001 "UEFI Misc Device" from PciRoot(0x0)/Pci(0x2,0x0)
ConvertPages: Incompatible memory types, the pages to allocate have been allocated
ConvertPages: Incompatible memory types, the pages to allocate have been allocated
[01;01H[01;01H[01;01H[2J[01;01H[01;01H[01;01H[01;01H[02;01H[02;26HL[02;27Hi[02;28Hm[02;29Hi[02;30Hn[02;31He[02;32H [02;33H1[02;34H2[02;35H.[02;36H9[02;37H.[02;38H0[02;39H [02;40H([02;41Ha[02;42Ha[02;43Hr[02;44Hc[02;45Hh[02;46H6[02;47H4[02;48H,[02;49H [02;50HU[02;51HE[02;52HF[02;53HI[02;54H)[02;55H[02;01H[03;01H[03;01H[04;01H[04;01H[05;01H[05;01H[06;01H[12;01H [12;02H [12;03H [12;04H [12;05H [12;06H [12;07H [12;08H [12;09H [12;10H [12;11H [12;12H [12;13H [12;14H [12;15H [12;16H [12;17H [12;18H [12;19H [12;20H [12;21H [12;22H [12;23H [12;24H [12;25H [12;26H [12;27H [12;28H [12;29H [12;30H [12;31H [12;32H [12;33H [12;34H[0m[30m[47m [12;35HA[12;36Hl[12;37Hp[12;38Hi[12;39Hn[12;40He[12;41H [12;42HL[12;43Hi[12;44Hn[12;45Hu[12;46Hx[12;47H [12;48H[0m[37m[40m[12;01H[13;01H[04;22HA[04;23HR[04;24HR[04;25HO[04;26HW[04;27HS[04;28H [04;29HS[04;30He[04;31Hl[04;32He[04;33Hc[04;34Ht[04;35H [04;36H [04;37H [04;38H [04;39HE[04;40HN[04;41HT[04;42HE[04;43HR[04;44H [04;45HB[04;46Ho[04;47Ho[04;48Ht[04;49H [04;50H [04;51H [04;52H [04;53HE[04;54H [04;55HE[04;56Hd[04;57Hi[04;58Ht[04;59H[06;24HS[06;25H [06;26HF[06;27Hi[06;28Hr[06;29Hm[06;30Hw[06;31Ha[06;32Hr[06;33He[06;34H [06;35HS[06;36He[06;37Ht[06;38Hu[06;39Hp[06;40H [06;41H [06;42H [06;43H [06;44HB[06;45H [06;46HB[06;47Hl[06;48Ha[06;49Hn[06;50Hk[06;51H [06;52HE[06;53Hn[06;54Ht[06;55Hr[06;56Hy[06;57H[13;01H[13;01H[14;01H[14;01H[15;01H[23;26H[23;01H [23;02H [23;03H [23;04H [23;05H [23;06H [23;07H [23;08H [23;09H [23;10H [23;11H [23;12H [23;13H [23;14H [23;15H [23;16H [23;17H [23;18H [23;19H [23;20H [23;21H [23;22H [23;23H [23;24H [23;25H [23;26H [23;27H [23;28H [23;29H [23;30H [23;31H [23;32H [23;33H [23;34H [23;35H [23;36H [23;37H [23;38H [23;39H [23;40H [23;41H [23;42H [23;43H [23;44H [23;45H [23;46H [23;47H [23;48H [23;49H [23;50H [23;51H [23;52H [23;53H [23;54H [23;55H [23;56H [23;57H [23;58H [23;59H [23;60H [23;61H [23;62H [23;63H [23;64H [23;65H [23;66H [23;67H [23;68H [23;69H [23;70H [23;71H [23;72H [23;73H [23;74H [23;75H [23;76H [23;77H [23;78H [23;79H [23;80H [24;01H[23;26HB[23;27Ho[23;28Ho[23;29Ht[23;30Hi[23;31Hn[23;32Hg[23;33H [23;34Ha[23;35Hu[23;36Ht[23;37Ho[23;38Hm[23;39Ha[23;40Ht[23;41Hi[23;42Hc[23;43Ha[23;44Hl[23;45Hl[23;46Hy[23;47H [23;48Hi[23;49Hn[23;50H [23;51H1[23;52H0[23;53H.[23;54H.[23;55H.[23;56H[23;26H[23;01H [23;02H [23;03H [23;04H [23;05H [23;06H [23;07H [23;08H [23;09H [23;10H [23;11H [23;12H [23;13H [23;14H [23;15H [23;16H [23;17H [23;18H [23;19H [23;20H [23;21H [23;22H [23;23H [23;24H [23;25H [23;26H [23;27H [23;28H [23;29H [23;30H [23;31H [23;32H [23;33H [23;34H [23;35H [23;36H [23;37H [23;38H [23;39H [23;40H [23;41H [23;42H [23;43H [23;44H [23;45H [23;46H [23;47H [23;48H [23;49H [23;50H [23;51H [23;52H [23;53H [23;54H [23;55H [23;56H [23;57H [23;58H [23;59H [23;60H [23;61H [23;62H [23;63H [23;64H [23;65H [23;66H [23;67H [23;68H [23;69H [23;70H [23;71H [23;72H [23;73H [23;74H [23;75H [23;76H [23;77H [23;78H [23;79H [23;80H [24;01H[23;26HB[23;27Ho[23;28Ho[23;29Ht[23;30Hi[23;31Hn[23;32Hg[23;33H [23;34Ha[23;35Hu[23;36Ht[23;37Ho[23;38Hm[23;39Ha[23;40Ht[23;41Hi[23;42Hc[23;43Ha[23;44Hl[23;45Hl[23;46Hy[23;47H [23;48Hi[23;49Hn[23;50H [23;51H9[23;52H.[23;53H.[23;54H.[23;55H[23;26H[23;01H [23;02H [23;03H [23;04H [23;05H [23;06H [23;07H [23;08H [23;09H [23;10H [23;11H [23;12H [23;13H [23;14H [23;15H [23;16H [23;17H [23;18H [23;19H [23;20H [23;21H [23;22H [23;23H [23;24H [23;25H [23;26H [23;27H [23;28H [23;29H [23;30H [23;31H [23;32H [23;33H [23;34H [23;35H [23;36H [23;37H [23;38H [23;39H [23;40H [23;41H [23;42H [23;43H [23;44H [23;45H [23;46H [23;47H [23;48H [23;49H [23;50H [23;51H [23;52H [23;53H [23;54H [23;55H [23;56H [23;57H [23;58H [23;59H [23;60H [23;61H [23;62H [23;63H [23;64H [23;65H [23;66H [23;67H [23;68H [23;69H [23;70H [23;71H [23;72H [23;73H [23;74H [23;75H [23;76H [23;77H [23;78H [23;79H [23;80H [24;01H[23;26HB[23;27Ho[23;28Ho[23;29Ht[23;30Hi[23;31Hn[23;32Hg[23;33H [23;34Ha[23;35Hu[23;36Ht[23;37Ho[23;38Hm[23;39Ha[23;40Ht[23;41Hi[23;42Hc[23;43Ha[23;44Hl[23;45Hl[23;46Hy[23;47H [23;48Hi[23;49Hn[23;50H [23;51H8[23;52H.[23;53H.[23;54H.[23;55H[23;26H[23;01H [23;02H [23;03H [23;04H [23;05H [23;06H [23;07H [23;08H [23;09H [23;10H [23;11H [23;12H [23;13H [23;14H [23;15H [23;16H [23;17H [23;18H [23;19H [23;20H [23;21H [23;22H [23;23H [23;24H [23;25H [23;26H [23;27H [23;28H [23;29H [23;30H [23;31H [23;32H [23;33H [23;34H [23;35H [23;36H [23;37H [23;38H [23;39H [23;40H [23;41H [23;42H [23;43H [23;44H [23;45H [23;46H [23;47H [23;48H [23;49H [23;50H [23;51H [23;52H [23;53H [23;54H [23;55H [23;56H [23;57H [23;58H [23;59H [23;60H [23;61H [23;62H [23;63H [23;64H [23;65H [23;66H [23;67H [23;68H [23;69H [23;70H [23;71H [23;72H [23;73H [23;74H [23;75H [23;76H [23;77H [23;78H [23;79H [23;80H [24;01H[23;26HB[23;27Ho[23;28Ho[23;29Ht[23;30Hi[23;31Hn[23;32Hg[23;33H [23;34Ha[23;35Hu[23;36Ht[23;37Ho[23;38Hm[23;39Ha[23;40Ht[23;41Hi[23;42Hc[23;43Ha[23;44Hl[23;45Hl[23;46Hy[23;47H [23;48Hi[23;49Hn[23;50H [23;51H7[23;52H.[23;53H.[23;54H.[23;55H[23;26H[23;01H [23;02H [23;03H [23;04H [23;05H [23;06H [23;07H [23;08H [23;09H [23;10H [23;11H [23;12H [23;13H [23;14H [23;15H [23;16H [23;17H [23;18H [23;19H [23;20H [23;21H [23;22H [23;23H [23;24H [23;25H [23;26H [23;27H [23;28H [23;29H [23;30H [23;31H [23;32H [23;33H [23;34H [23;35H [23;36H [23;37H [23;38H [23;39H [23;40H [23;41H [23;42H [23;43H [23;44H [23;45H [23;46H [23;47H [23;48H [23;49H [23;50H [23;51H [23;52H [23;53H [23;54H [23;55H [23;56H [23;57H [23;58H [23;59H [23;60H [23;61H [23;62H [23;63H [23;64H [23;65H [23;66H [23;67H [23;68H [23;69H [23;70H [23;71H [23;72H [23;73H [23;74H [23;75H [23;76H [23;77H [23;78H [23;79H [23;80H [24;01H[23;26HB[23;27Ho[23;28Ho[23;29Ht[23;30Hi[23;31Hn[23;32Hg[23;33H [23;34Ha[23;35Hu[23;36Ht[23;37Ho[23;38Hm[23;39Ha[23;40Ht[23;41Hi[23;42Hc[23;43Ha[23;44Hl[23;45Hl[23;46Hy[23;47H [23;48Hi[23;49Hn[23;50H [23;51H6[23;52H.[23;53H.[23;54H.[23;55H[23;26H[23;01H [23;02H [23;03H [23;04H [23;05H [23;06H [23;07H [23;08H [23;09H [23;10H [23;11H [23;12H [23;13H [23;14H [23;15H [23;16H [23;17H [23;18H [23;19H [23;20H [23;21H [23;22H [23;23H [23;24H [23;25H [23;26H [23;27H [23;28H [23;29H [23;30H [23;31H [23;32H [23;33H [23;34H [23;35H [23;36H [23;37H [23;38H [23;39H [23;40H [23;41H [23;42H [23;43H [23;44H [23;45H [23;46H [23;47H [23;48H [23;49H [23;50H [23;51H [23;52H [23;53H [23;54H [23;55H [23;56H [23;57H [23;58H [23;59H [23;60H [23;61H [23;62H [23;63H [23;64H [23;65H [23;66H [23;67H [23;68H [23;69H [23;70H [23;71H [23;72H [23;73H [23;74H [23;75H [23;76H [23;77H [23;78H [23;79H [23;80H [24;01H[23;26HB[23;27Ho[23;28Ho[23;29Ht[23;30Hi[23;31Hn[23;32Hg[23;33H [23;34Ha[23;35Hu[23;36Ht[23;37Ho[23;38Hm[23;39Ha[23;40Ht[23;41Hi[23;42Hc[23;43Ha[23;44Hl[23;45Hl[23;46Hy[23;47H [23;48Hi[23;49Hn[23;50H [23;51H5[23;52H.[23;53H.[23;54H.[23;55H[23;26H[23;01H [23;02H [23;03H [23;04H [23;05H [23;06H [23;07H [23;08H [23;09H [23;10H [23;11H [23;12H [23;13H [23;14H [23;15H [23;16H [23;17H [23;18H [23;19H [23;20H [23;21H [23;22H [23;23H [23;24H [23;25H [23;26H [23;27H [23;28H [23;29H [23;30H [23;31H [23;32H [23;33H [23;34H [23;35H [23;36H [23;37H [23;38H [23;39H [23;40H [23;41H [23;42H [23;43H [23;44H [23;45H [23;46H [23;47H [23;48H [23;49H [23;50H [23;51H [23;52H [23;53H [23;54H [23;55H [23;56H [23;57H [23;58H [23;59H [23;60H [23;61H [23;62H [23;63H [23;64H [23;65H [23;66H [23;67H [23;68H [23;69H [23;70H [23;71H [23;72H [23;73H [23;74H [23;75H [23;76H [23;77H [23;78H [23;79H [23;80H [24;01H[23;26HB[23;27Ho[23;28Ho[23;29Ht[23;30Hi[23;31Hn[23;32Hg[23;33H [23;34Ha[23;35Hu[23;36Ht[23;37Ho[23;38Hm[23;39Ha[23;40Ht[23;41Hi[23;42Hc[23;43Ha[23;44Hl[23;45Hl[23;46Hy[23;47H [23;48Hi[23;49Hn[23;50H [23;51H4[23;52H.[23;53H.[23;54H.[23;55H[23;26H[23;01H [23;02H [23;03H [23;04H [23;05H [23;06H [23;07H [23;08H [23;09H [23;10H [23;11H [23;12H [23;13H [23;14H [23;15H [23;16H [23;17H [23;18H [23;19H [23;20H [23;21H [23;22H [23;23H [23;24H [23;25H [23;26H [23;27H [23;28H [23;29H [23;30H [23;31H [23;32H [23;33H [23;34H [23;35H [23;36H [23;37H [23;38H [23;39H [23;40H [23;41H [23;42H [23;43H [23;44H [23;45H [23;46H [23;47H [23;48H [23;49H [23;50H [23;51H [23;52H [23;53H [23;54H [23;55H [23;56H [23;57H [23;58H [23;59H [23;60H [23;61H [23;62H [23;63H [23;64H [23;65H [23;66H [23;67H [23;68H [23;69H [23;70H [23;71H [23;72H [23;73H [23;74H [23;75H [23;76H [23;77H [23;78H [23;79H [23;80H [24;01H[23;26HB[23;27Ho[23;28Ho[23;29Ht[23;30Hi[23;31Hn[23;32Hg[23;33H [23;34Ha[23;35Hu[23;36Ht[23;37Ho[23;38Hm[23;39Ha[23;40Ht[23;41Hi[23;42Hc[23;43Ha[23;44Hl[23;45Hl[23;46Hy[23;47H [23;48Hi[23;49Hn[23;50H [23;51H3[23;52H.[23;53H.[23;54H.[23;55H[23;26H[23;01H [23;02H [23;03H [23;04H [23;05H [23;06H [23;07H [23;08H [23;09H [23;10H [23;11H [23;12H [23;13H [23;14H [23;15H [23;16H [23;17H [23;18H [23;19H [23;20H [23;21H [23;22H [23;23H [23;24H [23;25H [23;26H [23;27H [23;28H [23;29H [23;30H [23;31H [23;32H [23;33H [23;34H [23;35H [23;36H [23;37H [23;38H [23;39H [23;40H [23;41H [23;42H [23;43H [23;44H [23;45H [23;46H [23;47H [23;48H [23;49H [23;50H [23;51H [23;52H [23;53H [23;54H [23;55H [23;56H [23;57H [23;58H [23;59H [23;60H [23;61H [23;62H [23;63H [23;64H [23;65H [23;66H [23;67H [23;68H [23;69H [23;70H [23;71H [23;72H [23;73H [23;74H [23;75H [23;76H [23;77H [23;78H [23;79H [23;80H [24;01H[23;26HB[23;27Ho[23;28Ho[23;29Ht[23;30Hi[23;31Hn[23;32Hg[23;33H [23;34Ha[23;35Hu[23;36Ht[23;37Ho[23;38Hm[23;39Ha[23;40Ht[23;41Hi[23;42Hc[23;43Ha[23;44Hl[23;45Hl[23;46Hy[23;47H [23;48Hi[23;49Hn[23;50H [23;51H2[23;52H.[23;53H.[23;54H.[23;55H[23;26H[23;01H [23;02H [23;03H [23;04H [23;05H [23;06H [23;07H [23;08H [23;09H [23;10H [23;11H [23;12H [23;13H [23;14H [23;15H [23;16H [23;17H [23;18H [23;19H [23;20H [23;21H [23;22H [23;23H [23;24H [23;25H [23;26H [23;27H [23;28H [23;29H [23;30H [23;31H [23;32H [23;33H [23;34H [23;35H [23;36H [23;37H [23;38H [23;39H [23;40H [23;41H [23;42H [23;43H [23;44H [23;45H [23;46H [23;47H [23;48H [23;49H [23;50H [23;51H [23;52H [23;53H [23;54H [23;55H [23;56H [23;57H [23;58H [23;59H [23;60H [23;61H [23;62H [23;63H [23;64H [23;65H [23;66H [23;67H [23;68H [23;69H [23;70H [23;71H [23;72H [23;73H [23;74H [23;75H [23;76H [23;77H [23;78H [23;79H [23;80H [24;01H[23;26HB[23;27Ho[23;28Ho[23;29Ht[23;30Hi[23;31Hn[23;32Hg[23;33H [23;34Ha[23;35Hu[23;36Ht[23;37Ho[23;38Hm[23;39Ha[23;40Ht[23;41Hi[23;42Hc[23;43Ha[23;44Hl[23;45Hl[23;46Hy[23;47H [23;48Hi[23;49Hn[23;50H [23;51H1[23;52H.[23;53H.[23;54H.[23;55H[01;01H[    0.000000] Booting Linux on physical CPU 0x0000000000 [0x610f0000]
[    0.000000] Linux version 6.18.52-0-virt (buildozer@build-3-24-aarch64) (cc (Alpine 15.2.0) 15.2.0, GNU ld (GNU Binutils) 2.45.1) #1-Alpine SMP PREEMPT_DYNAMIC 2026-09-15 05:37:48
[    0.000000] efi: EFI v2.7 by EDK II
[    0.000000] efi: SMBIOS 3.0=0xbfed0000 MEMATTR=0xbea35018 ACPI 2.0=0xbcb43018 INITRD=0xbc716f18 MEMRESERVE=0xbc716f98 
[    0.000000] ACPI: Early table checksum verification disabled
[    0.000000] ACPI: RSDP 0x00000000BCB43018 000024 (v02 BOCHS )
[    0.000000] ACPI: XSDT 0x00000000BCB43F18 000064 (v01 BOCHS  BXPC     00000001      01000013)
[    0.000000] ACPI: FACP 0x00000000BCB43B18 000114 (v06 BOCHS  BXPC     00000001 BXPC 00000001)
[    0.000000] ACPI: DSDT 0x00000000BCB41018 001517 (v02 BOCHS  BXPC     00000001 BXPC 00000001)
[    0.000000] ACPI: APIC 0x00000000BCB43C98 00010C (v04 BOCHS  BXPC     00000001 BXPC 00000001)
[    0.000000] ACPI: PPTT 0x00000000BCB43E18 000074 (v02 BOCHS  BXPC     00000001 BXPC 00000001)
[    0.000000] ACPI: GTDT 0x00000000BCB43098 000068 (v03 BOCHS  BXPC     00000001 BXPC 00000001)
[    0.000000] ACPI: MCFG 0x00000000BCB43A98 00003C (v01 BOCHS  BXPC     00000001 BXPC 00000001)
[    0.000000] ACPI: SPCR 0x00000000BCB43818 000050 (v02 BOCHS  BXPC     00000001 BXPC 00000001)
[    0.000000] ACPI: DBG2 0x00000000BCB43A18 000057 (v00 BOCHS  BXPC     00000001 BXPC 00000001)
[    0.000000] ACPI: IORT 0x00000000BCB43898 000054 (v05 BOCHS  BXPC     00000001 BXPC 00000001)
[    0.000000] ACPI: SPCR: console: pl011,mmio32,0x9000000,9600
[    0.000000] NUMA: Faking a node at [mem 0x0000000040000000-0x00000000bfffffff]
[    0.000000] NODE_DATA(0) allocated [mem 0xbf855b40-0xbf857fff]
[    0.000000] Zone ranges:
[    0.000000]   DMA      [mem 0x0000000040000000-0x00000000bfffffff]
[    0.000000]   DMA32    empty
[    0.000000]   Normal   empty
[    0.000000] Movable zone start for each node
[    0.000000] Early memory node ranges
[    0.000000]   node   0: [mem 0x0000000040000000-0x00000000bc76ffff]
[    0.000000]   node   0: [mem 0x00000000bc770000-0x00000000bcb3ffff]
[    0.000000]   node   0: [mem 0x00000000bcb40000-0x00000000bfe1ffff]
[    0.000000]   node   0: [mem 0x00000000bfe20000-0x00000000bfeaffff]
[    0.000000]   node   0: [mem 0x00000000bfeb0000-0x00000000bfebffff]
[    0.000000]   node   0: [mem 0x00000000bfec0000-0x00000000bffdffff]
[    0.000000]   node   0: [mem 0x00000000bffe0000-0x00000000bfffffff]
[    0.000000] Initmem setup node 0 [mem 0x0000000040000000-0x00000000bfffffff]
[    0.000000] psci: probing for conduit method from ACPI.
[    0.000000] psci: PSCIv1.1 detected in firmware.
[    0.000000] psci: Using standard PSCI v0.2 function IDs
[    0.000000] psci: Trusted OS migration not required
[    0.000000] psci: SMC Calling Convention v1.0
[    0.000000] percpu: Embedded 34 pages/cpu s99544 r8192 d31528 u139264
[    0.000000] Detected PIPT I-cache on CPU0
[    0.000000] CPU features: detected: Address authentication (IMP DEF algorithm)
[    0.000000] CPU features: detected: Spectre-v4
[    0.000000] CPU features: detected: Spectre-BHB
[    0.000000] alternatives: applying boot alternatives
[    0.000000] Kernel command line: initrd=\\initramfs-virt root=LABEL=/ modules=sd-mod,usb-storage,ext4,gpio_pl061,ena,gve,mana console=ttyS0,115200n8 console=ttyAMA0,115200n8 console=tty0 autodetect_serial=setconsole=[Aa]mazon,Google,dmi.chassis_asset_tag=^(7783-7084-3265-9085-8269-3286-77|OracleCloud[.]com)$
[    0.000000] Unknown kernel command line parameters "modules=sd-mod,usb-storage,ext4,gpio_pl061,ena,gve,mana autodetect_serial=setconsole=[Aa]mazon,Google,dmi.chassis_asset_tag=^(7783-7084-3265-9085-8269-3286-77|OracleCloud[.]com)$", will be passed to user space.
[    0.000000] printk: log buffer data + meta data: 131072 + 458752 = 589824 bytes
[    0.000000] Dentry cache hash table entries: 262144 (order: 9, 2097152 bytes, linear)
[    0.000000] Inode-cache hash table entries: 131072 (order: 8, 1048576 bytes, linear)
[    0.000000] software IO TLB: SWIOTLB bounce buffer size adjusted to 2MB
[    0.000000] software IO TLB: area num 2.
[    0.000000] software IO TLB: mapped [mem 0x00000000bf2fa000-0x00000000bf4fa000] (2MB)
[    0.000000] Fallback order for Node 0: 0 
[    0.000000] Built 1 zonelists, mobility grouping on.  Total pages: 524288
[    0.000000] Policy zone: DMA
[    0.000000] mem auto-init: stack:all(zero), heap alloc:on, heap free:off
[    0.000000] SLUB: HWalign=64, Order=0-3, MinObjects=0, CPUs=2, Nodes=1
[    0.000000] Dynamic Preempt: none
[    0.000000] rcu: Preemptible hierarchical RCU implementation.
[    0.000000] rcu: 	RCU restricting CPUs from NR_CPUS=4096 to nr_cpu_ids=2.
[    0.000000] 	Trampoline variant of Tasks RCU enabled.
[    0.000000] 	Tracing variant of Tasks RCU enabled.
[    0.000000] rcu: RCU calculated value of scheduler-enlistment delay is 100 jiffies.
[    0.000000] rcu: Adjusting geometry for rcu_fanout_leaf=16, nr_cpu_ids=2
[    0.000000] RCU Tasks: Setting shift to 1 and lim to 1 rcu_task_cb_adjust=1 rcu_task_cpu_ids=2.
[    0.000000] RCU Tasks Trace: Setting shift to 1 and lim to 1 rcu_task_cb_adjust=1 rcu_task_cpu_ids=2.
[    0.000000] NR_IRQS: 64, nr_irqs: 64, preallocated irqs: 0
[    0.000000] GICv3: 988 SPIs implemented
[    0.000000] GICv3: 0 Extended SPIs implemented
[    0.000000] Root IRQ handler: gic_handle_irq
[    0.000000] GICv3: GICv3 features: 16 PPIs, RSS
[    0.000000] GICv3: GICD_CTLR.DS=1, SCR_EL3.FIQ=0
[    0.000000] GICv3: CPU0: found redistributor 0 region 0:0x00000000080a0000
[    0.000000] GICv2m: ACPI overriding V2M MSI_TYPER (base:80, num:64)
[    0.000000] GICv2m: range[mem 0x08020000-0x08020fff], SPI[80:143]
[    0.000000] rcu: srcu_init: Setting srcu_struct sizes based on contention.
[    0.000000] clocksource: jiffies: mask: 0xffffffff max_cycles: 0xffffffff, max_idle_ns: 1911260446275000 ns
[    0.000000] arch_timer: cp15 timer running at 24.00MHz (virt).
[    0.000000] clocksource: arch_sys_counter: mask: 0xffffffffffffff max_cycles: 0x588fe9dc0, max_idle_ns: 440795202592 ns
[    0.000000] sched_clock: 56 bits at 24MHz, resolution 41ns, wraps every 4398046511097ns
[    0.002243] kfence: initialized - using 2097152 bytes for 255 objects at 0x(____ptrval____)-0x(____ptrval____)
[    0.002458] Console: colour dummy device 80x25
[    0.002460] printk: legacy console [tty0] enabled
[    0.003225] ACPI: Core revision 20250807
[    0.004031] Calibrating delay loop (skipped), value calculated using timer frequency.. 48.00 BogoMIPS (lpj=24000)
[    0.004034] pid_max: default: 32768 minimum: 301
[    0.006453] LSM: initializing lsm=lockdown,capability,landlock,yama
[    0.007935] landlock: Up and running.
[    0.007937] Yama: becoming mindful.
[    0.008827] Mount-cache hash table entries: 4096 (order: 3, 32768 bytes, linear)
[    0.008833] Mountpoint-cache hash table entries: 4096 (order: 3, 32768 bytes, linear)
[    0.015725] rcu: Hierarchical SRCU implementation.
[    0.015728] rcu: 	Max phase no-delay instances is 400.
[    0.015847] Timer migration: 1 hierarchy levels; 8 children per group; 1 crossnode level
[    0.016094] Remapping and enabling EFI services.
[    0.016204] smp: Bringing up secondary CPUs ...
[    0.016565] Detected PIPT I-cache on CPU1
[    0.016585] GICv3: CPU1: found redistributor 1 region 0:0x00000000080c0000
[    0.016634] CPU1: Booted secondary processor 0x0000000001 [0x610f0000]
[    0.016706] smp: Brought up 1 node, 2 CPUs
[    0.016714] SMP: Total of 2 processors activated.
[    0.016715] CPU: All CPU(s) started at EL1
[    0.016717] CPU features: detected: Branch Target Identification
[    0.016719] CPU features: detected: ARMv8.4 Translation Table Level
[    0.016720] CPU features: detected: Data cache clean to the PoU not required for I/D coherence
[    0.016722] CPU features: detected: Common not Private translations
[    0.016723] CPU features: detected: CRC32 instructions
[    0.016723] CPU features: detected: Data independent timing control (DIT)
[    0.016724] CPU features: detected: E0PD
[    0.016725] CPU features: detected: Enhanced Privileged Access Never
[    0.016727] CPU features: detected: Generic authentication (IMP DEF algorithm)
[    0.016728] CPU features: detected: RCpc load-acquire (LDAPR)
[    0.016729] CPU features: detected: LSE atomic instructions
[    0.016729] CPU features: detected: Privileged Access Never
[    0.016730] CPU features: detected: RAS Extension Support
[    0.016731] CPU features: detected: Speculation barrier (SB)
[    0.016732] CPU features: detected: TLB range maintenance instructions
[    0.016766] alternatives: applying system-wide alternatives
[    0.016960] Memory: 1996100K/2097152K available (13312K kernel code, 1994K rwdata, 8420K rodata, 2048K init, 9282K bss, 96680K reserved, 0K cma-reserved)
[    0.017181] devtmpfs: initialized
[    0.017584] posixtimers hash table entries: 1024 (order: 2, 16384 bytes, linear)
[    0.017593] futex hash table entries: 512 (32768 bytes on 1 NUMA nodes, total 32 KiB, linear).
[    0.017607] 23920 pages in range for non-PLT usage
[    0.017608] 515440 pages in range for PLT usage
[    0.017681] pinctrl core: initialized pinctrl subsystem
[    0.017739] SMBIOS 3.0.0 present.
[    0.017741] DMI: QEMU QEMU Virtual Machine, BIOS edk2-stable202408-prebuilt.qemu.org 08/13/2024
[    0.017747] DMI: Memory slots populated: 1/1
[    0.018639] NET: Registered PF_NETLINK/PF_ROUTE protocol family
[    0.018764] DMA: preallocated 256 KiB GFP_KERNEL pool for atomic allocations
[    0.018806] DMA: preallocated 256 KiB GFP_KERNEL|GFP_DMA pool for atomic allocations
[    0.018846] DMA: preallocated 256 KiB GFP_KERNEL|GFP_DMA32 pool for atomic allocations
[    0.018852] audit: initializing netlink subsys (disabled)
[    0.018931] audit: type=2000 audit(0.017:1): state=initialized audit_enabled=0 res=1
[    0.018977] thermal_sys: Registered thermal governor 'step_wise'
[    0.019001] cpuidle: using governor ladder
[    0.019022] cpuidle: using governor menu
[    0.019047] hw-breakpoint: found 6 breakpoint and 4 watchpoint registers.
[    0.019074] ASID allocator initialised with 256 entries
[    0.019078] acpiphp: ACPI Hot Plug PCI Controller Driver version: 0.5
[    0.019134] Serial: AMBA PL011 UART driver
[    0.022331] HugeTLB: registered 1.00 GiB page size, pre-allocated 0 pages
[    0.022333] HugeTLB: 0 KiB vmemmap can be freed for a 1.00 GiB page
[    0.022334] HugeTLB: registered 32.0 MiB page size, pre-allocated 0 pages
[    0.022335] HugeTLB: 0 KiB vmemmap can be freed for a 32.0 MiB page
[    0.022336] HugeTLB: registered 2.00 MiB page size, pre-allocated 0 pages
[    0.022336] HugeTLB: 0 KiB vmemmap can be freed for a 2.00 MiB page
[    0.022337] HugeTLB: registered 64.0 KiB page size, pre-allocated 0 pages
[    0.022338] HugeTLB: 0 KiB vmemmap can be freed for a 64.0 KiB page
[    0.024509] ACPI: Added _OSI(Module Device)
[    0.024511] ACPI: Added _OSI(Processor Device)
[    0.024512] ACPI: Added _OSI(Processor Aggregator Device)
[    0.024856] ACPI: 1 ACPI AML tables successfully acquired and loaded
[    0.025072] ACPI: Interpreter enabled
[    0.025074] ACPI: Using GIC for interrupt routing
[    0.025079] ACPI: MCFG table detected, 1 entries
[    0.025803] ACPI: CPU0 has been hot-added
[    0.025813] ACPI: CPU1 has been hot-added
[    0.025894] ARMH0011:00: ttyAMA0 at MMIO 0x9000000 (irq = 12, base_baud = 0) is a SBSA
[    0.025955] printk: console [ttyAMA0] enabled
[    0.026340] ACPI: PCI: Interrupt link L000 configured for IRQ 35
[    0.026345] ACPI: PCI: Interrupt link L001 configured for IRQ 36
[    0.026349] ACPI: PCI: Interrupt link L002 configured for IRQ 37
[    0.026353] ACPI: PCI: Interrupt link L003 configured for IRQ 38
[    0.026358] ACPI: PCI Root Bridge [PCI0] (domain 0000 [bus 00-ff])
[    0.026371] acpi PNP0A08:00: _OSC: OS supports [ExtendedConfig ASPM ClockPM Segments MSI HPX-Type3]
[    0.026415] acpi PNP0A08:00: _OSC: platform does not support [LTR]
[    0.026443] acpi PNP0A08:00: _OSC: OS now controls [PCIeHotplug PME PCIeCapability]
[    0.026505] acpi PNP0A08:00: ECAM area [mem 0x4010000000-0x401fffffff] reserved by PNP0C02:00
[    0.026513] acpi PNP0A08:00: ECAM at [mem 0x4010000000-0x401fffffff] for [bus 00-ff]
[    0.026520] ACPI: Remapped I/O 0x000000003eff0000 to [io  0x0000-0xffff window]
[    0.026576] PCI host bridge to bus 0000:00
[    0.026583] pci_bus 0000:00: root bus resource [mem 0x10000000-0x3efeffff window]
[    0.026584] pci_bus 0000:00: root bus resource [io  0x0000-0xffff window]
[    0.026585] pci_bus 0000:00: root bus resource [mem 0x8000000000-0xffffffffff window]
[    0.026586] pci_bus 0000:00: root bus resource [bus 00-ff]
[    0.026602] pci 0000:00:00.0: [1b36:0008] type 00 class 0x060000 conventional PCI endpoint
[    0.026928] pci 0000:00:01.0: [1af4:1000] type 00 class 0x020000 conventional PCI endpoint
[    0.027275] pci 0000:00:01.0: BAR 0 [io  0x0100-0x011f]
[    0.027296] pci 0000:00:01.0: BAR 1 [mem 0x10042000-0x10042fff]
[    0.027309] pci 0000:00:01.0: BAR 4 [mem 0x8000000000-0x8000003fff 64bit pref]
[    0.027312] pci 0000:00:01.0: ROM [mem 0xfffc0000-0xffffffff pref]
[    0.027545] pci 0000:00:02.0: [1af4:1001] type 00 class 0x010000 conventional PCI endpoint
[    0.027738] pci 0000:00:02.0: BAR 0 [io  0x0080-0x00ff]
[    0.027762] pci 0000:00:02.0: BAR 1 [mem 0x10041000-0x10041fff]
[    0.027775] pci 0000:00:02.0: BAR 4 [mem 0x8000004000-0x8000007fff 64bit pref]
[    0.027996] pci 0000:00:03.0: [1af4:1001] type 00 class 0x010000 conventional PCI endpoint
[    0.028169] pci 0000:00:03.0: BAR 0 [io  0x0000-0x007f]
[    0.028191] pci 0000:00:03.0: BAR 1 [mem 0x10040000-0x10040fff]
[    0.028198] pci 0000:00:03.0: BAR 4 [mem 0x8000008000-0x800000bfff 64bit pref]
[    0.028423] pci 0000:00:01.0: ROM [mem 0x10000000-0x1003ffff pref]: assigned
[    0.028426] pci 0000:00:01.0: BAR 4 [mem 0x8000000000-0x8000003fff 64bit pref]: assigned
[    0.028459] pci 0000:00:02.0: BAR 4 [mem 0x8000004000-0x8000007fff 64bit pref]: assigned
[    0.028475] pci 0000:00:03.0: BAR 4 [mem 0x8000008000-0x800000bfff 64bit pref]: assigned
[    0.028489] pci 0000:00:01.0: BAR 1 [mem 0x10040000-0x10040fff]: assigned
[    0.028493] pci 0000:00:02.0: BAR 1 [mem 0x10041000-0x10041fff]: assigned
[    0.028497] pci 0000:00:03.0: BAR 1 [mem 0x10042000-0x10042fff]: assigned
[    0.028501] pci 0000:00:02.0: BAR 0 [io  0x1000-0x107f]: assigned
[    0.028602] pci 0000:00:03.0: BAR 0 [io  0x1080-0x10ff]: assigned
[    0.028719] pci 0000:00:01.0: BAR 0 [io  0x1100-0x111f]: assigned
[    0.028841] pci_bus 0000:00: resource 4 [mem 0x10000000-0x3efeffff window]
[    0.028843] pci_bus 0000:00: resource 5 [io  0x0000-0xffff window]
[    0.028844] pci_bus 0000:00: resource 6 [mem 0x8000000000-0xffffffffff window]
[    0.029237] iommu: Default domain type: Translated
[    0.029239] iommu: DMA domain TLB invalidation policy: lazy mode
[    0.032412] efivars: Registered efivars operations
[    0.033838] clocksource: Switched to clocksource arch_sys_counter
[    0.034797] VFS: Disk quotas dquot_6.6.0
[    0.034816] VFS: Dquot-cache hash table entries: 512 (order 0, 4096 bytes)
[    0.035750] pnp: PnP ACPI init
[    0.035800] system 00:00: [mem 0x4010000000-0x401fffffff window] could not be reserved
[    0.035809] pnp: PnP ACPI: found 1 devices
[    0.036341] NET: Registered PF_INET protocol family
[    0.036396] IP idents hash table entries: 32768 (order: 6, 262144 bytes, linear)
[    0.040873] tcp_listen_portaddr_hash hash table entries: 1024 (order: 2, 16384 bytes, linear)
[    0.040879] Table-perturb hash table entries: 65536 (order: 6, 262144 bytes, linear)
[    0.040882] TCP established hash table entries: 16384 (order: 5, 131072 bytes, linear)
[    0.040897] TCP bind hash table entries: 16384 (order: 7, 524288 bytes, linear)
[    0.040911] TCP: Hash tables configured (established 16384 bind 16384)
[    0.040942] MPTCP token hash table entries: 2048 (order: 4, 49152 bytes, linear)
[    0.040957] UDP hash table entries: 1024 (order: 4, 65536 bytes, linear)
[    0.040971] UDP-Lite hash table entries: 1024 (order: 4, 65536 bytes, linear)
[    0.041000] NET: Registered PF_UNIX/PF_LOCAL protocol family
[    0.041004] NET: Registered PF_XDP protocol family
[    0.041037] PCI: CLS 0 bytes, default 64
[    0.041826] Unpacking initramfs...
[    0.042008] kvm [1]: HYP mode not available
[    0.042158] Initialise system trusted keyrings
[    0.057804] workingset: timestamp_bits=44 max_order=19 bucket_order=0
[    0.063540] Key type asymmetric registered
[    0.063544] Asymmetric key parser 'x509' registered
[    0.063582] Block layer SCSI generic (bsg) driver version 0.4 loaded (major 248)
[    0.080987] io scheduler mq-deadline registered
[    0.080999] io scheduler kyber registered
[    0.081024] io scheduler bfq registered
[    0.081980] ACPI: \_SB_.L001: Enabled at IRQ 36
[    0.081999] virtio-pci 0000:00:01.0: enabling device (0005 -> 0007)
[    0.082784] ACPI: \_SB_.L002: Enabled at IRQ 37
[    0.082794] virtio-pci 0000:00:02.0: enabling device (0005 -> 0007)
[    0.083478] ACPI: \_SB_.L003: Enabled at IRQ 38
[    0.083488] virtio-pci 0000:00:03.0: enabling device (0005 -> 0007)
[    0.085177] Serial: 8250/16550 driver, 4 ports, IRQ sharing enabled
[    0.087002] hv_vmbus: registering driver hyperv_keyboard
[    0.087672] rtc-efi rtc-efi.0: registered as rtc0
[    0.087924] rtc-efi rtc-efi.0: setting system clock to 2026-09-28T16:26:13 UTC (1790612773)
[    0.088057] NET: Registered PF_INET6 protocol family
[    0.088890] Segment Routing with IPv6
[    0.088905] In-situ OAM (IOAM) with IPv6
[    0.091743] registered taskstats version 1
[    0.091815] Loading compiled-in X.509 certificates
[    0.100021] Freeing initrd memory: 10940K
[    0.102306] Loaded X.509 cert 'alpinelinux.org: Alpine Linux kernel key: 87fa969a47f3e2a6aa35859eb932a17c95abcd82'
[    0.103125] Demotion targets for Node 0: null
[    0.103338] Key type .fscrypt registered
[    0.103346] Key type fscrypt-provisioning registered
[    0.105478] clk: Disabling unused clocks
[    0.105488] PM: genpd: Disabling unused power domains
[    0.105585] Freeing unused kernel memory: 2048K
[    0.105599] Run /init as init process
[    0.112435] Alpine Init 3.14.1-r0
[    0.112601] Loading boot drivers...
[    0.116420] SCSI subsystem initialized
[    0.120982] ACPI: bus type USB registered
[    0.121003] usbcore: registered new interface driver usbfs
[    0.121010] usbcore: registered new interface driver hub
[    0.121021] usbcore: registered new device driver usb
[    0.122294] usbcore: registered new interface driver usb-storage
[    0.134359] pps_core: LinuxPPS API ver. 1 registered
[    0.134378] pps_core: Software ver. 5.3.6 - Copyright 2005-2007 Rodolfo Giometti <giometti@linux.it>
[    0.135196] PTP clock support registered
[    0.141452] loop: module loaded
[    0.150239] ACPI: bus type drm_connector registered
[    0.157394] Loading boot drivers: ok.
[    0.158280] Mounting root...
[    0.218517] virtio_blk virtio1: 2/0/0 default/read/poll queues
[    0.218770] virtio_blk virtio1: [vda] 16777216 512-byte logical blocks (8.59 GB/8.00 GiB)
[    0.219667]  vda: vda1 vda2
[    0.220078] virtio_blk virtio2: 2/0/0 default/read/poll queues
[    0.220491] virtio_blk virtio2: [vdb] 108 512-byte logical blocks (55.3 kB/54.0 KiB)
[    0.299944] EXT4-fs (vda2): mounted filesystem 53fa5455-9314-4990-97ab-91488d6924a9 ro with ordered data mode. Quota mode: none.
[    0.300025] Mounting root: ok.

Welcome to Alpine Linux 3.24
Kernel 6.18.52-0-virt on aarch64 (/dev/ttyAMA0)

rubix-parity login: [   16.442498] reboot: Power down
