#0 building with "desktop-linux" instance using docker driver

#1 [build 2/5] WORKDIR /source
#1 CACHED

#2 [internal] load build definition from Dockerfile
#2 transferring dockerfile: 1.79kB done
#2 DONE 0.0s

#3 [internal] load metadata for docker.io/library/rust@sha256:0e2bcaef56d041a486784e54104a81aebe0da44bd03019bd70bc0401e42e4a97
#3 DONE 0.0s

#4 [internal] load .dockerignore
#4 transferring context: 2B done
#4 DONE 0.0s

#5 [build 1/5] FROM docker.io/library/rust@sha256:0e2bcaef56d041a486784e54104a81aebe0da44bd03019bd70bc0401e42e4a97
#5 resolve docker.io/library/rust@sha256:0e2bcaef56d041a486784e54104a81aebe0da44bd03019bd70bc0401e42e4a97 done
#5 CACHED

#6 [internal] load build context
#6 transferring context: 4.17MB 0.1s done
#6 DONE 0.1s

#7 [build 3/4] COPY . .
#7 DONE 0.1s

#8 [build 4/4] RUN rustup target add aarch64-unknown-linux-musl  && cargo clippy -p rubixctl --all-targets --target aarch64-unknown-linux-musl --locked -- -D warnings  && cargo test -p rubixctl --locked --release --target aarch64-unknown-linux-musl --lib --test check --test preparation --no-run  && mkdir /out && cp target/aarch64-unknown-linux-musl/release/rubixctl /out/rubixctl  && for kind in check preparation; do for binary in target/aarch64-unknown-linux-musl/release/deps/$kind-*; do if [ -f "$binary" ] && [ -x "$binary" ]; then cp "$binary" /out/$kind-tests; fi; done; done  && for binary in target/aarch64-unknown-linux-musl/release/deps/rubixctl-*; do if [ -f "$binary" ] && [ -x "$binary" ] && "$binary" --list 2>/dev/null | grep -q '^preparation::tests::'; then cp "$binary" /out/rubixctl-tests; fi; done  && test -x /out/rubixctl-tests  && rustc --edition=2024 --target aarch64-unknown-linux-musl -O tools/parity/fixtures/prerequisite-preparation/fixture-command.rs -o /out/fixture-command  && sha256sum /out/* > /out/binaries.sha256  && cargo build -p rubix-dev --bin rubix-prerequisite-fixture --release --locked  && cp target/release/rubix-prerequisite-fixture /out/rubix-prerequisite-fixture
#8 0.111 info: syncing channel updates for 1.97.1-aarch64-unknown-linux-gnu
#8 1.247 info: latest update on 2026-07-16 for version 1.97.1 (8bab26f4f 2026-07-14)
#8 1.256 info: downloading 3 components
#8 8.037 info: downloading component rust-std
#8 50.95     Updating crates.io index
#8 68.97  Downloading crates ...
#8 70.07   Downloaded errno v0.3.14
#8 70.08   Downloaded tokio-macros v2.7.1
#8 70.16   Downloaded itoa v1.0.18
#8 70.22   Downloaded quote v1.0.47
#8 70.44   Downloaded signal-hook-registry v1.4.8
#8 70.51   Downloaded pin-project-lite v0.2.17
#8 70.65   Downloaded zmij v1.0.23
#8 70.79   Downloaded proc-macro2 v1.0.107
#8 70.86   Downloaded unicode-ident v1.0.26
#8 70.86   Downloaded serde_core v1.0.228
#8 71.07   Downloaded mio v1.2.3
#8 71.08   Downloaded bitflags v2.13.2
#8 71.21   Downloaded memchr v2.8.3
#8 71.50   Downloaded serde_json v1.0.151
#8 72.11   Downloaded syn v2.0.119
#8 72.43   Downloaded rustix v1.1.5
#8 73.39   Downloaded libc v0.2.189
#8 73.47   Downloaded tokio v1.53.1
#8 74.96   Downloaded linux-raw-sys v0.12.1
#8 75.04    Compiling libc v0.2.189
#8 75.04    Compiling proc-macro2 v1.0.107
#8 75.04    Compiling quote v1.0.47
#8 75.04    Compiling unicode-ident v1.0.26
#8 75.04    Compiling rustix v1.1.5
#8 75.05     Checking bitflags v2.13.2
#8 75.05     Checking linux-raw-sys v0.12.1
#8 75.05     Checking pin-project-lite v0.2.17
#8 75.05    Compiling serde_core v1.0.228
#8 75.05    Compiling zmij v1.0.23
#8 75.05    Compiling serde_json v1.0.151
#8 75.05     Checking itoa v1.0.18
#8 75.05     Checking memchr v2.8.3
#8 75.60    Compiling syn v2.0.119
#8 75.67     Checking errno v0.3.14
#8 75.67     Checking mio v1.2.3
#8 75.71     Checking signal-hook-registry v1.4.8
#8 76.54     Checking rubix-platform v0.1.0 (/source/crates/rubix-platform)
#8 78.36    Compiling tokio-macros v2.7.1
#8 79.20     Checking tokio v1.53.1
#8 79.95     Checking rubix-supervisor v0.1.0 (/source/crates/rubix-supervisor)
#8 80.19     Checking rubixctl v0.1.0 (/source/crates/rubixctl)
#8 80.46     Finished `dev` profile [unoptimized + debuginfo] target(s) in 29.55s
#8 80.59    Compiling libc v0.2.189
#8 80.59    Compiling proc-macro2 v1.0.107
#8 80.59    Compiling unicode-ident v1.0.26
#8 80.59    Compiling quote v1.0.47
#8 80.59    Compiling rustix v1.1.5
#8 80.59    Compiling bitflags v2.13.2
#8 80.59    Compiling linux-raw-sys v0.12.1
#8 80.59    Compiling pin-project-lite v0.2.17
#8 80.59    Compiling zmij v1.0.23
#8 80.59    Compiling serde_core v1.0.228
#8 80.59    Compiling serde_json v1.0.151
#8 80.60    Compiling memchr v2.8.3
#8 80.61    Compiling itoa v1.0.18
#8 81.19    Compiling syn v2.0.119
#8 81.21    Compiling errno v0.3.14
#8 81.21    Compiling mio v1.2.3
#8 81.27    Compiling signal-hook-registry v1.4.8
#8 82.42    Compiling tokio-macros v2.7.1
#8 82.55    Compiling rubix-platform v0.1.0 (/source/crates/rubix-platform)
#8 82.81    Compiling tokio v1.53.1
#8 83.76    Compiling rubix-supervisor v0.1.0 (/source/crates/rubix-supervisor)
#8 84.01    Compiling rubixctl v0.1.0 (/source/crates/rubixctl)
#8 88.44     Finished `release` profile [optimized + debuginfo] target(s) in 7.92s
#8 88.44   Executable unittests src/lib.rs (target/aarch64-unknown-linux-musl/release/deps/rubixctl-362bf11626634cbe)
#8 88.44   Executable tests/check.rs (target/aarch64-unknown-linux-musl/release/deps/check-2e467eb460320e19)
#8 88.44   Executable tests/preparation.rs (target/aarch64-unknown-linux-musl/release/deps/preparation-69396048ac8f7861)
#8 88.75  Downloading crates ...
#8 89.34   Downloaded digest v0.11.3
#8 89.45   Downloaded cpufeatures v0.3.1
#8 89.48   Downloaded crypto-common v0.2.2
#8 89.59   Downloaded cfg-if v1.0.5
#8 89.60   Downloaded equivalent v1.0.2
#8 89.61   Downloaded block-buffer v0.12.1
#8 89.63   Downloaded adler2 v2.0.1
#8 89.85   Downloaded filetime v0.2.29
#8 89.87   Downloaded fastrand v2.5.0
#8 89.88   Downloaded pkg-config v0.3.34
#8 89.88   Downloaded serde_spanned v1.1.1
#8 89.88   Downloaded jobserver v0.1.35
#8 89.89   Downloaded simd-adler32 v0.3.10
#8 89.89   Downloaded shlex v2.0.1
#8 90.03   Downloaded toml_datetime v0.7.5+spec-1.1.0
#8 90.03   Downloaded zstd-safe v7.3.0
#8 90.03   Downloaded find-msvc-tools v0.1.14
#8 90.07   Downloaded hybrid-array v0.4.15
#8 90.07   Downloaded once_cell v1.21.4
#8 90.09   Downloaded tempfile v3.27.0
#8 90.11   Downloaded toml_writer v1.1.2+spec-1.1.0
#8 90.15   Downloaded zstd v0.13.3
#8 90.19   Downloaded sha2 v0.11.0
#8 90.20   Downloaded toml v0.9.6
#8 90.21   Downloaded toml_parser v1.0.5+spec-1.0.0
#8 90.21   Downloaded getrandom v0.4.3
#8 90.21   Downloaded crc32fast v1.5.2
#8 90.23   Downloaded flate2 v1.1.10
#8 90.23   Downloaded miniz_oxide v0.9.1
#8 90.23   Downloaded serde_derive v1.0.228
#8 90.24   Downloaded tar v0.4.46
#8 90.28   Downloaded base64 v0.22.1
#8 90.30   Downloaded serde v1.0.228
#8 90.36   Downloaded cc v1.5.1
#8 90.36   Downloaded typed-path v0.12.3
#8 90.39   Downloaded indexmap v2.11.3
#8 90.39   Downloaded typenum v1.20.1
#8 90.45   Downloaded hashbrown v0.15.5
#8 90.47   Downloaded regex v1.13.1
#8 90.47   Downloaded zip v8.6.0
#8 90.48   Downloaded winnow v0.7.15
#8 90.49   Downloaded aho-corasick v1.1.5
#8 90.66   Downloaded regex-syntax v0.8.11
#8 90.75   Downloaded regex-automata v0.4.18
#8 90.79   Downloaded zstd-sys v2.1.0+zstd.1.5.7
#8 90.84    Compiling libc v0.2.189
#8 90.84    Compiling proc-macro2 v1.0.107
#8 90.84    Compiling quote v1.0.47
#8 90.84    Compiling cfg-if v1.0.5
#8 90.84    Compiling find-msvc-tools v0.1.14
#8 90.84    Compiling shlex v2.0.1
#8 90.84    Compiling serde_core v1.0.228
#8 90.84    Compiling pkg-config v0.3.34
#8 90.84    Compiling memchr v2.8.3
#8 90.84    Compiling unicode-ident v1.0.26
#8 90.84    Compiling typenum v1.20.1
#8 90.84    Compiling crc32fast v1.5.2
#8 90.84    Compiling adler2 v2.0.1
#8 90.84    Compiling zstd-safe v7.3.0
#8 90.85    Compiling simd-adler32 v0.3.10
#8 90.85    Compiling rustix v1.1.5
#8 90.89    Compiling getrandom v0.4.3
#8 90.92    Compiling zmij v1.0.23
#8 90.92    Compiling miniz_oxide v0.9.1
#8 90.93    Compiling hashbrown v0.15.5
#8 90.94    Compiling linux-raw-sys v0.12.1
#8 91.02    Compiling winnow v0.7.15
#8 91.02    Compiling equivalent v1.0.2
#8 91.08    Compiling aho-corasick v1.1.5
#8 91.14    Compiling serde v1.0.228
#8 91.14    Compiling bitflags v2.13.2
#8 91.14    Compiling regex-syntax v0.8.11
#8 91.16    Compiling serde_json v1.0.151
#8 91.21    Compiling flate2 v1.1.10
#8 91.42    Compiling hybrid-array v0.4.15
#8 91.43    Compiling indexmap v2.11.3
#8 91.46    Compiling fastrand v2.5.0
#8 91.56    Compiling jobserver v0.1.35
#8 91.60    Compiling syn v2.0.119
#8 91.60    Compiling pin-project-lite v0.2.17
#8 91.61    Compiling errno v0.3.14
#8 91.63    Compiling filetime v0.2.29
#8 91.66    Compiling mio v1.2.3
#8 91.67    Compiling cpufeatures v0.3.1
#8 91.71    Compiling cc v1.5.1
#8 91.71    Compiling block-buffer v0.12.1
#8 91.73    Compiling crypto-common v0.2.2
#8 91.73    Compiling signal-hook-registry v1.4.8
#8 91.74    Compiling itoa v1.0.18
#8 91.75    Compiling once_cell v1.21.4
#8 91.77    Compiling typed-path v0.12.3
#8 91.86    Compiling tokio v1.53.1
#8 91.87    Compiling tar v0.4.46
#8 91.91    Compiling base64 v0.22.1
#8 92.05    Compiling toml_parser v1.0.5+spec-1.0.0
#8 92.05    Compiling digest v0.11.3
#8 92.18    Compiling regex-automata v0.4.18
#8 92.23    Compiling sha2 v0.11.0
#8 92.26    Compiling toml_datetime v0.7.5+spec-1.1.0
#8 92.26    Compiling serde_spanned v1.1.1
#8 92.41    Compiling toml v0.9.6
#8 92.53    Compiling zip v8.6.0
#8 92.73    Compiling zstd-sys v2.1.0+zstd.1.5.7
#8 92.81    Compiling serde_derive v1.0.228
#8 92.84    Compiling tempfile v3.27.0
#8 94.10    Compiling regex v1.13.1
#8 101.7    Compiling zstd v0.13.3
#8 101.8    Compiling rubix-dev v0.1.0 (/source/tools/dev)
#8 117.9     Finished `release` profile [optimized + debuginfo] target(s) in 29.14s
#8 DONE 117.9s

#9 [stage-1 2/3] COPY --from=build /out/ /
#9 DONE 0.0s

#10 [stage-1 3/3] COPY --from=build /out/rubixctl /source/target/aarch64-unknown-linux-musl/release/rubixctl
#10 DONE 0.0s

#11 exporting to image
#11 exporting layers
#11 exporting layers 0.8s done
#11 exporting manifest sha256:c56b3fe98da720b92ed3f4101aa6dae15b7503596b2e889d0e92db560a76b7ca 0.0s done
#11 exporting config sha256:49c01e8b026fb732475d90e16e6eda8afc5a63fb870f44861821760391f063af done
#11 exporting attestation manifest sha256:d65a48c8adde69c0fb19a69888868ed5cf56f77838b2f048158c5eb9fbb83d4d done
#11 exporting manifest list sha256:ec679a68ede6a98cbc4735591eac039026cc28b0ec9110fb8d94653d1f057430 done
#11 naming to docker.io/library/rubix-preparation-linux-4fc761eac9ad54ab7acfb2114e3cbc84:latest done
#11 unpacking to docker.io/library/rubix-preparation-linux-4fc761eac9ad54ab7acfb2114e3cbc84:latest
#11 unpacking to docker.io/library/rubix-preparation-linux-4fc761eac9ad54ab7acfb2114e3cbc84:latest 0.2s done
#11 DONE 1.1s

View build details: docker-desktop://dashboard/build/desktop-linux/desktop-linux/6dt9e2bdl5uftiq6nkiso7qo7
