[
    {
        "Id": "sha256:79e47fa701dd5c83999296f29fe3301c3965f98053725198ad08096aab753c27",
        "RepoTags": [
            "rubix-preparation-linux-8eeba6df565a09f9dcde9155656c341d:latest"
        ],
        "RepoDigests": [
            "rubix-preparation-linux-8eeba6df565a09f9dcde9155656c341d@sha256:79e47fa701dd5c83999296f29fe3301c3965f98053725198ad08096aab753c27"
        ],
        "Comment": "buildkit.dockerfile.v0",
        "Created": "2026-09-28T20:50:30.426174092Z",
        "Config": {
            "Env": [
                "PATH=/usr/local/cargo/bin:/usr/local/sbin:/usr/local/bin:/usr/sbin:/usr/bin:/sbin:/bin",
                "RUSTUP_HOME=/usr/local/rustup",
                "CARGO_HOME=/usr/local/cargo",
                "RUST_VERSION=1.97.1"
            ],
            "Cmd": [
                "sh",
                "-c",
                "cat /binaries.sha256 && /rubixctl-tests --include-ignored --nocapture && /check-tests --nocapture && /preparation-tests --nocapture && /rubix-prerequisite-fixture --run-disposable-fixture"
            ],
            "Labels": {
                "org.opencontainers.image.source": "https://github.com/rust-lang/docker-rust"
            },
            "ArgsEscaped": true
        },
        "Architecture": "arm64",
        "Os": "linux",
        "Size": 536916074,
        "RootFS": {
            "Type": "layers",
            "Layers": [
                "sha256:fc7ac19cfb2d64221e26478ffac9248cfff72f76adbb89ca5e362b37cc21c84a",
                "sha256:c1cf7a9b7c84052ffa15e8621c27a229e6d79203dee6c5ebb63ce76230f7349e",
                "sha256:304cc516c4dc516b48304bc637d27673284810a377052ad62afaaf10a4c6eade",
                "sha256:1e8e95cb952a3e771723a664bbbed69f265681b196a5ab90a07e635bce808dd4",
                "sha256:9e06278045289c508d268cde4ae53588cc3be431daf4f5d6856d6d5a1f6cf247",
                "sha256:2eb418edf52b10d9619704b663f92158ae6dbe8092c4bac10339bd7b628d52d7",
                "sha256:5b3b4af274b3bd940a2cdd5a97543cc68e90f59cfe5b13d1974ed965e254cb99"
            ]
        },
        "Metadata": {
            "LastTagTime": "2026-09-28T20:50:31.255457217Z"
        },
        "Descriptor": {
            "mediaType": "application/vnd.oci.image.index.v1+json",
            "digest": "sha256:79e47fa701dd5c83999296f29fe3301c3965f98053725198ad08096aab753c27",
            "size": 856
        },
        "Identity": {
            "Build": [
                {
                    "Ref": "exa50yushaisah9rplxweeiqx",
                    "CreatedAt": "2026-09-28T20:50:31.395406925Z"
                }
            ]
        }
    }
]
