#0 building with "desktop-linux" instance using docker driver

#1 [internal] load build definition from Build.Dockerfile
#1 transferring dockerfile: 1.69kB done
#1 DONE 0.0s

#2 [internal] load metadata for docker.io/library/alpine@sha256:294b683cb724975bec92580e1e685676bd4b50bda910ddb8c51d4cabeaec77e6
#2 DONE 0.1s

#3 [internal] load metadata for docker.io/library/rust@sha256:0e2bcaef56d041a486784e54104a81aebe0da44bd03019bd70bc0401e42e4a97
#3 DONE 1.6s

#4 [internal] load .dockerignore
#4 transferring context: 2B done
#4 DONE 0.0s

#5 [build 1/4] FROM docker.io/library/rust@sha256:0e2bcaef56d041a486784e54104a81aebe0da44bd03019bd70bc0401e42e4a97
#5 resolve docker.io/library/rust@sha256:0e2bcaef56d041a486784e54104a81aebe0da44bd03019bd70bc0401e42e4a97 done
#5 DONE 0.0s

#6 [stage-1 1/2] FROM docker.io/library/alpine@sha256:294b683cb724975bec92580e1e685676bd4b50bda910ddb8c51d4cabeaec77e6
#6 resolve docker.io/library/alpine@sha256:294b683cb724975bec92580e1e685676bd4b50bda910ddb8c51d4cabeaec77e6 done
#6 DONE 0.0s

#7 [internal] load build context
#7 transferring context: 4.09MB 0.1s done
#7 DONE 0.1s

#8 [build 2/4] WORKDIR /source
#8 CACHED

#9 [build 3/4] COPY . .
#9 DONE 1.0s

#10 [build 4/4] RUN rustup target add aarch64-unknown-linux-musl  && cargo clippy -p rubix-kube --lib --test host_preparation --test host_network --example prepare_node_host --target aarch64-unknown-linux-musl --locked -- -D warnings  && cargo test -p rubix-kube --lib --test host_preparation --test host_network --target aarch64-unknown-linux-musl --locked --release --no-run  && printf 'POLICY_TESTS_BEGIN\n'  && cargo test -p rubix-kube --example prepare_node_host --target aarch64-unknown-linux-musl --locked --release  && printf 'POLICY_TESTS_END\n'  && cargo build -p rubix-kube --example prepare_node_host --target aarch64-unknown-linux-musl --locked --release  && mkdir /out  && cp target/aarch64-unknown-linux-musl/release/examples/prepare_node_host /out/prepare_node_host  && for name in rubix_kube host_preparation host_network; do count=0; for executable in target/aarch64-unknown-linux-musl/release/deps/$name-*; do if [ -f "$executable" ] && [ -x "$executable" ]; then if "$executable" --list 2>/dev/null | grep -q ': test$'; then cp "$executable" /out/$name; count=$((count+1)); fi; fi; done; test "$count" = 1; done  && printf 'RUBIX_BUILD_BIND_BEGIN %s\n' "5692f99cb55610df0b4dd94e37457f7b"  && sha256sum /out/prepare_node_host /out/rubix_kube /out/host_preparation /out/host_network  && printf 'RUBIX_BUILD_BIND_END %s\n' "5692f99cb55610df0b4dd94e37457f7b"
#10 0.177 info: syncing channel updates for 1.97.1-aarch64-unknown-linux-gnu
#10 1.502 info: latest update on 2026-07-16 for version 1.97.1 (8bab26f4f 2026-07-14)
#10 1.509 info: downloading 3 components
#10 4.305 info: downloading component rust-std
#10 11.19     Updating crates.io index
#10 15.56  Downloading crates ...
#10 16.08   Downloaded thiserror v2.0.18
#10 16.13   Downloaded tokio-macros v2.7.1
#10 16.49   Downloaded errno v0.3.14
#10 16.49   Downloaded itoa v1.0.18
#10 16.72   Downloaded thiserror-impl v2.0.18
#10 16.73   Downloaded pin-project-lite v0.2.17
#10 16.79   Downloaded quote v1.0.47
#10 16.84   Downloaded zmij v1.0.23
#10 16.88   Downloaded signal-hook-registry v1.4.8
#10 17.14   Downloaded arraydeque v0.5.1
#10 17.33   Downloaded unicode-ident v1.0.26
#10 17.39   Downloaded bitflags v2.13.2
#10 17.43   Downloaded serde_core v1.0.228
#10 17.59   Downloaded serde_derive v1.0.228
#10 17.66   Downloaded proc-macro2 v1.0.107
#10 17.89   Downloaded serde v1.0.228
#10 18.10   Downloaded memchr v2.8.3
#10 18.11   Downloaded mio v1.2.3
#10 18.48   Downloaded regex v1.13.1
#10 18.48   Downloaded serde_json v1.0.151
#10 18.71   Downloaded aho-corasick v1.1.5
#10 19.43   Downloaded syn v2.0.119
#10 19.80   Downloaded regex-syntax v0.8.11
#10 20.08   Downloaded rustix v1.1.5
#10 20.55   Downloaded regex-automata v0.4.18
#10 21.11   Downloaded tokio v1.53.1
#10 21.17   Downloaded libc v0.2.189
#10 23.11   Downloaded linux-raw-sys v0.12.1
#10 23.20    Compiling proc-macro2 v1.0.107
#10 23.20    Compiling quote v1.0.47
#10 23.20    Compiling unicode-ident v1.0.26
#10 23.20    Compiling libc v0.2.189
#10 23.20     Checking memchr v2.8.3
#10 23.20    Compiling serde_core v1.0.228
#10 23.20    Compiling rustix v1.1.5
#10 23.20    Compiling zmij v1.0.23
#10 23.21    Compiling thiserror v2.0.18
#10 23.21     Checking regex-syntax v0.8.11
#10 23.21     Checking linux-raw-sys v0.12.1
#10 23.21    Compiling serde v1.0.228
#10 23.21    Compiling serde_json v1.0.151
#10 23.21     Checking bitflags v2.13.2
#10 23.21     Checking pin-project-lite v0.2.17
#10 23.21     Checking arraydeque v0.5.1
#10 23.25     Checking itoa v1.0.18
#10 23.41     Checking aho-corasick v1.1.5
#10 23.99    Compiling syn v2.0.119
#10 24.07     Checking regex-automata v0.4.18
#10 24.07     Checking errno v0.3.14
#10 24.07     Checking mio v1.2.3
#10 24.11     Checking signal-hook-registry v1.4.8
#10 24.84     Checking regex v1.13.1
#10 24.97     Checking rubix-platform v0.1.0 (/source/crates/rubix-platform)
#10 26.41    Compiling thiserror-impl v2.0.18
#10 26.41    Compiling serde_derive v1.0.228
#10 26.41    Compiling tokio-macros v2.7.1
#10 27.37     Checking tokio v1.53.1
#10 28.01     Checking saphyr-parser v0.0.11 (/source/third_party/saphyr-parser)
#10 28.46     Checking rubix-supervisor v0.1.0 (/source/crates/rubix-supervisor)
#10 28.90     Checking rubix-config v0.1.0 (/source/crates/rubix-config)
#10 29.31     Checking rubix-kube v0.1.0 (/source/crates/rubix-kube)
#10 29.76     Finished `dev` profile [unoptimized + debuginfo] target(s) in 18.61s
#10 29.90    Compiling proc-macro2 v1.0.107
#10 29.90    Compiling unicode-ident v1.0.26
#10 29.90    Compiling quote v1.0.47
#10 29.90    Compiling libc v0.2.189
#10 29.90    Compiling serde_core v1.0.228
#10 29.90    Compiling zmij v1.0.23
#10 29.91    Compiling rustix v1.1.5
#10 29.91    Compiling thiserror v2.0.18
#10 29.91    Compiling serde v1.0.228
#10 29.91    Compiling serde_json v1.0.151
#10 29.91    Compiling memchr v2.8.3
#10 29.91    Compiling regex-syntax v0.8.11
#10 29.91    Compiling bitflags v2.13.2
#10 29.91    Compiling linux-raw-sys v0.12.1
#10 30.10    Compiling arraydeque v0.5.1
#10 30.17    Compiling pin-project-lite v0.2.17
#10 30.17    Compiling itoa v1.0.18
#10 30.27    Compiling aho-corasick v1.1.5
#10 30.82    Compiling syn v2.0.119
#10 30.91    Compiling errno v0.3.14
#10 30.91    Compiling mio v1.2.3
#10 30.98    Compiling signal-hook-registry v1.4.8
#10 31.43    Compiling regex-automata v0.4.18
#10 32.75    Compiling thiserror-impl v2.0.18
#10 32.75    Compiling serde_derive v1.0.228
#10 32.75    Compiling tokio-macros v2.7.1
#10 32.99    Compiling regex v1.13.1
#10 33.26    Compiling tokio v1.53.1
#10 33.42    Compiling rubix-platform v0.1.0 (/source/crates/rubix-platform)
#10 33.81    Compiling saphyr-parser v0.0.11 (/source/third_party/saphyr-parser)
#10 34.80    Compiling rubix-supervisor v0.1.0 (/source/crates/rubix-supervisor)
#10 34.97    Compiling rubix-config v0.1.0 (/source/crates/rubix-config)
#10 35.70    Compiling rubix-kube v0.1.0 (/source/crates/rubix-kube)
#10 44.36     Finished `release` profile [optimized + debuginfo] target(s) in 14.55s
#10 44.36   Executable unittests src/lib.rs (target/aarch64-unknown-linux-musl/release/deps/rubix_kube-586ce53ef5a00528)
#10 44.36   Executable tests/host_network.rs (target/aarch64-unknown-linux-musl/release/deps/host_network-e5577a9d22cc7c77)
#10 44.36   Executable tests/host_preparation.rs (target/aarch64-unknown-linux-musl/release/deps/host_preparation-22fc93ae6778e2f8)
#10 44.36 POLICY_TESTS_BEGIN
#10 44.42    Compiling rubix-kube v0.1.0 (/source/crates/rubix-kube)
#10 46.58     Finished `release` profile [optimized + debuginfo] target(s) in 2.19s
#10 46.58      Running unittests examples/prepare_node_host.rs (target/aarch64-unknown-linux-musl/release/examples/prepare_node_host-7e651857a9b8934a)
#10 46.58 
#10 46.58 running 2 tests
#10 46.58 test tests::cancelled_result_publishes_once_and_is_terminal ... ok
#10 46.58 test tests::uncertain_cleanup_is_quiet_terminal_even_when_observer_is_settled ... ok
#10 46.58 
#10 46.58 test result: ok. 2 passed; 0 failed; 0 ignored; 0 measured; 0 filtered out; finished in 0.00s
#10 46.58 
#10 46.59 POLICY_TESTS_END
#10 46.63    Compiling rubix-kube v0.1.0 (/source/crates/rubix-kube)
#10 50.21     Finished `release` profile [optimized + debuginfo] target(s) in 3.61s
#10 50.26 RUBIX_BUILD_BIND_BEGIN 5692f99cb55610df0b4dd94e37457f7b
#10 50.29 9f23c47bb4a87b12380c1886c55142efef641fe7debb7a2b7a5f134c9d09459c  /out/prepare_node_host
#10 50.31 06e8bc7b0a10267aa1e245c1bad8d6ed94cac9446eb83e56d2920c396e40c379  /out/rubix_kube
#10 50.34 98bebb17eb7ee6bb111003e8aecab5891b8e08b8fa392ded3fe96f820e190e6e  /out/host_preparation
#10 50.38 65e299036fd6820d62ec651078c1703fd978d44a8db60f8f1a8233f2ea269a03  /out/host_network
#10 50.38 RUBIX_BUILD_BIND_END 5692f99cb55610df0b4dd94e37457f7b
#10 DONE 51.0s

#6 [stage-1 1/2] FROM docker.io/library/alpine@sha256:294b683cb724975bec92580e1e685676bd4b50bda910ddb8c51d4cabeaec77e6
#6 CACHED

#11 [stage-1 2/2] COPY --from=build /out/ /out/
#11 DONE 0.1s

#12 exporting to image
#12 exporting layers
#12 exporting layers 0.9s done
#12 exporting manifest sha256:0ae6a2425061c8f35acb14792ac70ca3c3b880ecde40783a6781ab6165017b62 done
#12 exporting config sha256:9212d10900851cf5bdb36efebd02c22b4a553ac6cb7ce17ac34929815ee2b77c done
#12 exporting attestation manifest sha256:04bf8d5f9f133f4f28a47352b70bb6b439654cad3c7efbebd9810565fd3c306b done
#12 exporting manifest list sha256:783cfe66f5f0c3c003f962f44788a26ad185e6eedbac6dc58d2f0c29f9b53633 done
#12 naming to docker.io/library/rubix-node-container-5692f99cb55610df0b4dd94e37457f7b:latest done
#12 unpacking to docker.io/library/rubix-node-container-5692f99cb55610df0b4dd94e37457f7b:latest 0.1s done
#12 DONE 1.1s

View build details: docker-desktop://dashboard/build/desktop-linux/desktop-linux/hw2j9njrpb3ds7xmiovt0xptj
