8a41c7772399203528efa12b68a78f95469dd486e723d7eed1fcce93b49a5824  /out/constrained-103eea116147f732
32423ebe96ec95439b001695d793067ff25b8ceccc6ae32dd53ae15b6928f54a  /out/discovery-36f26188ef46671a
688d0ec2481dbeda732a3aaef182dec9080bb5a634e4b0d65d4d0a7e09a02516  /out/preflight-17ca696c0614e8c8
3caa2de08bade8d276620830482b5af8caa9f65392c173787a67be011fd3a41a  /out/preflight_probe-232dbf13efeef0e5
e1b3f364e1564066b802187588e0ea181142d54301f78c2b13e6e21ca2e95566  /out/rubix_platform-a0b7fc1077c686ed

running 8 tests
test discover::tests::bounded_reader_distinguishes_missing_directory_and_oversize ... ok
test preflight_probe::disposable_filesystem::disposable_real_filesystem_limits_errors_and_baseline_candidates ... ignored, actual filesystem fixtures only inside owned disposable Linux container
test constrained::tests::directory_observations_are_bounded_and_preserve_unknown_names ... ok
test preflight_probe::disposable_filesystem::only_unavailable_ipv6_allows_ipv4_fallback ... ok
test preflight_probe::tests::definitive_presence_survives_other_candidate_errors_and_rc_is_exact ... ok
test preflight_probe::tests::exact_candidates_and_one_level_glob_match_baseline_existence ... ok
test preflight_probe::tests::port_phase_is_explicit_and_does_not_probe_unused_pprof ... ok
test preflight_probe::tests::unsafe_release_limits_and_errors_are_unknown_not_absent ... ok

test result: ok. 7 passed; 0 failed; 1 ignored; 0 measured; 0 filtered out; finished in 0.00s


running 8 tests
test available_builtin_and_loaded_modules_remain_distinct_and_malformed_indexes_fail_closed ... ok
test accepted_d01_targets_include_all_arch_libc_pairs_without_using_kernel_or_executable ... ok
test cgroup_generations_and_loaded_modules_are_observations_not_policy_success ... ok
test missing_or_unreadable_evidence_never_becomes_a_positive_default ... ok
test mountinfo_decodes_paths_and_keeps_mount_and_superblock_readonly_separate ... ok
test observed_go_classifier_cases_match_independent_expectations ... ok
test runtime_container_and_installer_environment_keep_distinct_indicators ... ok
test real_discovery_preserves_custom_paths_and_does_not_create_or_rewrite_them ... ok

test result: ok. 8 passed; 0 failed; 0 ignored; 0 measured; 0 filtered out; finished in 0.00s


running 6 tests
test baseline_order_and_real_uid_are_distinct_from_effective_uid ... ok
test agrees_with_actual_pinned_go_reference_observations ... ok
test every_required_controller_and_optional_port_has_distinct_evidence ... ok
test prerequisite_opt_in_plans_require_recheck_and_never_grant_runtime_ownership ... ok
test unknown_read_errors_and_unprobed_ports_never_claim_success ... ok
test module_indexes_are_not_proof_of_comment_capability ... ok

test result: ok. 6 passed; 0 failed; 0 ignored; 0 measured; 0 filtered out; finished in 0.00s


running 4 tests
test backend_hints_remain_independent_and_never_waive_xtables ... ok
test collector_never_claims_unsupported_platform_or_invalid_limits ... ok
test correct_values_require_no_writes_and_missing_ipv4_is_not_optional ... ok
test external_responsibility_does_not_adopt_host_resources ... ok

test result: ok. 4 passed; 0 failed; 0 ignored; 0 measured; 0 filtered out; finished in 0.00s


running 2 tests
test disposable_wildcard_ports_detect_both_families_and_release_all_owned_sockets ... ignored, opens fixed wildcard ports; disposable Linux namespace only
test invalid_limits_fail_before_filesystem_observation ... ok

test result: ok. 1 passed; 0 failed; 1 ignored; 0 measured; 0 filtered out; finished in 0.00s

