#0 building with "desktop-linux" instance using docker driver

#1 [internal] load build definition from Build.Dockerfile
#1 transferring dockerfile: 1.69kB done
#1 DONE 0.1s

#2 [internal] load metadata for docker.io/library/rust@sha256:0e2bcaef56d041a486784e54104a81aebe0da44bd03019bd70bc0401e42e4a97
#2 DONE 0.1s

#3 [internal] load metadata for docker.io/library/alpine@sha256:294b683cb724975bec92580e1e685676bd4b50bda910ddb8c51d4cabeaec77e6
#3 DONE 0.2s

#4 [internal] load .dockerignore
#4 transferring context:
#4 transferring context: 2B done
#4 DONE 0.2s

#5 [build 1/5] FROM docker.io/library/rust@sha256:0e2bcaef56d041a486784e54104a81aebe0da44bd03019bd70bc0401e42e4a97
#5 resolve docker.io/library/rust@sha256:0e2bcaef56d041a486784e54104a81aebe0da44bd03019bd70bc0401e42e4a97 0.0s done
#5 DONE 0.0s

#6 [build 2/5] WORKDIR /source
#6 CACHED

#7 [internal] load build context
#7 ...

#8 [stage-1 1/2] FROM docker.io/library/alpine@sha256:294b683cb724975bec92580e1e685676bd4b50bda910ddb8c51d4cabeaec77e6
#8 resolve docker.io/library/alpine@sha256:294b683cb724975bec92580e1e685676bd4b50bda910ddb8c51d4cabeaec77e6 0.2s done
#8 DONE 0.2s

#7 [internal] load build context
#7 transferring context: 2.47MB 0.1s done
#7 DONE 0.3s

#9 [build 3/4] COPY . .
#9 DONE 1.0s

#10 [build 4/4] RUN rustup target add aarch64-unknown-linux-musl  && cargo clippy -p rubix-kube --lib --test host_preparation --test host_network --example prepare_node_host --target aarch64-unknown-linux-musl --locked -- -D warnings  && cargo test -p rubix-kube --lib --test host_preparation --test host_network --target aarch64-unknown-linux-musl --locked --release --no-run  && printf 'POLICY_TESTS_BEGIN\n'  && cargo test -p rubix-kube --example prepare_node_host --target aarch64-unknown-linux-musl --locked --release  && printf 'POLICY_TESTS_END\n'  && cargo build -p rubix-kube --example prepare_node_host --target aarch64-unknown-linux-musl --locked --release  && mkdir /out  && cp target/aarch64-unknown-linux-musl/release/examples/prepare_node_host /out/prepare_node_host  && for name in rubix_kube host_preparation host_network; do count=0; for executable in target/aarch64-unknown-linux-musl/release/deps/$name-*; do if [ -f "$executable" ] && [ -x "$executable" ]; then if "$executable" --list 2>/dev/null | grep -q ': test$'; then cp "$executable" /out/$name; count=$((count+1)); fi; fi; done; test "$count" = 1; done  && printf 'RUBIX_BUILD_BIND_BEGIN %s\n' "3f8d243f513740d68d4b705e17478c24"  && sha256sum /out/prepare_node_host /out/rubix_kube /out/host_preparation /out/host_network  && printf 'RUBIX_BUILD_BIND_END %s\n' "3f8d243f513740d68d4b705e17478c24"
#10 0.850 info: syncing channel updates for 1.97.1-aarch64-unknown-linux-gnu
#10 2.172 info: latest update on 2026-07-16 for version 1.97.1 (8bab26f4f 2026-07-14)
#10 2.179 info: downloading 3 components
#10 8.755 info: downloading component rust-std
#10 15.21     Updating crates.io index
#10 31.83  Downloading crates ...
#10 32.38   Downloaded errno v0.3.14
#10 32.48   Downloaded tokio-macros v2.7.1
#10 32.50   Downloaded quote v1.0.47
#10 32.52   Downloaded itoa v1.0.18
#10 32.52   Downloaded arraydeque v0.5.1
#10 32.53   Downloaded signal-hook-registry v1.4.8
#10 32.54   Downloaded zmij v1.0.23
#10 32.59   Downloaded thiserror-impl v2.0.18
#10 32.60   Downloaded thiserror v2.0.18
#10 32.61   Downloaded pin-project-lite v0.2.17
#10 32.62   Downloaded unicode-ident v1.0.26
#10 32.64   Downloaded serde_core v1.0.228
#10 32.70   Downloaded proc-macro2 v1.0.107
#10 32.71   Downloaded serde_derive v1.0.228
#10 32.72   Downloaded bitflags v2.13.2
#10 32.73   Downloaded serde v1.0.228
#10 32.73   Downloaded memchr v2.8.3
#10 32.75   Downloaded mio v1.2.3
#10 32.77   Downloaded serde_json v1.0.151
#10 32.79   Downloaded regex v1.13.1
#10 32.83   Downloaded aho-corasick v1.1.5
#10 32.88   Downloaded syn v2.0.119
#10 32.91   Downloaded regex-syntax v0.8.11
#10 32.93   Downloaded rustix v1.1.5
#10 32.99   Downloaded regex-automata v0.4.18
#10 33.02   Downloaded libc v0.2.189
#10 33.10   Downloaded tokio v1.53.1
#10 33.15   Downloaded linux-raw-sys v0.12.1
#10 33.26    Compiling proc-macro2 v1.0.107
#10 33.27    Compiling quote v1.0.47
#10 33.27    Compiling unicode-ident v1.0.26
#10 33.27    Compiling libc v0.2.189
#10 33.27     Checking memchr v2.8.3
#10 33.27    Compiling serde_core v1.0.228
#10 33.27    Compiling rustix v1.1.5
#10 33.27    Compiling thiserror v2.0.18
#10 33.27    Compiling zmij v1.0.23
#10 33.27     Checking regex-syntax v0.8.11
#10 33.27     Checking bitflags v2.13.2
#10 33.28    Compiling serde v1.0.228
#10 33.28     Checking linux-raw-sys v0.12.1
#10 33.28    Compiling serde_json v1.0.151
#10 33.28     Checking pin-project-lite v0.2.17
#10 33.28     Checking itoa v1.0.18
#10 33.39     Checking arraydeque v0.5.1
#10 33.73     Checking aho-corasick v1.1.5
#10 34.72     Checking errno v0.3.14
#10 34.72     Checking mio v1.2.3
#10 34.79     Checking signal-hook-registry v1.4.8
#10 35.00    Compiling syn v2.0.119
#10 35.02     Checking regex-automata v0.4.18
#10 36.14     Checking rubix-platform v0.1.0 (/source/crates/rubix-platform)
#10 36.17     Checking regex v1.13.1
#10 38.33    Compiling thiserror-impl v2.0.18
#10 38.33    Compiling serde_derive v1.0.228
#10 38.33    Compiling tokio-macros v2.7.1
#10 39.46     Checking tokio v1.53.1
#10 40.29     Checking saphyr-parser v0.0.11 (/source/third_party/saphyr-parser)
#10 40.76     Checking rubix-supervisor v0.1.0 (/source/crates/rubix-supervisor)
#10 41.08     Checking rubix-config v0.1.0 (/source/crates/rubix-config)
#10 41.48     Checking rubix-kube v0.1.0 (/source/crates/rubix-kube)
#10 42.09     Finished `dev` profile [unoptimized + debuginfo] target(s) in 26.91s
#10 42.34    Compiling proc-macro2 v1.0.107
#10 42.34    Compiling quote v1.0.47
#10 42.34    Compiling unicode-ident v1.0.26
#10 42.34    Compiling libc v0.2.189
#10 42.34    Compiling serde_core v1.0.228
#10 42.34    Compiling zmij v1.0.23
#10 42.34    Compiling rustix v1.1.5
#10 42.34    Compiling thiserror v2.0.18
#10 42.35    Compiling serde v1.0.228
#10 42.35    Compiling serde_json v1.0.151
#10 42.35    Compiling memchr v2.8.3
#10 42.35    Compiling linux-raw-sys v0.12.1
#10 42.35    Compiling bitflags v2.13.2
#10 42.37    Compiling regex-syntax v0.8.11
#10 42.73    Compiling pin-project-lite v0.2.17
#10 42.79    Compiling aho-corasick v1.1.5
#10 42.80    Compiling itoa v1.0.18
#10 42.81    Compiling arraydeque v0.5.1
#10 43.40    Compiling errno v0.3.14
#10 43.40    Compiling mio v1.2.3
#10 43.48    Compiling signal-hook-registry v1.4.8
#10 43.55    Compiling syn v2.0.119
#10 43.74    Compiling regex-automata v0.4.18
#10 44.99    Compiling thiserror-impl v2.0.18
#10 44.99    Compiling serde_derive v1.0.228
#10 44.99    Compiling tokio-macros v2.7.1
#10 45.03    Compiling regex v1.13.1
#10 45.28    Compiling rubix-platform v0.1.0 (/source/crates/rubix-platform)
#10 45.51    Compiling tokio v1.53.1
#10 45.74    Compiling saphyr-parser v0.0.11 (/source/third_party/saphyr-parser)
#10 46.53    Compiling rubix-supervisor v0.1.0 (/source/crates/rubix-supervisor)
#10 46.58    Compiling rubix-config v0.1.0 (/source/crates/rubix-config)
#10 47.18    Compiling rubix-kube v0.1.0 (/source/crates/rubix-kube)
#10 55.93     Finished `release` profile [optimized + debuginfo] target(s) in 13.73s
#10 55.94   Executable unittests src/lib.rs (target/aarch64-unknown-linux-musl/release/deps/rubix_kube-586ce53ef5a00528)
#10 55.94   Executable tests/host_network.rs (target/aarch64-unknown-linux-musl/release/deps/host_network-e5577a9d22cc7c77)
#10 55.94   Executable tests/host_preparation.rs (target/aarch64-unknown-linux-musl/release/deps/host_preparation-22fc93ae6778e2f8)
#10 55.94 POLICY_TESTS_BEGIN
#10 56.02    Compiling rubix-kube v0.1.0 (/source/crates/rubix-kube)
#10 58.19     Finished `release` profile [optimized + debuginfo] target(s) in 2.23s
#10 58.20      Running unittests examples/prepare_node_host.rs (target/aarch64-unknown-linux-musl/release/examples/prepare_node_host-7e651857a9b8934a)
#10 58.20 
#10 58.20 running 2 tests
#10 58.20 test tests::cancelled_result_publishes_once_and_is_terminal ... ok
#10 58.20 test tests::uncertain_cleanup_is_quiet_terminal_even_when_observer_is_settled ... ok
#10 58.20 
#10 58.20 test result: ok. 2 passed; 0 failed; 0 ignored; 0 measured; 0 filtered out; finished in 0.00s
#10 58.20 
#10 58.20 POLICY_TESTS_END
#10 58.25    Compiling rubix-kube v0.1.0 (/source/crates/rubix-kube)
#10 61.77     Finished `release` profile [optimized + debuginfo] target(s) in 3.55s
#10 61.81 RUBIX_BUILD_BIND_BEGIN 3f8d243f513740d68d4b705e17478c24
#10 61.84 9f23c47bb4a87b12380c1886c55142efef641fe7debb7a2b7a5f134c9d09459c  /out/prepare_node_host
#10 61.86 06e8bc7b0a10267aa1e245c1bad8d6ed94cac9446eb83e56d2920c396e40c379  /out/rubix_kube
#10 61.89 98bebb17eb7ee6bb111003e8aecab5891b8e08b8fa392ded3fe96f820e190e6e  /out/host_preparation
#10 61.92 65e299036fd6820d62ec651078c1703fd978d44a8db60f8f1a8233f2ea269a03  /out/host_network
#10 61.92 RUBIX_BUILD_BIND_END 3f8d243f513740d68d4b705e17478c24
#10 DONE 62.0s

#11 [stage-1 2/2] COPY --from=build /out/ /out/
#11 CACHED

#12 exporting to image
#12 exporting layers done
#12 exporting manifest sha256:b88c9704f616346aa1ce3ac532ba9136d63f83cc9cb2253ccbdcb3a045d53cbf done
#12 exporting config sha256:ab95974ade51bb12b57cf7b32f092c4031874d0919a8ce8d286c1d3ab812e237 done
#12 exporting attestation manifest sha256:b3db04045b297cfc72a27d19c911e3f62486f8642d86af643fbbd8d73dfd8771 0.0s done
#12 exporting manifest list sha256:f0b40dcde34ce711368598c227e589de03b6a24737d0d7559aaae4f67076c450 0.0s done
#12 naming to docker.io/library/rubix-node-container-33dd9879715648f5971c4d295338c4c2:latest
#12 naming to docker.io/library/rubix-node-container-33dd9879715648f5971c4d295338c4c2:latest done
#12 unpacking to docker.io/library/rubix-node-container-33dd9879715648f5971c4d295338c4c2:latest
#12 unpacking to docker.io/library/rubix-node-container-33dd9879715648f5971c4d295338c4c2:latest 0.2s done
#12 DONE 0.3s

View build details: docker-desktop://dashboard/build/desktop-linux/desktop-linux/4th0kx53upg6e8o9155ktdhf4
