#0 building with "desktop-linux" instance using docker driver

#1 [internal] load build definition from Dockerfile
#1 transferring dockerfile: 1.20kB done
#1 DONE 0.0s

#2 [internal] load metadata for docker.io/library/golang:1.26.5-bookworm@sha256:53eeac89074db483fdf0ab3be1df32bf6e47562263d2d0d6baa7f26acb4957dd
#2 DONE 0.0s

#3 [internal] load .dockerignore
#3 transferring context: 2B done
#3 DONE 0.0s

#4 [internal] load build context
#4 DONE 0.0s

#5 [build 1/8] FROM docker.io/library/golang:1.26.5-bookworm@sha256:53eeac89074db483fdf0ab3be1df32bf6e47562263d2d0d6baa7f26acb4957dd
#5 resolve docker.io/library/golang:1.26.5-bookworm@sha256:53eeac89074db483fdf0ab3be1df32bf6e47562263d2d0d6baa7f26acb4957dd 0.0s done
#5 DONE 0.0s

#4 [internal] load build context
#4 transferring context: 103.05MB 0.8s done
#4 DONE 0.8s

#6 [build 2/8] COPY go.tar.gz /tmp/go.tar.gz
#6 CACHED

#7 [build 3/8] RUN echo '211ffced9dcb9633a55eac6364816ec0ddd951389a740e88fa8b3337971bdda0  /tmp/go.tar.gz' | sha256sum -c - && mkdir /toolchain && tar -xzf /tmp/go.tar.gz -C /toolchain
#7 CACHED

#8 [build 4/8] COPY source.tar.gz /tmp/source.tar.gz
#8 CACHED

#9 [build 5/8] RUN echo "933b3b2dff0013ca42e33f984c026ce8a83ca8c2fd5f5c055177bcc0196a1592  /tmp/source.tar.gz" | sha256sum -c - && mkdir /src && tar -xzf /tmp/source.tar.gz -C /src --strip-components=1
#9 CACHED

#10 [build 6/8] WORKDIR /src
#10 CACHED

#11 [build 7/8] COPY main.go apiserver.go /src/cmd/rubix-defaults/
#11 DONE 0.2s

#12 [build 8/8] RUN go version && mkdir /out && go build -mod=vendor -p 2 -trimpath -o /out/extract ./cmd/rubix-defaults && go build -tags rubix_apiserver -mod=vendor -p 2 -trimpath -o /out/extract-apiserver ./cmd/rubix-defaults && sha256sum go.mod go.sum go.work vendor/modules.txt > /out/modules.sha256 && find staging -type f ( -name go.mod -o -name go.sum ) -print | sort | xargs sha256sum >> /out/modules.sha256
#12 0.076 go version go1.26.8 linux/arm64
#12 DONE 80.4s

#13 [stage-1 1/1] COPY --from=build /out/ /out/
#13 DONE 0.1s

#14 exporting to image
#14 exporting layers
#14 exporting layers 2.9s done
#14 exporting manifest sha256:9f8b14fad7df35419728cc783bd7743c7cddae84e09951e14dcc5396ffd4447f done
#14 exporting config sha256:d4a96f14880b806d0a8aeec855237b24d0d95133d7c35092743c75a6b60ff499 done
#14 exporting attestation manifest sha256:ce88095aa02272645278c0a7f1fb74be75dbee860a0a5d01ac08c3c8d30745f8 done
#14 exporting manifest list sha256:36f34ac2d49226b8d43fb906bb57d05311ef0ad2e95c58e93dcb5f8fcdf9756b done
#14 naming to docker.io/library/rubix-official-defaults-ircoue:latest done
#14 unpacking to docker.io/library/rubix-official-defaults-ircoue:latest
#14 unpacking to docker.io/library/rubix-official-defaults-ircoue:latest 0.4s done
#14 DONE 3.3s

View build details: docker-desktop://dashboard/build/desktop-linux/desktop-linux/8k9cch8o6eer9ks3i6o9zlz3u
