#0 building with "desktop-linux" instance using docker driver

#1 [internal] load build definition from Dockerfile
#1 transferring dockerfile: 293B done
#1 DONE 0.0s

#2 [internal] load metadata for docker.io/library/rust@sha256:0e2bcaef56d041a486784e54104a81aebe0da44bd03019bd70bc0401e42e4a97
#2 DONE 0.0s

#3 [internal] load .dockerignore
#3 transferring context: 2B done
#3 DONE 0.0s

#4 [1/4] FROM docker.io/library/rust@sha256:0e2bcaef56d041a486784e54104a81aebe0da44bd03019bd70bc0401e42e4a97
#4 resolve docker.io/library/rust@sha256:0e2bcaef56d041a486784e54104a81aebe0da44bd03019bd70bc0401e42e4a97 done
#4 DONE 0.0s

#5 [internal] load build context
#5 transferring context: 358.50kB done
#5 DONE 0.0s

#6 [2/4] WORKDIR /source
#6 CACHED

#7 [3/4] ADD source.tar /source/
#7 CACHED

#8 [4/4] RUN rustc --version && cargo build --release --locked --offline -p rubix-kube
#8 0.053 rustc 1.97.1 (8bab26f4f 2026-07-14)
#8 0.095    Compiling rubix-kube v0.1.0 (/source/crates/rubix-kube)
#8 1.487     Finished `release` profile [optimized + debuginfo] target(s) in 1.42s
#8 DONE 1.5s

#9 exporting to image
#9 exporting layers 0.1s done
#9 exporting manifest sha256:627a9c5beb06ae69769ce006f61f1a9dbb8efbd8763eb509d710c39eee6a6a1a done
#9 exporting config sha256:73bc23f737803fd6e48e05a98aa49434dc6c456276ce789ad1a97dd36ae0c2e2 done
#9 exporting attestation manifest sha256:525f44c1ff858ea791dcb3994530ab2c7e2f816270b64a95433c5eff8ece71d6 done
#9 exporting manifest list sha256:3ced37b9a5e24b94ea84d8d2b5f00fa833e507d3296c7b6fecdecb0370832830 done
#9 naming to docker.io/library/rubix-parity-rust:5576bbdc7fcd4c06a6cbd7745b0a50b6 done
#9 unpacking to docker.io/library/rubix-parity-rust:5576bbdc7fcd4c06a6cbd7745b0a50b6 0.0s done
#9 DONE 0.1s

View build details: docker-desktop://dashboard/build/desktop-linux/desktop-linux/xm2lagysxwu2ag7euju2wkr5i
