#0 building with "desktop-linux" instance using docker driver

#1 [internal] load build definition from Upstream.Dockerfile
#1 transferring dockerfile: 836B done
#1 DONE 0.0s

#2 [internal] load metadata for docker.io/library/golang:1.26.5-bookworm@sha256:53eeac89074db483fdf0ab3be1df32bf6e47562263d2d0d6baa7f26acb4957dd
#2 DONE 2.5s

#3 [internal] load .dockerignore
#3 transferring context: 63B done
#3 DONE 0.0s

#4 [build 1/5] FROM docker.io/library/golang:1.26.5-bookworm@sha256:53eeac89074db483fdf0ab3be1df32bf6e47562263d2d0d6baa7f26acb4957dd
#4 resolve docker.io/library/golang:1.26.5-bookworm@sha256:53eeac89074db483fdf0ab3be1df32bf6e47562263d2d0d6baa7f26acb4957dd done
#4 sha256:f50ba1bbcfccb55a76eed64eb3d24c659763b672f8d5f275bd5a5b92dd712964 0B / 127B 0.2s
#4 sha256:f50ba1bbcfccb55a76eed64eb3d24c659763b672f8d5f275bd5a5b92dd712964 127B / 127B 0.3s done
#4 sha256:9e4d5c89bdd324edeb5721c09064e2659473bba39ae9d84fae53c9cc0181cf15 0B / 64.18MB 0.2s
#4 sha256:d071c6ebc0a6335c2a321b87f88d1db8df9f2ece9acd8aa3303d5de5e6299b87 0B / 86.63MB 0.2s
#4 sha256:9e4d5c89bdd324edeb5721c09064e2659473bba39ae9d84fae53c9cc0181cf15 4.19MB / 64.18MB 2.1s
#4 sha256:d071c6ebc0a6335c2a321b87f88d1db8df9f2ece9acd8aa3303d5de5e6299b87 5.24MB / 86.63MB 2.1s
#4 sha256:d071c6ebc0a6335c2a321b87f88d1db8df9f2ece9acd8aa3303d5de5e6299b87 10.49MB / 86.63MB 2.6s
#4 sha256:9e4d5c89bdd324edeb5721c09064e2659473bba39ae9d84fae53c9cc0181cf15 10.49MB / 64.18MB 3.2s
#4 sha256:d071c6ebc0a6335c2a321b87f88d1db8df9f2ece9acd8aa3303d5de5e6299b87 15.73MB / 86.63MB 3.3s
#4 sha256:9e4d5c89bdd324edeb5721c09064e2659473bba39ae9d84fae53c9cc0181cf15 15.73MB / 64.18MB 3.9s
#4 sha256:d071c6ebc0a6335c2a321b87f88d1db8df9f2ece9acd8aa3303d5de5e6299b87 20.97MB / 86.63MB 3.9s
#4 sha256:9e4d5c89bdd324edeb5721c09064e2659473bba39ae9d84fae53c9cc0181cf15 19.92MB / 64.18MB 4.7s
#4 sha256:d071c6ebc0a6335c2a321b87f88d1db8df9f2ece9acd8aa3303d5de5e6299b87 27.26MB / 86.63MB 4.8s
#4 sha256:9e4d5c89bdd324edeb5721c09064e2659473bba39ae9d84fae53c9cc0181cf15 24.12MB / 64.18MB 5.3s
#4 sha256:d071c6ebc0a6335c2a321b87f88d1db8df9f2ece9acd8aa3303d5de5e6299b87 32.51MB / 86.63MB 5.4s
#4 sha256:9e4d5c89bdd324edeb5721c09064e2659473bba39ae9d84fae53c9cc0181cf15 30.41MB / 64.18MB 6.3s
#4 sha256:d071c6ebc0a6335c2a321b87f88d1db8df9f2ece9acd8aa3303d5de5e6299b87 38.80MB / 86.63MB 6.6s
#4 sha256:9e4d5c89bdd324edeb5721c09064e2659473bba39ae9d84fae53c9cc0181cf15 36.70MB / 64.18MB 7.4s
#4 sha256:d071c6ebc0a6335c2a321b87f88d1db8df9f2ece9acd8aa3303d5de5e6299b87 46.14MB / 86.63MB 7.4s
#4 sha256:d071c6ebc0a6335c2a321b87f88d1db8df9f2ece9acd8aa3303d5de5e6299b87 51.38MB / 86.63MB 8.1s
#4 sha256:9e4d5c89bdd324edeb5721c09064e2659473bba39ae9d84fae53c9cc0181cf15 44.04MB / 64.18MB 8.6s
#4 sha256:d071c6ebc0a6335c2a321b87f88d1db8df9f2ece9acd8aa3303d5de5e6299b87 56.62MB / 86.63MB 8.7s
#4 sha256:9e4d5c89bdd324edeb5721c09064e2659473bba39ae9d84fae53c9cc0181cf15 48.23MB / 64.18MB 9.5s
#4 sha256:d071c6ebc0a6335c2a321b87f88d1db8df9f2ece9acd8aa3303d5de5e6299b87 61.87MB / 86.63MB 9.3s
#4 sha256:9e4d5c89bdd324edeb5721c09064e2659473bba39ae9d84fae53c9cc0181cf15 52.43MB / 64.18MB 9.9s
#4 sha256:d071c6ebc0a6335c2a321b87f88d1db8df9f2ece9acd8aa3303d5de5e6299b87 67.11MB / 86.63MB 9.9s
#4 sha256:9e4d5c89bdd324edeb5721c09064e2659473bba39ae9d84fae53c9cc0181cf15 57.67MB / 64.18MB 10.8s
#4 sha256:d071c6ebc0a6335c2a321b87f88d1db8df9f2ece9acd8aa3303d5de5e6299b87 75.50MB / 86.63MB 11.0s
#4 sha256:d071c6ebc0a6335c2a321b87f88d1db8df9f2ece9acd8aa3303d5de5e6299b87 81.79MB / 86.63MB 11.6s
#4 sha256:9e4d5c89bdd324edeb5721c09064e2659473bba39ae9d84fae53c9cc0181cf15 62.91MB / 64.18MB 11.9s
#4 sha256:9e4d5c89bdd324edeb5721c09064e2659473bba39ae9d84fae53c9cc0181cf15 64.18MB / 64.18MB 11.9s done
#4 sha256:d071c6ebc0a6335c2a321b87f88d1db8df9f2ece9acd8aa3303d5de5e6299b87 86.63MB / 86.63MB 12.5s done
#4 extracting sha256:d071c6ebc0a6335c2a321b87f88d1db8df9f2ece9acd8aa3303d5de5e6299b87
#4 extracting sha256:d071c6ebc0a6335c2a321b87f88d1db8df9f2ece9acd8aa3303d5de5e6299b87 0.9s done
#4 DONE 13.5s

#4 [build 1/5] FROM docker.io/library/golang:1.26.5-bookworm@sha256:53eeac89074db483fdf0ab3be1df32bf6e47562263d2d0d6baa7f26acb4957dd
#4 extracting sha256:9e4d5c89bdd324edeb5721c09064e2659473bba39ae9d84fae53c9cc0181cf15
#4 extracting sha256:9e4d5c89bdd324edeb5721c09064e2659473bba39ae9d84fae53c9cc0181cf15 1.7s done
#4 DONE 15.2s

#4 [build 1/5] FROM docker.io/library/golang:1.26.5-bookworm@sha256:53eeac89074db483fdf0ab3be1df32bf6e47562263d2d0d6baa7f26acb4957dd
#4 extracting sha256:f50ba1bbcfccb55a76eed64eb3d24c659763b672f8d5f275bd5a5b92dd712964 0.0s done
#4 extracting sha256:4f4fb700ef54461cfa02571ae0db9a0dc1e0cdb5577484a6d75e68dc38e8acc1 done
#4 DONE 15.2s

#5 [build 2/5] WORKDIR /src
#5 DONE 0.5s

#6 [build 3/5] RUN curl --fail --location --retry 3 --output /tmp/source.tar.gz https://codeload.github.com/portainer/kubesolo/tar.gz/2ef1c4787989f11f868f81bb84ae2afd4a49a81d     && echo '9d5f3ce1f3fbda971fb1e2fb6da18ae3880caeec677f0e5d928a3bbe7bb76aec  /tmp/source.tar.gz' | sha256sum --check     && tar --extract --gzip --file /tmp/source.tar.gz --strip-components=1
#6 0.119   % Total    % Received % Xferd  Average Speed   Time    Time     Time  Current
#6 0.119                                  Dload  Upload   Total   Spent    Left  Speed
#6 0.119   0     0    0     0    0     0      0      0 --:--:-- --:--:-- --:--:--     0  0     0    0     0    0     0      0      0 --:--:-- --:--:-- --:--:--     0100  308k    0  308k    0     0   273k      0 --:--:--  0:00:01 --:--:--  273k100  874k    0  874k    0     0   634k      0 --:--:--  0:00:01 --:--:--  634k
#6 1.504 /tmp/source.tar.gz: OK
#6 DONE 1.6s

#7 [build 4/5] RUN go build -p 2 -tags external_deps -trimpath -ldflags '-X main.Version=2ef1c4787989f11f868f81bb84ae2afd4a49a81d' -o /out/kubesolo ./cmd/kubesolo
#7 0.165 go: downloading github.com/alecthomas/kingpin/v2 v2.4.0
#7 0.166 go: downloading github.com/k3s-io/kubernetes/staging/src/k8s.io/component-base v1.35.7-k3s1
#7 0.166 go: downloading sigs.k8s.io/yaml v1.6.0
#7 0.167 go: downloading github.com/prometheus/client_golang v1.23.2
#7 0.167 go: downloading github.com/rs/zerolog v1.33.0
#7 0.168 go: downloading github.com/k3s-io/kubernetes/staging/src/k8s.io/apimachinery v1.35.7-k3s1
#7 0.169 go: downloading github.com/k3s-io/kubernetes/staging/src/k8s.io/client-go v1.35.7-k3s1
#7 0.178 go: downloading github.com/k3s-io/kubernetes/staging/src/k8s.io/api v1.35.7-k3s1
#7 0.196 go: downloading github.com/k3s-io/kine v0.16.3
#7 1.779 go: downloading github.com/mattn/go-sqlite3 v1.14.47
#7 1.780 go: downloading github.com/klauspost/compress v1.18.6
#7 1.786 go: downloading github.com/distribution/reference v0.6.0
#7 2.151 go: downloading github.com/k3s-io/kubernetes v1.35.7-k3s1
#7 2.151 go: downloading github.com/spf13/cobra v1.10.2
#7 2.153 go: downloading gopkg.in/evanphx/json-patch.v4 v4.13.0
#7 2.158 go: downloading gopkg.in/yaml.v2 v2.4.0
#7 3.343 go: downloading github.com/k3s-io/kubernetes/staging/src/k8s.io/apiserver v1.35.7-k3s1
#7 3.479 go: downloading go.yaml.in/yaml/v2 v2.4.4
#7 3.479 go: downloading github.com/alecthomas/units v0.0.0-20240927000941-0f3dac36c52b
#7 3.479 go: downloading github.com/xhit/go-str2duration/v2 v2.1.0
#7 3.479 go: downloading github.com/mattn/go-colorable v0.1.13
#7 3.480 go: downloading github.com/pkg/errors v0.9.1
#7 3.480 go: downloading github.com/beorn7/perks v1.0.1
#7 3.481 go: downloading github.com/prometheus/client_model v0.6.2
#7 3.481 go: downloading github.com/cespare/xxhash/v2 v2.3.0
#7 3.481 go: downloading github.com/prometheus/common v0.67.5
#7 4.825 go: downloading google.golang.org/protobuf v1.36.12-0.20260120151049-f2248ac996af
#7 4.825 go: downloading github.com/prometheus/procfs v0.20.1
#7 4.827 go: downloading k8s.io/utils v0.0.0-20251002143259-bc988d571ff4
#7 4.827 go: downloading github.com/Rican7/retry v0.3.1
#7 4.828 go: downloading github.com/sirupsen/logrus v1.9.4
#7 4.828 go: downloading github.com/golang/protobuf v1.5.4
#7 4.828 go: downloading go.etcd.io/etcd/api/v3 v3.6.12
#7 4.828 go: downloading go.etcd.io/etcd/server/v3 v3.6.12
#7 4.863 go: downloading google.golang.org/grpc v1.83.2
#7 6.692 go: downloading github.com/go-logr/logr v1.4.4
#7 6.692 go: downloading github.com/spf13/pflag v1.0.10
#7 6.693 go: downloading k8s.io/klog/v2 v2.130.1
#7 6.693 go: downloading github.com/opencontainers/go-digest v1.0.0
#7 6.694 go: downloading sigs.k8s.io/randfill v1.0.0
#7 6.695 go: downloading gopkg.in/inf.v0 v0.9.1
#7 7.252 go: downloading github.com/k3s-io/kubernetes/staging/src/k8s.io/cri-api v1.35.7-k3s1
#7 7.252 go: downloading github.com/k3s-io/kubernetes/staging/src/k8s.io/cri-client v1.35.7-k3s1
#7 7.259 go: downloading golang.org/x/term v0.45.0
#7 7.336 go: downloading github.com/munnerz/goautoneg v0.0.0-20191010083416-a7dc8b61c822
#7 7.512 go: downloading github.com/mattn/go-isatty v0.0.20
#7 7.514 go: downloading go.etcd.io/etcd/client/v3 v3.6.12
#7 7.515 go: downloading github.com/tidwall/btree v1.8.1
#7 7.515 go: downloading github.com/go-sql-driver/mysql v1.10.0
#7 7.555 go: downloading github.com/nats-io/jsm.go v0.4.1
#7 8.084 go: downloading github.com/nats-io/nats.go v1.52.0
#7 8.316 go: downloading github.com/shengdoushi/base58 v1.0.0
#7 8.316 go: downloading github.com/jackc/pgerrcode v0.0.0-20240316143900-6e2875d9b438
#7 8.316 go: downloading github.com/jackc/pgx/v5 v5.10.0
#7 8.475 go: downloading github.com/t4db/t4 v1.0.3
#7 9.484 go: downloading go.etcd.io/etcd/client/pkg/v3 v3.6.12
#7 10.57 go: downloading golang.org/x/sys v0.47.0
#7 10.57 go: downloading github.com/grpc-ecosystem/grpc-gateway/v2 v2.29.0
#7 10.57 go: downloading github.com/soheilhy/cmux v0.1.5
#7 11.11 go: downloading github.com/tmc/grpc-websocket-proxy v0.0.0-20220101234140-673ab2c3ae75
#7 11.11 go: downloading go.etcd.io/bbolt v1.4.3
#7 12.80 go: downloading go.etcd.io/etcd/pkg/v3 v3.6.12
#7 12.80 go: downloading github.com/pmezard/go-difflib v1.0.1-0.20181226105442-5d4384ee4fb2
#7 15.65 go: downloading go.opentelemetry.io/contrib/instrumentation/google.golang.org/grpc/otelgrpc v0.60.0
#7 15.65 go: downloading go.opentelemetry.io/otel/exporters/otlp/otlptrace/otlptracegrpc v1.45.0
#7 16.74 go: downloading go.opentelemetry.io/otel/exporters/otlp/otlptrace v1.45.0
#7 16.83 go: downloading go.opentelemetry.io/otel v1.45.0
#7 16.83 go: downloading go.uber.org/zap v1.27.1
#7 16.83 go: downloading go.opentelemetry.io/otel/sdk v1.45.0
#7 18.11 go: downloading golang.org/x/crypto v0.55.0
#7 18.11 go: downloading golang.org/x/net v0.58.0
#7 18.11 go: downloading gopkg.in/natefinch/lumberjack.v2 v2.2.1
#7 18.11 go: downloading github.com/gogo/protobuf v1.3.2
#7 19.12 go: downloading google.golang.org/genproto/googleapis/api v0.0.0-20260803160001-6ac0973c030d
#7 19.90 go: downloading k8s.io/kube-openapi v0.0.0-20250910181357-589584f1c912
#7 19.90 go: downloading sigs.k8s.io/structured-merge-diff/v6 v6.3.0
#7 19.90 go: downloading sigs.k8s.io/json v0.0.0-20250730193827-2d320260d730
#7 19.90 go: downloading github.com/google/gnostic-models v0.7.0
#7 19.90 go: downloading golang.org/x/time v0.15.0
#7 19.96 go: downloading google.golang.org/genproto/googleapis/rpc v0.0.0-20260803160001-6ac0973c030d
#7 19.97 go: downloading go.opentelemetry.io/otel/trace v1.45.0
#7 20.28 go: downloading github.com/coreos/go-semver v0.3.1
#7 20.61 go: downloading filippo.io/edwards25519 v1.2.0
#7 20.61 go: downloading github.com/nats-io/nats-server/v2 v2.14.0
#7 20.65 go: downloading github.com/nats-io/nkeys v0.4.15
#7 20.65 go: downloading github.com/nats-io/nuid v1.0.1
#7 20.65 go: downloading github.com/jackc/pgpassfile v1.0.0
#7 20.80 go: downloading github.com/jackc/pgservicefile v0.0.0-20240606120523-5a60cdf6a761
#7 20.99 go: downloading golang.org/x/text v0.41.0
#7 21.31 go: downloading github.com/coreos/go-systemd/v22 v22.6.0
#7 21.31 go: downloading github.com/gorilla/websocket v1.5.4-0.20250319132907-e064f32e3674
#7 21.31 go: downloading github.com/davecgh/go-spew v1.1.2-0.20180830191138-d8f796af33cc
#7 21.97 go: downloading github.com/dustin/go-humanize v1.0.1
#7 21.97 go: downloading go.etcd.io/raft/v3 v3.6.0
#7 21.97 go: downloading github.com/xiang90/probing v0.0.0-20221125231312-a49e3df8f510
#7 22.19 go: downloading github.com/jonboulle/clockwork v0.5.0
#7 22.84 go: downloading github.com/grpc-ecosystem/go-grpc-middleware/providers/prometheus v1.0.1
#7 22.84 go: downloading go.opentelemetry.io/otel/metric v1.45.0
#7 23.50 go: downloading go.uber.org/multierr v1.11.0
#7 23.50 go: downloading github.com/cockroachdb/pebble v1.1.5
#7 23.50 go: downloading github.com/minio/minio-go/v7 v7.1.0
#7 23.61 go: downloading go.opentelemetry.io/proto/otlp v1.11.0
#7 23.62 go: downloading github.com/fxamacker/cbor/v2 v2.9.0
#7 23.96 go: downloading github.com/google/uuid v1.6.0
#7 24.33 go: downloading golang.org/x/oauth2 v0.36.0
#7 24.90 go: downloading go.opentelemetry.io/contrib/instrumentation/net/http/otelhttp v0.61.0
#7 24.90 go: downloading github.com/expr-lang/expr v1.17.8
#7 24.90 go: downloading gopkg.in/yaml.v3 v3.0.1
#7 25.18 go: downloading go.yaml.in/yaml/v3 v3.0.4
#7 25.18 go: downloading github.com/json-iterator/go v1.1.12
#7 25.26 go: downloading github.com/blang/semver/v4 v4.0.0
#7 25.51 go: downloading github.com/jackc/puddle/v2 v2.2.2
#7 25.95 go: downloading github.com/golang-jwt/jwt/v5 v5.3.0
#7 26.11 go: downloading github.com/google/go-cmp v0.7.0
#7 26.11 go: downloading github.com/google/btree v1.1.3
#7 26.25 go: downloading github.com/cenkalti/backoff/v5 v5.0.3
#7 26.25 go: downloading github.com/go-logr/stdr v1.2.3-0.20220714215716-96bad1d688c5
#7 26.25 go: downloading github.com/grpc-ecosystem/go-grpc-middleware/v2 v2.3.0
#7 26.25 go: downloading go.opentelemetry.io/auto/sdk v1.2.1
#7 26.27 go: downloading github.com/go-openapi/swag v0.23.1
#7 26.35 go: downloading github.com/go-openapi/jsonreference v0.21.0
#7 26.39 go: downloading github.com/klauspost/crc32 v1.3.0
#7 26.43 go: downloading github.com/minio/crc64nvme v1.1.1
#7 26.43 go: downloading github.com/minio/md5-simd v1.1.2
#7 26.55 go: downloading github.com/zeebo/xxh3 v1.1.0
#7 26.81 go: downloading github.com/go-ini/ini v1.67.0
#7 26.81 go: downloading github.com/minio/highwayhash v1.0.4
#7 26.81 go: downloading github.com/nats-io/jwt/v2 v2.8.1
#7 26.81 go: downloading github.com/antithesishq/antithesis-sdk-go v0.7.0
#7 26.88 go: downloading github.com/x448/float16 v0.8.4
#7 27.14 go: downloading github.com/felixge/httpsnoop v1.0.4
#7 27.29 go: downloading github.com/modern-go/concurrent v0.0.0-20180306012644-bacd9c7ef1dd
#7 27.29 go: downloading github.com/modern-go/reflect2 v1.0.3-0.20250322232337-35a7c28c31ee
#7 27.29 go: downloading github.com/cockroachdb/errors v1.11.3
#7 27.30 go: downloading github.com/cockroachdb/fifo v0.0.0-20240606204812-0bbfbd93a7ce
#7 27.32 go: downloading github.com/cockroachdb/redact v1.1.5
#7 27.34 go: downloading github.com/cockroachdb/tokenbucket v0.0.0-20230807174530-cc333fc44b06
#7 27.48 go: downloading golang.org/x/exp v0.0.0-20260410095643-746e56fc9e2f
#7 27.54 go: downloading golang.org/x/sync v0.22.0
#7 27.73 go: downloading github.com/emicklei/go-restful/v3 v3.13.0
#7 28.13 go: downloading github.com/rs/xid v1.6.0
#7 28.13 go: downloading github.com/tinylib/msgp v1.6.1
#7 28.13 go: downloading github.com/go-openapi/jsonpointer v0.21.1
#7 28.13 go: downloading github.com/mailru/easyjson v0.9.0
#7 28.47 go: downloading github.com/klauspost/cpuid/v2 v2.2.11
#7 28.47 go: downloading github.com/DataDog/zstd v1.4.5
#7 28.47 go: downloading github.com/golang/snappy v0.0.4
#7 28.53 go: downloading github.com/cockroachdb/logtags v0.0.0-20230118201751-21c54148d20b
#7 28.53 go: downloading github.com/getsentry/sentry-go v0.27.0
#7 28.53 go: downloading github.com/google/cadvisor v0.53.0
#7 28.53 go: downloading github.com/fsnotify/fsnotify v1.9.0
#7 28.64 go: downloading github.com/k3s-io/kubernetes/staging/src/k8s.io/component-helpers v1.35.7-k3s1
#7 29.02 go: downloading github.com/k3s-io/kubernetes/staging/src/k8s.io/kube-proxy v1.35.7-k3s1
#7 29.34 go: downloading github.com/k3s-io/kubernetes/staging/src/k8s.io/mount-utils v1.35.7-k3s1
#7 29.34 go: downloading github.com/k3s-io/kubernetes/staging/src/k8s.io/apiextensions-apiserver v1.35.7-k3s1
#7 29.94 go: downloading github.com/k3s-io/kubernetes/staging/src/k8s.io/cloud-provider v1.35.7-k3s1
#7 29.94 go: downloading github.com/k3s-io/kubernetes/staging/src/k8s.io/controller-manager v1.35.7-k3s1
#7 30.41 go: downloading github.com/k3s-io/kubernetes/staging/src/k8s.io/csi-translation-lib v1.35.7-k3s1
#7 30.44 go: downloading github.com/k3s-io/kubernetes/staging/src/k8s.io/metrics v1.35.7-k3s1
#7 30.53 go: downloading github.com/kr/pretty v0.3.1
#7 30.60 go: downloading github.com/k3s-io/kubernetes/staging/src/k8s.io/kubelet v1.35.7-k3s1
#7 30.60 go: downloading github.com/k3s-io/kubernetes/staging/src/k8s.io/kube-aggregator v1.35.7-k3s1
#7 30.60 go: downloading github.com/josharian/intern v1.0.0
#7 30.60 go: downloading github.com/philhofer/fwd v1.2.0
#7 30.66 go: downloading github.com/lithammer/dedent v1.1.0
#7 30.67 go: downloading github.com/vishvananda/netlink v1.3.1
#7 30.67 go: downloading github.com/moby/ipvs v1.1.0
#7 30.67 go: downloading sigs.k8s.io/knftables v0.0.21
#7 30.67 go: downloading github.com/google/cel-go v0.29.0
#7 30.89 go: downloading github.com/moby/term v0.5.0
#7 30.97 go: downloading github.com/moby/sys/mountinfo v0.7.2
#7 31.10 go: downloading github.com/k3s-io/kubernetes/staging/src/k8s.io/kube-controller-manager v1.35.7-k3s1
#7 31.11 go: downloading github.com/k3s-io/kubernetes/staging/src/k8s.io/cluster-bootstrap v1.35.7-k3s1
#7 31.11 go: downloading github.com/robfig/cron/v3 v3.0.1
#7 31.11 go: downloading github.com/k3s-io/kubernetes/staging/src/k8s.io/endpointslice v1.35.7-k3s1
#7 31.11 go: downloading github.com/k3s-io/kubernetes/staging/src/k8s.io/dynamic-resource-allocation v1.35.7-k3s1
#7 31.12 go: downloading github.com/k3s-io/kubernetes/staging/src/k8s.io/kube-scheduler v1.35.7-k3s1
#7 31.12 go: downloading github.com/k3s-io/kubernetes/staging/src/k8s.io/kubectl v1.35.7-k3s1
#7 31.23 go: downloading gopkg.in/go-jose/go-jose.v2 v2.6.3
#7 31.26 go: downloading github.com/container-storage-interface/spec v1.9.0
#7 31.72 go: downloading github.com/opencontainers/selinux v1.13.1
#7 32.06 go: downloading github.com/libopenstorage/openstorage v1.0.0
#7 32.34 go: downloading sigs.k8s.io/apiserver-network-proxy/konnectivity-client v0.31.2
#7 32.34 go: downloading github.com/mxk/go-flowrate v0.0.0-20140419014527-cca7078d478f
#7 32.34 go: downloading github.com/cyphar/filepath-securejoin v0.6.0
#7 32.34 go: downloading github.com/moby/sys/userns v0.1.0
#7 32.35 go: downloading github.com/opencontainers/cgroups v0.0.3
#7 32.35 go: downloading github.com/docker/go-units v0.5.0
#7 32.50 go: downloading go.opentelemetry.io/contrib/instrumentation/github.com/emicklei/go-restful/otelrestful v0.44.0
#7 32.50 go: downloading github.com/NYTimes/gziphandler v1.1.1
#7 32.50 go: downloading github.com/vishvananda/netns v0.0.5
#7 32.51 go: downloading github.com/kr/text v0.2.0
#7 32.51 go: downloading github.com/rogpeppe/go-internal v1.14.1
#7 32.55 go: downloading cel.dev/expr v0.25.2
#7 32.67 go: downloading github.com/mistifyio/go-zfs v2.1.2-0.20190413222219-f784269be439+incompatible
#7 32.67 go: downloading github.com/grpc-ecosystem/go-grpc-prometheus v1.2.0
#7 32.68 go: downloading github.com/moby/spdystream v0.5.1
#7 32.68 go: downloading github.com/k3s-io/kubernetes/staging/src/k8s.io/kms v1.35.7-k3s1
#7 32.68 go: downloading github.com/karrick/godirwalk v1.17.0
#7 32.68 go: downloading github.com/containerd/containerd/api v1.10.0
#7 32.86 go: downloading github.com/containerd/errdefs v1.0.0
#7 32.86 go: downloading github.com/containerd/errdefs/pkg v0.3.0
#7 32.86 go: downloading github.com/opencontainers/runtime-spec v1.3.0
#7 32.86 go: downloading github.com/armon/circbuf v0.0.0-20190214190532-5111143e8da2
#7 32.86 go: downloading github.com/mohae/deepcopy v0.0.0-20170929034955-c48cc78d4826
#7 33.01 go: downloading github.com/antlr4-go/antlr/v4 v4.13.1
#7 33.03 go: downloading github.com/godbus/dbus/v5 v5.1.0
#7 33.03 go: downloading github.com/containerd/ttrpc v1.2.7
#7 33.03 go: downloading github.com/euank/go-kmsg-parser v2.0.0+incompatible
#7 33.03 go: downloading github.com/coreos/go-oidc v2.3.0+incompatible
#7 33.03 go: downloading github.com/k3s-io/kubernetes/staging/src/k8s.io/externaljwt v1.35.7-k3s1
#7 33.03 go: downloading github.com/k3s-io/kubernetes/staging/src/k8s.io/pod-security-admission v1.35.7-k3s1
#7 33.10 go: downloading github.com/kylelemons/godebug v1.1.0
#7 33.10 go: downloading github.com/opencontainers/image-spec v1.1.1
#7 33.14 go: downloading golang.org/x/tools v0.48.0
#7 33.14 go: downloading github.com/containerd/typeurl/v2 v2.2.3
#7 33.77 go: downloading github.com/pquerna/cachecontrol v0.1.0
#7 33.77 go: downloading github.com/containerd/log v0.1.0
#7 DONE 134.6s

#8 [build 5/5] RUN go version -m /out/kubesolo > /out/build-info.txt
#8 DONE 0.4s

#9 [stage-1 1/1] COPY --from=build /out/ /artifact/
#9 DONE 0.1s

#10 exporting to image
#10 exporting layers
#10 exporting layers 3.1s done
#10 exporting manifest sha256:44a6dffa44325db6a662b059ac860ab6783b7241dee10304dde274bf35d28b59
#10 exporting manifest sha256:44a6dffa44325db6a662b059ac860ab6783b7241dee10304dde274bf35d28b59 0.0s done
#10 exporting config sha256:90493ee813e94b4b9195317cb63eab5cf48278ad7837628e074ded33e7ab0689 done
#10 exporting attestation manifest sha256:e13c3cef1774291a07f12f4422b46651a07a2e31ee47f36ee902b3b5d0e131df done
#10 exporting manifest list sha256:8fb43fb21e74f43a489d03a875e88e2c2eb9517e0f01f818e897087630d4ff9e done
#10 naming to docker.io/library/rubix-parity-build:a61054bf24844e10b02794295f216e6a done
#10 unpacking to docker.io/library/rubix-parity-build:a61054bf24844e10b02794295f216e6a
#10 unpacking to docker.io/library/rubix-parity-build:a61054bf24844e10b02794295f216e6a 0.5s done
#10 DONE 3.6s

View build details: docker-desktop://dashboard/build/desktop-linux/desktop-linux/cai6k6vnt4xi6eh29tf7zp14l
