#0 building with "desktop-linux" instance using docker driver

#1 [internal] load build definition from Dockerfile
#1 transferring dockerfile: 1.71kB done
#1 DONE 0.0s

#2 [internal] load metadata for docker.io/library/python:3.13.7-slim-bookworm@sha256:adafcc17694d715c905b4c7bebd96907a1fd5cf183395f0ebc4d3428bd22d92d
#2 DONE 0.0s

#3 [internal] load metadata for docker.io/library/rust@sha256:0e2bcaef56d041a486784e54104a81aebe0da44bd03019bd70bc0401e42e4a97
#3 DONE 0.0s

#4 [internal] load .dockerignore
#4 transferring context: 2B done
#4 DONE 0.0s

#5 [build 1/4] FROM docker.io/library/rust@sha256:0e2bcaef56d041a486784e54104a81aebe0da44bd03019bd70bc0401e42e4a97
#5 resolve docker.io/library/rust@sha256:0e2bcaef56d041a486784e54104a81aebe0da44bd03019bd70bc0401e42e4a97 0.0s done
#5 DONE 0.0s

#6 [stage-1 1/4] FROM docker.io/library/python:3.13.7-slim-bookworm@sha256:adafcc17694d715c905b4c7bebd96907a1fd5cf183395f0ebc4d3428bd22d92d
#6 resolve docker.io/library/python:3.13.7-slim-bookworm@sha256:adafcc17694d715c905b4c7bebd96907a1fd5cf183395f0ebc4d3428bd22d92d 0.0s done
#6 DONE 0.0s

#7 [internal] load build context
#7 transferring context: 2.09MB 0.0s done
#7 DONE 0.0s

#8 [build 2/4] WORKDIR /source
#8 CACHED

#9 [build 3/4] COPY . .
#9 DONE 0.0s

#10 [build 4/4] RUN rustup target add aarch64-unknown-linux-musl  && cargo clippy -p rubixctl --all-targets --target aarch64-unknown-linux-musl --locked -- -D warnings  && cargo test -p rubixctl --locked --release --target aarch64-unknown-linux-musl --lib --test check --test preparation --no-run  && mkdir /out && cp target/aarch64-unknown-linux-musl/release/rubixctl /out/rubixctl  && for kind in check preparation; do for binary in target/aarch64-unknown-linux-musl/release/deps/$kind-*; do if [ -f "$binary" ] && [ -x "$binary" ]; then cp "$binary" /out/$kind-tests; fi; done; done  && for binary in target/aarch64-unknown-linux-musl/release/deps/rubixctl-*; do if [ -f "$binary" ] && [ -x "$binary" ] && "$binary" --list 2>/dev/null | grep -q '^preparation::tests::'; then cp "$binary" /out/rubixctl-tests; fi; done  && test -x /out/rubixctl-tests  && rustc --edition=2024 --target aarch64-unknown-linux-musl -O tools/parity/fixtures/prerequisite-preparation/fixture-command.rs -o /out/fixture-command  && sha256sum /out/* > /out/binaries.sha256
#10 0.167 info: syncing channel updates for 1.97.1-aarch64-unknown-linux-gnu
#10 1.974 info: latest update on 2026-07-16 for version 1.97.1 (8bab26f4f 2026-07-14)
#10 1.981 info: downloading 3 components
#10 7.135 info: downloading component rust-std
#10 13.42     Updating crates.io index
#10 15.95  Downloading crates ...
#10 16.44   Downloaded tokio-macros v2.7.1
#10 16.67   Downloaded errno v0.3.14
#10 16.75   Downloaded itoa v1.0.18
#10 16.76   Downloaded signal-hook-registry v1.4.8
#10 16.76   Downloaded zmij v1.0.23
#10 16.77   Downloaded pin-project-lite v0.2.17
#10 16.77   Downloaded quote v1.0.47
#10 16.82   Downloaded unicode-ident v1.0.26
#10 16.89   Downloaded proc-macro2 v1.0.107
#10 16.89   Downloaded serde_core v1.0.228
#10 16.89   Downloaded bitflags v2.13.2
#10 16.92   Downloaded memchr v2.8.3
#10 16.92   Downloaded mio v1.2.3
#10 16.97   Downloaded serde_json v1.0.151
#10 17.06   Downloaded syn v2.0.119
#10 17.07   Downloaded rustix v1.1.5
#10 17.23   Downloaded libc v0.2.189
#10 17.29   Downloaded tokio v1.53.1
#10 17.46   Downloaded linux-raw-sys v0.12.1
#10 17.54    Compiling libc v0.2.189
#10 17.54    Compiling proc-macro2 v1.0.107
#10 17.54    Compiling quote v1.0.47
#10 17.54    Compiling unicode-ident v1.0.26
#10 17.54    Compiling rustix v1.1.5
#10 17.54     Checking bitflags v2.13.2
#10 17.54     Checking linux-raw-sys v0.12.1
#10 17.54     Checking pin-project-lite v0.2.17
#10 17.54    Compiling zmij v1.0.23
#10 17.55    Compiling serde_core v1.0.228
#10 17.55    Compiling serde_json v1.0.151
#10 17.55     Checking memchr v2.8.3
#10 17.55     Checking itoa v1.0.18
#10 18.08    Compiling syn v2.0.119
#10 18.19     Checking errno v0.3.14
#10 18.19     Checking mio v1.2.3
#10 18.24     Checking signal-hook-registry v1.4.8
#10 18.95     Checking rubix-platform v0.1.0 (/source/crates/rubix-platform)
#10 20.45    Compiling tokio-macros v2.7.1
#10 21.26     Checking tokio v1.53.1
#10 21.94     Checking rubix-supervisor v0.1.0 (/source/crates/rubix-supervisor)
#10 22.14     Checking rubixctl v0.1.0 (/source/crates/rubixctl)
#10 22.34     Finished `dev` profile [unoptimized + debuginfo] target(s) in 8.95s
#10 22.46    Compiling libc v0.2.189
#10 22.46    Compiling proc-macro2 v1.0.107
#10 22.46    Compiling quote v1.0.47
#10 22.46    Compiling unicode-ident v1.0.26
#10 22.46    Compiling rustix v1.1.5
#10 22.46    Compiling linux-raw-sys v0.12.1
#10 22.46    Compiling bitflags v2.13.2
#10 22.46    Compiling zmij v1.0.23
#10 22.46    Compiling pin-project-lite v0.2.17
#10 22.46    Compiling serde_core v1.0.228
#10 22.47    Compiling serde_json v1.0.151
#10 22.47    Compiling memchr v2.8.3
#10 22.47    Compiling itoa v1.0.18
#10 22.93    Compiling syn v2.0.119
#10 23.01    Compiling errno v0.3.14
#10 23.01    Compiling mio v1.2.3
#10 23.05    Compiling signal-hook-registry v1.4.8
#10 24.02    Compiling tokio-macros v2.7.1
#10 24.23    Compiling rubix-platform v0.1.0 (/source/crates/rubix-platform)
#10 24.34    Compiling tokio v1.53.1
#10 25.26    Compiling rubix-supervisor v0.1.0 (/source/crates/rubix-supervisor)
#10 25.48    Compiling rubixctl v0.1.0 (/source/crates/rubixctl)
#10 29.26     Finished `release` profile [optimized + debuginfo] target(s) in 6.87s
#10 29.26   Executable unittests src/lib.rs (target/aarch64-unknown-linux-musl/release/deps/rubixctl-362bf11626634cbe)
#10 29.26   Executable tests/check.rs (target/aarch64-unknown-linux-musl/release/deps/check-2e467eb460320e19)
#10 29.26   Executable tests/preparation.rs (target/aarch64-unknown-linux-musl/release/deps/preparation-69396048ac8f7861)
#10 DONE 29.9s

#6 [stage-1 1/4] FROM docker.io/library/python:3.13.7-slim-bookworm@sha256:adafcc17694d715c905b4c7bebd96907a1fd5cf183395f0ebc4d3428bd22d92d
#6 CACHED

#11 [stage-1 2/4] COPY --from=build /out/ /
#11 DONE 0.0s

#12 [stage-1 3/4] COPY --from=build /out/rubixctl /source/target/aarch64-unknown-linux-musl/release/rubixctl
#12 DONE 0.0s

#13 [stage-1 4/4] COPY tools/parity/fixtures/prerequisite-preparation/linux_fixture.py /linux_fixture.py
#13 DONE 0.0s

#14 exporting to image
#14 exporting layers
#14 exporting layers 0.6s done
#14 exporting manifest sha256:4b40d8a172ba2dab7239f346f1d4a344194a5f0acbb0976cb17ae0b53f6f90ae done
#14 exporting config sha256:10cb6f8798f5a5debf23be9fcdbe30f1798490a7aa23c104e71b1e432d28c988 done
#14 exporting attestation manifest sha256:1bc870b1f69aaf73380fe9e4b4d98cac7084023b47d068b28f8a40308abe0db5 done
#14 exporting manifest list sha256:da32e25a38df9983645e100a6661e70d9cd12f8311875ca0c042963f8f3ff857 done
#14 naming to docker.io/library/rubix-preparation-linux-95e7bc7762704d3883674cf687b6ac85:latest done
#14 unpacking to docker.io/library/rubix-preparation-linux-95e7bc7762704d3883674cf687b6ac85:latest 0.1s done
#14 DONE 0.7s

View build details: docker-desktop://dashboard/build/desktop-linux/desktop-linux/mxreg4jsu9mgmrf7qh9nbwk2p
