#0 building with "desktop-linux" instance using docker driver

#1 [internal] load build definition from Capture.Dockerfile
#1 DONE 0.0s

#1 [internal] load build definition from Capture.Dockerfile
#1 transferring dockerfile: 1.00kB done
#1 DONE 0.0s

#2 [internal] load metadata for docker.io/library/golang:1.26.5-bookworm@sha256:53eeac89074db483fdf0ab3be1df32bf6e47562263d2d0d6baa7f26acb4957dd
#2 DONE 0.0s

#3 [internal] load .dockerignore
#3 transferring context: 2B done
#3 DONE 0.0s

#4 [build 1/6] FROM docker.io/library/golang:1.26.5-bookworm@sha256:53eeac89074db483fdf0ab3be1df32bf6e47562263d2d0d6baa7f26acb4957dd
#4 resolve docker.io/library/golang:1.26.5-bookworm@sha256:53eeac89074db483fdf0ab3be1df32bf6e47562263d2d0d6baa7f26acb4957dd done
#4 DONE 0.0s

#5 [build 2/6] WORKDIR /src
#5 CACHED

#6 [build 3/6] RUN curl --fail --location --retry 3 --output /tmp/source.tar.gz https://codeload.github.com/portainer/kubesolo/tar.gz/2ef1c4787989f11f868f81bb84ae2afd4a49a81d     && echo '9d5f3ce1f3fbda971fb1e2fb6da18ae3880caeec677f0e5d928a3bbe7bb76aec  /tmp/source.tar.gz' | sha256sum --check     && tar --extract --gzip --file /tmp/source.tar.gz --strip-components=1
#6 CACHED

#7 [internal] load build context
#7 transferring context: 7.18kB done
#7 DONE 0.0s

#8 [build 4/6] COPY file_capture_test.go /src/internal/config/rubix_capture_test.go
#8 DONE 0.2s

#9 [build 5/6] COPY api_capture_test.go /src/pkg/components/configapi/rubix_capture_test.go
#9 DONE 0.0s

#10 [build 6/6] RUN mkdir /out && go test -c -p 2 -tags external_deps -trimpath -o /out/config.test ./internal/config     && go test -c -p 2 -tags external_deps -trimpath -o /out/configapi.test ./pkg/components/configapi
#10 0.163 go: downloading github.com/distribution/reference v0.6.0
#10 0.164 go: downloading sigs.k8s.io/yaml v1.6.0
#10 0.172 go: downloading github.com/rs/zerolog v1.33.0
#10 0.172 go: downloading k8s.io/utils v0.0.0-20251002143259-bc988d571ff4
#10 0.173 go: downloading github.com/k3s-io/kubernetes/staging/src/k8s.io/apimachinery v1.35.7-k3s1
#10 0.175 go: downloading github.com/alecthomas/kingpin/v2 v2.4.0
#10 1.591 go: downloading go.yaml.in/yaml/v2 v2.4.4
#10 1.591 go: downloading github.com/opencontainers/go-digest v1.0.0
#10 1.592 go: downloading github.com/alecthomas/units v0.0.0-20240927000941-0f3dac36c52b
#10 1.593 go: downloading github.com/xhit/go-str2duration/v2 v2.1.0
#10 1.594 go: downloading github.com/mattn/go-colorable v0.1.13
#10 1.804 go: downloading github.com/mattn/go-isatty v0.0.20
#10 1.833 go: downloading gopkg.in/inf.v0 v0.9.1
#10 1.833 go: downloading sigs.k8s.io/json v0.0.0-20250730193827-2d320260d730
#10 1.833 go: downloading github.com/fxamacker/cbor/v2 v2.9.0
#10 1.997 go: downloading golang.org/x/sys v0.47.0
#10 2.086 go: downloading github.com/x448/float16 v0.8.4
#10 8.590 go: downloading gopkg.in/evanphx/json-patch.v4 v4.13.0
#10 DONE 15.8s

#11 [capture 1/1] WORKDIR /tmp
#11 DONE 0.2s

#12 exporting to image
#12 exporting layers
#12 exporting layers 7.5s done
#12 exporting manifest sha256:c5c3dcf3609f9948a7f0a1bae92635f2fb02dd535bfe8287d945d93d9082414b 0.0s done
#12 exporting config sha256:e16129b71aa3aeaf0f3d801369cc60458cb7b5eba82371645ce295b309178914 0.0s done
#12 exporting attestation manifest sha256:644dde71d4b9a7df1b0f9515a3a3b1ae443ff3c8d3f3e411b82baadfce6108bd
#12 exporting attestation manifest sha256:644dde71d4b9a7df1b0f9515a3a3b1ae443ff3c8d3f3e411b82baadfce6108bd 0.1s done
#12 exporting manifest list sha256:75bf478ae74e6a57e6da48f9013a48b4a6ecd75a8d5a85bd8ca04b9fa7fe7fa3
#12 exporting manifest list sha256:75bf478ae74e6a57e6da48f9013a48b4a6ecd75a8d5a85bd8ca04b9fa7fe7fa3 0.0s done
#12 naming to docker.io/library/rubix-config-api-ythmfh:latest done
#12 unpacking to docker.io/library/rubix-config-api-ythmfh:latest
#12 unpacking to docker.io/library/rubix-config-api-ythmfh:latest 3.0s done
#12 DONE 10.9s

View build details: docker-desktop://dashboard/build/desktop-linux/desktop-linux/fwivv3r351ygvfb614nygcomq
