#0 building with "desktop-linux" instance using docker driver

#1 [internal] load build definition from Dockerfile
#1 transferring dockerfile: 861B done
#1 DONE 0.0s

#2 [internal] load metadata for docker.io/library/rust@sha256:0e2bcaef56d041a486784e54104a81aebe0da44bd03019bd70bc0401e42e4a97
#2 DONE 0.0s

#3 [internal] load .dockerignore
#3 transferring context: 2B done
#3 DONE 0.0s

#4 [1/5] FROM docker.io/library/rust@sha256:0e2bcaef56d041a486784e54104a81aebe0da44bd03019bd70bc0401e42e4a97
#4 resolve docker.io/library/rust@sha256:0e2bcaef56d041a486784e54104a81aebe0da44bd03019bd70bc0401e42e4a97 0.0s done
#4 DONE 0.0s

#5 [internal] load build context
#5 transferring context: 2.03MB 0.0s done
#5 DONE 0.1s

#6 [2/5] WORKDIR /source
#6 CACHED

#7 [3/5] COPY . .
#7 DONE 0.1s

#8 [4/5] RUN cargo clippy -p rubix-platform --all-targets --locked -- -D warnings  && cargo test -p rubix-platform --locked --release --no-run  && mkdir /out  && for binary in target/release/deps/rubix_platform-* target/release/deps/discovery-* target/release/deps/preflight-* target/release/deps/constrained-* target/release/deps/preflight_probe-*; do if [ -f "$binary" ] && [ -x "$binary" ]; then cp "$binary" /out/; fi; done  && sha256sum /out/* > /out/binaries.sha256
#8 0.158 info: syncing channel updates for 1.97.1-aarch64-unknown-linux-gnu
#8 1.534 info: latest update on 2026-07-16 for version 1.97.1 (8bab26f4f 2026-07-14)
#8 1.541 info: downloading 3 components
#8 8.236     Updating crates.io index
#8 40.52  Downloading crates ...
#8 40.88   Downloaded errno v0.3.14
#8 41.09   Downloaded bitflags v2.13.2
#8 41.35   Downloaded rustix v1.1.5
#8 41.50   Downloaded libc v0.2.189
#8 41.77   Downloaded linux-raw-sys v0.12.1
#8 41.83    Compiling rustix v1.1.5
#8 41.83     Checking linux-raw-sys v0.12.1
#8 41.83     Checking bitflags v2.13.2
#8 43.02     Checking rubix-platform v0.1.0 (/source/crates/rubix-platform)
#8 43.25     Finished `dev` profile [unoptimized + debuginfo] target(s) in 35.04s
#8 43.33    Compiling rustix v1.1.5
#8 43.33    Compiling linux-raw-sys v0.12.1
#8 43.33    Compiling bitflags v2.13.2
#8 44.78    Compiling rubix-platform v0.1.0 (/source/crates/rubix-platform)
#8 48.96     Finished `release` profile [optimized + debuginfo] target(s) in 5.67s
#8 48.96   Executable unittests src/lib.rs (target/release/deps/rubix_platform-a0b7fc1077c686ed)
#8 48.96   Executable tests/constrained.rs (target/release/deps/constrained-103eea116147f732)
#8 48.96   Executable tests/discovery.rs (target/release/deps/discovery-36f26188ef46671a)
#8 48.96   Executable tests/preflight.rs (target/release/deps/preflight-17ca696c0614e8c8)
#8 48.96   Executable tests/preflight_probe.rs (target/release/deps/preflight_probe-232dbf13efeef0e5)
#8 DONE 49.3s

#9 [5/5] WORKDIR /tmp
#9 DONE 0.0s

#10 exporting to image
#10 exporting layers
#10 exporting layers 4.9s done
#10 exporting manifest sha256:a99bac3758cbfd58a02dce4d6c86711d4753f7c9d41c6a021aa959bd51dfaf99 done
#10 exporting config sha256:e73812357897568705a2740208d118c5a99d4ad619334f6b7344d1b22d108819 done
#10 exporting attestation manifest sha256:576f62a1187c419093834baf7038b5adcb215fac4dd5d6fbb03a8f38f0ad4b37 done
#10 exporting manifest list sha256:2d35fd0dc4b969a4866556f62a15a630fa414ca30c7e10146c48cb83a183df43 done
#10 naming to docker.io/library/rubix-platform-linux-04002d8c90bc4b82a2f2291e47afb636:latest done
#10 unpacking to docker.io/library/rubix-platform-linux-04002d8c90bc4b82a2f2291e47afb636:latest
#10 unpacking to docker.io/library/rubix-platform-linux-04002d8c90bc4b82a2f2291e47afb636:latest 1.2s done
#10 DONE 6.2s

View build details: docker-desktop://dashboard/build/desktop-linux/desktop-linux/ey3cjg09gj63frz1ftnnsl3ot
