#0 building with "desktop-linux" instance using docker driver

#1 [internal] load build definition from Capture.Dockerfile
#1 DONE 0.0s

#1 [internal] load build definition from Capture.Dockerfile
#1 transferring dockerfile: 1.95kB done
#1 DONE 0.0s

#2 [internal] load metadata for docker.io/library/rust@sha256:0e2bcaef56d041a486784e54104a81aebe0da44bd03019bd70bc0401e42e4a97
#2 DONE 0.0s

#3 [internal] load metadata for docker.io/library/golang:1.26.2-bookworm@sha256:47ce5636e9936b2c5cbf708925578ef386b4f8872aec74a67bd13a627d242b19
#3 DONE 2.6s

#4 [internal] load .dockerignore
#4 transferring context: 2B done
#4 DONE 0.0s

#5 [build 1/7] FROM docker.io/library/rust@sha256:0e2bcaef56d041a486784e54104a81aebe0da44bd03019bd70bc0401e42e4a97
#5 resolve docker.io/library/rust@sha256:0e2bcaef56d041a486784e54104a81aebe0da44bd03019bd70bc0401e42e4a97 done
#5 CACHED

#6 [internal] load build context
#6 transferring context: 3.51MB 0.1s done
#6 DONE 0.1s

#7 [producer 1/6] FROM docker.io/library/golang:1.26.2-bookworm@sha256:47ce5636e9936b2c5cbf708925578ef386b4f8872aec74a67bd13a627d242b19
#7 resolve docker.io/library/golang:1.26.2-bookworm@sha256:47ce5636e9936b2c5cbf708925578ef386b4f8872aec74a67bd13a627d242b19 done
#7 ...

#8 [build 2/7] WORKDIR /source
#8 CACHED

#9 [build 3/7] COPY . .
#9 DONE 0.1s

#7 [producer 1/6] FROM docker.io/library/golang:1.26.2-bookworm@sha256:47ce5636e9936b2c5cbf708925578ef386b4f8872aec74a67bd13a627d242b19
#7 sha256:278e939fa22d68e36607e674b583732c11b2ad41d39ef718034b4badd71b761c 126B / 126B 0.3s done
#7 sha256:05e89efc4b5ec39fa30d639b12ad2c7fd994a11ffa608e77427a882d73768d76 0B / 64.11MB 0.2s
#7 sha256:9bb7af042d1be07a8e311d1e93d7493544a23bcaa1225ea6b5eac98017ef94a6 0B / 86.52MB 0.2s
#7 sha256:599d07e8492bcee46202f5eae3e3010a470acc5139840e6d14556aefa3fc355f 0B / 64.48MB 0.2s
#7 sha256:0bb7bd28fbdfe678a7f45878b7b1c07dbbc0fa7753b0312aa8fd049667a9e137 0B / 23.61MB 0.2s
#7 sha256:05e89efc4b5ec39fa30d639b12ad2c7fd994a11ffa608e77427a882d73768d76 5.24MB / 64.11MB 1.5s
#7 sha256:05e89efc4b5ec39fa30d639b12ad2c7fd994a11ffa608e77427a882d73768d76 9.44MB / 64.11MB 2.1s
#7 sha256:0bb7bd28fbdfe678a7f45878b7b1c07dbbc0fa7753b0312aa8fd049667a9e137 2.10MB / 23.61MB 2.6s
#7 sha256:05e89efc4b5ec39fa30d639b12ad2c7fd994a11ffa608e77427a882d73768d76 15.73MB / 64.11MB 2.9s
#7 sha256:05e89efc4b5ec39fa30d639b12ad2c7fd994a11ffa608e77427a882d73768d76 22.02MB / 64.11MB 3.8s
#7 sha256:599d07e8492bcee46202f5eae3e3010a470acc5139840e6d14556aefa3fc355f 4.19MB / 64.48MB 3.9s
#7 sha256:0bb7bd28fbdfe678a7f45878b7b1c07dbbc0fa7753b0312aa8fd049667a9e137 4.19MB / 23.61MB 3.8s
#7 sha256:05e89efc4b5ec39fa30d639b12ad2c7fd994a11ffa608e77427a882d73768d76 26.21MB / 64.11MB 4.4s
#7 sha256:9bb7af042d1be07a8e311d1e93d7493544a23bcaa1225ea6b5eac98017ef94a6 5.24MB / 86.52MB 4.7s
#7 sha256:05e89efc4b5ec39fa30d639b12ad2c7fd994a11ffa608e77427a882d73768d76 30.41MB / 64.11MB 4.8s
#7 sha256:0bb7bd28fbdfe678a7f45878b7b1c07dbbc0fa7753b0312aa8fd049667a9e137 6.29MB / 23.61MB 4.8s
#7 sha256:05e89efc4b5ec39fa30d639b12ad2c7fd994a11ffa608e77427a882d73768d76 35.65MB / 64.11MB 5.4s
#7 sha256:05e89efc4b5ec39fa30d639b12ad2c7fd994a11ffa608e77427a882d73768d76 39.85MB / 64.11MB 5.9s
#7 sha256:0bb7bd28fbdfe678a7f45878b7b1c07dbbc0fa7753b0312aa8fd049667a9e137 8.39MB / 23.61MB 5.9s
#7 sha256:05e89efc4b5ec39fa30d639b12ad2c7fd994a11ffa608e77427a882d73768d76 44.04MB / 64.11MB 6.3s
#7 sha256:05e89efc4b5ec39fa30d639b12ad2c7fd994a11ffa608e77427a882d73768d76 48.23MB / 64.11MB 6.9s
#7 sha256:599d07e8492bcee46202f5eae3e3010a470acc5139840e6d14556aefa3fc355f 8.39MB / 64.48MB 7.1s
#7 sha256:0bb7bd28fbdfe678a7f45878b7b1c07dbbc0fa7753b0312aa8fd049667a9e137 10.49MB / 23.61MB 6.9s
#7 sha256:05e89efc4b5ec39fa30d639b12ad2c7fd994a11ffa608e77427a882d73768d76 53.48MB / 64.11MB 7.5s
#7 sha256:05e89efc4b5ec39fa30d639b12ad2c7fd994a11ffa608e77427a882d73768d76 57.67MB / 64.11MB 8.0s
#7 sha256:0bb7bd28fbdfe678a7f45878b7b1c07dbbc0fa7753b0312aa8fd049667a9e137 12.58MB / 23.61MB 7.8s
#7 sha256:9bb7af042d1be07a8e311d1e93d7493544a23bcaa1225ea6b5eac98017ef94a6 10.49MB / 86.52MB 8.4s
#7 sha256:05e89efc4b5ec39fa30d639b12ad2c7fd994a11ffa608e77427a882d73768d76 64.11MB / 64.11MB 8.6s done
#7 sha256:0bb7bd28fbdfe678a7f45878b7b1c07dbbc0fa7753b0312aa8fd049667a9e137 14.68MB / 23.61MB 8.6s
#7 sha256:30de66f8fdafab67e88d876087f571a693a1a6c4cf0abc29efbf88ea878e0d29 0B / 48.37MB 0.2s
#7 sha256:30de66f8fdafab67e88d876087f571a693a1a6c4cf0abc29efbf88ea878e0d29 3.15MB / 48.37MB 0.6s
#7 sha256:0bb7bd28fbdfe678a7f45878b7b1c07dbbc0fa7753b0312aa8fd049667a9e137 16.78MB / 23.61MB 9.5s
#7 sha256:30de66f8fdafab67e88d876087f571a693a1a6c4cf0abc29efbf88ea878e0d29 7.34MB / 48.37MB 1.2s
#7 sha256:30de66f8fdafab67e88d876087f571a693a1a6c4cf0abc29efbf88ea878e0d29 10.49MB / 48.37MB 1.5s
#7 sha256:599d07e8492bcee46202f5eae3e3010a470acc5139840e6d14556aefa3fc355f 12.58MB / 64.48MB 10.2s
#7 sha256:0bb7bd28fbdfe678a7f45878b7b1c07dbbc0fa7753b0312aa8fd049667a9e137 18.87MB / 23.61MB 10.4s
#7 sha256:30de66f8fdafab67e88d876087f571a693a1a6c4cf0abc29efbf88ea878e0d29 14.68MB / 48.37MB 2.0s
#7 sha256:0bb7bd28fbdfe678a7f45878b7b1c07dbbc0fa7753b0312aa8fd049667a9e137 20.97MB / 23.61MB 11.1s
#7 sha256:30de66f8fdafab67e88d876087f571a693a1a6c4cf0abc29efbf88ea878e0d29 19.92MB / 48.37MB 3.0s
#7 sha256:30de66f8fdafab67e88d876087f571a693a1a6c4cf0abc29efbf88ea878e0d29 23.07MB / 48.37MB 3.3s
#7 sha256:0bb7bd28fbdfe678a7f45878b7b1c07dbbc0fa7753b0312aa8fd049667a9e137 23.07MB / 23.61MB 11.9s
#7 sha256:9bb7af042d1be07a8e311d1e93d7493544a23bcaa1225ea6b5eac98017ef94a6 15.73MB / 86.52MB 12.6s
#7 sha256:30de66f8fdafab67e88d876087f571a693a1a6c4cf0abc29efbf88ea878e0d29 29.36MB / 48.37MB 4.1s
#7 sha256:0bb7bd28fbdfe678a7f45878b7b1c07dbbc0fa7753b0312aa8fd049667a9e137 23.61MB / 23.61MB 12.5s done
#7 sha256:30de66f8fdafab67e88d876087f571a693a1a6c4cf0abc29efbf88ea878e0d29 33.55MB / 48.37MB 5.1s
#7 sha256:599d07e8492bcee46202f5eae3e3010a470acc5139840e6d14556aefa3fc355f 16.78MB / 64.48MB 14.3s
#7 sha256:30de66f8fdafab67e88d876087f571a693a1a6c4cf0abc29efbf88ea878e0d29 38.80MB / 48.37MB 5.7s
#7 sha256:30de66f8fdafab67e88d876087f571a693a1a6c4cf0abc29efbf88ea878e0d29 41.94MB / 48.37MB 6.0s
#7 sha256:30de66f8fdafab67e88d876087f571a693a1a6c4cf0abc29efbf88ea878e0d29 46.14MB / 48.37MB 6.3s
#7 sha256:30de66f8fdafab67e88d876087f571a693a1a6c4cf0abc29efbf88ea878e0d29 48.37MB / 48.37MB 6.8s done
#7 extracting sha256:30de66f8fdafab67e88d876087f571a693a1a6c4cf0abc29efbf88ea878e0d29
#7 extracting sha256:30de66f8fdafab67e88d876087f571a693a1a6c4cf0abc29efbf88ea878e0d29 0.9s done
#7 extracting sha256:0bb7bd28fbdfe678a7f45878b7b1c07dbbc0fa7753b0312aa8fd049667a9e137
#7 extracting sha256:0bb7bd28fbdfe678a7f45878b7b1c07dbbc0fa7753b0312aa8fd049667a9e137 0.3s done
#7 sha256:9bb7af042d1be07a8e311d1e93d7493544a23bcaa1225ea6b5eac98017ef94a6 20.97MB / 86.52MB 16.8s
#7 sha256:599d07e8492bcee46202f5eae3e3010a470acc5139840e6d14556aefa3fc355f 20.97MB / 64.48MB 16.8s
#7 sha256:9bb7af042d1be07a8e311d1e93d7493544a23bcaa1225ea6b5eac98017ef94a6 26.21MB / 86.52MB 18.6s
#7 sha256:599d07e8492bcee46202f5eae3e3010a470acc5139840e6d14556aefa3fc355f 25.17MB / 64.48MB 18.5s
#7 sha256:599d07e8492bcee46202f5eae3e3010a470acc5139840e6d14556aefa3fc355f 29.36MB / 64.48MB 19.8s
#7 sha256:9bb7af042d1be07a8e311d1e93d7493544a23bcaa1225ea6b5eac98017ef94a6 31.46MB / 86.52MB 20.3s
#7 sha256:599d07e8492bcee46202f5eae3e3010a470acc5139840e6d14556aefa3fc355f 33.55MB / 64.48MB 20.9s
#7 sha256:9bb7af042d1be07a8e311d1e93d7493544a23bcaa1225ea6b5eac98017ef94a6 36.70MB / 86.52MB 22.7s
#7 sha256:599d07e8492bcee46202f5eae3e3010a470acc5139840e6d14556aefa3fc355f 37.75MB / 64.48MB 22.5s
#7 sha256:599d07e8492bcee46202f5eae3e3010a470acc5139840e6d14556aefa3fc355f 41.94MB / 64.48MB 23.4s
#7 sha256:9bb7af042d1be07a8e311d1e93d7493544a23bcaa1225ea6b5eac98017ef94a6 42.99MB / 86.52MB 24.6s
#7 sha256:599d07e8492bcee46202f5eae3e3010a470acc5139840e6d14556aefa3fc355f 47.19MB / 64.48MB 24.9s
#7 sha256:599d07e8492bcee46202f5eae3e3010a470acc5139840e6d14556aefa3fc355f 51.38MB / 64.48MB 26.9s
#7 sha256:9bb7af042d1be07a8e311d1e93d7493544a23bcaa1225ea6b5eac98017ef94a6 48.23MB / 86.52MB 27.5s
#7 sha256:9bb7af042d1be07a8e311d1e93d7493544a23bcaa1225ea6b5eac98017ef94a6 53.48MB / 86.52MB 28.4s
#7 sha256:599d07e8492bcee46202f5eae3e3010a470acc5139840e6d14556aefa3fc355f 55.57MB / 64.48MB 28.4s
#7 sha256:9bb7af042d1be07a8e311d1e93d7493544a23bcaa1225ea6b5eac98017ef94a6 58.72MB / 86.52MB 29.3s
#7 sha256:599d07e8492bcee46202f5eae3e3010a470acc5139840e6d14556aefa3fc355f 59.77MB / 64.48MB 29.1s
#7 sha256:599d07e8492bcee46202f5eae3e3010a470acc5139840e6d14556aefa3fc355f 63.96MB / 64.48MB 30.0s
#7 sha256:599d07e8492bcee46202f5eae3e3010a470acc5139840e6d14556aefa3fc355f 64.48MB / 64.48MB 30.2s done
#7 sha256:9bb7af042d1be07a8e311d1e93d7493544a23bcaa1225ea6b5eac98017ef94a6 67.11MB / 86.52MB 30.5s
#7 extracting sha256:599d07e8492bcee46202f5eae3e3010a470acc5139840e6d14556aefa3fc355f
#7 sha256:9bb7af042d1be07a8e311d1e93d7493544a23bcaa1225ea6b5eac98017ef94a6 72.35MB / 86.52MB 31.1s
#7 extracting sha256:599d07e8492bcee46202f5eae3e3010a470acc5139840e6d14556aefa3fc355f 1.1s done
#7 sha256:9bb7af042d1be07a8e311d1e93d7493544a23bcaa1225ea6b5eac98017ef94a6 77.59MB / 86.52MB 31.7s
#7 sha256:9bb7af042d1be07a8e311d1e93d7493544a23bcaa1225ea6b5eac98017ef94a6 82.84MB / 86.52MB 32.3s
#7 sha256:9bb7af042d1be07a8e311d1e93d7493544a23bcaa1225ea6b5eac98017ef94a6 86.52MB / 86.52MB 32.5s done
#7 extracting sha256:9bb7af042d1be07a8e311d1e93d7493544a23bcaa1225ea6b5eac98017ef94a6
#7 extracting sha256:9bb7af042d1be07a8e311d1e93d7493544a23bcaa1225ea6b5eac98017ef94a6 1.0s done
#7 DONE 33.6s

#7 [producer 1/6] FROM docker.io/library/golang:1.26.2-bookworm@sha256:47ce5636e9936b2c5cbf708925578ef386b4f8872aec74a67bd13a627d242b19
#7 extracting sha256:05e89efc4b5ec39fa30d639b12ad2c7fd994a11ffa608e77427a882d73768d76
#7 extracting sha256:05e89efc4b5ec39fa30d639b12ad2c7fd994a11ffa608e77427a882d73768d76 2.1s done
#7 DONE 35.7s

#7 [producer 1/6] FROM docker.io/library/golang:1.26.2-bookworm@sha256:47ce5636e9936b2c5cbf708925578ef386b4f8872aec74a67bd13a627d242b19
#7 extracting sha256:278e939fa22d68e36607e674b583732c11b2ad41d39ef718034b4badd71b761c 0.0s done
#7 extracting sha256:4f4fb700ef54461cfa02571ae0db9a0dc1e0cdb5577484a6d75e68dc38e8acc1 0.0s done
#7 DONE 35.8s

#10 [producer 2/6] WORKDIR /source
#10 DONE 0.8s

#11 [producer 3/6] COPY tools/assets-archive/go.mod tools/assets-archive/go.sum ./
#11 DONE 0.1s

#12 [producer 4/6] RUN mkdir /out && cp go.mod go.sum /out/ && go mod download all && go mod verify && cmp go.mod /out/go.mod && cmp go.sum /out/go.sum
#12 8.206 all modules verified
#12 DONE 8.7s

#13 [producer 5/6] COPY tools/assets-archive/main.go ./
#13 DONE 0.1s

#14 [producer 6/6] RUN test "$(go version)" = "go version go1.26.2 linux/arm64" && go list -m -json all > /out/modules-actual.json && go build -trimpath -buildvcs=false -o /out/producer . && cmp go.mod /out/go.mod && cmp go.sum /out/go.sum
#14 DONE 5.7s

#15 [build 4/7] COPY --from=producer /out/ /producer-build/
#15 DONE 0.1s

#16 [build 5/7] RUN cargo build -p rubix-dev --bin rubix-asset-fixture --release --locked && target/release/rubix-asset-fixture graph /producer-build/modules-actual.json tools/assets-archive/modules.json
#16 0.175 info: syncing channel updates for 1.97.1-aarch64-unknown-linux-gnu
#16 1.398 info: latest update on 2026-07-16 for version 1.97.1 (8bab26f4f 2026-07-14)
#16 1.408 info: downloading 3 components
#16 4.513     Updating crates.io index
#16 6.729  Downloading crates ...
#16 7.135   Downloaded adler2 v2.0.1
#16 7.255   Downloaded equivalent v1.0.2
#16 7.325   Downloaded cpufeatures v0.3.1
#16 7.331   Downloaded errno v0.3.14
#16 7.359   Downloaded cfg-if v1.0.5
#16 7.448   Downloaded serde_spanned v1.1.1
#16 7.458   Downloaded itoa v1.0.18
#16 7.652   Downloaded block-buffer v0.12.1
#16 7.660   Downloaded crypto-common v0.2.2
#16 7.677   Downloaded find-msvc-tools v0.1.14
#16 7.694   Downloaded pkg-config v0.3.34
#16 7.696   Downloaded simd-adler32 v0.3.10
#16 7.704   Downloaded toml_datetime v0.7.5+spec-1.1.0
#16 7.705   Downloaded toml_writer v1.1.2+spec-1.1.0
#16 7.722   Downloaded shlex v2.0.1
#16 7.771   Downloaded zstd-safe v7.3.0
#16 7.773   Downloaded zstd v0.13.3
#16 7.777   Downloaded digest v0.11.3
#16 7.780   Downloaded filetime v0.2.29
#16 7.783   Downloaded pin-project-lite v0.2.17
#16 7.791   Downloaded signal-hook-registry v1.4.8
#16 7.806   Downloaded jobserver v0.1.35
#16 7.881   Downloaded hybrid-array v0.4.15
#16 7.884   Downloaded crc32fast v1.5.2
#16 7.890   Downloaded fastrand v2.5.0
#16 7.892   Downloaded quote v1.0.47
#16 7.897   Downloaded zmij v1.0.23
#16 7.899   Downloaded sha2 v0.11.0
#16 7.914   Downloaded once_cell v1.21.4
#16 7.927   Downloaded toml_parser v1.0.5+spec-1.0.0
#16 8.021   Downloaded getrandom v0.4.3
#16 8.025   Downloaded serde_derive v1.0.228
#16 8.031   Downloaded serde_core v1.0.228
#16 8.035   Downloaded tempfile v3.27.0
#16 8.061   Downloaded bitflags v2.13.2
#16 8.092   Downloaded proc-macro2 v1.0.107
#16 8.112   Downloaded unicode-ident v1.0.26
#16 8.160   Downloaded base64 v0.22.1
#16 8.185   Downloaded miniz_oxide v0.9.1
#16 8.188   Downloaded toml v0.9.6
#16 8.217   Downloaded tar v0.4.46
#16 8.234   Downloaded flate2 v1.1.10
#16 8.268   Downloaded serde v1.0.228
#16 8.272   Downloaded indexmap v2.11.3
#16 8.284   Downloaded mio v1.2.3
#16 8.292   Downloaded typenum v1.20.1
#16 8.296   Downloaded memchr v2.8.3
#16 8.311   Downloaded cc v1.5.1
#16 8.337   Downloaded typed-path v0.12.3
#16 8.369   Downloaded aho-corasick v1.1.5
#16 8.393   Downloaded hashbrown v0.15.5
#16 8.415   Downloaded regex v1.13.1
#16 8.421   Downloaded zip v8.6.0
#16 8.426   Downloaded serde_json v1.0.151
#16 8.491   Downloaded winnow v0.7.15
#16 8.685   Downloaded syn v2.0.119
#16 8.777   Downloaded regex-syntax v0.8.11
#16 8.802   Downloaded rustix v1.1.5
#16 8.920   Downloaded regex-automata v0.4.18
#16 9.044   Downloaded zstd-sys v2.1.0+zstd.1.5.7
#16 9.098   Downloaded libc v0.2.189
#16 9.175   Downloaded tokio v1.53.1
#16 9.437   Downloaded linux-raw-sys v0.12.1
#16 9.550    Compiling libc v0.2.189
#16 9.550    Compiling proc-macro2 v1.0.107
#16 9.550    Compiling cfg-if v1.0.5
#16 9.550    Compiling quote v1.0.47
#16 9.551    Compiling find-msvc-tools v0.1.14
#16 9.553    Compiling shlex v2.0.1
#16 9.553    Compiling serde_core v1.0.228
#16 9.553    Compiling pkg-config v0.3.34
#16 9.553    Compiling memchr v2.8.3
#16 9.553    Compiling typenum v1.20.1
#16 9.553    Compiling unicode-ident v1.0.26
#16 9.556    Compiling crc32fast v1.5.2
#16 9.566    Compiling getrandom v0.4.3
#16 9.566    Compiling rustix v1.1.5
#16 9.566    Compiling simd-adler32 v0.3.10
#16 9.566    Compiling zmij v1.0.23
#16 9.665    Compiling adler2 v2.0.1
#16 9.670    Compiling zstd-safe v7.3.0
#16 9.678    Compiling bitflags v2.13.2
#16 9.701    Compiling hashbrown v0.15.5
#16 9.814    Compiling miniz_oxide v0.9.1
#16 9.843    Compiling regex-syntax v0.8.11
#16 9.922    Compiling aho-corasick v1.1.5
#16 9.940    Compiling winnow v0.7.15
#16 9.942    Compiling equivalent v1.0.2
#16 9.978    Compiling serde v1.0.228
#16 9.995    Compiling linux-raw-sys v0.12.1
#16 10.03    Compiling serde_json v1.0.151
#16 10.07    Compiling hybrid-array v0.4.15
#16 10.16    Compiling typed-path v0.12.3
#16 10.27    Compiling indexmap v2.11.3
#16 10.30    Compiling flate2 v1.1.10
#16 10.32    Compiling once_cell v1.21.4
#16 10.33    Compiling fastrand v2.5.0
#16 10.67    Compiling crypto-common v0.2.2
#16 10.71    Compiling syn v2.0.119
#16 10.78    Compiling errno v0.3.14
#16 10.78    Compiling block-buffer v0.12.1
#16 10.83    Compiling filetime v0.2.29
#16 10.84    Compiling cpufeatures v0.3.1
#16 10.86    Compiling signal-hook-registry v1.4.8
#16 10.91    Compiling mio v1.2.3
#16 11.01    Compiling pin-project-lite v0.2.17
#16 11.01    Compiling itoa v1.0.18
#16 11.08    Compiling jobserver v0.1.35
#16 11.13    Compiling zip v8.6.0
#16 11.19    Compiling toml_parser v1.0.5+spec-1.0.0
#16 11.21    Compiling tar v0.4.46
#16 11.25    Compiling digest v0.11.3
#16 11.32    Compiling regex-automata v0.4.18
#16 11.38    Compiling cc v1.5.1
#16 11.39    Compiling sha2 v0.11.0
#16 11.54    Compiling tokio v1.53.1
#16 11.55    Compiling base64 v0.22.1
#16 11.82    Compiling toml_datetime v0.7.5+spec-1.1.0
#16 11.92    Compiling serde_spanned v1.1.1
#16 12.01    Compiling toml v0.9.6
#16 12.23    Compiling serde_derive v1.0.228
#16 12.51    Compiling zstd-sys v2.1.0+zstd.1.5.7
#16 12.54    Compiling tempfile v3.27.0
#16 13.04    Compiling regex v1.13.1
#16 21.87    Compiling zstd v0.13.3
#16 21.97    Compiling rubix-dev v0.1.0 (/source/tools/dev)
#16 37.51     Finished `release` profile [optimized + debuginfo] target(s) in 33.03s
#16 DONE 37.6s

#17 [build 6/7] RUN set -eu; cargo test -p rubix-assets --release --locked --test archive_fixture --no-run && mkdir /out && cp target/release/rubix-asset-fixture /out/fixture && cp /producer-build/producer /out/producer && count=0; for executable in target/release/deps/archive_fixture-*; do if [ -f "$executable" ] && [ -x "$executable" ]; then cp "$executable" /out/archive-tests; count=$((count + 1)); fi; done; test "$count" -eq 1 && test -x /out/archive-tests
#17 0.249  Downloading crates ...
#17 0.884   Downloaded object v0.39.1
#17 0.917    Compiling typenum v1.20.1
#17 0.917    Compiling libc v0.2.189
#17 0.917    Compiling serde_core v1.0.228
#17 0.917    Compiling cfg-if v1.0.5
#17 0.917    Compiling crc32fast v1.5.2
#17 0.919    Compiling rustix v1.1.5
#17 0.920    Compiling linux-raw-sys v0.12.1
#17 0.921    Compiling object v0.39.1
#17 0.921    Compiling simd-adler32 v0.3.10
#17 0.921    Compiling bitflags v2.13.2
#17 0.922    Compiling memchr v2.8.3
#17 0.923    Compiling adler2 v2.0.1
#17 0.925    Compiling zmij v1.0.23
#17 0.926    Compiling zstd-sys v2.1.0+zstd.1.5.7
#17 0.926    Compiling itoa v1.0.18
#17 0.960    Compiling zstd-safe v7.3.0
#17 1.012    Compiling miniz_oxide v0.9.1
#17 1.054    Compiling zstd v0.13.3
#17 1.233    Compiling flate2 v1.1.10
#17 1.303    Compiling hybrid-array v0.4.15
#17 1.469    Compiling cpufeatures v0.3.1
#17 1.527    Compiling block-buffer v0.12.1
#17 1.527    Compiling crypto-common v0.2.2
#17 1.782    Compiling digest v0.11.3
#17 1.827    Compiling sha2 v0.11.0
#17 1.997    Compiling serde v1.0.228
#17 1.997    Compiling serde_json v1.0.151
#17 2.655    Compiling rubix-platform v0.1.0 (/source/crates/rubix-platform)
#17 2.854    Compiling rubix-assets v0.1.0 (/source/crates/rubix-assets)
#17 7.107     Finished `release` profile [optimized + debuginfo] target(s) in 6.92s
#17 7.111   Executable tests/archive_fixture.rs (target/release/deps/archive_fixture-feb3676c19325f33)
#17 DONE 7.3s

#18 [build 7/7] RUN test -n "rubix-archive-5d77b8a404fa09c650612f017ee29fad" && echo "RUBIX_BUILD_BEGIN rubix-archive-5d77b8a404fa09c650612f017ee29fad" && sha256sum /out/producer /out/archive-tests /out/fixture && echo "RUBIX_BUILD_END rubix-archive-5d77b8a404fa09c650612f017ee29fad"
#18 0.091 RUBIX_BUILD_BEGIN rubix-archive-5d77b8a404fa09c650612f017ee29fad
#18 0.113 7434ad637e4fb31b7c89fb4db001eb5678530ebe8c00780a9f4d9ef5b0cb9b9b  /out/producer
#18 0.133 a5df32ef460ec2f5c9f48a9e59dded4d4a959335b1d4e51c2428357d659a8189  /out/archive-tests
#18 0.150 ba9cd37b09b95d917a30f70ea64b040563b5b59ec0925884d23d11ab02306f83  /out/fixture
#18 0.150 RUBIX_BUILD_END rubix-archive-5d77b8a404fa09c650612f017ee29fad
#18 DONE 0.2s

#19 [stage-2 2/4] COPY --from=build /out/producer /producer
#19 DONE 0.0s

#20 [stage-2 3/4] COPY --from=build /out/archive-tests /archive-tests
#20 DONE 0.0s

#21 [stage-2 4/4] COPY --from=build /out/fixture /fixture
#21 DONE 0.0s

#22 exporting to image
#22 exporting layers
#22 exporting layers 0.2s done
#22 exporting manifest sha256:a7b49db951b62b25284e43ac72ed5eaa2b5eeb67ff583740bfff1498a56e4e3f done
#22 exporting config sha256:3b4438d01b86a33481b991168aec94e63bc841c0132ff7406e124a1e73f2d140 done
#22 exporting attestation manifest sha256:ebdaa50d13ce637f9ccc489b74cca391d0b6735293f8a5f7f046d4072a40c436 done
#22 exporting manifest list sha256:ba97fc3d1a6ebfc5c3016905c18b7412b8a60af61725e8a661fdeed4ac1c14d0 done
#22 naming to docker.io/library/rubix-archive-5d77b8a404fa09c650612f017ee29fad:latest done
#22 unpacking to docker.io/library/rubix-archive-5d77b8a404fa09c650612f017ee29fad:latest 0.1s done
#22 DONE 0.4s

View build details: docker-desktop://dashboard/build/desktop-linux/desktop-linux/8ncxz0utpzur06miw059fwuf6
