#0 building with "desktop-linux" instance using docker driver

#1 [internal] load build definition from Capture.Dockerfile
#1 transferring dockerfile: 1.02kB done
#1 DONE 0.0s

#2 [internal] load metadata for docker.io/library/golang:1.26.5-bookworm@sha256:53eeac89074db483fdf0ab3be1df32bf6e47562263d2d0d6baa7f26acb4957dd
#2 DONE 0.0s

#3 [internal] load .dockerignore
#3 transferring context: 2B done
#3 DONE 0.0s

#4 [build 1/6] FROM docker.io/library/golang:1.26.5-bookworm@sha256:53eeac89074db483fdf0ab3be1df32bf6e47562263d2d0d6baa7f26acb4957dd
#4 resolve docker.io/library/golang:1.26.5-bookworm@sha256:53eeac89074db483fdf0ab3be1df32bf6e47562263d2d0d6baa7f26acb4957dd done
#4 DONE 0.0s

#5 [internal] load build context
#5 transferring context: 6.75kB done
#5 DONE 0.0s

#6 [build 5/6] COPY kubelet_capture_test.go /src/pkg/kubernetes/kubelet/rubix_capture_test.go
#6 CACHED

#7 [build 3/6] RUN curl --fail --location --retry 3 --output /tmp/source.tar.gz https://codeload.github.com/portainer/kubesolo/tar.gz/2ef1c4787989f11f868f81bb84ae2afd4a49a81d     && echo '9d5f3ce1f3fbda971fb1e2fb6da18ae3880caeec677f0e5d928a3bbe7bb76aec  /tmp/source.tar.gz' | sha256sum --check     && tar --extract --gzip --file /tmp/source.tar.gz --strip-components=1
#7 CACHED

#8 [build 4/6] COPY containerd_capture_test.go /src/pkg/runtime/containerd/rubix_capture_test.go
#8 CACHED

#9 [build 2/6] WORKDIR /src
#9 CACHED

#10 [build 6/6] RUN mkdir /out && go test -c -p 2 -tags external_deps -trimpath -o /out/containerd.test ./pkg/runtime/containerd && go test -c -p 2 -tags external_deps -trimpath -o /out/kubelet.test ./pkg/kubernetes/kubelet
#10 CACHED

#11 [capture 1/1] WORKDIR /tmp
#11 CACHED

#12 exporting to image
#12 exporting layers done
#12 exporting manifest sha256:5777042e65a4ddbeac163ef4ae86ec504f78858751493faee6d2950d811b5d57 done
#12 exporting config sha256:5916f961e8cb4a4f80e48c7d784d30b7e28523cebbb05080ab15d27f49f8b99d done
#12 exporting attestation manifest sha256:6309810bc03bfaebea8a5c5ec9af3a0d9e9c5dba11bfc2161fe0e76f9641131c done
#12 exporting manifest list sha256:445677e86600a25c54e1abd2a88575cc12b0ad16a2ca9012d033a88177eafea3 done
#12 naming to docker.io/library/rubix-node-config-jpcshh:latest done
#12 unpacking to docker.io/library/rubix-node-config-jpcshh:latest
#12 unpacking to docker.io/library/rubix-node-config-jpcshh:latest 11.1s done
#12 DONE 11.2s

View build details: docker-desktop://dashboard/build/desktop-linux/desktop-linux/vvsi6asrt40zpovp65ifeikcy
