[
    {
        "Id": "sha256:755003eed7e663ad25808c2770e3df0de4078a068b2960576feb46c09a008857",
        "RepoTags": [
            "rubix-node-config-axiht8:latest"
        ],
        "RepoDigests": [
            "rubix-node-config-axiht8@sha256:755003eed7e663ad25808c2770e3df0de4078a068b2960576feb46c09a008857"
        ],
        "Comment": "buildkit.dockerfile.v0",
        "Created": "2026-09-28T17:05:27.106317716Z",
        "Config": {
            "User": "65532:65532",
            "Env": [
                "PATH=/go/bin:/usr/local/go/bin:/usr/local/sbin:/usr/local/bin:/usr/sbin:/usr/bin:/sbin:/bin",
                "GOLANG_VERSION=1.26.5",
                "GOTOOLCHAIN=local",
                "GOPATH=/go",
                "CGO_ENABLED=1",
                "GOFLAGS=-mod=readonly"
            ],
            "WorkingDir": "/tmp"
        },
        "Architecture": "arm64",
        "Os": "linux",
        "Size": 1175703999,
        "RootFS": {
            "Type": "layers",
            "Layers": [
                "sha256:fc7ac19cfb2d64221e26478ffac9248cfff72f76adbb89ca5e362b37cc21c84a",
                "sha256:c1cf7a9b7c84052ffa15e8621c27a229e6d79203dee6c5ebb63ce76230f7349e",
                "sha256:304cc516c4dc516b48304bc637d27673284810a377052ad62afaaf10a4c6eade",
                "sha256:a325f5bdd3224a58b19bff0c4b9f8adaefe11fe481473dc3abcb6014c7129732",
                "sha256:28fd8b5d89238feec4841a53d475df7ea1114068b51edea6f95ff4b28b492616",
                "sha256:97c6c689c0d641d335745f59cb47ed87a6dffe8e8cae1de54715db524a6aef7f",
                "sha256:5f70bf18a086007016e948b04aed3b82103a36bea41755b6cddfaf10ace3c6ef",
                "sha256:cefc91f6ee36a5dd7fe051d1e4d49121f94b5bdf98c29e88c60882d7c863acfc",
                "sha256:89e8c1a498d66a2155a581feb21a032650ac64b05d4c00fec6594ac27484aa0e",
                "sha256:4344b540ca63f2aec0ac6c959d0c5c1cea71fba3ff1d724d63cf153fb4bbfb3d",
                "sha256:6549778a22ddf94b4856bc4c50f9ed42be908f435a70798a33921b68ac01f9f2",
                "sha256:2fcbee87a7ff0e2971284ca16fb3ae066c8c200b822dc449f1c51236fc5737ec",
                "sha256:5f70bf18a086007016e948b04aed3b82103a36bea41755b6cddfaf10ace3c6ef"
            ]
        },
        "Metadata": {
            "LastTagTime": "2026-09-28T17:06:19.493233962Z"
        },
        "Descriptor": {
            "mediaType": "application/vnd.oci.image.index.v1+json",
            "digest": "sha256:755003eed7e663ad25808c2770e3df0de4078a068b2960576feb46c09a008857",
            "size": 856
        },
        "Identity": {
            "Build": [
                {
                    "Ref": "kpgn85liiu7lxc5at54tcx5nm",
                    "CreatedAt": "2026-09-28T17:06:30.858978259Z"
                }
            ]
        }
    }
]
