#0 building with "desktop-linux" instance using docker driver

#1 [internal] load build definition from Capture.Dockerfile
#1 transferring dockerfile: 840B done
#1 DONE 0.0s

#2 [internal] load metadata for docker.io/library/golang:1.26.5-bookworm@sha256:53eeac89074db483fdf0ab3be1df32bf6e47562263d2d0d6baa7f26acb4957dd
#2 DONE 0.0s

#3 [internal] load .dockerignore
#3 transferring context: 2B done
#3 DONE 0.0s

#4 [build 1/5] FROM docker.io/library/golang:1.26.5-bookworm@sha256:53eeac89074db483fdf0ab3be1df32bf6e47562263d2d0d6baa7f26acb4957dd
#4 resolve docker.io/library/golang:1.26.5-bookworm@sha256:53eeac89074db483fdf0ab3be1df32bf6e47562263d2d0d6baa7f26acb4957dd done
#4 DONE 0.0s

#5 [internal] load build context
#5 transferring context: 7.46kB done
#5 DONE 0.0s

#6 [build 2/5] WORKDIR /src
#6 CACHED

#7 [build 3/5] RUN curl --fail --location --retry 3 --output /tmp/source.tar.gz https://codeload.github.com/portainer/kubesolo/tar.gz/2ef1c4787989f11f868f81bb84ae2afd4a49a81d     && echo '9d5f3ce1f3fbda971fb1e2fb6da18ae3880caeec677f0e5d928a3bbe7bb76aec  /tmp/source.tar.gz' | sha256sum --check     && tar --extract --gzip --file /tmp/source.tar.gz --strip-components=1
#7 CACHED

#8 [build 4/5] COPY webhook_capture_test.go /src/pkg/kubernetes/webhook/rubix_capture_test.go
#8 DONE 0.0s

#9 [build 5/5] RUN mkdir /out && go test -c -p 2 -tags external_deps -trimpath -o /out/webhook.test ./pkg/kubernetes/webhook
#9 0.082 go: downloading github.com/k3s-io/kubernetes/staging/src/k8s.io/apimachinery v1.35.7-k3s1
#9 0.082 go: downloading github.com/k3s-io/kubernetes/staging/src/k8s.io/api v1.35.7-k3s1
#9 0.082 go: downloading github.com/rs/zerolog v1.33.0
#9 0.137 go: downloading github.com/k3s-io/kubernetes/staging/src/k8s.io/client-go v1.35.7-k3s1
#9 0.141 go: downloading github.com/stretchr/testify v1.11.1
#9 2.131 go: downloading github.com/davecgh/go-spew v1.1.2-0.20180830191138-d8f796af33cc
#9 2.456 go: downloading github.com/pmezard/go-difflib v1.0.1-0.20181226105442-5d4384ee4fb2
#9 2.467 go: downloading gopkg.in/yaml.v3 v3.0.1
#9 2.468 go: downloading k8s.io/utils v0.0.0-20251002143259-bc988d571ff4
#9 2.468 go: downloading sigs.k8s.io/randfill v1.0.0
#9 2.468 go: downloading k8s.io/klog/v2 v2.130.1
#9 2.469 go: downloading k8s.io/kube-openapi v0.0.0-20250910181357-589584f1c912
#9 2.469 go: downloading sigs.k8s.io/structured-merge-diff/v6 v6.3.0
#9 3.079 go: downloading gopkg.in/inf.v0 v0.9.1
#9 3.079 go: downloading github.com/mattn/go-colorable v0.1.13
#9 3.083 go: downloading sigs.k8s.io/json v0.0.0-20250730193827-2d320260d730
#9 3.083 go: downloading sigs.k8s.io/yaml v1.6.0
#9 3.083 go: downloading github.com/json-iterator/go v1.1.12
#9 3.083 go: downloading go.yaml.in/yaml/v2 v2.4.4
#9 3.084 go: downloading github.com/go-logr/logr v1.4.4
#9 3.085 go: downloading github.com/spf13/pflag v1.0.10
#9 3.085 go: downloading golang.org/x/term v0.45.0
#9 3.086 go: downloading gopkg.in/evanphx/json-patch.v4 v4.13.0
#9 3.086 go: downloading github.com/fxamacker/cbor/v2 v2.9.0
#9 3.086 go: downloading golang.org/x/net v0.58.0
#9 3.086 go: downloading google.golang.org/protobuf v1.36.12-0.20260120151049-f2248ac996af
#9 3.086 go: downloading github.com/google/gnostic-models v0.7.0
#9 3.087 go: downloading golang.org/x/time v0.15.0
#9 3.639 go: downloading github.com/munnerz/goautoneg v0.0.0-20191010083416-a7dc8b61c822
#9 3.641 go: downloading github.com/mattn/go-isatty v0.0.20
#9 3.641 go: downloading golang.org/x/oauth2 v0.36.0
#9 3.915 go: downloading go.yaml.in/yaml/v3 v3.0.4
#9 4.027 go: downloading github.com/go-openapi/jsonreference v0.21.0
#9 4.027 go: downloading github.com/go-openapi/swag v0.23.1
#9 4.027 go: downloading github.com/google/uuid v1.6.0
#9 4.027 go: downloading golang.org/x/sys v0.47.0
#9 4.027 go: downloading github.com/modern-go/reflect2 v1.0.3-0.20250322232337-35a7c28c31ee
#9 4.027 go: downloading github.com/modern-go/concurrent v0.0.0-20180306012644-bacd9c7ef1dd
#9 4.028 go: downloading github.com/emicklei/go-restful/v3 v3.13.0
#9 4.637 go: downloading github.com/x448/float16 v0.8.4
#9 4.637 go: downloading github.com/go-openapi/jsonpointer v0.21.1
#9 4.638 go: downloading github.com/mailru/easyjson v0.9.0
#9 4.638 go: downloading golang.org/x/text v0.41.0
#9 5.221 go: downloading github.com/josharian/intern v1.0.0
#9 DONE 29.7s

#10 [capture 1/1] WORKDIR /tmp
#10 DONE 0.1s

#11 exporting to image
#11 exporting layers
#11 exporting layers 14.1s done
#11 exporting manifest sha256:d530e5649e49c0d40706b068944d6c4de59f9cde2685838e78858446b86d6584 0.0s done
#11 exporting config sha256:168ae2699bf1b96a1af4503e7a47302bff2b4c3abf024fc29b7263df3d258e57 0.0s done
#11 exporting attestation manifest sha256:04525240fe4489512a2ecda574c0c6e3f736a9202694df943c85d5dca3635a71 0.0s done
#11 exporting manifest list sha256:9dd7c9e83aba29ee9f896f6250ebb51479b21fd265fde09416c6fb68af3c336b done
#11 naming to docker.io/library/rubix-webhooks-83f644b5e2bc4cff9c101682794271eb:latest done
#11 unpacking to docker.io/library/rubix-webhooks-83f644b5e2bc4cff9c101682794271eb:latest
#11 unpacking to docker.io/library/rubix-webhooks-83f644b5e2bc4cff9c101682794271eb:latest 2.9s done
#11 DONE 17.1s

View build details: docker-desktop://dashboard/build/desktop-linux/desktop-linux/32g5xvfxvf5uovc2aa51jlagy
