[
    {
        "Id": "sha256:5da8a61173afcab10722020e9fc016cd9fb5034095f68adba38e4efda7cf7e21",
        "RepoTags": [
            "rubix-api-json-hul4cl:latest"
        ],
        "RepoDigests": [
            "rubix-api-json-hul4cl@sha256:5da8a61173afcab10722020e9fc016cd9fb5034095f68adba38e4efda7cf7e21"
        ],
        "Comment": "buildkit.dockerfile.v0",
        "Created": "2026-09-28T09:12:52.155513424Z",
        "Config": {
            "User": "65532:65532",
            "Env": [
                "PATH=/usr/local/cargo/bin:/usr/local/sbin:/usr/local/bin:/usr/sbin:/usr/bin:/sbin:/bin",
                "RUSTUP_HOME=/usr/local/rustup",
                "CARGO_HOME=/usr/local/cargo",
                "RUST_VERSION=1.97.1",
                "RUBIX_DISPOSABLE_BUILD=api-json",
                "RUBIX_DISPOSABLE_FIXTURE=api-json"
            ],
            "Entrypoint": [
                "/fixture",
                "runtime"
            ],
            "WorkingDir": "/experiment",
            "Labels": {
                "org.opencontainers.image.source": "https://github.com/rust-lang/docker-rust"
            }
        },
        "Architecture": "arm64",
        "Os": "linux",
        "Size": 574028740,
        "RootFS": {
            "Type": "layers",
            "Layers": [
                "sha256:fc7ac19cfb2d64221e26478ffac9248cfff72f76adbb89ca5e362b37cc21c84a",
                "sha256:c1cf7a9b7c84052ffa15e8621c27a229e6d79203dee6c5ebb63ce76230f7349e",
                "sha256:304cc516c4dc516b48304bc637d27673284810a377052ad62afaaf10a4c6eade",
                "sha256:1e8e95cb952a3e771723a664bbbed69f265681b196a5ab90a07e635bce808dd4",
                "sha256:9e06278045289c508d268cde4ae53588cc3be431daf4f5d6856d6d5a1f6cf247",
                "sha256:b788703be3f6a9bcb175707633a7a0cb3737b9547654d40a987623f43b08bdda",
                "sha256:3eef67d3bfec12d7b70276bd9372e386baac977b74e57c5c7a76851b610cc5cd",
                "sha256:506289698bee25b7de7a549ed5f44690d852a1ca365d5b79f740ea15ef56c212",
                "sha256:506c2b1948c5b7e230c0903bc1827940f909ece9f4451c0d701f319456f9022d",
                "sha256:f453cacc7a016795316f55c9de7f56dd2d975a55a0eac7f0b10802f8eefbf8c6",
                "sha256:982b32ed968b6f19212f42b78e8756e2790401ce03545387831701a49c89d762"
            ]
        },
        "Metadata": {
            "LastTagTime": "2026-09-28T09:12:55.340099217Z"
        },
        "Descriptor": {
            "mediaType": "application/vnd.oci.image.index.v1+json",
            "digest": "sha256:5da8a61173afcab10722020e9fc016cd9fb5034095f68adba38e4efda7cf7e21",
            "size": 856
        },
        "Identity": {
            "Build": [
                {
                    "Ref": "j4np512q7wuinb6zeps22ex9u",
                    "CreatedAt": "2026-09-28T09:12:56.074591259Z"
                }
            ]
        }
    }
]
