#0 building with "desktop-linux" instance using docker driver

#1 [internal] load build definition from Build.Dockerfile
#1 transferring dockerfile: 1.30kB done
#1 DONE 0.0s

#2 [internal] load metadata for docker.io/library/rust@sha256:0e2bcaef56d041a486784e54104a81aebe0da44bd03019bd70bc0401e42e4a97
#2 DONE 0.0s

#3 [internal] load metadata for docker.io/library/alpine@sha256:294b683cb724975bec92580e1e685676bd4b50bda910ddb8c51d4cabeaec77e6
#3 DONE 0.0s

#4 [internal] load .dockerignore
#4 transferring context: 2B done
#4 DONE 0.0s

#5 [build 1/5] FROM docker.io/library/rust@sha256:0e2bcaef56d041a486784e54104a81aebe0da44bd03019bd70bc0401e42e4a97
#5 resolve docker.io/library/rust@sha256:0e2bcaef56d041a486784e54104a81aebe0da44bd03019bd70bc0401e42e4a97 0.0s done
#5 DONE 0.0s

#6 [stage-1 1/2] FROM docker.io/library/alpine@sha256:294b683cb724975bec92580e1e685676bd4b50bda910ddb8c51d4cabeaec77e6
#6 resolve docker.io/library/alpine@sha256:294b683cb724975bec92580e1e685676bd4b50bda910ddb8c51d4cabeaec77e6 0.0s done
#6 DONE 0.0s

#7 [internal] load build context
#7 transferring context: 3.96MB 0.1s done
#7 DONE 0.1s

#8 [build 2/5] WORKDIR /source
#8 CACHED

#9 [build 3/5] COPY . .
#9 DONE 0.1s

#10 [build 4/5] RUN rustup target add aarch64-unknown-linux-musl  && cargo clippy -p rubix-kube --lib --test host_network --example prepare_host_network --target aarch64-unknown-linux-musl --locked -- -D warnings  && cargo test -p rubix-kube --test host_network --target aarch64-unknown-linux-musl --locked --release --no-run  && cargo build -p rubix-kube --example prepare_host_network --target aarch64-unknown-linux-musl --locked --release  && mkdir /out  && cp target/aarch64-unknown-linux-musl/release/examples/prepare_host_network /out/prepare_host_network  && for executable in target/aarch64-unknown-linux-musl/release/deps/host_network-*; do if [ -f "$executable" ] && [ -x "$executable" ]; then cp "$executable" /out/host_network; fi; done  && test -x /out/host_network
#10 0.147 info: syncing channel updates for 1.97.1-aarch64-unknown-linux-gnu
#10 1.283 info: latest update on 2026-07-16 for version 1.97.1 (8bab26f4f 2026-07-14)
#10 1.291 info: downloading 3 components
#10 4.240 info: downloading component rust-std
#10 9.716     Updating crates.io index
#10 28.45  Downloading crates ...
#10 29.10   Downloaded tokio-macros v2.7.1
#10 29.22   Downloaded itoa v1.0.18
#10 29.26   Downloaded errno v0.3.14
#10 29.29   Downloaded arraydeque v0.5.1
#10 29.30   Downloaded quote v1.0.47
#10 29.30   Downloaded thiserror v2.0.18
#10 29.32   Downloaded thiserror-impl v2.0.18
#10 29.32   Downloaded zmij v1.0.23
#10 29.33   Downloaded signal-hook-registry v1.4.8
#10 29.38   Downloaded pin-project-lite v0.2.17
#10 29.54   Downloaded unicode-ident v1.0.26
#10 29.66   Downloaded serde_derive v1.0.228
#10 29.67   Downloaded bitflags v2.13.2
#10 29.68   Downloaded proc-macro2 v1.0.107
#10 29.70   Downloaded serde_core v1.0.228
#10 29.88   Downloaded serde v1.0.228
#10 29.92   Downloaded memchr v2.8.3
#10 29.93   Downloaded mio v1.2.3
#10 30.07   Downloaded aho-corasick v1.1.5
#10 30.26   Downloaded regex v1.13.1
#10 30.29   Downloaded serde_json v1.0.151
#10 30.79   Downloaded syn v2.0.119
#10 31.06   Downloaded regex-syntax v0.8.11
#10 31.07   Downloaded rustix v1.1.5
#10 31.61   Downloaded regex-automata v0.4.18
#10 31.84   Downloaded libc v0.2.189
#10 32.00   Downloaded tokio v1.53.1
#10 32.90   Downloaded linux-raw-sys v0.12.1
#10 33.00    Compiling proc-macro2 v1.0.107
#10 33.00    Compiling quote v1.0.47
#10 33.00    Compiling unicode-ident v1.0.26
#10 33.00    Compiling libc v0.2.189
#10 33.00     Checking memchr v2.8.3
#10 33.00    Compiling serde_core v1.0.228
#10 33.00    Compiling rustix v1.1.5
#10 33.00    Compiling thiserror v2.0.18
#10 33.00    Compiling zmij v1.0.23
#10 33.01    Compiling serde v1.0.228
#10 33.01     Checking regex-syntax v0.8.11
#10 33.01     Checking bitflags v2.13.2
#10 33.01     Checking linux-raw-sys v0.12.1
#10 33.01    Compiling serde_json v1.0.151
#10 33.01     Checking pin-project-lite v0.2.17
#10 33.01     Checking arraydeque v0.5.1
#10 33.09     Checking itoa v1.0.18
#10 33.76     Checking aho-corasick v1.1.5
#10 34.33    Compiling syn v2.0.119
#10 34.55     Checking errno v0.3.14
#10 34.55     Checking mio v1.2.3
#10 34.57     Checking regex-automata v0.4.18
#10 34.63     Checking signal-hook-registry v1.4.8
#10 35.63     Checking regex v1.13.1
#10 35.90     Checking rubix-platform v0.1.0 (/source/crates/rubix-platform)
#10 38.06    Compiling thiserror-impl v2.0.18
#10 38.06    Compiling tokio-macros v2.7.1
#10 38.06    Compiling serde_derive v1.0.228
#10 39.83     Checking tokio v1.53.1
#10 40.08     Checking saphyr-parser v0.0.11 (/source/third_party/saphyr-parser)
#10 41.02     Checking rubix-supervisor v0.1.0 (/source/crates/rubix-supervisor)
#10 41.24     Checking rubix-config v0.1.0 (/source/crates/rubix-config)
#10 41.69     Checking rubix-kube v0.1.0 (/source/crates/rubix-kube)
#10 42.20     Finished `dev` profile [unoptimized + debuginfo] target(s) in 32.55s
#10 42.42    Compiling proc-macro2 v1.0.107
#10 42.42    Compiling unicode-ident v1.0.26
#10 42.42    Compiling quote v1.0.47
#10 42.42    Compiling libc v0.2.189
#10 42.42    Compiling serde_core v1.0.228
#10 42.42    Compiling thiserror v2.0.18
#10 42.42    Compiling rustix v1.1.5
#10 42.42    Compiling zmij v1.0.23
#10 42.42    Compiling serde_json v1.0.151
#10 42.43    Compiling serde v1.0.228
#10 42.43    Compiling memchr v2.8.3
#10 42.43    Compiling regex-syntax v0.8.11
#10 42.43    Compiling bitflags v2.13.2
#10 42.43    Compiling linux-raw-sys v0.12.1
#10 42.48    Compiling pin-project-lite v0.2.17
#10 42.59    Compiling arraydeque v0.5.1
#10 42.64    Compiling itoa v1.0.18
#10 42.71    Compiling aho-corasick v1.1.5
#10 43.15    Compiling syn v2.0.119
#10 43.29    Compiling errno v0.3.14
#10 43.29    Compiling mio v1.2.3
#10 43.34    Compiling signal-hook-registry v1.4.8
#10 43.66    Compiling regex-automata v0.4.18
#10 45.96    Compiling regex v1.13.1
#10 46.32    Compiling thiserror-impl v2.0.18
#10 46.32    Compiling tokio-macros v2.7.1
#10 46.32    Compiling serde_derive v1.0.228
#10 47.17    Compiling rubix-platform v0.1.0 (/source/crates/rubix-platform)
#10 47.38    Compiling tokio v1.53.1
#10 48.11    Compiling saphyr-parser v0.0.11 (/source/third_party/saphyr-parser)
#10 52.00    Compiling rubix-config v0.1.0 (/source/crates/rubix-config)
#10 52.48    Compiling rubix-supervisor v0.1.0 (/source/crates/rubix-supervisor)
#10 53.18    Compiling rubix-kube v0.1.0 (/source/crates/rubix-kube)
#10 63.41     Finished `release` profile [optimized + debuginfo] target(s) in 21.15s
#10 63.49   Executable tests/host_network.rs (target/aarch64-unknown-linux-musl/release/deps/host_network-e5577a9d22cc7c77)
#10 63.65    Compiling rubix-kube v0.1.0 (/source/crates/rubix-kube)
#10 67.84     Finished `release` profile [optimized + debuginfo] target(s) in 4.31s
#10 DONE 68.4s

#11 [build 5/5] RUN test -n "9561fb570c84c3b6f3045e5a3e4bd59b" && echo "RUBIX_BUILD_BIND_BEGIN 9561fb570c84c3b6f3045e5a3e4bd59b" && sha256sum /out/prepare_host_network /out/host_network && echo "RUBIX_BUILD_BIND_END 9561fb570c84c3b6f3045e5a3e4bd59b"
#11 0.371 RUBIX_BUILD_BIND_BEGIN 9561fb570c84c3b6f3045e5a3e4bd59b
#11 0.409 e9d43d8f1105c4a22547e5e3bcb1264b80f65127cd5efb8c04192ad70930ddca  /out/prepare_host_network
#11 0.475 65e299036fd6820d62ec651078c1703fd978d44a8db60f8f1a8233f2ea269a03  /out/host_network
#11 0.477 RUBIX_BUILD_BIND_END 9561fb570c84c3b6f3045e5a3e4bd59b
#11 DONE 0.6s

#6 [stage-1 1/2] FROM docker.io/library/alpine@sha256:294b683cb724975bec92580e1e685676bd4b50bda910ddb8c51d4cabeaec77e6
#6 CACHED

#12 [stage-1 2/2] COPY --from=build /out/ /out/
#12 DONE 0.1s

#13 exporting to image
#13 exporting layers
#13 exporting layers 0.6s done
#13 exporting manifest sha256:1d3df6ffb0a9fc1fdafd9ae41e67bcacc7727d9848b569bc6e6b6ef1283faae6 0.0s done
#13 exporting config sha256:05671e360ae726916d486a7b2864c2b36a50b884e69bc7d77f2aac434c85e27f 0.0s done
#13 exporting attestation manifest sha256:0f46a7107d8f0e2532e21aec85d7dddf68261ad81b8f8004fd644db72d6d9433 done
#13 exporting manifest list sha256:77089a12bf4741e58261e37b92a8fc2e520dc0122f395e4ffa6f2294e551ed18 done
#13 naming to docker.io/library/rubix-node-network-9561fb570c84c3b6f3045e5a3e4bd59b:latest done
#13 unpacking to docker.io/library/rubix-node-network-9561fb570c84c3b6f3045e5a3e4bd59b:latest 0.1s done
#13 DONE 0.8s

View build details: docker-desktop://dashboard/build/desktop-linux/desktop-linux/koczndq5avjifppuqycva2h6w
